I, [2014-02-16T12:00:28.620745 #20684]  INFO -- : Command :: convert '/tmp/03-9035720140216-20684-lon4dc20140216-20684-1kiiw1220140216-20684-1c3gpo1[0]' -auto-orient -resize "1500x1500>" '/tmp/03-9035720140216-20684-lon4dc20140216-20684-1kiiw1220140216-20684-1c3gpo120140216-20684-1wwdcu'
I, [2014-02-16T12:00:28.637065 #24202]  INFO -- : Command :: file -b --mime '/tmp/03-8771620140216-24202-6grf6j20140216-24202-1qjl8ov'
I, [2014-02-16T12:00:28.687388 #24202]  INFO -- : Command :: identify -format '%wx%h,%[exif:orientation]' '/tmp/03-8771620140216-24202-6grf6j20140216-24202-1qjl8ov20140216-24202-nf7ymp[0]'
I, [2014-02-16T12:00:28.758443 #24173]  INFO -- : Command :: convert '/tmp/03-8853020140216-24173-1s9trzo20140216-24173-17dp32q20140216-24173-1gh5jc5[0]' -auto-orient -resize "100x100>" '/tmp/03-8853020140216-24173-1s9trzo20140216-24173-17dp32q20140216-24173-1gh5jc520140216-24173-12306sq'
I, [2014-02-16T12:00:28.770143 #24224]  INFO -- : Command :: file -b --mime '/tmp/03-8873720140216-24224-1vp1yq820140216-24224-10flg65'
I, [2014-02-16T12:00:28.827071 #24202]  INFO -- : Command :: identify -format %m '/tmp/03-8771620140216-24202-6grf6j20140216-24202-1qjl8ov20140216-24202-nf7ymp[0]'
I, [2014-02-16T12:00:28.940770 #20684]  INFO -- : Command :: file -b --mime '/tmp/03-9035720140216-20684-lon4dc20140216-20684-1kiiw1220140216-20684-1c3gpo120140216-20684-1wwdcu'
I, [2014-02-16T12:00:28.955195 #24224]  INFO -- : Command :: identify -format '%wx%h,%[exif:orientation]' '/tmp/03-8873720140216-24224-1vp1yq820140216-24224-10flg6520140216-24224-gvxn9e[0]'
I, [2014-02-16T12:00:28.999496 #24202]  INFO -- : Command :: identify -format %m '/tmp/03-8771620140216-24202-6grf6j20140216-24202-1qjl8ov20140216-24202-nf7ymp[0]'
I, [2014-02-16T12:00:29.018842 #24173]  INFO -- : Command :: file -b --mime '/tmp/03-8853020140216-24173-1s9trzo20140216-24173-17dp32q20140216-24173-1gh5jc520140216-24173-12306sq'
I, [2014-02-16T12:00:29.103803 #24224]  INFO -- : Command :: identify -format %m '/tmp/03-8873720140216-24224-1vp1yq820140216-24224-10flg6520140216-24224-gvxn9e[0]'
I, [2014-02-16T12:00:29.135335 #24202]  INFO -- : Command :: identify -format %m '/tmp/03-8771620140216-24202-6grf6j20140216-24202-1qjl8ov20140216-24202-nf7ymp[0]'
I, [2014-02-16T12:00:29.223334 #24224]  INFO -- : Command :: identify -format %m '/tmp/03-8873720140216-24224-1vp1yq820140216-24224-10flg6520140216-24224-gvxn9e[0]'
I, [2014-02-16T12:00:29.226377 #24173]  INFO -- :   Rendered uploads/create.js.erb (0.2ms)
I, [2014-02-16T12:00:29.227222 #24173]  INFO -- : Completed 200 OK in 5020ms (Views: 7.2ms | ActiveRecord: 8.9ms)
I, [2014-02-16T12:00:29.251759 #24202]  INFO -- : Command :: convert '/tmp/03-8771620140216-24202-6grf6j20140216-24202-1qjl8ov20140216-24202-nf7ymp[0]' -auto-orient -resize "1500x1500>" '/tmp/03-8771620140216-24202-6grf6j20140216-24202-1qjl8ov20140216-24202-nf7ymp20140216-24202-10iuf0y'
I, [2014-02-16T12:00:29.327339 #20684]  INFO -- : Command :: identify -format '%wx%h,%[exif:orientation]' '/tmp/03-9035720140216-20684-lon4dc20140216-20684-1kiiw1220140216-20684-1c3gpo1[0]'
I, [2014-02-16T12:00:29.328773 #24224]  INFO -- : Command :: identify -format %m '/tmp/03-8873720140216-24224-1vp1yq820140216-24224-10flg6520140216-24224-gvxn9e[0]'
I, [2014-02-16T12:00:29.437642 #24224]  INFO -- : Command :: convert '/tmp/03-8873720140216-24224-1vp1yq820140216-24224-10flg6520140216-24224-gvxn9e[0]' -auto-orient -resize "1500x1500>" '/tmp/03-8873720140216-24224-1vp1yq820140216-24224-10flg6520140216-24224-gvxn9e20140216-24224-wrnx01'
I, [2014-02-16T12:00:29.521024 #20684]  INFO -- : Command :: identify -format %m '/tmp/03-9035720140216-20684-lon4dc20140216-20684-1kiiw1220140216-20684-1c3gpo1[0]'
I, [2014-02-16T12:00:29.634522 #24202]  INFO -- : Command :: file -b --mime '/tmp/03-8771620140216-24202-6grf6j20140216-24202-1qjl8ov20140216-24202-nf7ymp20140216-24202-10iuf0y'
I, [2014-02-16T12:00:29.681274 #20684]  INFO -- : Command :: identify -format %m '/tmp/03-9035720140216-20684-lon4dc20140216-20684-1kiiw1220140216-20684-1c3gpo1[0]'
I, [2014-02-16T12:00:29.695797 #24202]  INFO -- : Command :: identify -format '%wx%h,%[exif:orientation]' '/tmp/03-8771620140216-24202-6grf6j20140216-24202-1qjl8ov20140216-24202-nf7ymp[0]'
I, [2014-02-16T12:00:29.790255 #24202]  INFO -- : Command :: identify -format %m '/tmp/03-8771620140216-24202-6grf6j20140216-24202-1qjl8ov20140216-24202-nf7ymp[0]'
I, [2014-02-16T12:00:29.842973 #20684]  INFO -- : Command :: identify -format %m '/tmp/03-9035720140216-20684-lon4dc20140216-20684-1kiiw1220140216-20684-1c3gpo1[0]'
I, [2014-02-16T12:00:29.846063 #24202]  INFO -- : Command :: identify -format %m '/tmp/03-8771620140216-24202-6grf6j20140216-24202-1qjl8ov20140216-24202-nf7ymp[0]'
I, [2014-02-16T12:00:29.901154 #24202]  INFO -- : Command :: identify -format %m '/tmp/03-8771620140216-24202-6grf6j20140216-24202-1qjl8ov20140216-24202-nf7ymp[0]'
I, [2014-02-16T12:00:29.922769 #24224]  INFO -- : Command :: file -b --mime '/tmp/03-8873720140216-24224-1vp1yq820140216-24224-10flg6520140216-24224-gvxn9e20140216-24224-wrnx01'
I, [2014-02-16T12:00:29.957371 #20684]  INFO -- : Command :: convert '/tmp/03-9035720140216-20684-lon4dc20140216-20684-1kiiw1220140216-20684-1c3gpo1[0]' -auto-orient -resize "300x300>" '/tmp/03-9035720140216-20684-lon4dc20140216-20684-1kiiw1220140216-20684-1c3gpo120140216-20684-txfp4y'
I, [2014-02-16T12:00:29.981585 #24202]  INFO -- : Command :: convert '/tmp/03-8771620140216-24202-6grf6j20140216-24202-1qjl8ov20140216-24202-nf7ymp[0]' -auto-orient -resize "300x300>" '/tmp/03-8771620140216-24202-6grf6j20140216-24202-1qjl8ov20140216-24202-nf7ymp20140216-24202-13fckn1'
I, [2014-02-16T12:00:30.004245 #24224]  INFO -- : Command :: identify -format '%wx%h,%[exif:orientation]' '/tmp/03-8873720140216-24224-1vp1yq820140216-24224-10flg6520140216-24224-gvxn9e[0]'
I, [2014-02-16T12:00:30.098571 #24224]  INFO -- : Command :: identify -format %m '/tmp/03-8873720140216-24224-1vp1yq820140216-24224-10flg6520140216-24224-gvxn9e[0]'
I, [2014-02-16T12:00:30.209449 #24224]  INFO -- : Command :: identify -format %m '/tmp/03-8873720140216-24224-1vp1yq820140216-24224-10flg6520140216-24224-gvxn9e[0]'
I, [2014-02-16T12:00:30.338124 #24202]  INFO -- : Command :: file -b --mime '/tmp/03-8771620140216-24202-6grf6j20140216-24202-1qjl8ov20140216-24202-nf7ymp20140216-24202-13fckn1'
I, [2014-02-16T12:00:30.339394 #20684]  INFO -- : Command :: file -b --mime '/tmp/03-9035720140216-20684-lon4dc20140216-20684-1kiiw1220140216-20684-1c3gpo120140216-20684-txfp4y'
I, [2014-02-16T12:00:30.390812 #24224]  INFO -- : Command :: identify -format %m '/tmp/03-8873720140216-24224-1vp1yq820140216-24224-10flg6520140216-24224-gvxn9e[0]'
I, [2014-02-16T12:00:30.425246 #20684]  INFO -- : Command :: identify -format '%wx%h,%[exif:orientation]' '/tmp/03-9035720140216-20684-lon4dc20140216-20684-1kiiw1220140216-20684-1c3gpo1[0]'
I, [2014-02-16T12:00:30.454123 #24202]  INFO -- : Command :: identify -format '%wx%h,%[exif:orientation]' '/tmp/03-8771620140216-24202-6grf6j20140216-24202-1qjl8ov20140216-24202-nf7ymp[0]'
I, [2014-02-16T12:00:30.470756 #24224]  INFO -- : Command :: convert '/tmp/03-8873720140216-24224-1vp1yq820140216-24224-10flg6520140216-24224-gvxn9e[0]' -auto-orient -resize "300x300>" '/tmp/03-8873720140216-24224-1vp1yq820140216-24224-10flg6520140216-24224-gvxn9e20140216-24224-ericr7'
I, [2014-02-16T12:00:30.539051 #20684]  INFO -- : Command :: identify -format %m '/tmp/03-9035720140216-20684-lon4dc20140216-20684-1kiiw1220140216-20684-1c3gpo1[0]'
I, [2014-02-16T12:00:30.604317 #24202]  INFO -- : Command :: identify -format %m '/tmp/03-8771620140216-24202-6grf6j20140216-24202-1qjl8ov20140216-24202-nf7ymp[0]'
I, [2014-02-16T12:00:30.661069 #20684]  INFO -- : Command :: identify -format %m '/tmp/03-9035720140216-20684-lon4dc20140216-20684-1kiiw1220140216-20684-1c3gpo1[0]'
I, [2014-02-16T12:00:30.742020 #24202]  INFO -- : Command :: identify -format %m '/tmp/03-8771620140216-24202-6grf6j20140216-24202-1qjl8ov20140216-24202-nf7ymp[0]'
I, [2014-02-16T12:00:30.755196 #24224]  INFO -- : Command :: file -b --mime '/tmp/03-8873720140216-24224-1vp1yq820140216-24224-10flg6520140216-24224-gvxn9e20140216-24224-ericr7'
I, [2014-02-16T12:00:30.802670 #24202]  INFO -- : Command :: identify -format %m '/tmp/03-8771620140216-24202-6grf6j20140216-24202-1qjl8ov20140216-24202-nf7ymp[0]'
I, [2014-02-16T12:00:30.832914 #24224]  INFO -- : Command :: identify -format '%wx%h,%[exif:orientation]' '/tmp/03-8873720140216-24224-1vp1yq820140216-24224-10flg6520140216-24224-gvxn9e[0]'
I, [2014-02-16T12:00:30.910581 #20684]  INFO -- : Command :: identify -format %m '/tmp/03-9035720140216-20684-lon4dc20140216-20684-1kiiw1220140216-20684-1c3gpo1[0]'
I, [2014-02-16T12:00:30.967937 #24224]  INFO -- : Command :: identify -format %m '/tmp/03-8873720140216-24224-1vp1yq820140216-24224-10flg6520140216-24224-gvxn9e[0]'
I, [2014-02-16T12:00:30.990125 #24202]  INFO -- : Command :: convert '/tmp/03-8771620140216-24202-6grf6j20140216-24202-1qjl8ov20140216-24202-nf7ymp[0]' -auto-orient -resize "200x200>" '/tmp/03-8771620140216-24202-6grf6j20140216-24202-1qjl8ov20140216-24202-nf7ymp20140216-24202-o9op75'
I, [2014-02-16T12:00:31.035044 #24224]  INFO -- : Command :: identify -format %m '/tmp/03-8873720140216-24224-1vp1yq820140216-24224-10flg6520140216-24224-gvxn9e[0]'
I, [2014-02-16T12:00:31.036950 #20684]  INFO -- : Command :: convert '/tmp/03-9035720140216-20684-lon4dc20140216-20684-1kiiw1220140216-20684-1c3gpo1[0]' -auto-orient -resize "200x200>" '/tmp/03-9035720140216-20684-lon4dc20140216-20684-1kiiw1220140216-20684-1c3gpo120140216-20684-10dxu4'
I, [2014-02-16T12:00:31.245245 #24224]  INFO -- : Command :: identify -format %m '/tmp/03-8873720140216-24224-1vp1yq820140216-24224-10flg6520140216-24224-gvxn9e[0]'
I, [2014-02-16T12:00:31.297031 #24202]  INFO -- : Command :: file -b --mime '/tmp/03-8771620140216-24202-6grf6j20140216-24202-1qjl8ov20140216-24202-nf7ymp20140216-24202-o9op75'
I, [2014-02-16T12:00:31.397530 #24202]  INFO -- : Command :: identify -format '%wx%h,%[exif:orientation]' '/tmp/03-8771620140216-24202-6grf6j20140216-24202-1qjl8ov20140216-24202-nf7ymp[0]'
I, [2014-02-16T12:00:31.424617 #24224]  INFO -- : Command :: convert '/tmp/03-8873720140216-24224-1vp1yq820140216-24224-10flg6520140216-24224-gvxn9e[0]' -auto-orient -resize "200x200>" '/tmp/03-8873720140216-24224-1vp1yq820140216-24224-10flg6520140216-24224-gvxn9e20140216-24224-1ljysp4'
I, [2014-02-16T12:00:31.509555 #20684]  INFO -- : Command :: file -b --mime '/tmp/03-9035720140216-20684-lon4dc20140216-20684-1kiiw1220140216-20684-1c3gpo120140216-20684-10dxu4'
I, [2014-02-16T12:00:31.633230 #24202]  INFO -- : Command :: identify -format %m '/tmp/03-8771620140216-24202-6grf6j20140216-24202-1qjl8ov20140216-24202-nf7ymp[0]'
I, [2014-02-16T12:00:31.716714 #24224]  INFO -- : Command :: file -b --mime '/tmp/03-8873720140216-24224-1vp1yq820140216-24224-10flg6520140216-24224-gvxn9e20140216-24224-1ljysp4'
I, [2014-02-16T12:00:31.722080 #20684]  INFO -- : Command :: identify -format '%wx%h,%[exif:orientation]' '/tmp/03-9035720140216-20684-lon4dc20140216-20684-1kiiw1220140216-20684-1c3gpo1[0]'
I, [2014-02-16T12:00:31.754168 #24173]  INFO -- : Started POST "/uploads" for 173.20.13.62 at 2014-02-16 12:00:31 +0000
I, [2014-02-16T12:00:31.758135 #24173]  INFO -- : Processing by UploadsController#create as JS
I, [2014-02-16T12:00:31.758384 #24173]  INFO -- :   Parameters: {"utf8"=>"", "authenticity_token"=>"82XP1X4ziHURZVuaUCeMQsHtW1R7txI2KZe14DSpuIs=", "upload"=>{"product_id"=>"", "uploaded_file"=>#<ActionDispatch::Http::UploadedFile:0x00000004a08580 @tempfile=#<Tempfile:/tmp/RackMultipart20140216-24173-kt0pak>, @original_filename="03-99129.JPG", @content_type="image/jpeg", @headers="Content-Disposition: form-data; name=\"upload[uploaded_file]\"; filename=\"03-99129.JPG\"\r\nContent-Type: image/jpeg\r\n">}}
I, [2014-02-16T12:00:31.778069 #24224]  INFO -- : Command :: identify -format '%wx%h,%[exif:orientation]' '/tmp/03-8873720140216-24224-1vp1yq820140216-24224-10flg6520140216-24224-gvxn9e[0]'
I, [2014-02-16T12:00:31.819055 #24202]  INFO -- : Command :: identify -format %m '/tmp/03-8771620140216-24202-6grf6j20140216-24202-1qjl8ov20140216-24202-nf7ymp[0]'
I, [2014-02-16T12:00:31.814844 #24173]  INFO -- : Command :: identify -format '%wx%h,%[exif:orientation]' '/tmp/03-9912920140216-24173-1nxszqs.JPG[0]'
I, [2014-02-16T12:00:31.890528 #24202]  INFO -- : Command :: identify -format %m '/tmp/03-8771620140216-24202-6grf6j20140216-24202-1qjl8ov20140216-24202-nf7ymp[0]'
I, [2014-02-16T12:00:31.922374 #20684]  INFO -- : Command :: identify -format %m '/tmp/03-9035720140216-20684-lon4dc20140216-20684-1kiiw1220140216-20684-1c3gpo1[0]'
I, [2014-02-16T12:00:31.996584 #24173]  INFO -- : Command :: identify -format %m '/tmp/03-9912920140216-24173-1nxszqs.JPG[0]'
I, [2014-02-16T12:00:32.002866 #24202]  INFO -- : Command :: convert '/tmp/03-8771620140216-24202-6grf6j20140216-24202-1qjl8ov20140216-24202-nf7ymp[0]' -auto-orient -resize "100x100>" '/tmp/03-8771620140216-24202-6grf6j20140216-24202-1qjl8ov20140216-24202-nf7ymp20140216-24202-c3v0u8'
I, [2014-02-16T12:00:32.037649 #20684]  INFO -- : Command :: identify -format %m '/tmp/03-9035720140216-20684-lon4dc20140216-20684-1kiiw1220140216-20684-1c3gpo1[0]'
I, [2014-02-16T12:00:32.050460 #24224]  INFO -- : Command :: identify -format %m '/tmp/03-8873720140216-24224-1vp1yq820140216-24224-10flg6520140216-24224-gvxn9e[0]'
I, [2014-02-16T12:00:32.066779 #24173]  INFO -- : Command :: identify -format %m '/tmp/03-9912920140216-24173-1nxszqs.JPG[0]'
I, [2014-02-16T12:00:32.233612 #24173]  INFO -- : Command :: identify -format %m '/tmp/03-9912920140216-24173-1nxszqs.JPG[0]'
I, [2014-02-16T12:00:32.237576 #24224]  INFO -- : Command :: identify -format %m '/tmp/03-8873720140216-24224-1vp1yq820140216-24224-10flg6520140216-24224-gvxn9e[0]'
I, [2014-02-16T12:00:32.237688 #20684]  INFO -- : Command :: identify -format %m '/tmp/03-9035720140216-20684-lon4dc20140216-20684-1kiiw1220140216-20684-1c3gpo1[0]'
I, [2014-02-16T12:00:32.351039 #24224]  INFO -- : Command :: identify -format %m '/tmp/03-8873720140216-24224-1vp1yq820140216-24224-10flg6520140216-24224-gvxn9e[0]'
I, [2014-02-16T12:00:32.381092 #20684]  INFO -- : Command :: convert '/tmp/03-9035720140216-20684-lon4dc20140216-20684-1kiiw1220140216-20684-1c3gpo1[0]' -auto-orient -resize "100x100>" '/tmp/03-9035720140216-20684-lon4dc20140216-20684-1kiiw1220140216-20684-1c3gpo120140216-20684-18k90qd'
I, [2014-02-16T12:00:32.429613 #24173]  INFO -- : Command :: convert '/tmp/03-9912920140216-24173-1nxszqs.JPG[0]' -auto-orient -resize "4000x4000>" '/tmp/03-9912920140216-24173-1nxszqs20140216-24173-xv06ur'
I, [2014-02-16T12:00:32.432000 #24202]  INFO -- : Command :: file -b --mime '/tmp/03-8771620140216-24202-6grf6j20140216-24202-1qjl8ov20140216-24202-nf7ymp20140216-24202-c3v0u8'
I, [2014-02-16T12:00:32.559658 #24202]  INFO -- :   Rendered uploads/create.js.erb (0.2ms)
I, [2014-02-16T12:00:32.560445 #24202]  INFO -- : Completed 200 OK in 4638ms (Views: 25.9ms | ActiveRecord: 30.7ms)
I, [2014-02-16T12:00:32.705743 #24224]  INFO -- : Command :: convert '/tmp/03-8873720140216-24224-1vp1yq820140216-24224-10flg6520140216-24224-gvxn9e[0]' -auto-orient -resize "100x100>" '/tmp/03-8873720140216-24224-1vp1yq820140216-24224-10flg6520140216-24224-gvxn9e20140216-24224-5g9h8j'
I, [2014-02-16T12:00:32.783674 #20684]  INFO -- : Command :: file -b --mime '/tmp/03-9035720140216-20684-lon4dc20140216-20684-1kiiw1220140216-20684-1c3gpo120140216-20684-18k90qd'
I, [2014-02-16T12:00:32.797430 #24173]  INFO -- : Command :: file -b --mime '/tmp/03-9912920140216-24173-1nxszqs20140216-24173-xv06ur'
I, [2014-02-16T12:00:32.887860 #24173]  INFO -- : Command :: identify -format '%wx%h,%[exif:orientation]' '/tmp/03-9912920140216-24173-1nxszqs20140216-24173-xv06ur20140216-24173-1pcbfkr[0]'
I, [2014-02-16T12:00:32.897494 #20684]  INFO -- :   Rendered uploads/create.js.erb (0.3ms)
I, [2014-02-16T12:00:32.924169 #20684]  INFO -- : Completed 200 OK in 5740ms (Views: 36.7ms | ActiveRecord: 7.2ms)
I, [2014-02-16T12:00:33.078612 #24224]  INFO -- : Command :: file -b --mime '/tmp/03-8873720140216-24224-1vp1yq820140216-24224-10flg6520140216-24224-gvxn9e20140216-24224-5g9h8j'
I, [2014-02-16T12:00:33.183656 #24173]  INFO -- : Command :: identify -format %m '/tmp/03-9912920140216-24173-1nxszqs20140216-24173-xv06ur20140216-24173-1pcbfkr[0]'
I, [2014-02-16T12:00:33.185238 #24224]  INFO -- :   Rendered uploads/create.js.erb (0.2ms)
I, [2014-02-16T12:00:33.185962 #24224]  INFO -- : Completed 200 OK in 5484ms (Views: 2.2ms | ActiveRecord: 20.1ms)
I, [2014-02-16T12:00:33.319801 #24173]  INFO -- : Command :: identify -format %m '/tmp/03-9912920140216-24173-1nxszqs20140216-24173-xv06ur20140216-24173-1pcbfkr[0]'
I, [2014-02-16T12:00:33.448120 #24173]  INFO -- : Command :: identify -format %m '/tmp/03-9912920140216-24173-1nxszqs20140216-24173-xv06ur20140216-24173-1pcbfkr[0]'
I, [2014-02-16T12:00:33.553089 #24173]  INFO -- : Command :: convert '/tmp/03-9912920140216-24173-1nxszqs20140216-24173-xv06ur20140216-24173-1pcbfkr[0]' -auto-orient -resize "1500x1500>" '/tmp/03-9912920140216-24173-1nxszqs20140216-24173-xv06ur20140216-24173-1pcbfkr20140216-24173-fsvcif'
I, [2014-02-16T12:00:33.870522 #24173]  INFO -- : Command :: file -b --mime '/tmp/03-9912920140216-24173-1nxszqs20140216-24173-xv06ur20140216-24173-1pcbfkr20140216-24173-fsvcif'
I, [2014-02-16T12:00:33.921584 #24173]  INFO -- : Command :: identify -format '%wx%h,%[exif:orientation]' '/tmp/03-9912920140216-24173-1nxszqs20140216-24173-xv06ur20140216-24173-1pcbfkr[0]'
I, [2014-02-16T12:00:34.077398 #24173]  INFO -- : Command :: identify -format %m '/tmp/03-9912920140216-24173-1nxszqs20140216-24173-xv06ur20140216-24173-1pcbfkr[0]'
I, [2014-02-16T12:00:34.178270 #24173]  INFO -- : Command :: identify -format %m '/tmp/03-9912920140216-24173-1nxszqs20140216-24173-xv06ur20140216-24173-1pcbfkr[0]'
I, [2014-02-16T12:00:34.294511 #24173]  INFO -- : Command :: identify -format %m '/tmp/03-9912920140216-24173-1nxszqs20140216-24173-xv06ur20140216-24173-1pcbfkr[0]'
I, [2014-02-16T12:00:34.404064 #24173]  INFO -- : Command :: convert '/tmp/03-9912920140216-24173-1nxszqs20140216-24173-xv06ur20140216-24173-1pcbfkr[0]' -auto-orient -resize "300x300>" '/tmp/03-9912920140216-24173-1nxszqs20140216-24173-xv06ur20140216-24173-1pcbfkr20140216-24173-1wseyxd'
I, [2014-02-16T12:00:34.660694 #24173]  INFO -- : Command :: file -b --mime '/tmp/03-9912920140216-24173-1nxszqs20140216-24173-xv06ur20140216-24173-1pcbfkr20140216-24173-1wseyxd'
I, [2014-02-16T12:00:34.765996 #24173]  INFO -- : Command :: identify -format '%wx%h,%[exif:orientation]' '/tmp/03-9912920140216-24173-1nxszqs20140216-24173-xv06ur20140216-24173-1pcbfkr[0]'
I, [2014-02-16T12:00:34.906171 #24173]  INFO -- : Command :: identify -format %m '/tmp/03-9912920140216-24173-1nxszqs20140216-24173-xv06ur20140216-24173-1pcbfkr[0]'
I, [2014-02-16T12:00:34.977778 #24173]  INFO -- : Command :: identify -format %m '/tmp/03-9912920140216-24173-1nxszqs20140216-24173-xv06ur20140216-24173-1pcbfkr[0]'
I, [2014-02-16T12:00:35.093750 #24173]  INFO -- : Command :: identify -format %m '/tmp/03-9912920140216-24173-1nxszqs20140216-24173-xv06ur20140216-24173-1pcbfkr[0]'
I, [2014-02-16T12:00:35.170089 #24173]  INFO -- : Command :: convert '/tmp/03-9912920140216-24173-1nxszqs20140216-24173-xv06ur20140216-24173-1pcbfkr[0]' -auto-orient -resize "200x200>" '/tmp/03-9912920140216-24173-1nxszqs20140216-24173-xv06ur20140216-24173-1pcbfkr20140216-24173-1e60443'
I, [2014-02-16T12:00:35.438571 #24173]  INFO -- : Command :: file -b --mime '/tmp/03-9912920140216-24173-1nxszqs20140216-24173-xv06ur20140216-24173-1pcbfkr20140216-24173-1e60443'
I, [2014-02-16T12:00:35.507911 #24173]  INFO -- : Command :: identify -format '%wx%h,%[exif:orientation]' '/tmp/03-9912920140216-24173-1nxszqs20140216-24173-xv06ur20140216-24173-1pcbfkr[0]'
I, [2014-02-16T12:00:35.683744 #24173]  INFO -- : Command :: identify -format %m '/tmp/03-9912920140216-24173-1nxszqs20140216-24173-xv06ur20140216-24173-1pcbfkr[0]'
I, [2014-02-16T12:00:35.803114 #24173]  INFO -- : Command :: identify -format %m '/tmp/03-9912920140216-24173-1nxszqs20140216-24173-xv06ur20140216-24173-1pcbfkr[0]'
I, [2014-02-16T12:00:35.901133 #24173]  INFO -- : Command :: identify -format %m '/tmp/03-9912920140216-24173-1nxszqs20140216-24173-xv06ur20140216-24173-1pcbfkr[0]'
I, [2014-02-16T12:00:36.035049 #24173]  INFO -- : Command :: convert '/tmp/03-9912920140216-24173-1nxszqs20140216-24173-xv06ur20140216-24173-1pcbfkr[0]' -auto-orient -resize "100x100>" '/tmp/03-9912920140216-24173-1nxszqs20140216-24173-xv06ur20140216-24173-1pcbfkr20140216-24173-1h56uap'
I, [2014-02-16T12:00:36.355227 #24173]  INFO -- : Command :: file -b --mime '/tmp/03-9912920140216-24173-1nxszqs20140216-24173-xv06ur20140216-24173-1pcbfkr20140216-24173-1h56uap'
I, [2014-02-16T12:00:36.462878 #24173]  INFO -- :   Rendered uploads/create.js.erb (0.3ms)
I, [2014-02-16T12:00:36.465049 #24173]  INFO -- : Completed 200 OK in 4706ms (Views: 6.3ms | ActiveRecord: 29.8ms)
I, [2014-02-16T12:00:37.061436 #24202]  INFO -- : Started POST "/uploads" for 173.20.13.62 at 2014-02-16 12:00:37 +0000
I, [2014-02-16T12:00:37.064873 #24202]  INFO -- : Processing by UploadsController#create as JS
I, [2014-02-16T12:00:37.065092 #24202]  INFO -- :   Parameters: {"utf8"=>"", "authenticity_token"=>"82XP1X4ziHURZVuaUCeMQsHtW1R7txI2KZe14DSpuIs=", "upload"=>{"product_id"=>"", "uploaded_file"=>#<ActionDispatch::Http::UploadedFile:0x000000050297e8 @tempfile=#<Tempfile:/tmp/RackMultipart20140216-24202-iegyql>, @original_filename="03-94986.JPG", @content_type="image/jpeg", @headers="Content-Disposition: form-data; name=\"upload[uploaded_file]\"; filename=\"03-94986.JPG\"\r\nContent-Type: image/jpeg\r\n">}}
I, [2014-02-16T12:00:37.077218 #24202]  INFO -- : Command :: identify -format '%wx%h,%[exif:orientation]' '/tmp/03-9498620140216-24202-15p5q4v.JPG[0]'
I, [2014-02-16T12:00:37.223530 #24202]  INFO -- : Command :: identify -format %m '/tmp/03-9498620140216-24202-15p5q4v.JPG[0]'
I, [2014-02-16T12:00:37.314354 #24212]  INFO -- : Started GET "/uploads" for 173.20.13.62 at 2014-02-16 12:00:37 +0000
I, [2014-02-16T12:00:37.300823 #24173]  INFO -- : Started POST "/uploads" for 173.20.13.62 at 2014-02-16 12:00:37 +0000
I, [2014-02-16T12:00:37.318532 #24212]  INFO -- : Processing by UploadsController#index as HTML
I, [2014-02-16T12:00:37.345461 #24173]  INFO -- : Processing by UploadsController#create as JS
I, [2014-02-16T12:00:37.345697 #24173]  INFO -- :   Parameters: {"utf8"=>"", "authenticity_token"=>"82XP1X4ziHURZVuaUCeMQsHtW1R7txI2KZe14DSpuIs=", "upload"=>{"product_id"=>"", "uploaded_file"=>#<ActionDispatch::Http::UploadedFile:0x00000002b76478 @tempfile=#<Tempfile:/tmp/RackMultipart20140216-24173-191l2rb>, @original_filename="03-99367.JPG", @content_type="image/jpeg", @headers="Content-Disposition: form-data; name=\"upload[uploaded_file]\"; filename=\"03-99367.JPG\"\r\nContent-Type: image/jpeg\r\n">}}
I, [2014-02-16T12:00:37.346809 #24212]  INFO -- :   Rendered uploads/index.html.erb within layouts/application (5.5ms)
I, [2014-02-16T12:00:37.351132 #24212]  INFO -- : Completed 200 OK in 32ms (Views: 25.6ms | ActiveRecord: 2.0ms)
I, [2014-02-16T12:00:37.385986 #24173]  INFO -- : Command :: identify -format '%wx%h,%[exif:orientation]' '/tmp/03-9936720140216-24173-t7pzhk.JPG[0]'
I, [2014-02-16T12:00:37.567957 #24202]  INFO -- : Command :: identify -format %m '/tmp/03-9498620140216-24202-15p5q4v.JPG[0]'
I, [2014-02-16T12:00:37.593443 #24173]  INFO -- : Command :: identify -format %m '/tmp/03-9936720140216-24173-t7pzhk.JPG[0]'
I, [2014-02-16T12:00:37.793124 #24173]  INFO -- : Command :: identify -format %m '/tmp/03-9936720140216-24173-t7pzhk.JPG[0]'
I, [2014-02-16T12:00:37.815080 #24202]  INFO -- : Command :: identify -format %m '/tmp/03-9498620140216-24202-15p5q4v.JPG[0]'
I, [2014-02-16T12:00:37.872854 #24212]  INFO -- : Started POST "/uploads" for 173.20.13.62 at 2014-02-16 12:00:37 +0000
I, [2014-02-16T12:00:37.875223 #24212]  INFO -- : Processing by UploadsController#create as JS
I, [2014-02-16T12:00:37.875434 #24212]  INFO -- :   Parameters: {"utf8"=>"", "authenticity_token"=>"82XP1X4ziHURZVuaUCeMQsHtW1R7txI2KZe14DSpuIs=", "upload"=>{"product_id"=>"", "uploaded_file"=>#<ActionDispatch::Http::UploadedFile:0x00000004fa2040 @tempfile=#<Tempfile:/tmp/RackMultipart20140216-24212-1wzmgvu>, @original_filename="b002.JPG", @content_type="image/jpeg", @headers="Content-Disposition: form-data; name=\"upload[uploaded_file]\"; filename=\"b002.JPG\"\r\nContent-Type: image/jpeg\r\n">}}
I, [2014-02-16T12:00:37.884667 #24212]  INFO -- : Command :: identify -format '%wx%h,%[exif:orientation]' '/tmp/b00220140216-24212-e9ouwc.JPG[0]'
I, [2014-02-16T12:00:37.885640 #24173]  INFO -- : Command :: identify -format %m '/tmp/03-9936720140216-24173-t7pzhk.JPG[0]'
I, [2014-02-16T12:00:37.969939 #24212]  INFO -- : Command :: identify -format %m '/tmp/b00220140216-24212-e9ouwc.JPG[0]'
I, [2014-02-16T12:00:37.981058 #24202]  INFO -- : Command :: convert '/tmp/03-9498620140216-24202-15p5q4v.JPG[0]' -auto-orient -resize "4000x4000>" '/tmp/03-9498620140216-24202-15p5q4v20140216-24202-19m4lb8'
I, [2014-02-16T12:00:37.989257 #24173]  INFO -- : Command :: convert '/tmp/03-9936720140216-24173-t7pzhk.JPG[0]' -auto-orient -resize "4000x4000>" '/tmp/03-9936720140216-24173-t7pzhk20140216-24173-1n1n63w'
I, [2014-02-16T12:00:38.159319 #24173]  INFO -- : Command :: file -b --mime '/tmp/03-9936720140216-24173-t7pzhk20140216-24173-1n1n63w'
I, [2014-02-16T12:00:38.210528 #24173]  INFO -- : Command :: identify -format '%wx%h,%[exif:orientation]' '/tmp/03-9936720140216-24173-t7pzhk20140216-24173-1n1n63w20140216-24173-8ocfdz[0]'
I, [2014-02-16T12:00:38.310074 #24212]  INFO -- : Command :: identify -format %m '/tmp/b00220140216-24212-e9ouwc.JPG[0]'
I, [2014-02-16T12:00:38.311389 #24202]  INFO -- : Command :: file -b --mime '/tmp/03-9498620140216-24202-15p5q4v20140216-24202-19m4lb8'
I, [2014-02-16T12:00:38.363791 #24202]  INFO -- : Command :: identify -format '%wx%h,%[exif:orientation]' '/tmp/03-9498620140216-24202-15p5q4v20140216-24202-19m4lb820140216-24202-51ujlf[0]'
I, [2014-02-16T12:00:38.397007 #24212]  INFO -- : Command :: identify -format %m '/tmp/b00220140216-24212-e9ouwc.JPG[0]'
I, [2014-02-16T12:00:38.421275 #24173]  INFO -- : Command :: identify -format %m '/tmp/03-9936720140216-24173-t7pzhk20140216-24173-1n1n63w20140216-24173-8ocfdz[0]'
I, [2014-02-16T12:00:38.525217 #24173]  INFO -- : Command :: identify -format %m '/tmp/03-9936720140216-24173-t7pzhk20140216-24173-1n1n63w20140216-24173-8ocfdz[0]'
I, [2014-02-16T12:00:38.549832 #24212]  INFO -- : Command :: convert '/tmp/b00220140216-24212-e9ouwc.JPG[0]' -auto-orient -resize "4000x4000>" '/tmp/b00220140216-24212-e9ouwc20140216-24212-1qp7koe'
I, [2014-02-16T12:00:38.634719 #24173]  INFO -- : Command :: identify -format %m '/tmp/03-9936720140216-24173-t7pzhk20140216-24173-1n1n63w20140216-24173-8ocfdz[0]'
I, [2014-02-16T12:00:38.693999 #24202]  INFO -- : Command :: identify -format %m '/tmp/03-9498620140216-24202-15p5q4v20140216-24202-19m4lb820140216-24202-51ujlf[0]'
I, [2014-02-16T12:00:38.733217 #24212]  INFO -- : Command :: file -b --mime '/tmp/b00220140216-24212-e9ouwc20140216-24212-1qp7koe'
I, [2014-02-16T12:00:38.733557 #24173]  INFO -- : Command :: convert '/tmp/03-9936720140216-24173-t7pzhk20140216-24173-1n1n63w20140216-24173-8ocfdz[0]' -auto-orient -resize "1500x1500>" '/tmp/03-9936720140216-24173-t7pzhk20140216-24173-1n1n63w20140216-24173-8ocfdz20140216-24173-1mbmvwf'
I, [2014-02-16T12:00:38.750595 #24202]  INFO -- : Command :: identify -format %m '/tmp/03-9498620140216-24202-15p5q4v20140216-24202-19m4lb820140216-24202-51ujlf[0]'
I, [2014-02-16T12:00:38.817799 #24202]  INFO -- : Command :: identify -format %m '/tmp/03-9498620140216-24202-15p5q4v20140216-24202-19m4lb820140216-24202-51ujlf[0]'
I, [2014-02-16T12:00:38.881638 #24212]  INFO -- : Command :: identify -format '%wx%h,%[exif:orientation]' '/tmp/b00220140216-24212-e9ouwc20140216-24212-1qp7koe20140216-24212-1eo4y4s[0]'
I, [2014-02-16T12:00:39.023023 #24202]  INFO -- : Command :: convert '/tmp/03-9498620140216-24202-15p5q4v20140216-24202-19m4lb820140216-24202-51ujlf[0]' -auto-orient -resize "1500x1500>" '/tmp/03-9498620140216-24202-15p5q4v20140216-24202-19m4lb820140216-24202-51ujlf20140216-24202-1lbtjas'
I, [2014-02-16T12:00:39.068742 #24173]  INFO -- : Command :: file -b --mime '/tmp/03-9936720140216-24173-t7pzhk20140216-24173-1n1n63w20140216-24173-8ocfdz20140216-24173-1mbmvwf'
I, [2014-02-16T12:00:39.062592 #24212]  INFO -- : Command :: identify -format %m '/tmp/b00220140216-24212-e9ouwc20140216-24212-1qp7koe20140216-24212-1eo4y4s[0]'
I, [2014-02-16T12:00:39.222036 #24173]  INFO -- : Command :: identify -format '%wx%h,%[exif:orientation]' '/tmp/03-9936720140216-24173-t7pzhk20140216-24173-1n1n63w20140216-24173-8ocfdz[0]'
I, [2014-02-16T12:00:39.233759 #24212]  INFO -- : Command :: identify -format %m '/tmp/b00220140216-24212-e9ouwc20140216-24212-1qp7koe20140216-24212-1eo4y4s[0]'
I, [2014-02-16T12:00:39.357261 #24212]  INFO -- : Command :: identify -format %m '/tmp/b00220140216-24212-e9ouwc20140216-24212-1qp7koe20140216-24212-1eo4y4s[0]'
I, [2014-02-16T12:00:39.428367 #24212]  INFO -- : Command :: convert '/tmp/b00220140216-24212-e9ouwc20140216-24212-1qp7koe20140216-24212-1eo4y4s[0]' -auto-orient -resize "1500x1500>" '/tmp/b00220140216-24212-e9ouwc20140216-24212-1qp7koe20140216-24212-1eo4y4s20140216-24212-ik144s'
I, [2014-02-16T12:00:39.456698 #24173]  INFO -- : Command :: identify -format %m '/tmp/03-9936720140216-24173-t7pzhk20140216-24173-1n1n63w20140216-24173-8ocfdz[0]'
I, [2014-02-16T12:00:39.626655 #24202]  INFO -- : Command :: file -b --mime '/tmp/03-9498620140216-24202-15p5q4v20140216-24202-19m4lb820140216-24202-51ujlf20140216-24202-1lbtjas'
I, [2014-02-16T12:00:39.628278 #24173]  INFO -- : Command :: identify -format %m '/tmp/03-9936720140216-24173-t7pzhk20140216-24173-1n1n63w20140216-24173-8ocfdz[0]'
I, [2014-02-16T12:00:39.709686 #24202]  INFO -- : Command :: identify -format '%wx%h,%[exif:orientation]' '/tmp/03-9498620140216-24202-15p5q4v20140216-24202-19m4lb820140216-24202-51ujlf[0]'
I, [2014-02-16T12:00:39.802564 #24173]  INFO -- : Command :: identify -format %m '/tmp/03-9936720140216-24173-t7pzhk20140216-24173-1n1n63w20140216-24173-8ocfdz[0]'
I, [2014-02-16T12:00:39.880793 #24173]  INFO -- : Command :: convert '/tmp/03-9936720140216-24173-t7pzhk20140216-24173-1n1n63w20140216-24173-8ocfdz[0]' -auto-orient -resize "300x300>" '/tmp/03-9936720140216-24173-t7pzhk20140216-24173-1n1n63w20140216-24173-8ocfdz20140216-24173-o83zxg'
I, [2014-02-16T12:00:39.887849 #24202]  INFO -- : Command :: identify -format %m '/tmp/03-9498620140216-24202-15p5q4v20140216-24202-19m4lb820140216-24202-51ujlf[0]'
I, [2014-02-16T12:00:39.896099 #24212]  INFO -- : Command :: file -b --mime '/tmp/b00220140216-24212-e9ouwc20140216-24212-1qp7koe20140216-24212-1eo4y4s20140216-24212-ik144s'
I, [2014-02-16T12:00:40.040789 #24202]  INFO -- : Command :: identify -format %m '/tmp/03-9498620140216-24202-15p5q4v20140216-24202-19m4lb820140216-24202-51ujlf[0]'
I, [2014-02-16T12:00:40.074067 #24212]  INFO -- : Command :: identify -format '%wx%h,%[exif:orientation]' '/tmp/b00220140216-24212-e9ouwc20140216-24212-1qp7koe20140216-24212-1eo4y4s[0]'
I, [2014-02-16T12:00:40.091858 #24173]  INFO -- : Command :: file -b --mime '/tmp/03-9936720140216-24173-t7pzhk20140216-24173-1n1n63w20140216-24173-8ocfdz20140216-24173-o83zxg'
I, [2014-02-16T12:00:40.095723 #24202]  INFO -- : Command :: identify -format %m '/tmp/03-9498620140216-24202-15p5q4v20140216-24202-19m4lb820140216-24202-51ujlf[0]'
I, [2014-02-16T12:00:40.157211 #24173]  INFO -- : Command :: identify -format '%wx%h,%[exif:orientation]' '/tmp/03-9936720140216-24173-t7pzhk20140216-24173-1n1n63w20140216-24173-8ocfdz[0]'
I, [2014-02-16T12:00:40.176427 #24202]  INFO -- : Command :: convert '/tmp/03-9498620140216-24202-15p5q4v20140216-24202-19m4lb820140216-24202-51ujlf[0]' -auto-orient -resize "300x300>" '/tmp/03-9498620140216-24202-15p5q4v20140216-24202-19m4lb820140216-24202-51ujlf20140216-24202-1s5qugf'
I, [2014-02-16T12:00:40.229994 #24212]  INFO -- : Command :: identify -format %m '/tmp/b00220140216-24212-e9ouwc20140216-24212-1qp7koe20140216-24212-1eo4y4s[0]'
I, [2014-02-16T12:00:40.281834 #24173]  INFO -- : Command :: identify -format %m '/tmp/03-9936720140216-24173-t7pzhk20140216-24173-1n1n63w20140216-24173-8ocfdz[0]'
I, [2014-02-16T12:00:40.326388 #24224]  INFO -- : Started POST "/uploads" for 173.20.13.62 at 2014-02-16 12:00:40 +0000
I, [2014-02-16T12:00:40.330084 #24224]  INFO -- : Processing by UploadsController#create as JS
I, [2014-02-16T12:00:40.330367 #24224]  INFO -- :   Parameters: {"utf8"=>"", "authenticity_token"=>"82XP1X4ziHURZVuaUCeMQsHtW1R7txI2KZe14DSpuIs=", "upload"=>{"product_id"=>"", "uploaded_file"=>#<ActionDispatch::Http::UploadedFile:0x00000003e9d010 @tempfile=#<Tempfile:/tmp/RackMultipart20140216-24224-54ebwj>, @original_filename="b001.JPG", @content_type="image/jpeg", @headers="Content-Disposition: form-data; name=\"upload[uploaded_file]\"; filename=\"b001.JPG\"\r\nContent-Type: image/jpeg\r\n">}}
I, [2014-02-16T12:00:40.333079 #24212]  INFO -- : Command :: identify -format %m '/tmp/b00220140216-24212-e9ouwc20140216-24212-1qp7koe20140216-24212-1eo4y4s[0]'
I, [2014-02-16T12:00:40.350814 #24173]  INFO -- : Command :: identify -format %m '/tmp/03-9936720140216-24173-t7pzhk20140216-24173-1n1n63w20140216-24173-8ocfdz[0]'
I, [2014-02-16T12:00:40.408875 #24224]  INFO -- : Command :: identify -format '%wx%h,%[exif:orientation]' '/tmp/b00120140216-24224-1vazpso.JPG[0]'
I, [2014-02-16T12:00:40.421797 #24212]  INFO -- : Command :: identify -format %m '/tmp/b00220140216-24212-e9ouwc20140216-24212-1qp7koe20140216-24212-1eo4y4s[0]'
I, [2014-02-16T12:00:40.532083 #24212]  INFO -- : Command :: convert '/tmp/b00220140216-24212-e9ouwc20140216-24212-1qp7koe20140216-24212-1eo4y4s[0]' -auto-orient -resize "300x300>" '/tmp/b00220140216-24212-e9ouwc20140216-24212-1qp7koe20140216-24212-1eo4y4s20140216-24212-rne3rf'
I, [2014-02-16T12:00:40.546652 #24173]  INFO -- : Command :: identify -format %m '/tmp/03-9936720140216-24173-t7pzhk20140216-24173-1n1n63w20140216-24173-8ocfdz[0]'
I, [2014-02-16T12:00:40.566200 #24202]  INFO -- : Command :: file -b --mime '/tmp/03-9498620140216-24202-15p5q4v20140216-24202-19m4lb820140216-24202-51ujlf20140216-24202-1s5qugf'
I, [2014-02-16T12:00:40.587937 #24224]  INFO -- : Command :: identify -format %m '/tmp/b00120140216-24224-1vazpso.JPG[0]'
I, [2014-02-16T12:00:40.684485 #24202]  INFO -- : Command :: identify -format '%wx%h,%[exif:orientation]' '/tmp/03-9498620140216-24202-15p5q4v20140216-24202-19m4lb820140216-24202-51ujlf[0]'
I, [2014-02-16T12:00:40.745011 #24224]  INFO -- : Command :: identify -format %m '/tmp/b00120140216-24224-1vazpso.JPG[0]'
I, [2014-02-16T12:00:40.753696 #24173]  INFO -- : Command :: convert '/tmp/03-9936720140216-24173-t7pzhk20140216-24173-1n1n63w20140216-24173-8ocfdz[0]' -auto-orient -resize "200x200>" '/tmp/03-9936720140216-24173-t7pzhk20140216-24173-1n1n63w20140216-24173-8ocfdz20140216-24173-jbfb90'
I, [2014-02-16T12:00:40.962193 #24212]  INFO -- : Command :: file -b --mime '/tmp/b00220140216-24212-e9ouwc20140216-24212-1qp7koe20140216-24212-1eo4y4s20140216-24212-rne3rf'
I, [2014-02-16T12:00:40.970606 #24224]  INFO -- : Command :: identify -format %m '/tmp/b00120140216-24224-1vazpso.JPG[0]'
I, [2014-02-16T12:00:41.041442 #24202]  INFO -- : Command :: identify -format %m '/tmp/03-9498620140216-24202-15p5q4v20140216-24202-19m4lb820140216-24202-51ujlf[0]'
I, [2014-02-16T12:00:41.127650 #24202]  INFO -- : Command :: identify -format %m '/tmp/03-9498620140216-24202-15p5q4v20140216-24202-19m4lb820140216-24202-51ujlf[0]'
I, [2014-02-16T12:00:41.159228 #24224]  INFO -- : Command :: convert '/tmp/b00120140216-24224-1vazpso.JPG[0]' -auto-orient -resize "4000x4000>" '/tmp/b00120140216-24224-1vazpso20140216-24224-1ym5wjo'
I, [2014-02-16T12:00:41.166691 #24212]  INFO -- : Command :: identify -format '%wx%h,%[exif:orientation]' '/tmp/b00220140216-24212-e9ouwc20140216-24212-1qp7koe20140216-24212-1eo4y4s[0]'
I, [2014-02-16T12:00:41.244263 #24202]  INFO -- : Command :: identify -format %m '/tmp/03-9498620140216-24202-15p5q4v20140216-24202-19m4lb820140216-24202-51ujlf[0]'
I, [2014-02-16T12:00:41.416648 #24202]  INFO -- : Command :: convert '/tmp/03-9498620140216-24202-15p5q4v20140216-24202-19m4lb820140216-24202-51ujlf[0]' -auto-orient -resize "200x200>" '/tmp/03-9498620140216-24202-15p5q4v20140216-24202-19m4lb820140216-24202-51ujlf20140216-24202-n5bz7'
I, [2014-02-16T12:00:41.490829 #24173]  INFO -- : Command :: file -b --mime '/tmp/03-9936720140216-24173-t7pzhk20140216-24173-1n1n63w20140216-24173-8ocfdz20140216-24173-jbfb90'
I, [2014-02-16T12:00:41.546625 #24212]  INFO -- : Command :: identify -format %m '/tmp/b00220140216-24212-e9ouwc20140216-24212-1qp7koe20140216-24212-1eo4y4s[0]'
I, [2014-02-16T12:00:41.606886 #24224]  INFO -- : Command :: file -b --mime '/tmp/b00120140216-24224-1vazpso20140216-24224-1ym5wjo'
I, [2014-02-16T12:00:41.673406 #24173]  INFO -- : Command :: identify -format '%wx%h,%[exif:orientation]' '/tmp/03-9936720140216-24173-t7pzhk20140216-24173-1n1n63w20140216-24173-8ocfdz[0]'
I, [2014-02-16T12:00:41.700880 #24224]  INFO -- : Command :: identify -format '%wx%h,%[exif:orientation]' '/tmp/b00120140216-24224-1vazpso20140216-24224-1ym5wjo20140216-24224-1qyjycp[0]'
I, [2014-02-16T12:00:41.792349 #24202]  INFO -- : Command :: file -b --mime '/tmp/03-9498620140216-24202-15p5q4v20140216-24202-19m4lb820140216-24202-51ujlf20140216-24202-n5bz7'
I, [2014-02-16T12:00:41.826733 #24212]  INFO -- : Command :: identify -format %m '/tmp/b00220140216-24212-e9ouwc20140216-24212-1qp7koe20140216-24212-1eo4y4s[0]'
I, [2014-02-16T12:00:41.926645 #24202]  INFO -- : Command :: identify -format '%wx%h,%[exif:orientation]' '/tmp/03-9498620140216-24202-15p5q4v20140216-24202-19m4lb820140216-24202-51ujlf[0]'
I, [2014-02-16T12:00:41.940309 #24173]  INFO -- : Command :: identify -format %m '/tmp/03-9936720140216-24173-t7pzhk20140216-24173-1n1n63w20140216-24173-8ocfdz[0]'
I, [2014-02-16T12:00:41.951924 #24224]  INFO -- : Command :: identify -format %m '/tmp/b00120140216-24224-1vazpso20140216-24224-1ym5wjo20140216-24224-1qyjycp[0]'
I, [2014-02-16T12:00:42.071424 #24212]  INFO -- : Command :: identify -format %m '/tmp/b00220140216-24212-e9ouwc20140216-24212-1qp7koe20140216-24212-1eo4y4s[0]'
I, [2014-02-16T12:00:42.078181 #24173]  INFO -- : Command :: identify -format %m '/tmp/03-9936720140216-24173-t7pzhk20140216-24173-1n1n63w20140216-24173-8ocfdz[0]'
I, [2014-02-16T12:00:42.187255 #24173]  INFO -- : Command :: identify -format %m '/tmp/03-9936720140216-24173-t7pzhk20140216-24173-1n1n63w20140216-24173-8ocfdz[0]'
I, [2014-02-16T12:00:42.216501 #24224]  INFO -- : Command :: identify -format %m '/tmp/b00120140216-24224-1vazpso20140216-24224-1ym5wjo20140216-24224-1qyjycp[0]'
I, [2014-02-16T12:00:42.216649 #24202]  INFO -- : Command :: identify -format %m '/tmp/03-9498620140216-24202-15p5q4v20140216-24202-19m4lb820140216-24202-51ujlf[0]'
I, [2014-02-16T12:00:42.275169 #24202]  INFO -- : Command :: identify -format %m '/tmp/03-9498620140216-24202-15p5q4v20140216-24202-19m4lb820140216-24202-51ujlf[0]'
I, [2014-02-16T12:00:42.323830 #24190]  INFO -- : Started POST "/uploads" for 173.20.13.62 at 2014-02-16 12:00:42 +0000
I, [2014-02-16T12:00:42.327480 #24190]  INFO -- : Processing by UploadsController#create as JS
I, [2014-02-16T12:00:42.327722 #24190]  INFO -- :   Parameters: {"utf8"=>"", "authenticity_token"=>"82XP1X4ziHURZVuaUCeMQsHtW1R7txI2KZe14DSpuIs=", "upload"=>{"product_id"=>"", "uploaded_file"=>#<ActionDispatch::Http::UploadedFile:0x00000004e0b790 @tempfile=#<Tempfile:/tmp/RackMultipart20140216-24190-f2n5i4>, @original_filename="b004.JPG", @content_type="image/jpeg", @headers="Content-Disposition: form-data; name=\"upload[uploaded_file]\"; filename=\"b004.JPG\"\r\nContent-Type: image/jpeg\r\n">}}
I, [2014-02-16T12:00:42.329595 #24173]  INFO -- : Command :: convert '/tmp/03-9936720140216-24173-t7pzhk20140216-24173-1n1n63w20140216-24173-8ocfdz[0]' -auto-orient -resize "100x100>" '/tmp/03-9936720140216-24173-t7pzhk20140216-24173-1n1n63w20140216-24173-8ocfdz20140216-24173-24lt83'
I, [2014-02-16T12:00:42.339987 #24190]  INFO -- : Command :: identify -format '%wx%h,%[exif:orientation]' '/tmp/b00420140216-24190-1vryb4s.JPG[0]'
I, [2014-02-16T12:00:42.365541 #24224]  INFO -- : Command :: identify -format %m '/tmp/b00120140216-24224-1vazpso20140216-24224-1ym5wjo20140216-24224-1qyjycp[0]'
I, [2014-02-16T12:00:42.371113 #20684]  INFO -- : Started POST "/uploads" for 173.20.13.62 at 2014-02-16 12:00:42 +0000
I, [2014-02-16T12:00:42.374206 #20684]  INFO -- : Processing by UploadsController#create as JS
I, [2014-02-16T12:00:42.374449 #20684]  INFO -- :   Parameters: {"utf8"=>"", "authenticity_token"=>"82XP1X4ziHURZVuaUCeMQsHtW1R7txI2KZe14DSpuIs=", "upload"=>{"product_id"=>"", "uploaded_file"=>#<ActionDispatch::Http::UploadedFile:0x0000000516ece8 @tempfile=#<Tempfile:/tmp/RackMultipart20140216-20684-wz1ggd>, @original_filename="b003.JPG", @content_type="image/jpeg", @headers="Content-Disposition: form-data; name=\"upload[uploaded_file]\"; filename=\"b003.JPG\"\r\nContent-Type: image/jpeg\r\n">}}
I, [2014-02-16T12:00:42.386747 #20684]  INFO -- : Command :: identify -format '%wx%h,%[exif:orientation]' '/tmp/b00320140216-20684-1iqalax.JPG[0]'
I, [2014-02-16T12:00:42.465548 #24212]  INFO -- : Command :: convert '/tmp/b00220140216-24212-e9ouwc20140216-24212-1qp7koe20140216-24212-1eo4y4s[0]' -auto-orient -resize "200x200>" '/tmp/b00220140216-24212-e9ouwc20140216-24212-1qp7koe20140216-24212-1eo4y4s20140216-24212-oj4g9x'
I, [2014-02-16T12:00:42.529291 #24202]  INFO -- : Command :: identify -format %m '/tmp/03-9498620140216-24202-15p5q4v20140216-24202-19m4lb820140216-24202-51ujlf[0]'
I, [2014-02-16T12:00:42.539058 #24224]  INFO -- : Command :: convert '/tmp/b00120140216-24224-1vazpso20140216-24224-1ym5wjo20140216-24224-1qyjycp[0]' -auto-orient -resize "1500x1500>" '/tmp/b00120140216-24224-1vazpso20140216-24224-1ym5wjo20140216-24224-1qyjycp20140216-24224-1js3wye'
I, [2014-02-16T12:00:42.670585 #24190]  INFO -- : Command :: identify -format %m '/tmp/b00420140216-24190-1vryb4s.JPG[0]'
I, [2014-02-16T12:00:42.807038 #20684]  INFO -- : Command :: identify -format %m '/tmp/b00320140216-20684-1iqalax.JPG[0]'
I, [2014-02-16T12:00:42.889176 #24190]  INFO -- : Command :: identify -format %m '/tmp/b00420140216-24190-1vryb4s.JPG[0]'
I, [2014-02-16T12:00:42.947087 #24202]  INFO -- : Command :: convert '/tmp/03-9498620140216-24202-15p5q4v20140216-24202-19m4lb820140216-24202-51ujlf[0]' -auto-orient -resize "100x100>" '/tmp/03-9498620140216-24202-15p5q4v20140216-24202-19m4lb820140216-24202-51ujlf20140216-24202-1pjk3yv'
I, [2014-02-16T12:00:42.952052 #24173]  INFO -- : Command :: file -b --mime '/tmp/03-9936720140216-24173-t7pzhk20140216-24173-1n1n63w20140216-24173-8ocfdz20140216-24173-24lt83'
I, [2014-02-16T12:00:43.157173 #24224]  INFO -- : Command :: file -b --mime '/tmp/b00120140216-24224-1vazpso20140216-24224-1ym5wjo20140216-24224-1qyjycp20140216-24224-1js3wye'
I, [2014-02-16T12:00:43.157558 #24212]  INFO -- : Command :: file -b --mime '/tmp/b00220140216-24212-e9ouwc20140216-24212-1qp7koe20140216-24212-1eo4y4s20140216-24212-oj4g9x'
I, [2014-02-16T12:00:43.159892 #20684]  INFO -- : Command :: identify -format %m '/tmp/b00320140216-20684-1iqalax.JPG[0]'
I, [2014-02-16T12:00:43.180675 #24190]  INFO -- : Command :: identify -format %m '/tmp/b00420140216-24190-1vryb4s.JPG[0]'
I, [2014-02-16T12:00:43.260181 #24173]  INFO -- :   Rendered uploads/create.js.erb (0.2ms)
I, [2014-02-16T12:00:43.260922 #24173]  INFO -- : Completed 200 OK in 5915ms (Views: 1.9ms | ActiveRecord: 4.8ms)
I, [2014-02-16T12:00:43.326912 #24224]  INFO -- : Command :: identify -format '%wx%h,%[exif:orientation]' '/tmp/b00120140216-24224-1vazpso20140216-24224-1ym5wjo20140216-24224-1qyjycp[0]'
I, [2014-02-16T12:00:43.329508 #24212]  INFO -- : Command :: identify -format '%wx%h,%[exif:orientation]' '/tmp/b00220140216-24212-e9ouwc20140216-24212-1qp7koe20140216-24212-1eo4y4s[0]'
I, [2014-02-16T12:00:43.376296 #24190]  INFO -- : Command :: convert '/tmp/b00420140216-24190-1vryb4s.JPG[0]' -auto-orient -resize "4000x4000>" '/tmp/b00420140216-24190-1vryb4s20140216-24190-1ej90q9'
I, [2014-02-16T12:00:43.410922 #20684]  INFO -- : Command :: identify -format %m '/tmp/b00320140216-20684-1iqalax.JPG[0]'
I, [2014-02-16T12:00:43.404652 #24202]  INFO -- : Command :: file -b --mime '/tmp/03-9498620140216-24202-15p5q4v20140216-24202-19m4lb820140216-24202-51ujlf20140216-24202-1pjk3yv'
I, [2014-02-16T12:00:43.534197 #24224]  INFO -- : Command :: identify -format %m '/tmp/b00120140216-24224-1vazpso20140216-24224-1ym5wjo20140216-24224-1qyjycp[0]'
I, [2014-02-16T12:00:43.595665 #24212]  INFO -- : Command :: identify -format %m '/tmp/b00220140216-24212-e9ouwc20140216-24212-1qp7koe20140216-24212-1eo4y4s[0]'
I, [2014-02-16T12:00:43.611349 #24202]  INFO -- :   Rendered uploads/create.js.erb (0.2ms)
I, [2014-02-16T12:00:43.612106 #24202]  INFO -- : Completed 200 OK in 6547ms (Views: 7.7ms | ActiveRecord: 5.7ms)
I, [2014-02-16T12:00:43.612886 #24224]  INFO -- : Command :: identify -format %m '/tmp/b00120140216-24224-1vazpso20140216-24224-1ym5wjo20140216-24224-1qyjycp[0]'
I, [2014-02-16T12:00:43.646375 #20684]  INFO -- : Command :: convert '/tmp/b00320140216-20684-1iqalax.JPG[0]' -auto-orient -resize "4000x4000>" '/tmp/b00320140216-20684-1iqalax20140216-20684-utkaez'
I, [2014-02-16T12:00:43.734867 #24212]  INFO -- : Command :: identify -format %m '/tmp/b00220140216-24212-e9ouwc20140216-24212-1qp7koe20140216-24212-1eo4y4s[0]'
I, [2014-02-16T12:00:43.795272 #24190]  INFO -- : Command :: file -b --mime '/tmp/b00420140216-24190-1vryb4s20140216-24190-1ej90q9'
I, [2014-02-16T12:00:43.822314 #24224]  INFO -- : Command :: identify -format %m '/tmp/b00120140216-24224-1vazpso20140216-24224-1ym5wjo20140216-24224-1qyjycp[0]'
I, [2014-02-16T12:00:43.885820 #24224]  INFO -- : Command :: convert '/tmp/b00120140216-24224-1vazpso20140216-24224-1ym5wjo20140216-24224-1qyjycp[0]' -auto-orient -resize "300x300>" '/tmp/b00120140216-24224-1vazpso20140216-24224-1ym5wjo20140216-24224-1qyjycp20140216-24224-1yq44sa'
I, [2014-02-16T12:00:43.938760 #20684]  INFO -- : Command :: file -b --mime '/tmp/b00320140216-20684-1iqalax20140216-20684-utkaez'
I, [2014-02-16T12:00:44.047872 #24212]  INFO -- : Command :: identify -format %m '/tmp/b00220140216-24212-e9ouwc20140216-24212-1qp7koe20140216-24212-1eo4y4s[0]'
I, [2014-02-16T12:00:44.055953 #24190]  INFO -- : Command :: identify -format '%wx%h,%[exif:orientation]' '/tmp/b00420140216-24190-1vryb4s20140216-24190-1ej90q920140216-24190-qegxz2[0]'
I, [2014-02-16T12:00:44.086209 #20684]  INFO -- : Command :: identify -format '%wx%h,%[exif:orientation]' '/tmp/b00320140216-20684-1iqalax20140216-20684-utkaez20140216-20684-dfy9e9[0]'
I, [2014-02-16T12:00:44.285487 #24212]  INFO -- : Command :: convert '/tmp/b00220140216-24212-e9ouwc20140216-24212-1qp7koe20140216-24212-1eo4y4s[0]' -auto-orient -resize "100x100>" '/tmp/b00220140216-24212-e9ouwc20140216-24212-1qp7koe20140216-24212-1eo4y4s20140216-24212-1srl57u'
I, [2014-02-16T12:00:44.289289 #24190]  INFO -- : Command :: identify -format %m '/tmp/b00420140216-24190-1vryb4s20140216-24190-1ej90q920140216-24190-qegxz2[0]'
I, [2014-02-16T12:00:44.291710 #20684]  INFO -- : Command :: identify -format %m '/tmp/b00320140216-20684-1iqalax20140216-20684-utkaez20140216-20684-dfy9e9[0]'
I, [2014-02-16T12:00:44.463952 #24224]  INFO -- : Command :: file -b --mime '/tmp/b00120140216-24224-1vazpso20140216-24224-1ym5wjo20140216-24224-1qyjycp20140216-24224-1yq44sa'
I, [2014-02-16T12:00:44.472621 #24190]  INFO -- : Command :: identify -format %m '/tmp/b00420140216-24190-1vryb4s20140216-24190-1ej90q920140216-24190-qegxz2[0]'
I, [2014-02-16T12:00:44.711581 #20684]  INFO -- : Command :: identify -format %m '/tmp/b00320140216-20684-1iqalax20140216-20684-utkaez20140216-20684-dfy9e9[0]'
I, [2014-02-16T12:00:44.712846 #24224]  INFO -- : Command :: identify -format '%wx%h,%[exif:orientation]' '/tmp/b00120140216-24224-1vazpso20140216-24224-1ym5wjo20140216-24224-1qyjycp[0]'
I, [2014-02-16T12:00:44.775710 #24212]  INFO -- : Command :: file -b --mime '/tmp/b00220140216-24212-e9ouwc20140216-24212-1qp7koe20140216-24212-1eo4y4s20140216-24212-1srl57u'
I, [2014-02-16T12:00:44.801777 #24190]  INFO -- : Command :: identify -format %m '/tmp/b00420140216-24190-1vryb4s20140216-24190-1ej90q920140216-24190-qegxz2[0]'
I, [2014-02-16T12:00:44.891351 #24190]  INFO -- : Command :: convert '/tmp/b00420140216-24190-1vryb4s20140216-24190-1ej90q920140216-24190-qegxz2[0]' -auto-orient -resize "1500x1500>" '/tmp/b00420140216-24190-1vryb4s20140216-24190-1ej90q920140216-24190-qegxz220140216-24190-129y2cl'
I, [2014-02-16T12:00:44.943137 #24224]  INFO -- : Command :: identify -format %m '/tmp/b00120140216-24224-1vazpso20140216-24224-1ym5wjo20140216-24224-1qyjycp[0]'
I, [2014-02-16T12:00:44.949705 #20684]  INFO -- : Command :: identify -format %m '/tmp/b00320140216-20684-1iqalax20140216-20684-utkaez20140216-20684-dfy9e9[0]'
I, [2014-02-16T12:00:44.998171 #24212]  INFO -- :   Rendered uploads/create.js.erb (2.3ms)
I, [2014-02-16T12:00:45.000655 #24212]  INFO -- : Completed 200 OK in 7125ms (Views: 6.2ms | ActiveRecord: 37.3ms)
I, [2014-02-16T12:00:45.077835 #20684]  INFO -- : Command :: convert '/tmp/b00320140216-20684-1iqalax20140216-20684-utkaez20140216-20684-dfy9e9[0]' -auto-orient -resize "1500x1500>" '/tmp/b00320140216-20684-1iqalax20140216-20684-utkaez20140216-20684-dfy9e920140216-20684-inxvdl'
I, [2014-02-16T12:00:45.110751 #24224]  INFO -- : Command :: identify -format %m '/tmp/b00120140216-24224-1vazpso20140216-24224-1ym5wjo20140216-24224-1qyjycp[0]'
