I, [2014-02-16T12:01:04.884689 #24190]  INFO -- : Command :: identify -format '%wx%h,%[exif:orientation]' '/tmp/DSC_009120140216-24190-19avj5z20140216-24190-1ajga0120140216-24190-1whikuw[0]'
I, [2014-02-16T12:01:04.923076 #24224]  INFO -- : Command :: convert '/tmp/DSC_009320140216-24224-5aiggk20140216-24224-tslr6r20140216-24224-bczzkk[0]' -auto-orient -resize "300x300>" '/tmp/DSC_009320140216-24224-5aiggk20140216-24224-tslr6r20140216-24224-bczzkk20140216-24224-1trv3pt'
I, [2014-02-16T12:01:04.942703 #24173]  INFO -- : Command :: convert '/tmp/DSC_009220140216-24173-1n23fh220140216-24173-1gs5kg320140216-24173-fli0jp[0]' -auto-orient -resize "200x200>" '/tmp/DSC_009220140216-24173-1n23fh220140216-24173-1gs5kg320140216-24173-fli0jp20140216-24173-jpcnld'
I, [2014-02-16T12:01:05.413949 #24190]  INFO -- : Command :: identify -format %m '/tmp/DSC_009120140216-24190-19avj5z20140216-24190-1ajga0120140216-24190-1whikuw[0]'
I, [2014-02-16T12:01:05.426768 #24224]  INFO -- : Command :: file -b --mime '/tmp/DSC_009320140216-24224-5aiggk20140216-24224-tslr6r20140216-24224-bczzkk20140216-24224-1trv3pt'
I, [2014-02-16T12:01:05.520848 #24212]  INFO -- : Command :: identify -format %m '/tmp/DSC_009420140216-24212-1pcax3020140216-24212-11xdqlb20140216-24212-ppsxvj[0]'
I, [2014-02-16T12:01:05.522477 #24173]  INFO -- : Command :: file -b --mime '/tmp/DSC_009220140216-24173-1n23fh220140216-24173-1gs5kg320140216-24173-fli0jp20140216-24173-jpcnld'
I, [2014-02-16T12:01:05.594178 #24190]  INFO -- : Command :: identify -format %m '/tmp/DSC_009120140216-24190-19avj5z20140216-24190-1ajga0120140216-24190-1whikuw[0]'
I, [2014-02-16T12:01:05.669978 #24173]  INFO -- : Command :: identify -format '%wx%h,%[exif:orientation]' '/tmp/DSC_009220140216-24173-1n23fh220140216-24173-1gs5kg320140216-24173-fli0jp[0]'
I, [2014-02-16T12:01:05.676161 #24212]  INFO -- : Command :: identify -format %m '/tmp/DSC_009420140216-24212-1pcax3020140216-24212-11xdqlb20140216-24212-ppsxvj[0]'
I, [2014-02-16T12:01:05.680279 #24224]  INFO -- : Command :: identify -format '%wx%h,%[exif:orientation]' '/tmp/DSC_009320140216-24224-5aiggk20140216-24224-tslr6r20140216-24224-bczzkk[0]'
I, [2014-02-16T12:01:05.793485 #24173]  INFO -- : Command :: identify -format %m '/tmp/DSC_009220140216-24173-1n23fh220140216-24173-1gs5kg320140216-24173-fli0jp[0]'
I, [2014-02-16T12:01:05.817229 #24190]  INFO -- : Command :: identify -format %m '/tmp/DSC_009120140216-24190-19avj5z20140216-24190-1ajga0120140216-24190-1whikuw[0]'
I, [2014-02-16T12:01:05.921259 #24212]  INFO -- : Command :: identify -format %m '/tmp/DSC_009420140216-24212-1pcax3020140216-24212-11xdqlb20140216-24212-ppsxvj[0]'
I, [2014-02-16T12:01:05.979609 #24224]  INFO -- : Command :: identify -format %m '/tmp/DSC_009320140216-24224-5aiggk20140216-24224-tslr6r20140216-24224-bczzkk[0]'
I, [2014-02-16T12:01:06.002146 #24173]  INFO -- : Command :: identify -format %m '/tmp/DSC_009220140216-24173-1n23fh220140216-24173-1gs5kg320140216-24173-fli0jp[0]'
I, [2014-02-16T12:01:06.071752 #24190]  INFO -- : Command :: convert '/tmp/DSC_009120140216-24190-19avj5z20140216-24190-1ajga0120140216-24190-1whikuw[0]' -auto-orient -resize "100x100>" '/tmp/DSC_009120140216-24190-19avj5z20140216-24190-1ajga0120140216-24190-1whikuw20140216-24190-wttz9j'
I, [2014-02-16T12:01:06.105667 #24212]  INFO -- : Command :: convert '/tmp/DSC_009420140216-24212-1pcax3020140216-24212-11xdqlb20140216-24212-ppsxvj[0]' -auto-orient -resize "1500x1500>" '/tmp/DSC_009420140216-24212-1pcax3020140216-24212-11xdqlb20140216-24212-ppsxvj20140216-24212-8yhg54'
I, [2014-02-16T12:01:06.114784 #24173]  INFO -- : Command :: identify -format %m '/tmp/DSC_009220140216-24173-1n23fh220140216-24173-1gs5kg320140216-24173-fli0jp[0]'
I, [2014-02-16T12:01:06.225134 #24173]  INFO -- : Command :: convert '/tmp/DSC_009220140216-24173-1n23fh220140216-24173-1gs5kg320140216-24173-fli0jp[0]' -auto-orient -resize "100x100>" '/tmp/DSC_009220140216-24173-1n23fh220140216-24173-1gs5kg320140216-24173-fli0jp20140216-24173-1dh5svy'
I, [2014-02-16T12:01:06.230225 #24224]  INFO -- : Command :: identify -format %m '/tmp/DSC_009320140216-24224-5aiggk20140216-24224-tslr6r20140216-24224-bczzkk[0]'
I, [2014-02-16T12:01:06.409633 #24212]  INFO -- : Command :: file -b --mime '/tmp/DSC_009420140216-24212-1pcax3020140216-24212-11xdqlb20140216-24212-ppsxvj20140216-24212-8yhg54'
I, [2014-02-16T12:01:06.516017 #24224]  INFO -- : Command :: identify -format %m '/tmp/DSC_009320140216-24224-5aiggk20140216-24224-tslr6r20140216-24224-bczzkk[0]'
I, [2014-02-16T12:01:06.642951 #24190]  INFO -- : Command :: file -b --mime '/tmp/DSC_009120140216-24190-19avj5z20140216-24190-1ajga0120140216-24190-1whikuw20140216-24190-wttz9j'
I, [2014-02-16T12:01:06.741817 #20684]  INFO -- : Started POST "/uploads" for 173.20.13.62 at 2014-02-16 12:01:06 +0000
I, [2014-02-16T12:01:06.743310 #24224]  INFO -- : Command :: convert '/tmp/DSC_009320140216-24224-5aiggk20140216-24224-tslr6r20140216-24224-bczzkk[0]' -auto-orient -resize "200x200>" '/tmp/DSC_009320140216-24224-5aiggk20140216-24224-tslr6r20140216-24224-bczzkk20140216-24224-bkolvp'
I, [2014-02-16T12:01:06.744103 #24173]  INFO -- : Command :: file -b --mime '/tmp/DSC_009220140216-24173-1n23fh220140216-24173-1gs5kg320140216-24173-fli0jp20140216-24173-1dh5svy'
I, [2014-02-16T12:01:06.754013 #20684]  INFO -- : Processing by UploadsController#create as JS
I, [2014-02-16T12:01:06.754220 #20684]  INFO -- :   Parameters: {"utf8"=>"", "authenticity_token"=>"82XP1X4ziHURZVuaUCeMQsHtW1R7txI2KZe14DSpuIs=", "upload"=>{"product_id"=>"", "uploaded_file"=>#<ActionDispatch::Http::UploadedFile:0x0000000488edf8 @tempfile=#<Tempfile:/tmp/RackMultipart20140216-20684-2795v9>, @original_filename="DSC_0096.JPG", @content_type="image/jpeg", @headers="Content-Disposition: form-data; name=\"upload[uploaded_file]\"; filename=\"DSC_0096.JPG\"\r\nContent-Type: image/jpeg\r\n">}}
I, [2014-02-16T12:01:06.766139 #24212]  INFO -- : Command :: identify -format '%wx%h,%[exif:orientation]' '/tmp/DSC_009420140216-24212-1pcax3020140216-24212-11xdqlb20140216-24212-ppsxvj[0]'
I, [2014-02-16T12:01:06.808257 #24190]  INFO -- :   Rendered uploads/create.js.erb (0.2ms)
I, [2014-02-16T12:01:06.809049 #24190]  INFO -- : Completed 200 OK in 9609ms (Views: 5.7ms | ActiveRecord: 11.5ms)
I, [2014-02-16T12:01:06.825548 #20684]  INFO -- : Command :: identify -format '%wx%h,%[exif:orientation]' '/tmp/DSC_009620140216-20684-2qm0qh.JPG[0]'
I, [2014-02-16T12:01:06.958823 #24212]  INFO -- : Command :: identify -format %m '/tmp/DSC_009420140216-24212-1pcax3020140216-24212-11xdqlb20140216-24212-ppsxvj[0]'
I, [2014-02-16T12:01:07.071181 #24173]  INFO -- :   Rendered uploads/create.js.erb (0.2ms)
I, [2014-02-16T12:01:07.071895 #24173]  INFO -- : Completed 200 OK in 9389ms (Views: 2.2ms | ActiveRecord: 15.3ms)
I, [2014-02-16T12:01:07.118806 #24212]  INFO -- : Command :: identify -format %m '/tmp/DSC_009420140216-24212-1pcax3020140216-24212-11xdqlb20140216-24212-ppsxvj[0]'
I, [2014-02-16T12:01:07.216833 #20684]  INFO -- : Command :: identify -format %m '/tmp/DSC_009620140216-20684-2qm0qh.JPG[0]'
I, [2014-02-16T12:01:07.293547 #24212]  INFO -- : Command :: identify -format %m '/tmp/DSC_009420140216-24212-1pcax3020140216-24212-11xdqlb20140216-24212-ppsxvj[0]'
I, [2014-02-16T12:01:07.334946 #24224]  INFO -- : Command :: file -b --mime '/tmp/DSC_009320140216-24224-5aiggk20140216-24224-tslr6r20140216-24224-bczzkk20140216-24224-bkolvp'
I, [2014-02-16T12:01:07.409901 #24212]  INFO -- : Command :: convert '/tmp/DSC_009420140216-24212-1pcax3020140216-24212-11xdqlb20140216-24212-ppsxvj[0]' -auto-orient -resize "300x300>" '/tmp/DSC_009420140216-24212-1pcax3020140216-24212-11xdqlb20140216-24212-ppsxvj20140216-24212-4v6io3'
I, [2014-02-16T12:01:07.422169 #20684]  INFO -- : Command :: identify -format %m '/tmp/DSC_009620140216-20684-2qm0qh.JPG[0]'
I, [2014-02-16T12:01:07.495967 #24224]  INFO -- : Command :: identify -format '%wx%h,%[exif:orientation]' '/tmp/DSC_009320140216-24224-5aiggk20140216-24224-tslr6r20140216-24224-bczzkk[0]'
I, [2014-02-16T12:01:07.613651 #20684]  INFO -- : Command :: identify -format %m '/tmp/DSC_009620140216-20684-2qm0qh.JPG[0]'
I, [2014-02-16T12:01:07.618811 #24224]  INFO -- : Command :: identify -format %m '/tmp/DSC_009320140216-24224-5aiggk20140216-24224-tslr6r20140216-24224-bczzkk[0]'
I, [2014-02-16T12:01:07.713048 #20684]  INFO -- : Command :: convert '/tmp/DSC_009620140216-20684-2qm0qh.JPG[0]' -auto-orient -resize "4000x4000>" '/tmp/DSC_009620140216-20684-2qm0qh20140216-20684-14ebzx6'
I, [2014-02-16T12:01:07.775964 #24224]  INFO -- : Command :: identify -format %m '/tmp/DSC_009320140216-24224-5aiggk20140216-24224-tslr6r20140216-24224-bczzkk[0]'
I, [2014-02-16T12:01:07.908373 #24224]  INFO -- : Command :: identify -format %m '/tmp/DSC_009320140216-24224-5aiggk20140216-24224-tslr6r20140216-24224-bczzkk[0]'
I, [2014-02-16T12:01:07.923844 #24212]  INFO -- : Command :: file -b --mime '/tmp/DSC_009420140216-24212-1pcax3020140216-24212-11xdqlb20140216-24212-ppsxvj20140216-24212-4v6io3'
I, [2014-02-16T12:01:07.963589 #24173]  INFO -- : Started POST "/uploads" for 173.20.13.62 at 2014-02-16 12:01:07 +0000
I, [2014-02-16T12:01:08.003793 #24212]  INFO -- : Command :: identify -format '%wx%h,%[exif:orientation]' '/tmp/DSC_009420140216-24212-1pcax3020140216-24212-11xdqlb20140216-24212-ppsxvj[0]'
I, [2014-02-16T12:01:08.000637 #24173]  INFO -- : Processing by UploadsController#create as JS
I, [2014-02-16T12:01:08.012511 #24173]  INFO -- :   Parameters: {"utf8"=>"", "authenticity_token"=>"82XP1X4ziHURZVuaUCeMQsHtW1R7txI2KZe14DSpuIs=", "upload"=>{"product_id"=>"", "uploaded_file"=>#<ActionDispatch::Http::UploadedFile:0x00000004f92c30 @tempfile=#<Tempfile:/tmp/RackMultipart20140216-24173-1r3fx6u>, @original_filename="DSC_0095.JPG", @content_type="image/jpeg", @headers="Content-Disposition: form-data; name=\"upload[uploaded_file]\"; filename=\"DSC_0095.JPG\"\r\nContent-Type: image/jpeg\r\n">}}
I, [2014-02-16T12:01:08.028982 #24173]  INFO -- : Command :: identify -format '%wx%h,%[exif:orientation]' '/tmp/DSC_009520140216-24173-wqq18.JPG[0]'
I, [2014-02-16T12:01:08.066329 #24224]  INFO -- : Command :: convert '/tmp/DSC_009320140216-24224-5aiggk20140216-24224-tslr6r20140216-24224-bczzkk[0]' -auto-orient -resize "100x100>" '/tmp/DSC_009320140216-24224-5aiggk20140216-24224-tslr6r20140216-24224-bczzkk20140216-24224-1cofwvl'
I, [2014-02-16T12:01:08.119030 #20684]  INFO -- : Command :: file -b --mime '/tmp/DSC_009620140216-20684-2qm0qh20140216-20684-14ebzx6'
I, [2014-02-16T12:01:08.207771 #20684]  INFO -- : Command :: identify -format '%wx%h,%[exif:orientation]' '/tmp/DSC_009620140216-20684-2qm0qh20140216-20684-14ebzx620140216-20684-syj54p[0]'
I, [2014-02-16T12:01:08.314103 #24212]  INFO -- : Command :: identify -format %m '/tmp/DSC_009420140216-24212-1pcax3020140216-24212-11xdqlb20140216-24212-ppsxvj[0]'
I, [2014-02-16T12:01:08.356699 #24173]  INFO -- : Command :: identify -format %m '/tmp/DSC_009520140216-24173-wqq18.JPG[0]'
I, [2014-02-16T12:01:08.402029 #24224]  INFO -- : Command :: file -b --mime '/tmp/DSC_009320140216-24224-5aiggk20140216-24224-tslr6r20140216-24224-bczzkk20140216-24224-1cofwvl'
I, [2014-02-16T12:01:08.503681 #24212]  INFO -- : Command :: identify -format %m '/tmp/DSC_009420140216-24212-1pcax3020140216-24212-11xdqlb20140216-24212-ppsxvj[0]'
I, [2014-02-16T12:01:08.583497 #24224]  INFO -- :   Rendered uploads/create.js.erb (0.2ms)
I, [2014-02-16T12:01:08.584240 #24224]  INFO -- : Completed 200 OK in 9273ms (Views: 2.0ms | ActiveRecord: 7.7ms)
I, [2014-02-16T12:01:08.645667 #24173]  INFO -- : Command :: identify -format %m '/tmp/DSC_009520140216-24173-wqq18.JPG[0]'
I, [2014-02-16T12:01:08.706448 #20684]  INFO -- : Command :: identify -format %m '/tmp/DSC_009620140216-20684-2qm0qh20140216-20684-14ebzx620140216-20684-syj54p[0]'
I, [2014-02-16T12:01:08.763209 #24173]  INFO -- : Command :: identify -format %m '/tmp/DSC_009520140216-24173-wqq18.JPG[0]'
I, [2014-02-16T12:01:08.800692 #24212]  INFO -- : Command :: identify -format %m '/tmp/DSC_009420140216-24212-1pcax3020140216-24212-11xdqlb20140216-24212-ppsxvj[0]'
I, [2014-02-16T12:01:08.882834 #20684]  INFO -- : Command :: identify -format %m '/tmp/DSC_009620140216-20684-2qm0qh20140216-20684-14ebzx620140216-20684-syj54p[0]'
I, [2014-02-16T12:01:08.966239 #24173]  INFO -- : Command :: convert '/tmp/DSC_009520140216-24173-wqq18.JPG[0]' -auto-orient -resize "4000x4000>" '/tmp/DSC_009520140216-24173-wqq1820140216-24173-1hdna6k'
I, [2014-02-16T12:01:09.047795 #20684]  INFO -- : Command :: identify -format %m '/tmp/DSC_009620140216-20684-2qm0qh20140216-20684-14ebzx620140216-20684-syj54p[0]'
I, [2014-02-16T12:01:09.055206 #24212]  INFO -- : Command :: convert '/tmp/DSC_009420140216-24212-1pcax3020140216-24212-11xdqlb20140216-24212-ppsxvj[0]' -auto-orient -resize "200x200>" '/tmp/DSC_009420140216-24212-1pcax3020140216-24212-11xdqlb20140216-24212-ppsxvj20140216-24212-12vg73r'
I, [2014-02-16T12:01:09.343002 #20684]  INFO -- : Command :: convert '/tmp/DSC_009620140216-20684-2qm0qh20140216-20684-14ebzx620140216-20684-syj54p[0]' -auto-orient -resize "1500x1500>" '/tmp/DSC_009620140216-20684-2qm0qh20140216-20684-14ebzx620140216-20684-syj54p20140216-20684-1r2sm9r'
I, [2014-02-16T12:01:09.569303 #24173]  INFO -- : Command :: file -b --mime '/tmp/DSC_009520140216-24173-wqq1820140216-24173-1hdna6k'
I, [2014-02-16T12:01:09.614835 #24212]  INFO -- : Command :: file -b --mime '/tmp/DSC_009420140216-24212-1pcax3020140216-24212-11xdqlb20140216-24212-ppsxvj20140216-24212-12vg73r'
I, [2014-02-16T12:01:09.677322 #24173]  INFO -- : Command :: identify -format '%wx%h,%[exif:orientation]' '/tmp/DSC_009520140216-24173-wqq1820140216-24173-1hdna6k20140216-24173-1c6ib6w[0]'
I, [2014-02-16T12:01:09.770094 #20684]  INFO -- : Command :: file -b --mime '/tmp/DSC_009620140216-20684-2qm0qh20140216-20684-14ebzx620140216-20684-syj54p20140216-20684-1r2sm9r'
I, [2014-02-16T12:01:09.825311 #24212]  INFO -- : Command :: identify -format '%wx%h,%[exif:orientation]' '/tmp/DSC_009420140216-24212-1pcax3020140216-24212-11xdqlb20140216-24212-ppsxvj[0]'
I, [2014-02-16T12:01:09.935195 #20684]  INFO -- : Command :: identify -format '%wx%h,%[exif:orientation]' '/tmp/DSC_009620140216-20684-2qm0qh20140216-20684-14ebzx620140216-20684-syj54p[0]'
I, [2014-02-16T12:01:10.038120 #24173]  INFO -- : Command :: identify -format %m '/tmp/DSC_009520140216-24173-wqq1820140216-24173-1hdna6k20140216-24173-1c6ib6w[0]'
I, [2014-02-16T12:01:10.081135 #24212]  INFO -- : Command :: identify -format %m '/tmp/DSC_009420140216-24212-1pcax3020140216-24212-11xdqlb20140216-24212-ppsxvj[0]'
I, [2014-02-16T12:01:10.251784 #24173]  INFO -- : Command :: identify -format %m '/tmp/DSC_009520140216-24173-wqq1820140216-24173-1hdna6k20140216-24173-1c6ib6w[0]'
I, [2014-02-16T12:01:10.331684 #20684]  INFO -- : Command :: identify -format %m '/tmp/DSC_009620140216-20684-2qm0qh20140216-20684-14ebzx620140216-20684-syj54p[0]'
I, [2014-02-16T12:01:10.387398 #24212]  INFO -- : Command :: identify -format %m '/tmp/DSC_009420140216-24212-1pcax3020140216-24212-11xdqlb20140216-24212-ppsxvj[0]'
I, [2014-02-16T12:01:10.396393 #24173]  INFO -- : Command :: identify -format %m '/tmp/DSC_009520140216-24173-wqq1820140216-24173-1hdna6k20140216-24173-1c6ib6w[0]'
I, [2014-02-16T12:01:10.528796 #24173]  INFO -- : Command :: convert '/tmp/DSC_009520140216-24173-wqq1820140216-24173-1hdna6k20140216-24173-1c6ib6w[0]' -auto-orient -resize "1500x1500>" '/tmp/DSC_009520140216-24173-wqq1820140216-24173-1hdna6k20140216-24173-1c6ib6w20140216-24173-oqyf6o'
I, [2014-02-16T12:01:10.646306 #20684]  INFO -- : Command :: identify -format %m '/tmp/DSC_009620140216-20684-2qm0qh20140216-20684-14ebzx620140216-20684-syj54p[0]'
I, [2014-02-16T12:01:10.732653 #24212]  INFO -- : Command :: identify -format %m '/tmp/DSC_009420140216-24212-1pcax3020140216-24212-11xdqlb20140216-24212-ppsxvj[0]'
I, [2014-02-16T12:01:10.752608 #20684]  INFO -- : Command :: identify -format %m '/tmp/DSC_009620140216-20684-2qm0qh20140216-20684-14ebzx620140216-20684-syj54p[0]'
I, [2014-02-16T12:01:10.905528 #24212]  INFO -- : Command :: convert '/tmp/DSC_009420140216-24212-1pcax3020140216-24212-11xdqlb20140216-24212-ppsxvj[0]' -auto-orient -resize "100x100>" '/tmp/DSC_009420140216-24212-1pcax3020140216-24212-11xdqlb20140216-24212-ppsxvj20140216-24212-d06pfc'
I, [2014-02-16T12:01:10.989501 #20684]  INFO -- : Command :: convert '/tmp/DSC_009620140216-20684-2qm0qh20140216-20684-14ebzx620140216-20684-syj54p[0]' -auto-orient -resize "300x300>" '/tmp/DSC_009620140216-20684-2qm0qh20140216-20684-14ebzx620140216-20684-syj54p20140216-20684-1v6w6fj'
I, [2014-02-16T12:01:11.141880 #24173]  INFO -- : Command :: file -b --mime '/tmp/DSC_009520140216-24173-wqq1820140216-24173-1hdna6k20140216-24173-1c6ib6w20140216-24173-oqyf6o'
I, [2014-02-16T12:01:11.447034 #24212]  INFO -- : Command :: file -b --mime '/tmp/DSC_009420140216-24212-1pcax3020140216-24212-11xdqlb20140216-24212-ppsxvj20140216-24212-d06pfc'
I, [2014-02-16T12:01:11.627386 #24212]  INFO -- :   Rendered uploads/create.js.erb (0.2ms)
I, [2014-02-16T12:01:11.630340 #24212]  INFO -- : Completed 200 OK in 9539ms (Views: 4.7ms | ActiveRecord: 32.8ms)
I, [2014-02-16T12:01:11.662881 #24173]  INFO -- : Command :: identify -format '%wx%h,%[exif:orientation]' '/tmp/DSC_009520140216-24173-wqq1820140216-24173-1hdna6k20140216-24173-1c6ib6w[0]'
I, [2014-02-16T12:01:11.921598 #24173]  INFO -- : Command :: identify -format %m '/tmp/DSC_009520140216-24173-wqq1820140216-24173-1hdna6k20140216-24173-1c6ib6w[0]'
I, [2014-02-16T12:01:12.035918 #20684]  INFO -- : Command :: file -b --mime '/tmp/DSC_009620140216-20684-2qm0qh20140216-20684-14ebzx620140216-20684-syj54p20140216-20684-1v6w6fj'
I, [2014-02-16T12:01:12.070119 #24173]  INFO -- : Command :: identify -format %m '/tmp/DSC_009520140216-24173-wqq1820140216-24173-1hdna6k20140216-24173-1c6ib6w[0]'
I, [2014-02-16T12:01:12.150413 #20684]  INFO -- : Command :: identify -format '%wx%h,%[exif:orientation]' '/tmp/DSC_009620140216-20684-2qm0qh20140216-20684-14ebzx620140216-20684-syj54p[0]'
I, [2014-02-16T12:01:12.159060 #24173]  INFO -- : Command :: identify -format %m '/tmp/DSC_009520140216-24173-wqq1820140216-24173-1hdna6k20140216-24173-1c6ib6w[0]'
I, [2014-02-16T12:01:12.266141 #24173]  INFO -- : Command :: convert '/tmp/DSC_009520140216-24173-wqq1820140216-24173-1hdna6k20140216-24173-1c6ib6w[0]' -auto-orient -resize "300x300>" '/tmp/DSC_009520140216-24173-wqq1820140216-24173-1hdna6k20140216-24173-1c6ib6w20140216-24173-1v2gedu'
I, [2014-02-16T12:01:12.443270 #20684]  INFO -- : Command :: identify -format %m '/tmp/DSC_009620140216-20684-2qm0qh20140216-20684-14ebzx620140216-20684-syj54p[0]'
I, [2014-02-16T12:01:12.695239 #20684]  INFO -- : Command :: identify -format %m '/tmp/DSC_009620140216-20684-2qm0qh20140216-20684-14ebzx620140216-20684-syj54p[0]'
I, [2014-02-16T12:01:12.740331 #24173]  INFO -- : Command :: file -b --mime '/tmp/DSC_009520140216-24173-wqq1820140216-24173-1hdna6k20140216-24173-1c6ib6w20140216-24173-1v2gedu'
I, [2014-02-16T12:01:12.865448 #20684]  INFO -- : Command :: identify -format %m '/tmp/DSC_009620140216-20684-2qm0qh20140216-20684-14ebzx620140216-20684-syj54p[0]'
I, [2014-02-16T12:01:12.886781 #24173]  INFO -- : Command :: identify -format '%wx%h,%[exif:orientation]' '/tmp/DSC_009520140216-24173-wqq1820140216-24173-1hdna6k20140216-24173-1c6ib6w[0]'
I, [2014-02-16T12:01:13.026271 #24173]  INFO -- : Command :: identify -format %m '/tmp/DSC_009520140216-24173-wqq1820140216-24173-1hdna6k20140216-24173-1c6ib6w[0]'
I, [2014-02-16T12:01:13.075250 #20684]  INFO -- : Command :: convert '/tmp/DSC_009620140216-20684-2qm0qh20140216-20684-14ebzx620140216-20684-syj54p[0]' -auto-orient -resize "200x200>" '/tmp/DSC_009620140216-20684-2qm0qh20140216-20684-14ebzx620140216-20684-syj54p20140216-20684-1jo7hix'
I, [2014-02-16T12:01:13.205603 #24173]  INFO -- : Command :: identify -format %m '/tmp/DSC_009520140216-24173-wqq1820140216-24173-1hdna6k20140216-24173-1c6ib6w[0]'
I, [2014-02-16T12:01:13.423231 #24173]  INFO -- : Command :: identify -format %m '/tmp/DSC_009520140216-24173-wqq1820140216-24173-1hdna6k20140216-24173-1c6ib6w[0]'
I, [2014-02-16T12:01:13.613146 #20684]  INFO -- : Command :: file -b --mime '/tmp/DSC_009620140216-20684-2qm0qh20140216-20684-14ebzx620140216-20684-syj54p20140216-20684-1jo7hix'
I, [2014-02-16T12:01:13.696973 #24173]  INFO -- : Command :: convert '/tmp/DSC_009520140216-24173-wqq1820140216-24173-1hdna6k20140216-24173-1c6ib6w[0]' -auto-orient -resize "200x200>" '/tmp/DSC_009520140216-24173-wqq1820140216-24173-1hdna6k20140216-24173-1c6ib6w20140216-24173-159b2pv'
I, [2014-02-16T12:01:13.882007 #20684]  INFO -- : Command :: identify -format '%wx%h,%[exif:orientation]' '/tmp/DSC_009620140216-20684-2qm0qh20140216-20684-14ebzx620140216-20684-syj54p[0]'
I, [2014-02-16T12:01:14.079386 #24173]  INFO -- : Command :: file -b --mime '/tmp/DSC_009520140216-24173-wqq1820140216-24173-1hdna6k20140216-24173-1c6ib6w20140216-24173-159b2pv'
I, [2014-02-16T12:01:14.135399 #20684]  INFO -- : Command :: identify -format %m '/tmp/DSC_009620140216-20684-2qm0qh20140216-20684-14ebzx620140216-20684-syj54p[0]'
I, [2014-02-16T12:01:14.172738 #24173]  INFO -- : Command :: identify -format '%wx%h,%[exif:orientation]' '/tmp/DSC_009520140216-24173-wqq1820140216-24173-1hdna6k20140216-24173-1c6ib6w[0]'
I, [2014-02-16T12:01:14.377268 #24173]  INFO -- : Command :: identify -format %m '/tmp/DSC_009520140216-24173-wqq1820140216-24173-1hdna6k20140216-24173-1c6ib6w[0]'
I, [2014-02-16T12:01:14.390912 #20684]  INFO -- : Command :: identify -format %m '/tmp/DSC_009620140216-20684-2qm0qh20140216-20684-14ebzx620140216-20684-syj54p[0]'
I, [2014-02-16T12:01:14.522917 #24173]  INFO -- : Command :: identify -format %m '/tmp/DSC_009520140216-24173-wqq1820140216-24173-1hdna6k20140216-24173-1c6ib6w[0]'
I, [2014-02-16T12:01:14.664688 #20684]  INFO -- : Command :: identify -format %m '/tmp/DSC_009620140216-20684-2qm0qh20140216-20684-14ebzx620140216-20684-syj54p[0]'
I, [2014-02-16T12:01:14.763404 #24173]  INFO -- : Command :: identify -format %m '/tmp/DSC_009520140216-24173-wqq1820140216-24173-1hdna6k20140216-24173-1c6ib6w[0]'
I, [2014-02-16T12:01:14.891375 #24173]  INFO -- : Command :: convert '/tmp/DSC_009520140216-24173-wqq1820140216-24173-1hdna6k20140216-24173-1c6ib6w[0]' -auto-orient -resize "100x100>" '/tmp/DSC_009520140216-24173-wqq1820140216-24173-1hdna6k20140216-24173-1c6ib6w20140216-24173-lxn5i1'
I, [2014-02-16T12:01:14.942095 #20684]  INFO -- : Command :: convert '/tmp/DSC_009620140216-20684-2qm0qh20140216-20684-14ebzx620140216-20684-syj54p[0]' -auto-orient -resize "100x100>" '/tmp/DSC_009620140216-20684-2qm0qh20140216-20684-14ebzx620140216-20684-syj54p20140216-20684-os1ijv'
I, [2014-02-16T12:01:15.148257 #24212]  INFO -- : Started POST "/uploads" for 173.20.13.62 at 2014-02-16 12:01:15 +0000
I, [2014-02-16T12:01:15.151418 #24212]  INFO -- : Processing by UploadsController#create as JS
I, [2014-02-16T12:01:15.151638 #24212]  INFO -- :   Parameters: {"utf8"=>"", "authenticity_token"=>"82XP1X4ziHURZVuaUCeMQsHtW1R7txI2KZe14DSpuIs=", "upload"=>{"product_id"=>"", "uploaded_file"=>#<ActionDispatch::Http::UploadedFile:0x00000004f92c08 @tempfile=#<Tempfile:/tmp/RackMultipart20140216-24212-1kxj5y4>, @original_filename="DSC_0097.JPG", @content_type="image/jpeg", @headers="Content-Disposition: form-data; name=\"upload[uploaded_file]\"; filename=\"DSC_0097.JPG\"\r\nContent-Type: image/jpeg\r\n">}}
I, [2014-02-16T12:01:15.162829 #24212]  INFO -- : Command :: identify -format '%wx%h,%[exif:orientation]' '/tmp/DSC_009720140216-24212-1y1w8wi.JPG[0]'
I, [2014-02-16T12:01:15.331297 #24224]  INFO -- : Started POST "/uploads" for 173.20.13.62 at 2014-02-16 12:01:15 +0000
I, [2014-02-16T12:01:15.334273 #24224]  INFO -- : Processing by UploadsController#create as JS
I, [2014-02-16T12:01:15.334448 #24224]  INFO -- :   Parameters: {"utf8"=>"", "authenticity_token"=>"82XP1X4ziHURZVuaUCeMQsHtW1R7txI2KZe14DSpuIs=", "upload"=>{"product_id"=>"", "uploaded_file"=>#<ActionDispatch::Http::UploadedFile:0x00000005042450 @tempfile=#<Tempfile:/tmp/RackMultipart20140216-24224-jztk7v>, @original_filename="DSC_0098.JPG", @content_type="image/jpeg", @headers="Content-Disposition: form-data; name=\"upload[uploaded_file]\"; filename=\"DSC_0098.JPG\"\r\nContent-Type: image/jpeg\r\n">}}
I, [2014-02-16T12:01:15.346460 #24224]  INFO -- : Command :: identify -format '%wx%h,%[exif:orientation]' '/tmp/DSC_009820140216-24224-yy7sk8.JPG[0]'
I, [2014-02-16T12:01:15.367019 #24173]  INFO -- : Command :: file -b --mime '/tmp/DSC_009520140216-24173-wqq1820140216-24173-1hdna6k20140216-24173-1c6ib6w20140216-24173-lxn5i1'
I, [2014-02-16T12:01:15.493960 #20684]  INFO -- : Command :: file -b --mime '/tmp/DSC_009620140216-20684-2qm0qh20140216-20684-14ebzx620140216-20684-syj54p20140216-20684-os1ijv'
I, [2014-02-16T12:01:15.562364 #24212]  INFO -- : Command :: identify -format %m '/tmp/DSC_009720140216-24212-1y1w8wi.JPG[0]'
I, [2014-02-16T12:01:15.624567 #24173]  INFO -- :   Rendered uploads/create.js.erb (0.2ms)
I, [2014-02-16T12:01:15.627020 #24173]  INFO -- : Completed 200 OK in 7614ms (Views: 5.2ms | ActiveRecord: 7.9ms)
I, [2014-02-16T12:01:15.634635 #24212]  INFO -- : Command :: identify -format %m '/tmp/DSC_009720140216-24212-1y1w8wi.JPG[0]'
I, [2014-02-16T12:01:15.740372 #24212]  INFO -- : Command :: identify -format %m '/tmp/DSC_009720140216-24212-1y1w8wi.JPG[0]'
I, [2014-02-16T12:01:15.767889 #24224]  INFO -- : Command :: identify -format %m '/tmp/DSC_009820140216-24224-yy7sk8.JPG[0]'
I, [2014-02-16T12:01:15.807335 #20684]  INFO -- :   Rendered uploads/create.js.erb (0.2ms)
I, [2014-02-16T12:01:15.808154 #20684]  INFO -- : Completed 200 OK in 9050ms (Views: 2.1ms | ActiveRecord: 74.1ms)
I, [2014-02-16T12:01:15.868893 #24224]  INFO -- : Command :: identify -format %m '/tmp/DSC_009820140216-24224-yy7sk8.JPG[0]'
I, [2014-02-16T12:01:15.886483 #24212]  INFO -- : Command :: convert '/tmp/DSC_009720140216-24212-1y1w8wi.JPG[0]' -auto-orient -resize "4000x4000>" '/tmp/DSC_009720140216-24212-1y1w8wi20140216-24212-bar19x'
I, [2014-02-16T12:01:15.946062 #20684]  INFO -- : Started POST "/uploads" for 173.20.13.62 at 2014-02-16 12:01:15 +0000
I, [2014-02-16T12:01:15.947608 #24224]  INFO -- : Command :: identify -format %m '/tmp/DSC_009820140216-24224-yy7sk8.JPG[0]'
I, [2014-02-16T12:01:15.949425 #20684]  INFO -- : Processing by UploadsController#create as JS
I, [2014-02-16T12:01:15.949632 #20684]  INFO -- :   Parameters: {"utf8"=>"", "authenticity_token"=>"82XP1X4ziHURZVuaUCeMQsHtW1R7txI2KZe14DSpuIs=", "upload"=>{"product_id"=>"", "uploaded_file"=>#<ActionDispatch::Http::UploadedFile:0x000000052fcf38 @tempfile=#<Tempfile:/tmp/RackMultipart20140216-20684-14m5kyj>, @original_filename="DSC_0099.JPG", @content_type="image/jpeg", @headers="Content-Disposition: form-data; name=\"upload[uploaded_file]\"; filename=\"DSC_0099.JPG\"\r\nContent-Type: image/jpeg\r\n">}}
I, [2014-02-16T12:01:15.961095 #20684]  INFO -- : Command :: identify -format '%wx%h,%[exif:orientation]' '/tmp/DSC_009920140216-20684-j3yf8z.JPG[0]'
I, [2014-02-16T12:01:16.043561 #24224]  INFO -- : Command :: convert '/tmp/DSC_009820140216-24224-yy7sk8.JPG[0]' -auto-orient -resize "4000x4000>" '/tmp/DSC_009820140216-24224-yy7sk820140216-24224-2yyauy'
I, [2014-02-16T12:01:16.074332 #20684]  INFO -- : Command :: identify -format %m '/tmp/DSC_009920140216-20684-j3yf8z.JPG[0]'
I, [2014-02-16T12:01:16.285580 #24212]  INFO -- : Command :: file -b --mime '/tmp/DSC_009720140216-24212-1y1w8wi20140216-24212-bar19x'
I, [2014-02-16T12:01:16.408727 #24212]  INFO -- : Command :: identify -format '%wx%h,%[exif:orientation]' '/tmp/DSC_009720140216-24212-1y1w8wi20140216-24212-bar19x20140216-24212-pbocws[0]'
I, [2014-02-16T12:01:16.657059 #20684]  INFO -- : Command :: identify -format %m '/tmp/DSC_009920140216-20684-j3yf8z.JPG[0]'
I, [2014-02-16T12:01:16.856203 #20684]  INFO -- : Command :: identify -format %m '/tmp/DSC_009920140216-20684-j3yf8z.JPG[0]'
I, [2014-02-16T12:01:16.898037 #24212]  INFO -- : Command :: identify -format %m '/tmp/DSC_009720140216-24212-1y1w8wi20140216-24212-bar19x20140216-24212-pbocws[0]'
I, [2014-02-16T12:01:16.922102 #24224]  INFO -- : Command :: file -b --mime '/tmp/DSC_009820140216-24224-yy7sk820140216-24224-2yyauy'
I, [2014-02-16T12:01:16.953398 #24212]  INFO -- : Command :: identify -format %m '/tmp/DSC_009720140216-24212-1y1w8wi20140216-24212-bar19x20140216-24212-pbocws[0]'
I, [2014-02-16T12:01:17.038885 #20684]  INFO -- : Command :: convert '/tmp/DSC_009920140216-20684-j3yf8z.JPG[0]' -auto-orient -resize "4000x4000>" '/tmp/DSC_009920140216-20684-j3yf8z20140216-20684-1nhtfs1'
I, [2014-02-16T12:01:17.040912 #24212]  INFO -- : Command :: identify -format %m '/tmp/DSC_009720140216-24212-1y1w8wi20140216-24212-bar19x20140216-24212-pbocws[0]'
I, [2014-02-16T12:01:17.156507 #24212]  INFO -- : Command :: convert '/tmp/DSC_009720140216-24212-1y1w8wi20140216-24212-bar19x20140216-24212-pbocws[0]' -auto-orient -resize "1500x1500>" '/tmp/DSC_009720140216-24212-1y1w8wi20140216-24212-bar19x20140216-24212-pbocws20140216-24212-7h0tn5'
I, [2014-02-16T12:01:17.277100 #24224]  INFO -- : Command :: identify -format '%wx%h,%[exif:orientation]' '/tmp/DSC_009820140216-24224-yy7sk820140216-24224-2yyauy20140216-24224-h4t9yf[0]'
I, [2014-02-16T12:01:17.417052 #24224]  INFO -- : Command :: identify -format %m '/tmp/DSC_009820140216-24224-yy7sk820140216-24224-2yyauy20140216-24224-h4t9yf[0]'
I, [2014-02-16T12:01:17.449865 #20684]  INFO -- : Command :: file -b --mime '/tmp/DSC_009920140216-20684-j3yf8z20140216-20684-1nhtfs1'
I, [2014-02-16T12:01:17.603967 #24224]  INFO -- : Command :: identify -format %m '/tmp/DSC_009820140216-24224-yy7sk820140216-24224-2yyauy20140216-24224-h4t9yf[0]'
I, [2014-02-16T12:01:17.640382 #20684]  INFO -- : Command :: identify -format '%wx%h,%[exif:orientation]' '/tmp/DSC_009920140216-20684-j3yf8z20140216-20684-1nhtfs120140216-20684-br7a4l[0]'
I, [2014-02-16T12:01:17.694724 #24212]  INFO -- : Command :: file -b --mime '/tmp/DSC_009720140216-24212-1y1w8wi20140216-24212-bar19x20140216-24212-pbocws20140216-24212-7h0tn5'
I, [2014-02-16T12:01:17.812293 #24224]  INFO -- : Command :: identify -format %m '/tmp/DSC_009820140216-24224-yy7sk820140216-24224-2yyauy20140216-24224-h4t9yf[0]'
I, [2014-02-16T12:01:17.865270 #24212]  INFO -- : Command :: identify -format '%wx%h,%[exif:orientation]' '/tmp/DSC_009720140216-24212-1y1w8wi20140216-24212-bar19x20140216-24212-pbocws[0]'
I, [2014-02-16T12:01:17.958957 #24224]  INFO -- : Command :: convert '/tmp/DSC_009820140216-24224-yy7sk820140216-24224-2yyauy20140216-24224-h4t9yf[0]' -auto-orient -resize "1500x1500>" '/tmp/DSC_009820140216-24224-yy7sk820140216-24224-2yyauy20140216-24224-h4t9yf20140216-24224-13wbvd4'
I, [2014-02-16T12:01:18.055460 #20684]  INFO -- : Command :: identify -format %m '/tmp/DSC_009920140216-20684-j3yf8z20140216-20684-1nhtfs120140216-20684-br7a4l[0]'
I, [2014-02-16T12:01:18.180196 #20684]  INFO -- : Command :: identify -format %m '/tmp/DSC_009920140216-20684-j3yf8z20140216-20684-1nhtfs120140216-20684-br7a4l[0]'
I, [2014-02-16T12:01:18.475200 #24173]  INFO -- : Started POST "/uploads" for 173.20.13.62 at 2014-02-16 12:01:18 +0000
I, [2014-02-16T12:01:18.478557 #24173]  INFO -- : Processing by UploadsController#create as JS
I, [2014-02-16T12:01:18.478787 #24173]  INFO -- :   Parameters: {"utf8"=>"", "authenticity_token"=>"82XP1X4ziHURZVuaUCeMQsHtW1R7txI2KZe14DSpuIs=", "upload"=>{"product_id"=>"", "uploaded_file"=>#<ActionDispatch::Http::UploadedFile:0x00000004e7de30 @tempfile=#<Tempfile:/tmp/RackMultipart20140216-24173-sx0vtl>, @original_filename="DSC_0101.JPG", @content_type="image/jpeg", @headers="Content-Disposition: form-data; name=\"upload[uploaded_file]\"; filename=\"DSC_0101.JPG\"\r\nContent-Type: image/jpeg\r\n">}}
I, [2014-02-16T12:01:18.489953 #24173]  INFO -- : Command :: identify -format '%wx%h,%[exif:orientation]' '/tmp/DSC_010120140216-24173-io25in.JPG[0]'
I, [2014-02-16T12:01:18.500111 #20684]  INFO -- : Command :: identify -format %m '/tmp/DSC_009920140216-20684-j3yf8z20140216-20684-1nhtfs120140216-20684-br7a4l[0]'
I, [2014-02-16T12:01:18.618584 #24212]  INFO -- : Command :: identify -format %m '/tmp/DSC_009720140216-24212-1y1w8wi20140216-24212-bar19x20140216-24212-pbocws[0]'
I, [2014-02-16T12:01:18.617954 #24224]  INFO -- : Command :: file -b --mime '/tmp/DSC_009820140216-24224-yy7sk820140216-24224-2yyauy20140216-24224-h4t9yf20140216-24224-13wbvd4'
I, [2014-02-16T12:01:18.739873 #20684]  INFO -- : Command :: convert '/tmp/DSC_009920140216-20684-j3yf8z20140216-20684-1nhtfs120140216-20684-br7a4l[0]' -auto-orient -resize "1500x1500>" '/tmp/DSC_009920140216-20684-j3yf8z20140216-20684-1nhtfs120140216-20684-br7a4l20140216-20684-mya4ai'
I, [2014-02-16T12:01:18.779713 #24212]  INFO -- : Command :: identify -format %m '/tmp/DSC_009720140216-24212-1y1w8wi20140216-24212-bar19x20140216-24212-pbocws[0]'
I, [2014-02-16T12:01:18.824011 #24173]  INFO -- : Command :: identify -format %m '/tmp/DSC_010120140216-24173-io25in.JPG[0]'
I, [2014-02-16T12:01:18.856171 #24224]  INFO -- : Command :: identify -format '%wx%h,%[exif:orientation]' '/tmp/DSC_009820140216-24224-yy7sk820140216-24224-2yyauy20140216-24224-h4t9yf[0]'
I, [2014-02-16T12:01:18.859159 #24212]  INFO -- : Command :: identify -format %m '/tmp/DSC_009720140216-24212-1y1w8wi20140216-24212-bar19x20140216-24212-pbocws[0]'
I, [2014-02-16T12:01:18.924638 #24212]  INFO -- : Command :: convert '/tmp/DSC_009720140216-24212-1y1w8wi20140216-24212-bar19x20140216-24212-pbocws[0]' -auto-orient -resize "300x300>" '/tmp/DSC_009720140216-24212-1y1w8wi20140216-24212-bar19x20140216-24212-pbocws20140216-24212-1ueqviu'
I, [2014-02-16T12:01:19.030392 #24173]  INFO -- : Command :: identify -format %m '/tmp/DSC_010120140216-24173-io25in.JPG[0]'
I, [2014-02-16T12:01:19.254965 #24173]  INFO -- : Command :: identify -format %m '/tmp/DSC_010120140216-24173-io25in.JPG[0]'
I, [2014-02-16T12:01:19.328378 #20684]  INFO -- : Command :: file -b --mime '/tmp/DSC_009920140216-20684-j3yf8z20140216-20684-1nhtfs120140216-20684-br7a4l20140216-20684-mya4ai'
I, [2014-02-16T12:01:19.331817 #24224]  INFO -- : Command :: identify -format %m '/tmp/DSC_009820140216-24224-yy7sk820140216-24224-2yyauy20140216-24224-h4t9yf[0]'
I, [2014-02-16T12:01:19.364087 #24173]  INFO -- : Command :: convert '/tmp/DSC_010120140216-24173-io25in.JPG[0]' -auto-orient -resize "4000x4000>" '/tmp/DSC_010120140216-24173-io25in20140216-24173-1bu36yg'
I, [2014-02-16T12:01:19.383862 #24212]  INFO -- : Command :: file -b --mime '/tmp/DSC_009720140216-24212-1y1w8wi20140216-24212-bar19x20140216-24212-pbocws20140216-24212-1ueqviu'
I, [2014-02-16T12:01:19.437963 #24224]  INFO -- : Command :: identify -format %m '/tmp/DSC_009820140216-24224-yy7sk820140216-24224-2yyauy20140216-24224-h4t9yf[0]'
I, [2014-02-16T12:01:19.676182 #24212]  INFO -- : Command :: identify -format '%wx%h,%[exif:orientation]' '/tmp/DSC_009720140216-24212-1y1w8wi20140216-24212-bar19x20140216-24212-pbocws[0]'
I, [2014-02-16T12:01:19.676168 #20684]  INFO -- : Command :: identify -format '%wx%h,%[exif:orientation]' '/tmp/DSC_009920140216-20684-j3yf8z20140216-20684-1nhtfs120140216-20684-br7a4l[0]'
I, [2014-02-16T12:01:19.734727 #24224]  INFO -- : Command :: identify -format %m '/tmp/DSC_009820140216-24224-yy7sk820140216-24224-2yyauy20140216-24224-h4t9yf[0]'
I, [2014-02-16T12:01:19.759648 #24190]  INFO -- : Started POST "/uploads" for 173.20.13.62 at 2014-02-16 12:01:19 +0000
I, [2014-02-16T12:01:19.762944 #24173]  INFO -- : Command :: file -b --mime '/tmp/DSC_010120140216-24173-io25in20140216-24173-1bu36yg'
I, [2014-02-16T12:01:19.766712 #24190]  INFO -- : Processing by UploadsController#create as JS
I, [2014-02-16T12:01:19.766958 #24190]  INFO -- :   Parameters: {"utf8"=>"", "authenticity_token"=>"82XP1X4ziHURZVuaUCeMQsHtW1R7txI2KZe14DSpuIs=", "upload"=>{"product_id"=>"", "uploaded_file"=>#<ActionDispatch::Http::UploadedFile:0x000000020c0a88 @tempfile=#<Tempfile:/tmp/RackMultipart20140216-24190-wfo09b>, @original_filename="DSC_0100.JPG", @content_type="image/jpeg", @headers="Content-Disposition: form-data; name=\"upload[uploaded_file]\"; filename=\"DSC_0100.JPG\"\r\nContent-Type: image/jpeg\r\n">}}
I, [2014-02-16T12:01:19.830825 #24190]  INFO -- : Command :: identify -format '%wx%h,%[exif:orientation]' '/tmp/DSC_010020140216-24190-11xj4ix.JPG[0]'
I, [2014-02-16T12:01:19.864567 #24224]  INFO -- : Command :: convert '/tmp/DSC_009820140216-24224-yy7sk820140216-24224-2yyauy20140216-24224-h4t9yf[0]' -auto-orient -resize "300x300>" '/tmp/DSC_009820140216-24224-yy7sk820140216-24224-2yyauy20140216-24224-h4t9yf20140216-24224-17zy18g'
I, [2014-02-16T12:01:20.001806 #24173]  INFO -- : Command :: identify -format '%wx%h,%[exif:orientation]' '/tmp/DSC_010120140216-24173-io25in20140216-24173-1bu36yg20140216-24173-1utd308[0]'
I, [2014-02-16T12:01:20.003145 #24212]  INFO -- : Command :: identify -format %m '/tmp/DSC_009720140216-24212-1y1w8wi20140216-24212-bar19x20140216-24212-pbocws[0]'
I, [2014-02-16T12:01:20.008738 #20684]  INFO -- : Command :: identify -format %m '/tmp/DSC_009920140216-20684-j3yf8z20140216-20684-1nhtfs120140216-20684-br7a4l[0]'
I, [2014-02-16T12:01:20.166397 #24212]  INFO -- : Command :: identify -format %m '/tmp/DSC_009720140216-24212-1y1w8wi20140216-24212-bar19x20140216-24212-pbocws[0]'
I, [2014-02-16T12:01:20.215453 #20684]  INFO -- : Command :: identify -format %m '/tmp/DSC_009920140216-20684-j3yf8z20140216-20684-1nhtfs120140216-20684-br7a4l[0]'
I, [2014-02-16T12:01:20.230501 #24212]  INFO -- : Command :: identify -format %m '/tmp/DSC_009720140216-24212-1y1w8wi20140216-24212-bar19x20140216-24212-pbocws[0]'
I, [2014-02-16T12:01:20.241654 #24173]  INFO -- : Command :: identify -format %m '/tmp/DSC_010120140216-24173-io25in20140216-24173-1bu36yg20140216-24173-1utd308[0]'
I, [2014-02-16T12:01:20.296955 #24190]  INFO -- : Command :: identify -format %m '/tmp/DSC_010020140216-24190-11xj4ix.JPG[0]'
I, [2014-02-16T12:01:20.305581 #24224]  INFO -- : Command :: file -b --mime '/tmp/DSC_009820140216-24224-yy7sk820140216-24224-2yyauy20140216-24224-h4t9yf20140216-24224-17zy18g'
I, [2014-02-16T12:01:20.427481 #24173]  INFO -- : Command :: identify -format %m '/tmp/DSC_010120140216-24173-io25in20140216-24173-1bu36yg20140216-24173-1utd308[0]'
I, [2014-02-16T12:01:20.498183 #24224]  INFO -- : Command :: identify -format '%wx%h,%[exif:orientation]' '/tmp/DSC_009820140216-24224-yy7sk820140216-24224-2yyauy20140216-24224-h4t9yf[0]'
I, [2014-02-16T12:01:20.520608 #20684]  INFO -- : Command :: identify -format %m '/tmp/DSC_009920140216-20684-j3yf8z20140216-20684-1nhtfs120140216-20684-br7a4l[0]'
I, [2014-02-16T12:01:20.522010 #24173]  INFO -- : Command :: identify -format %m '/tmp/DSC_010120140216-24173-io25in20140216-24173-1bu36yg20140216-24173-1utd308[0]'
I, [2014-02-16T12:01:20.545000 #24190]  INFO -- : Command :: identify -format %m '/tmp/DSC_010020140216-24190-11xj4ix.JPG[0]'
I, [2014-02-16T12:01:20.563825 #24212]  INFO -- : Command :: convert '/tmp/DSC_009720140216-24212-1y1w8wi20140216-24212-bar19x20140216-24212-pbocws[0]' -auto-orient -resize "200x200>" '/tmp/DSC_009720140216-24212-1y1w8wi20140216-24212-bar19x20140216-24212-pbocws20140216-24212-1994tsg'
I, [2014-02-16T12:01:20.651958 #24173]  INFO -- : Command :: convert '/tmp/DSC_010120140216-24173-io25in20140216-24173-1bu36yg20140216-24173-1utd308[0]' -auto-orient -resize "1500x1500>" '/tmp/DSC_010120140216-24173-io25in20140216-24173-1bu36yg20140216-24173-1utd30820140216-24173-16sz80i'
I, [2014-02-16T12:01:20.714575 #24190]  INFO -- : Command :: identify -format %m '/tmp/DSC_010020140216-24190-11xj4ix.JPG[0]'
I, [2014-02-16T12:01:20.728549 #20684]  INFO -- : Command :: convert '/tmp/DSC_009920140216-20684-j3yf8z20140216-20684-1nhtfs120140216-20684-br7a4l[0]' -auto-orient -resize "300x300>" '/tmp/DSC_009920140216-20684-j3yf8z20140216-20684-1nhtfs120140216-20684-br7a4l20140216-20684-7kbll9'
I, [2014-02-16T12:01:20.785021 #24224]  INFO -- : Command :: identify -format %m '/tmp/DSC_009820140216-24224-yy7sk820140216-24224-2yyauy20140216-24224-h4t9yf[0]'
I, [2014-02-16T12:01:20.889416 #24190]  INFO -- : Command :: convert '/tmp/DSC_010020140216-24190-11xj4ix.JPG[0]' -auto-orient -resize "4000x4000>" '/tmp/DSC_010020140216-24190-11xj4ix20140216-24190-d7a3ln'
I, [2014-02-16T12:01:20.950490 #24224]  INFO -- : Command :: identify -format %m '/tmp/DSC_009820140216-24224-yy7sk820140216-24224-2yyauy20140216-24224-h4t9yf[0]'
I, [2014-02-16T12:01:21.021664 #24212]  INFO -- : Command :: file -b --mime '/tmp/DSC_009720140216-24212-1y1w8wi20140216-24212-bar19x20140216-24212-pbocws20140216-24212-1994tsg'
I, [2014-02-16T12:01:21.142187 #24224]  INFO -- : Command :: identify -format %m '/tmp/DSC_009820140216-24224-yy7sk820140216-24224-2yyauy20140216-24224-h4t9yf[0]'
I, [2014-02-16T12:01:21.164906 #24173]  INFO -- : Command :: file -b --mime '/tmp/DSC_010120140216-24173-io25in20140216-24173-1bu36yg20140216-24173-1utd30820140216-24173-16sz80i'
I, [2014-02-16T12:01:21.314563 #24190]  INFO -- : Command :: file -b --mime '/tmp/DSC_010020140216-24190-11xj4ix20140216-24190-d7a3ln'
I, [2014-02-16T12:01:21.369269 #24224]  INFO -- : Command :: convert '/tmp/DSC_009820140216-24224-yy7sk820140216-24224-2yyauy20140216-24224-h4t9yf[0]' -auto-orient -resize "200x200>" '/tmp/DSC_009820140216-24224-yy7sk820140216-24224-2yyauy20140216-24224-h4t9yf20140216-24224-1ofzqy4'
I, [2014-02-16T12:01:21.382806 #20684]  INFO -- : Command :: file -b --mime '/tmp/DSC_009920140216-20684-j3yf8z20140216-20684-1nhtfs120140216-20684-br7a4l20140216-20684-7kbll9'
I, [2014-02-16T12:01:21.387931 #24173]  INFO -- : Command :: identify -format '%wx%h,%[exif:orientation]' '/tmp/DSC_010120140216-24173-io25in20140216-24173-1bu36yg20140216-24173-1utd308[0]'
I, [2014-02-16T12:01:21.407525 #24212]  INFO -- : Command :: identify -format '%wx%h,%[exif:orientation]' '/tmp/DSC_009720140216-24212-1y1w8wi20140216-24212-bar19x20140216-24212-pbocws[0]'
I, [2014-02-16T12:01:21.515374 #24190]  INFO -- : Command :: identify -format '%wx%h,%[exif:orientation]' '/tmp/DSC_010020140216-24190-11xj4ix20140216-24190-d7a3ln20140216-24190-1gicvth[0]'
I, [2014-02-16T12:01:21.728796 #24173]  INFO -- : Command :: identify -format %m '/tmp/DSC_010120140216-24173-io25in20140216-24173-1bu36yg20140216-24173-1utd308[0]'
I, [2014-02-16T12:01:21.788110 #20684]  INFO -- : Command :: identify -format '%wx%h,%[exif:orientation]' '/tmp/DSC_009920140216-20684-j3yf8z20140216-20684-1nhtfs120140216-20684-br7a4l[0]'
I, [2014-02-16T12:01:21.834798 #24212]  INFO -- : Command :: identify -format %m '/tmp/DSC_009720140216-24212-1y1w8wi20140216-24212-bar19x20140216-24212-pbocws[0]'
I, [2014-02-16T12:01:21.841174 #24190]  INFO -- : Command :: identify -format %m '/tmp/DSC_010020140216-24190-11xj4ix20140216-24190-d7a3ln20140216-24190-1gicvth[0]'
I, [2014-02-16T12:01:21.869145 #24173]  INFO -- : Command :: identify -format %m '/tmp/DSC_010120140216-24173-io25in20140216-24173-1bu36yg20140216-24173-1utd308[0]'
I, [2014-02-16T12:01:21.912717 #24224]  INFO -- : Command :: file -b --mime '/tmp/DSC_009820140216-24224-yy7sk820140216-24224-2yyauy20140216-24224-h4t9yf20140216-24224-1ofzqy4'
I, [2014-02-16T12:01:21.973017 #24190]  INFO -- : Command :: identify -format %m '/tmp/DSC_010020140216-24190-11xj4ix20140216-24190-d7a3ln20140216-24190-1gicvth[0]'
I, [2014-02-16T12:01:22.000897 #20684]  INFO -- : Command :: identify -format %m '/tmp/DSC_009920140216-20684-j3yf8z20140216-20684-1nhtfs120140216-20684-br7a4l[0]'
I, [2014-02-16T12:01:22.016249 #24212]  INFO -- : Command :: identify -format %m '/tmp/DSC_009720140216-24212-1y1w8wi20140216-24212-bar19x20140216-24212-pbocws[0]'
I, [2014-02-16T12:01:22.016587 #24224]  INFO -- : Command :: identify -format '%wx%h,%[exif:orientation]' '/tmp/DSC_009820140216-24224-yy7sk820140216-24224-2yyauy20140216-24224-h4t9yf[0]'
I, [2014-02-16T12:01:22.084863 #24173]  INFO -- : Command :: identify -format %m '/tmp/DSC_010120140216-24173-io25in20140216-24173-1bu36yg20140216-24173-1utd308[0]'
I, [2014-02-16T12:01:22.124566 #24190]  INFO -- : Command :: identify -format %m '/tmp/DSC_010020140216-24190-11xj4ix20140216-24190-d7a3ln20140216-24190-1gicvth[0]'
I, [2014-02-16T12:01:22.156744 #24212]  INFO -- : Command :: identify -format %m '/tmp/DSC_009720140216-24212-1y1w8wi20140216-24212-bar19x20140216-24212-pbocws[0]'
I, [2014-02-16T12:01:22.168961 #24224]  INFO -- : Command :: identify -format %m '/tmp/DSC_009820140216-24224-yy7sk820140216-24224-2yyauy20140216-24224-h4t9yf[0]'
I, [2014-02-16T12:01:22.206650 #24173]  INFO -- : Command :: convert '/tmp/DSC_010120140216-24173-io25in20140216-24173-1bu36yg20140216-24173-1utd308[0]' -auto-orient -resize "300x300>" '/tmp/DSC_010120140216-24173-io25in20140216-24173-1bu36yg20140216-24173-1utd30820140216-24173-1hoqfhf'
I, [2014-02-16T12:01:22.220277 #20684]  INFO -- : Command :: identify -format %m '/tmp/DSC_009920140216-20684-j3yf8z20140216-20684-1nhtfs120140216-20684-br7a4l[0]'
I, [2014-02-16T12:01:22.258412 #24212]  INFO -- : Command :: convert '/tmp/DSC_009720140216-24212-1y1w8wi20140216-24212-bar19x20140216-24212-pbocws[0]' -auto-orient -resize "100x100>" '/tmp/DSC_009720140216-24212-1y1w8wi20140216-24212-bar19x20140216-24212-pbocws20140216-24212-vvibh5'
I, [2014-02-16T12:01:22.311064 #24190]  INFO -- : Command :: convert '/tmp/DSC_010020140216-24190-11xj4ix20140216-24190-d7a3ln20140216-24190-1gicvth[0]' -auto-orient -resize "1500x1500>" '/tmp/DSC_010020140216-24190-11xj4ix20140216-24190-d7a3ln20140216-24190-1gicvth20140216-24190-1sjvl3c'
I, [2014-02-16T12:01:22.335139 #24224]  INFO -- : Command :: identify -format %m '/tmp/DSC_009820140216-24224-yy7sk820140216-24224-2yyauy20140216-24224-h4t9yf[0]'
I, [2014-02-16T12:01:22.639099 #20684]  INFO -- : Command :: identify -format %m '/tmp/DSC_009920140216-20684-j3yf8z20140216-20684-1nhtfs120140216-20684-br7a4l[0]'
I, [2014-02-16T12:01:22.652530 #24190]  INFO -- : Command :: file -b --mime '/tmp/DSC_010020140216-24190-11xj4ix20140216-24190-d7a3ln20140216-24190-1gicvth20140216-24190-1sjvl3c'
I, [2014-02-16T12:01:22.706279 #24212]  INFO -- : Command :: file -b --mime '/tmp/DSC_009720140216-24212-1y1w8wi20140216-24212-bar19x20140216-24212-pbocws20140216-24212-vvibh5'
I, [2014-02-16T12:01:22.728737 #24173]  INFO -- : Command :: file -b --mime '/tmp/DSC_010120140216-24173-io25in20140216-24173-1bu36yg20140216-24173-1utd30820140216-24173-1hoqfhf'
I, [2014-02-16T12:01:22.738003 #24224]  INFO -- : Command :: identify -format %m '/tmp/DSC_009820140216-24224-yy7sk820140216-24224-2yyauy20140216-24224-h4t9yf[0]'
I, [2014-02-16T12:01:22.792305 #24212]  INFO -- :   Rendered uploads/create.js.erb (0.2ms)
I, [2014-02-16T12:01:22.792966 #24212]  INFO -- : Completed 200 OK in 7641ms (Views: 2.1ms | ActiveRecord: 1.5ms)
I, [2014-02-16T12:01:22.853903 #20684]  INFO -- : Command :: convert '/tmp/DSC_009920140216-20684-j3yf8z20140216-20684-1nhtfs120140216-20684-br7a4l[0]' -auto-orient -resize "200x200>" '/tmp/DSC_009920140216-20684-j3yf8z20140216-20684-1nhtfs120140216-20684-br7a4l20140216-20684-ypdo7z'
I, [2014-02-16T12:01:22.875090 #24173]  INFO -- : Command :: identify -format '%wx%h,%[exif:orientation]' '/tmp/DSC_010120140216-24173-io25in20140216-24173-1bu36yg20140216-24173-1utd308[0]'
I, [2014-02-16T12:01:22.876487 #24190]  INFO -- : Command :: identify -format '%wx%h,%[exif:orientation]' '/tmp/DSC_010020140216-24190-11xj4ix20140216-24190-d7a3ln20140216-24190-1gicvth[0]'
I, [2014-02-16T12:01:22.881554 #24224]  INFO -- : Command :: convert '/tmp/DSC_009820140216-24224-yy7sk820140216-24224-2yyauy20140216-24224-h4t9yf[0]' -auto-orient -resize "100x100>" '/tmp/DSC_009820140216-24224-yy7sk820140216-24224-2yyauy20140216-24224-h4t9yf20140216-24224-1akl4io'
I, [2014-02-16T12:01:23.125780 #24173]  INFO -- : Command :: identify -format %m '/tmp/DSC_010120140216-24173-io25in20140216-24173-1bu36yg20140216-24173-1utd308[0]'
I, [2014-02-16T12:01:23.127403 #24190]  INFO -- : Command :: identify -format %m '/tmp/DSC_010020140216-24190-11xj4ix20140216-24190-d7a3ln20140216-24190-1gicvth[0]'
I, [2014-02-16T12:01:23.427483 #24190]  INFO -- : Command :: identify -format %m '/tmp/DSC_010020140216-24190-11xj4ix20140216-24190-d7a3ln20140216-24190-1gicvth[0]'
I, [2014-02-16T12:01:23.437343 #20684]  INFO -- : Command :: file -b --mime '/tmp/DSC_009920140216-20684-j3yf8z20140216-20684-1nhtfs120140216-20684-br7a4l20140216-20684-ypdo7z'
I, [2014-02-16T12:01:23.446910 #24173]  INFO -- : Command :: identify -format %m '/tmp/DSC_010120140216-24173-io25in20140216-24173-1bu36yg20140216-24173-1utd308[0]'
I, [2014-02-16T12:01:23.518540 #24224]  INFO -- : Command :: file -b --mime '/tmp/DSC_009820140216-24224-yy7sk820140216-24224-2yyauy20140216-24224-h4t9yf20140216-24224-1akl4io'
I, [2014-02-16T12:01:23.686083 #20684]  INFO -- : Command :: identify -format '%wx%h,%[exif:orientation]' '/tmp/DSC_009920140216-20684-j3yf8z20140216-20684-1nhtfs120140216-20684-br7a4l[0]'
I, [2014-02-16T12:01:23.694541 #24190]  INFO -- : Command :: identify -format %m '/tmp/DSC_010020140216-24190-11xj4ix20140216-24190-d7a3ln20140216-24190-1gicvth[0]'
I, [2014-02-16T12:01:23.696995 #24224]  INFO -- :   Rendered uploads/create.js.erb (0.2ms)
I, [2014-02-16T12:01:23.697638 #24224]  INFO -- : Completed 200 OK in 8363ms (Views: 1.9ms | ActiveRecord: 5.9ms)
I, [2014-02-16T12:01:23.768417 #24173]  INFO -- : Command :: identify -format %m '/tmp/DSC_010120140216-24173-io25in20140216-24173-1bu36yg20140216-24173-1utd308[0]'
I, [2014-02-16T12:01:23.874313 #24190]  INFO -- : Command :: convert '/tmp/DSC_010020140216-24190-11xj4ix20140216-24190-d7a3ln20140216-24190-1gicvth[0]' -auto-orient -resize "300x300>" '/tmp/DSC_010020140216-24190-11xj4ix20140216-24190-d7a3ln20140216-24190-1gicvth20140216-24190-eq6i2z'
