I, [2014-02-16T11:59:04.598654 #20684]  INFO -- : Completed 200 OK in 6397ms (Views: 10.0ms | ActiveRecord: 11.2ms)
I, [2014-02-16T11:59:04.685005 #24212]  INFO -- : Command :: identify -format '%wx%h,%[exif:orientation]' '/tmp/03-1903520140216-24212-xck1he.JPG[0]'
I, [2014-02-16T11:59:04.704974 #24173]  INFO -- : Command :: convert '/tmp/03-1294920140216-24173-p1mzq1.JPG[0]' -auto-orient -resize "4000x4000>" '/tmp/03-1294920140216-24173-p1mzq120140216-24173-vr5fyb'
I, [2014-02-16T11:59:04.727075 #24202]  INFO -- : Command :: identify -format %m '/tmp/03-1705220140216-24202-1sf81ty.JPG[0]'
I, [2014-02-16T11:59:04.728933 #24190]  INFO -- : Command :: identify -format %m '/tmp/03-1872520140216-24190-1ibnb0p.JPG[0]'
I, [2014-02-16T11:59:04.783369 #24190]  INFO -- : Command :: convert '/tmp/03-1872520140216-24190-1ibnb0p.JPG[0]' -auto-orient -resize "4000x4000>" '/tmp/03-1872520140216-24190-1ibnb0p20140216-24190-1b0b71k'
I, [2014-02-16T11:59:04.833175 #24202]  INFO -- : Command :: identify -format %m '/tmp/03-1705220140216-24202-1sf81ty.JPG[0]'
I, [2014-02-16T11:59:04.874054 #24224]  INFO -- : Command :: identify -format %m '/tmp/03-2303020140216-24224-bpfhz6.JPG[0]'
I, [2014-02-16T11:59:04.910011 #24212]  INFO -- : Command :: identify -format %m '/tmp/03-1903520140216-24212-xck1he.JPG[0]'
I, [2014-02-16T11:59:04.973110 #24202]  INFO -- : Command :: identify -format %m '/tmp/03-1705220140216-24202-1sf81ty.JPG[0]'
I, [2014-02-16T11:59:05.068565 #24202]  INFO -- : Command :: convert '/tmp/03-1705220140216-24202-1sf81ty.JPG[0]' -auto-orient -resize "4000x4000>" '/tmp/03-1705220140216-24202-1sf81ty20140216-24202-ha3cxi'
I, [2014-02-16T11:59:05.103606 #24224]  INFO -- : Command :: identify -format %m '/tmp/03-2303020140216-24224-bpfhz6.JPG[0]'
I, [2014-02-16T11:59:05.108973 #24173]  INFO -- : Command :: file -b --mime '/tmp/03-1294920140216-24173-p1mzq120140216-24173-vr5fyb'
I, [2014-02-16T11:59:05.118394 #24212]  INFO -- : Command :: identify -format %m '/tmp/03-1903520140216-24212-xck1he.JPG[0]'
I, [2014-02-16T11:59:05.213762 #24190]  INFO -- : Command :: file -b --mime '/tmp/03-1872520140216-24190-1ibnb0p20140216-24190-1b0b71k'
I, [2014-02-16T11:59:05.240875 #24224]  INFO -- : Command :: identify -format %m '/tmp/03-2303020140216-24224-bpfhz6.JPG[0]'
I, [2014-02-16T11:59:05.301118 #24173]  INFO -- : Command :: identify -format '%wx%h,%[exif:orientation]' '/tmp/03-1294920140216-24173-p1mzq120140216-24173-vr5fyb20140216-24173-mo7bwu[0]'
I, [2014-02-16T11:59:05.340411 #24212]  INFO -- : Command :: identify -format %m '/tmp/03-1903520140216-24212-xck1he.JPG[0]'
I, [2014-02-16T11:59:05.380069 #24190]  INFO -- : Command :: identify -format '%wx%h,%[exif:orientation]' '/tmp/03-1872520140216-24190-1ibnb0p20140216-24190-1b0b71k20140216-24190-10zjznc[0]'
I, [2014-02-16T11:59:05.406350 #24202]  INFO -- : Command :: file -b --mime '/tmp/03-1705220140216-24202-1sf81ty20140216-24202-ha3cxi'
I, [2014-02-16T11:59:05.418103 #24224]  INFO -- : Command :: convert '/tmp/03-2303020140216-24224-bpfhz6.JPG[0]' -auto-orient -resize "4000x4000>" '/tmp/03-2303020140216-24224-bpfhz620140216-24224-1s5cd95'
I, [2014-02-16T11:59:05.428308 #24173]  INFO -- : Command :: identify -format %m '/tmp/03-1294920140216-24173-p1mzq120140216-24173-vr5fyb20140216-24173-mo7bwu[0]'
I, [2014-02-16T11:59:05.447875 #24212]  INFO -- : Command :: convert '/tmp/03-1903520140216-24212-xck1he.JPG[0]' -auto-orient -resize "4000x4000>" '/tmp/03-1903520140216-24212-xck1he20140216-24212-ihew3l'
I, [2014-02-16T11:59:05.576370 #24202]  INFO -- : Command :: identify -format '%wx%h,%[exif:orientation]' '/tmp/03-1705220140216-24202-1sf81ty20140216-24202-ha3cxi20140216-24202-e87t0b[0]'
I, [2014-02-16T11:59:05.635118 #24173]  INFO -- : Command :: identify -format %m '/tmp/03-1294920140216-24173-p1mzq120140216-24173-vr5fyb20140216-24173-mo7bwu[0]'
I, [2014-02-16T11:59:05.695843 #24190]  INFO -- : Command :: identify -format %m '/tmp/03-1872520140216-24190-1ibnb0p20140216-24190-1b0b71k20140216-24190-10zjznc[0]'
I, [2014-02-16T11:59:05.734350 #24173]  INFO -- : Command :: identify -format %m '/tmp/03-1294920140216-24173-p1mzq120140216-24173-vr5fyb20140216-24173-mo7bwu[0]'
I, [2014-02-16T11:59:05.771780 #24190]  INFO -- : Command :: identify -format %m '/tmp/03-1872520140216-24190-1ibnb0p20140216-24190-1b0b71k20140216-24190-10zjznc[0]'
I, [2014-02-16T11:59:05.793849 #24224]  INFO -- : Command :: file -b --mime '/tmp/03-2303020140216-24224-bpfhz620140216-24224-1s5cd95'
I, [2014-02-16T11:59:05.792599 #24212]  INFO -- : Command :: file -b --mime '/tmp/03-1903520140216-24212-xck1he20140216-24212-ihew3l'
I, [2014-02-16T11:59:05.820990 #24173]  INFO -- : Command :: convert '/tmp/03-1294920140216-24173-p1mzq120140216-24173-vr5fyb20140216-24173-mo7bwu[0]' -auto-orient -resize "1500x1500>" '/tmp/03-1294920140216-24173-p1mzq120140216-24173-vr5fyb20140216-24173-mo7bwu20140216-24173-6tf2lc'
I, [2014-02-16T11:59:05.835864 #24202]  INFO -- : Command :: identify -format %m '/tmp/03-1705220140216-24202-1sf81ty20140216-24202-ha3cxi20140216-24202-e87t0b[0]'
I, [2014-02-16T11:59:05.902115 #24202]  INFO -- : Command :: identify -format %m '/tmp/03-1705220140216-24202-1sf81ty20140216-24202-ha3cxi20140216-24202-e87t0b[0]'
I, [2014-02-16T11:59:05.940835 #24224]  INFO -- : Command :: identify -format '%wx%h,%[exif:orientation]' '/tmp/03-2303020140216-24224-bpfhz620140216-24224-1s5cd9520140216-24224-16xj9ho[0]'
I, [2014-02-16T11:59:05.961208 #24212]  INFO -- : Command :: identify -format '%wx%h,%[exif:orientation]' '/tmp/03-1903520140216-24212-xck1he20140216-24212-ihew3l20140216-24212-1glbwl8[0]'
I, [2014-02-16T11:59:05.980014 #24190]  INFO -- : Command :: identify -format %m '/tmp/03-1872520140216-24190-1ibnb0p20140216-24190-1b0b71k20140216-24190-10zjznc[0]'
I, [2014-02-16T11:59:06.038120 #24224]  INFO -- : Command :: identify -format %m '/tmp/03-2303020140216-24224-bpfhz620140216-24224-1s5cd9520140216-24224-16xj9ho[0]'
I, [2014-02-16T11:59:06.066637 #24173]  INFO -- : Command :: file -b --mime '/tmp/03-1294920140216-24173-p1mzq120140216-24173-vr5fyb20140216-24173-mo7bwu20140216-24173-6tf2lc'
I, [2014-02-16T11:59:06.133728 #24224]  INFO -- : Command :: identify -format %m '/tmp/03-2303020140216-24224-bpfhz620140216-24224-1s5cd9520140216-24224-16xj9ho[0]'
I, [2014-02-16T11:59:06.145446 #24202]  INFO -- : Command :: identify -format %m '/tmp/03-1705220140216-24202-1sf81ty20140216-24202-ha3cxi20140216-24202-e87t0b[0]'
I, [2014-02-16T11:59:06.164006 #24190]  INFO -- : Command :: convert '/tmp/03-1872520140216-24190-1ibnb0p20140216-24190-1b0b71k20140216-24190-10zjznc[0]' -auto-orient -resize "1500x1500>" '/tmp/03-1872520140216-24190-1ibnb0p20140216-24190-1b0b71k20140216-24190-10zjznc20140216-24190-sx0vno'
I, [2014-02-16T11:59:06.177529 #24212]  INFO -- : Command :: identify -format %m '/tmp/03-1903520140216-24212-xck1he20140216-24212-ihew3l20140216-24212-1glbwl8[0]'
I, [2014-02-16T11:59:06.218011 #24173]  INFO -- : Command :: identify -format '%wx%h,%[exif:orientation]' '/tmp/03-1294920140216-24173-p1mzq120140216-24173-vr5fyb20140216-24173-mo7bwu[0]'
I, [2014-02-16T11:59:06.300103 #24212]  INFO -- : Command :: identify -format %m '/tmp/03-1903520140216-24212-xck1he20140216-24212-ihew3l20140216-24212-1glbwl8[0]'
I, [2014-02-16T11:59:06.301524 #24202]  INFO -- : Command :: convert '/tmp/03-1705220140216-24202-1sf81ty20140216-24202-ha3cxi20140216-24202-e87t0b[0]' -auto-orient -resize "1500x1500>" '/tmp/03-1705220140216-24202-1sf81ty20140216-24202-ha3cxi20140216-24202-e87t0b20140216-24202-1tfh1es'
I, [2014-02-16T11:59:06.424323 #24173]  INFO -- : Command :: identify -format %m '/tmp/03-1294920140216-24173-p1mzq120140216-24173-vr5fyb20140216-24173-mo7bwu[0]'
I, [2014-02-16T11:59:06.510747 #24224]  INFO -- : Command :: identify -format %m '/tmp/03-2303020140216-24224-bpfhz620140216-24224-1s5cd9520140216-24224-16xj9ho[0]'
I, [2014-02-16T11:59:06.562492 #24212]  INFO -- : Command :: identify -format %m '/tmp/03-1903520140216-24212-xck1he20140216-24212-ihew3l20140216-24212-1glbwl8[0]'
I, [2014-02-16T11:59:06.580193 #24173]  INFO -- : Command :: identify -format %m '/tmp/03-1294920140216-24173-p1mzq120140216-24173-vr5fyb20140216-24173-mo7bwu[0]'
I, [2014-02-16T11:59:06.584397 #24224]  INFO -- : Command :: convert '/tmp/03-2303020140216-24224-bpfhz620140216-24224-1s5cd9520140216-24224-16xj9ho[0]' -auto-orient -resize "1500x1500>" '/tmp/03-2303020140216-24224-bpfhz620140216-24224-1s5cd9520140216-24224-16xj9ho20140216-24224-ezb42n'
I, [2014-02-16T11:59:06.617814 #24212]  INFO -- : Command :: convert '/tmp/03-1903520140216-24212-xck1he20140216-24212-ihew3l20140216-24212-1glbwl8[0]' -auto-orient -resize "1500x1500>" '/tmp/03-1903520140216-24212-xck1he20140216-24212-ihew3l20140216-24212-1glbwl820140216-24212-1016lc4'
I, [2014-02-16T11:59:06.630063 #24190]  INFO -- : Command :: file -b --mime '/tmp/03-1872520140216-24190-1ibnb0p20140216-24190-1b0b71k20140216-24190-10zjznc20140216-24190-sx0vno'
I, [2014-02-16T11:59:06.637432 #24173]  INFO -- : Command :: identify -format %m '/tmp/03-1294920140216-24173-p1mzq120140216-24173-vr5fyb20140216-24173-mo7bwu[0]'
I, [2014-02-16T11:59:06.648011 #24202]  INFO -- : Command :: file -b --mime '/tmp/03-1705220140216-24202-1sf81ty20140216-24202-ha3cxi20140216-24202-e87t0b20140216-24202-1tfh1es'
I, [2014-02-16T11:59:06.731033 #24173]  INFO -- : Command :: convert '/tmp/03-1294920140216-24173-p1mzq120140216-24173-vr5fyb20140216-24173-mo7bwu[0]' -auto-orient -resize "300x300>" '/tmp/03-1294920140216-24173-p1mzq120140216-24173-vr5fyb20140216-24173-mo7bwu20140216-24173-xk29md'
I, [2014-02-16T11:59:06.767991 #24202]  INFO -- : Command :: identify -format '%wx%h,%[exif:orientation]' '/tmp/03-1705220140216-24202-1sf81ty20140216-24202-ha3cxi20140216-24202-e87t0b[0]'
I, [2014-02-16T11:59:06.787208 #24190]  INFO -- : Command :: identify -format '%wx%h,%[exif:orientation]' '/tmp/03-1872520140216-24190-1ibnb0p20140216-24190-1b0b71k20140216-24190-10zjznc[0]'
I, [2014-02-16T11:59:06.831699 #24224]  INFO -- : Command :: file -b --mime '/tmp/03-2303020140216-24224-bpfhz620140216-24224-1s5cd9520140216-24224-16xj9ho20140216-24224-ezb42n'
I, [2014-02-16T11:59:06.900815 #20684]  INFO -- : Started POST "/uploads" for 173.20.13.62 at 2014-02-16 11:59:06 +0000
I, [2014-02-16T11:59:06.907276 #20684]  INFO -- : Processing by UploadsController#create as JS
I, [2014-02-16T11:59:06.912356 #20684]  INFO -- :   Parameters: {"utf8"=>"", "authenticity_token"=>"82XP1X4ziHURZVuaUCeMQsHtW1R7txI2KZe14DSpuIs=", "upload"=>{"product_id"=>"", "uploaded_file"=>#<ActionDispatch::Http::UploadedFile:0x00000004fd8c08 @tempfile=#<Tempfile:/tmp/RackMultipart20140216-20684-16qht05>, @original_filename="03-24224.JPG", @content_type="image/jpeg", @headers="Content-Disposition: form-data; name=\"upload[uploaded_file]\"; filename=\"03-24224.JPG\"\r\nContent-Type: image/jpeg\r\n">}}
I, [2014-02-16T11:59:06.973376 #20684]  INFO -- : Command :: identify -format '%wx%h,%[exif:orientation]' '/tmp/03-2422420140216-20684-94t2tq.JPG[0]'
I, [2014-02-16T11:59:06.981289 #24212]  INFO -- : Command :: file -b --mime '/tmp/03-1903520140216-24212-xck1he20140216-24212-ihew3l20140216-24212-1glbwl820140216-24212-1016lc4'
I, [2014-02-16T11:59:07.050995 #24173]  INFO -- : Command :: file -b --mime '/tmp/03-1294920140216-24173-p1mzq120140216-24173-vr5fyb20140216-24173-mo7bwu20140216-24173-xk29md'
I, [2014-02-16T11:59:07.243910 #24173]  INFO -- : Command :: identify -format '%wx%h,%[exif:orientation]' '/tmp/03-1294920140216-24173-p1mzq120140216-24173-vr5fyb20140216-24173-mo7bwu[0]'
I, [2014-02-16T11:59:07.244015 #24212]  INFO -- : Command :: identify -format '%wx%h,%[exif:orientation]' '/tmp/03-1903520140216-24212-xck1he20140216-24212-ihew3l20140216-24212-1glbwl8[0]'
I, [2014-02-16T11:59:07.244211 #24224]  INFO -- : Command :: identify -format '%wx%h,%[exif:orientation]' '/tmp/03-2303020140216-24224-bpfhz620140216-24224-1s5cd9520140216-24224-16xj9ho[0]'
I, [2014-02-16T11:59:07.572494 #24224]  INFO -- : Command :: identify -format %m '/tmp/03-2303020140216-24224-bpfhz620140216-24224-1s5cd9520140216-24224-16xj9ho[0]'
I, [2014-02-16T11:59:07.579172 #24190]  INFO -- : Command :: identify -format %m '/tmp/03-1872520140216-24190-1ibnb0p20140216-24190-1b0b71k20140216-24190-10zjznc[0]'
I, [2014-02-16T11:59:07.579324 #24212]  INFO -- : Command :: identify -format %m '/tmp/03-1903520140216-24212-xck1he20140216-24212-ihew3l20140216-24212-1glbwl8[0]'
I, [2014-02-16T11:59:07.581462 #20684]  INFO -- : Command :: identify -format %m '/tmp/03-2422420140216-20684-94t2tq.JPG[0]'
I, [2014-02-16T11:59:07.581614 #24173]  INFO -- : Command :: identify -format %m '/tmp/03-1294920140216-24173-p1mzq120140216-24173-vr5fyb20140216-24173-mo7bwu[0]'
I, [2014-02-16T11:59:07.583257 #24202]  INFO -- : Command :: identify -format %m '/tmp/03-1705220140216-24202-1sf81ty20140216-24202-ha3cxi20140216-24202-e87t0b[0]'
I, [2014-02-16T11:59:07.702834 #24224]  INFO -- : Command :: identify -format %m '/tmp/03-2303020140216-24224-bpfhz620140216-24224-1s5cd9520140216-24224-16xj9ho[0]'
I, [2014-02-16T11:59:07.703601 #24190]  INFO -- : Command :: identify -format %m '/tmp/03-1872520140216-24190-1ibnb0p20140216-24190-1b0b71k20140216-24190-10zjznc[0]'
I, [2014-02-16T11:59:07.709908 #24212]  INFO -- : Command :: identify -format %m '/tmp/03-1903520140216-24212-xck1he20140216-24212-ihew3l20140216-24212-1glbwl8[0]'
I, [2014-02-16T11:59:07.714456 #24202]  INFO -- : Command :: identify -format %m '/tmp/03-1705220140216-24202-1sf81ty20140216-24202-ha3cxi20140216-24202-e87t0b[0]'
I, [2014-02-16T11:59:07.755031 #24173]  INFO -- : Command :: identify -format %m '/tmp/03-1294920140216-24173-p1mzq120140216-24173-vr5fyb20140216-24173-mo7bwu[0]'
I, [2014-02-16T11:59:07.790255 #24202]  INFO -- : Command :: identify -format %m '/tmp/03-1705220140216-24202-1sf81ty20140216-24202-ha3cxi20140216-24202-e87t0b[0]'
I, [2014-02-16T11:59:07.853554 #24190]  INFO -- : Command :: identify -format %m '/tmp/03-1872520140216-24190-1ibnb0p20140216-24190-1b0b71k20140216-24190-10zjznc[0]'
I, [2014-02-16T11:59:07.862805 #20684]  INFO -- : Command :: identify -format %m '/tmp/03-2422420140216-20684-94t2tq.JPG[0]'
I, [2014-02-16T11:59:07.870831 #24212]  INFO -- : Command :: identify -format %m '/tmp/03-1903520140216-24212-xck1he20140216-24212-ihew3l20140216-24212-1glbwl8[0]'
I, [2014-02-16T11:59:07.891025 #24173]  INFO -- : Command :: identify -format %m '/tmp/03-1294920140216-24173-p1mzq120140216-24173-vr5fyb20140216-24173-mo7bwu[0]'
I, [2014-02-16T11:59:07.900364 #24224]  INFO -- : Command :: identify -format %m '/tmp/03-2303020140216-24224-bpfhz620140216-24224-1s5cd9520140216-24224-16xj9ho[0]'
I, [2014-02-16T11:59:07.928595 #24202]  INFO -- : Command :: convert '/tmp/03-1705220140216-24202-1sf81ty20140216-24202-ha3cxi20140216-24202-e87t0b[0]' -auto-orient -resize "300x300>" '/tmp/03-1705220140216-24202-1sf81ty20140216-24202-ha3cxi20140216-24202-e87t0b20140216-24202-9e04sx'
I, [2014-02-16T11:59:08.025893 #24190]  INFO -- : Command :: convert '/tmp/03-1872520140216-24190-1ibnb0p20140216-24190-1b0b71k20140216-24190-10zjznc[0]' -auto-orient -resize "300x300>" '/tmp/03-1872520140216-24190-1ibnb0p20140216-24190-1b0b71k20140216-24190-10zjznc20140216-24190-1kq0v7y'
I, [2014-02-16T11:59:08.037300 #24224]  INFO -- : Command :: convert '/tmp/03-2303020140216-24224-bpfhz620140216-24224-1s5cd9520140216-24224-16xj9ho[0]' -auto-orient -resize "300x300>" '/tmp/03-2303020140216-24224-bpfhz620140216-24224-1s5cd9520140216-24224-16xj9ho20140216-24224-1p57eg8'
I, [2014-02-16T11:59:08.038188 #24212]  INFO -- : Command :: convert '/tmp/03-1903520140216-24212-xck1he20140216-24212-ihew3l20140216-24212-1glbwl8[0]' -auto-orient -resize "300x300>" '/tmp/03-1903520140216-24212-xck1he20140216-24212-ihew3l20140216-24212-1glbwl820140216-24212-o9ed9f'
I, [2014-02-16T11:59:08.068804 #24173]  INFO -- : Command :: convert '/tmp/03-1294920140216-24173-p1mzq120140216-24173-vr5fyb20140216-24173-mo7bwu[0]' -auto-orient -resize "200x200>" '/tmp/03-1294920140216-24173-p1mzq120140216-24173-vr5fyb20140216-24173-mo7bwu20140216-24173-q6uzhz'
I, [2014-02-16T11:59:08.090121 #20684]  INFO -- : Command :: identify -format %m '/tmp/03-2422420140216-20684-94t2tq.JPG[0]'
I, [2014-02-16T11:59:08.420517 #24202]  INFO -- : Command :: file -b --mime '/tmp/03-1705220140216-24202-1sf81ty20140216-24202-ha3cxi20140216-24202-e87t0b20140216-24202-9e04sx'
I, [2014-02-16T11:59:08.452789 #20684]  INFO -- : Command :: convert '/tmp/03-2422420140216-20684-94t2tq.JPG[0]' -auto-orient -resize "4000x4000>" '/tmp/03-2422420140216-20684-94t2tq20140216-20684-12mgerx'
I, [2014-02-16T11:59:08.629731 #24212]  INFO -- : Command :: file -b --mime '/tmp/03-1903520140216-24212-xck1he20140216-24212-ihew3l20140216-24212-1glbwl820140216-24212-o9ed9f'
I, [2014-02-16T11:59:08.678008 #24190]  INFO -- : Command :: file -b --mime '/tmp/03-1872520140216-24190-1ibnb0p20140216-24190-1b0b71k20140216-24190-10zjznc20140216-24190-1kq0v7y'
I, [2014-02-16T11:59:08.731780 #24202]  INFO -- : Command :: identify -format '%wx%h,%[exif:orientation]' '/tmp/03-1705220140216-24202-1sf81ty20140216-24202-ha3cxi20140216-24202-e87t0b[0]'
I, [2014-02-16T11:59:08.790135 #24173]  INFO -- : Command :: file -b --mime '/tmp/03-1294920140216-24173-p1mzq120140216-24173-vr5fyb20140216-24173-mo7bwu20140216-24173-q6uzhz'
I, [2014-02-16T11:59:08.872347 #24202]  INFO -- : Command :: identify -format %m '/tmp/03-1705220140216-24202-1sf81ty20140216-24202-ha3cxi20140216-24202-e87t0b[0]'
I, [2014-02-16T11:59:08.878716 #24212]  INFO -- : Command :: identify -format '%wx%h,%[exif:orientation]' '/tmp/03-1903520140216-24212-xck1he20140216-24212-ihew3l20140216-24212-1glbwl8[0]'
I, [2014-02-16T11:59:08.897111 #24224]  INFO -- : Command :: file -b --mime '/tmp/03-2303020140216-24224-bpfhz620140216-24224-1s5cd9520140216-24224-16xj9ho20140216-24224-1p57eg8'
I, [2014-02-16T11:59:08.914232 #24190]  INFO -- : Command :: identify -format '%wx%h,%[exif:orientation]' '/tmp/03-1872520140216-24190-1ibnb0p20140216-24190-1b0b71k20140216-24190-10zjznc[0]'
I, [2014-02-16T11:59:08.965956 #24173]  INFO -- : Command :: identify -format '%wx%h,%[exif:orientation]' '/tmp/03-1294920140216-24173-p1mzq120140216-24173-vr5fyb20140216-24173-mo7bwu[0]'
I, [2014-02-16T11:59:08.997544 #24202]  INFO -- : Command :: identify -format %m '/tmp/03-1705220140216-24202-1sf81ty20140216-24202-ha3cxi20140216-24202-e87t0b[0]'
I, [2014-02-16T11:59:09.087920 #20684]  INFO -- : Command :: file -b --mime '/tmp/03-2422420140216-20684-94t2tq20140216-20684-12mgerx'
I, [2014-02-16T11:59:09.089146 #24224]  INFO -- : Command :: identify -format '%wx%h,%[exif:orientation]' '/tmp/03-2303020140216-24224-bpfhz620140216-24224-1s5cd9520140216-24224-16xj9ho[0]'
I, [2014-02-16T11:59:09.211144 #24202]  INFO -- : Command :: identify -format %m '/tmp/03-1705220140216-24202-1sf81ty20140216-24202-ha3cxi20140216-24202-e87t0b[0]'
I, [2014-02-16T11:59:09.227229 #20684]  INFO -- : Command :: identify -format '%wx%h,%[exif:orientation]' '/tmp/03-2422420140216-20684-94t2tq20140216-20684-12mgerx20140216-20684-1l2z99r[0]'
I, [2014-02-16T11:59:09.231915 #24190]  INFO -- : Command :: identify -format %m '/tmp/03-1872520140216-24190-1ibnb0p20140216-24190-1b0b71k20140216-24190-10zjznc[0]'
I, [2014-02-16T11:59:09.243050 #24212]  INFO -- : Command :: identify -format %m '/tmp/03-1903520140216-24212-xck1he20140216-24212-ihew3l20140216-24212-1glbwl8[0]'
I, [2014-02-16T11:59:09.304625 #24224]  INFO -- : Command :: identify -format %m '/tmp/03-2303020140216-24224-bpfhz620140216-24224-1s5cd9520140216-24224-16xj9ho[0]'
I, [2014-02-16T11:59:09.314478 #24173]  INFO -- : Command :: identify -format %m '/tmp/03-1294920140216-24173-p1mzq120140216-24173-vr5fyb20140216-24173-mo7bwu[0]'
I, [2014-02-16T11:59:09.355009 #24190]  INFO -- : Command :: identify -format %m '/tmp/03-1872520140216-24190-1ibnb0p20140216-24190-1b0b71k20140216-24190-10zjznc[0]'
I, [2014-02-16T11:59:09.401999 #24212]  INFO -- : Command :: identify -format %m '/tmp/03-1903520140216-24212-xck1he20140216-24212-ihew3l20140216-24212-1glbwl8[0]'
I, [2014-02-16T11:59:09.421010 #24202]  INFO -- : Command :: convert '/tmp/03-1705220140216-24202-1sf81ty20140216-24202-ha3cxi20140216-24202-e87t0b[0]' -auto-orient -resize "200x200>" '/tmp/03-1705220140216-24202-1sf81ty20140216-24202-ha3cxi20140216-24202-e87t0b20140216-24202-14nfpc5'
I, [2014-02-16T11:59:09.452870 #24173]  INFO -- : Command :: identify -format %m '/tmp/03-1294920140216-24173-p1mzq120140216-24173-vr5fyb20140216-24173-mo7bwu[0]'
I, [2014-02-16T11:59:09.490875 #20684]  INFO -- : Command :: identify -format %m '/tmp/03-2422420140216-20684-94t2tq20140216-20684-12mgerx20140216-20684-1l2z99r[0]'
I, [2014-02-16T11:59:09.513469 #24190]  INFO -- : Command :: identify -format %m '/tmp/03-1872520140216-24190-1ibnb0p20140216-24190-1b0b71k20140216-24190-10zjznc[0]'
I, [2014-02-16T11:59:09.517202 #24224]  INFO -- : Command :: identify -format %m '/tmp/03-2303020140216-24224-bpfhz620140216-24224-1s5cd9520140216-24224-16xj9ho[0]'
I, [2014-02-16T11:59:09.603976 #24190]  INFO -- : Command :: convert '/tmp/03-1872520140216-24190-1ibnb0p20140216-24190-1b0b71k20140216-24190-10zjznc[0]' -auto-orient -resize "200x200>" '/tmp/03-1872520140216-24190-1ibnb0p20140216-24190-1b0b71k20140216-24190-10zjznc20140216-24190-1wrwxov'
I, [2014-02-16T11:59:09.616482 #24173]  INFO -- : Command :: identify -format %m '/tmp/03-1294920140216-24173-p1mzq120140216-24173-vr5fyb20140216-24173-mo7bwu[0]'
I, [2014-02-16T11:59:09.633278 #24212]  INFO -- : Command :: identify -format %m '/tmp/03-1903520140216-24212-xck1he20140216-24212-ihew3l20140216-24212-1glbwl8[0]'
I, [2014-02-16T11:59:09.650783 #20684]  INFO -- : Command :: identify -format %m '/tmp/03-2422420140216-20684-94t2tq20140216-20684-12mgerx20140216-20684-1l2z99r[0]'
I, [2014-02-16T11:59:09.671371 #24224]  INFO -- : Command :: identify -format %m '/tmp/03-2303020140216-24224-bpfhz620140216-24224-1s5cd9520140216-24224-16xj9ho[0]'
I, [2014-02-16T11:59:09.694452 #24173]  INFO -- : Command :: convert '/tmp/03-1294920140216-24173-p1mzq120140216-24173-vr5fyb20140216-24173-mo7bwu[0]' -auto-orient -resize "100x100>" '/tmp/03-1294920140216-24173-p1mzq120140216-24173-vr5fyb20140216-24173-mo7bwu20140216-24173-t2rhp'
I, [2014-02-16T11:59:09.781329 #24224]  INFO -- : Command :: convert '/tmp/03-2303020140216-24224-bpfhz620140216-24224-1s5cd9520140216-24224-16xj9ho[0]' -auto-orient -resize "200x200>" '/tmp/03-2303020140216-24224-bpfhz620140216-24224-1s5cd9520140216-24224-16xj9ho20140216-24224-tg32tr'
I, [2014-02-16T11:59:09.836408 #20684]  INFO -- : Command :: identify -format %m '/tmp/03-2422420140216-20684-94t2tq20140216-20684-12mgerx20140216-20684-1l2z99r[0]'
I, [2014-02-16T11:59:09.841526 #24212]  INFO -- : Command :: convert '/tmp/03-1903520140216-24212-xck1he20140216-24212-ihew3l20140216-24212-1glbwl8[0]' -auto-orient -resize "200x200>" '/tmp/03-1903520140216-24212-xck1he20140216-24212-ihew3l20140216-24212-1glbwl820140216-24212-e40nb3'
I, [2014-02-16T11:59:10.024164 #20684]  INFO -- : Command :: convert '/tmp/03-2422420140216-20684-94t2tq20140216-20684-12mgerx20140216-20684-1l2z99r[0]' -auto-orient -resize "1500x1500>" '/tmp/03-2422420140216-20684-94t2tq20140216-20684-12mgerx20140216-20684-1l2z99r20140216-20684-1ue4ys4'
I, [2014-02-16T11:59:10.183472 #24173]  INFO -- : Command :: file -b --mime '/tmp/03-1294920140216-24173-p1mzq120140216-24173-vr5fyb20140216-24173-mo7bwu20140216-24173-t2rhp'
I, [2014-02-16T11:59:10.229407 #24202]  INFO -- : Command :: file -b --mime '/tmp/03-1705220140216-24202-1sf81ty20140216-24202-ha3cxi20140216-24202-e87t0b20140216-24202-14nfpc5'
I, [2014-02-16T11:59:10.244423 #24190]  INFO -- : Command :: file -b --mime '/tmp/03-1872520140216-24190-1ibnb0p20140216-24190-1b0b71k20140216-24190-10zjznc20140216-24190-1wrwxov'
I, [2014-02-16T11:59:10.244456 #24224]  INFO -- : Command :: file -b --mime '/tmp/03-2303020140216-24224-bpfhz620140216-24224-1s5cd9520140216-24224-16xj9ho20140216-24224-tg32tr'
I, [2014-02-16T11:59:10.356993 #20684]  INFO -- : Command :: file -b --mime '/tmp/03-2422420140216-20684-94t2tq20140216-20684-12mgerx20140216-20684-1l2z99r20140216-20684-1ue4ys4'
I, [2014-02-16T11:59:10.373703 #24202]  INFO -- : Command :: identify -format '%wx%h,%[exif:orientation]' '/tmp/03-1705220140216-24202-1sf81ty20140216-24202-ha3cxi20140216-24202-e87t0b[0]'
I, [2014-02-16T11:59:10.383242 #24190]  INFO -- : Command :: identify -format '%wx%h,%[exif:orientation]' '/tmp/03-1872520140216-24190-1ibnb0p20140216-24190-1b0b71k20140216-24190-10zjznc[0]'
I, [2014-02-16T11:59:10.384986 #24224]  INFO -- : Command :: identify -format '%wx%h,%[exif:orientation]' '/tmp/03-2303020140216-24224-bpfhz620140216-24224-1s5cd9520140216-24224-16xj9ho[0]'
I, [2014-02-16T11:59:10.438918 #24212]  INFO -- : Command :: file -b --mime '/tmp/03-1903520140216-24212-xck1he20140216-24212-ihew3l20140216-24212-1glbwl820140216-24212-e40nb3'
I, [2014-02-16T11:59:10.568588 #20684]  INFO -- : Command :: identify -format '%wx%h,%[exif:orientation]' '/tmp/03-2422420140216-20684-94t2tq20140216-20684-12mgerx20140216-20684-1l2z99r[0]'
I, [2014-02-16T11:59:10.587364 #24190]  INFO -- : Command :: identify -format %m '/tmp/03-1872520140216-24190-1ibnb0p20140216-24190-1b0b71k20140216-24190-10zjznc[0]'
I, [2014-02-16T11:59:10.661966 #24173]  INFO -- :   Rendered uploads/create.js.erb (1.8ms)
I, [2014-02-16T11:59:10.662029 #24212]  INFO -- : Command :: identify -format '%wx%h,%[exif:orientation]' '/tmp/03-1903520140216-24212-xck1he20140216-24212-ihew3l20140216-24212-1glbwl8[0]'
I, [2014-02-16T11:59:10.662763 #24173]  INFO -- : Completed 200 OK in 7935ms (Views: 13.4ms | ActiveRecord: 197.5ms)
I, [2014-02-16T11:59:10.676600 #24190]  INFO -- : Command :: identify -format %m '/tmp/03-1872520140216-24190-1ibnb0p20140216-24190-1b0b71k20140216-24190-10zjznc[0]'
I, [2014-02-16T11:59:10.704633 #24224]  INFO -- : Command :: identify -format %m '/tmp/03-2303020140216-24224-bpfhz620140216-24224-1s5cd9520140216-24224-16xj9ho[0]'
I, [2014-02-16T11:59:10.746886 #24202]  INFO -- : Command :: identify -format %m '/tmp/03-1705220140216-24202-1sf81ty20140216-24202-ha3cxi20140216-24202-e87t0b[0]'
I, [2014-02-16T11:59:10.816190 #24190]  INFO -- : Command :: identify -format %m '/tmp/03-1872520140216-24190-1ibnb0p20140216-24190-1b0b71k20140216-24190-10zjznc[0]'
I, [2014-02-16T11:59:10.838932 #24212]  INFO -- : Command :: identify -format %m '/tmp/03-1903520140216-24212-xck1he20140216-24212-ihew3l20140216-24212-1glbwl8[0]'
I, [2014-02-16T11:59:10.901114 #20684]  INFO -- : Command :: identify -format %m '/tmp/03-2422420140216-20684-94t2tq20140216-20684-12mgerx20140216-20684-1l2z99r[0]'
I, [2014-02-16T11:59:10.928615 #24202]  INFO -- : Command :: identify -format %m '/tmp/03-1705220140216-24202-1sf81ty20140216-24202-ha3cxi20140216-24202-e87t0b[0]'
I, [2014-02-16T11:59:10.944862 #24224]  INFO -- : Command :: identify -format %m '/tmp/03-2303020140216-24224-bpfhz620140216-24224-1s5cd9520140216-24224-16xj9ho[0]'
I, [2014-02-16T11:59:11.008970 #24212]  INFO -- : Command :: identify -format %m '/tmp/03-1903520140216-24212-xck1he20140216-24212-ihew3l20140216-24212-1glbwl8[0]'
I, [2014-02-16T11:59:11.030562 #24190]  INFO -- : Command :: convert '/tmp/03-1872520140216-24190-1ibnb0p20140216-24190-1b0b71k20140216-24190-10zjznc[0]' -auto-orient -resize "100x100>" '/tmp/03-1872520140216-24190-1ibnb0p20140216-24190-1b0b71k20140216-24190-10zjznc20140216-24190-5xq16h'
I, [2014-02-16T11:59:11.116722 #24224]  INFO -- : Command :: identify -format %m '/tmp/03-2303020140216-24224-bpfhz620140216-24224-1s5cd9520140216-24224-16xj9ho[0]'
I, [2014-02-16T11:59:11.157426 #24202]  INFO -- : Command :: identify -format %m '/tmp/03-1705220140216-24202-1sf81ty20140216-24202-ha3cxi20140216-24202-e87t0b[0]'
I, [2014-02-16T11:59:11.188015 #20684]  INFO -- : Command :: identify -format %m '/tmp/03-2422420140216-20684-94t2tq20140216-20684-12mgerx20140216-20684-1l2z99r[0]'
I, [2014-02-16T11:59:11.205328 #24212]  INFO -- : Command :: identify -format %m '/tmp/03-1903520140216-24212-xck1he20140216-24212-ihew3l20140216-24212-1glbwl8[0]'
I, [2014-02-16T11:59:11.368592 #24202]  INFO -- : Command :: convert '/tmp/03-1705220140216-24202-1sf81ty20140216-24202-ha3cxi20140216-24202-e87t0b[0]' -auto-orient -resize "100x100>" '/tmp/03-1705220140216-24202-1sf81ty20140216-24202-ha3cxi20140216-24202-e87t0b20140216-24202-1yh7rro'
I, [2014-02-16T11:59:11.373105 #24224]  INFO -- : Command :: convert '/tmp/03-2303020140216-24224-bpfhz620140216-24224-1s5cd9520140216-24224-16xj9ho[0]' -auto-orient -resize "100x100>" '/tmp/03-2303020140216-24224-bpfhz620140216-24224-1s5cd9520140216-24224-16xj9ho20140216-24224-jnlwrn'
I, [2014-02-16T11:59:11.373304 #24212]  INFO -- : Command :: convert '/tmp/03-1903520140216-24212-xck1he20140216-24212-ihew3l20140216-24212-1glbwl8[0]' -auto-orient -resize "100x100>" '/tmp/03-1903520140216-24212-xck1he20140216-24212-ihew3l20140216-24212-1glbwl820140216-24212-1pzu53r'
I, [2014-02-16T11:59:11.637879 #20684]  INFO -- : Command :: identify -format %m '/tmp/03-2422420140216-20684-94t2tq20140216-20684-12mgerx20140216-20684-1l2z99r[0]'
I, [2014-02-16T11:59:11.775450 #24190]  INFO -- : Command :: file -b --mime '/tmp/03-1872520140216-24190-1ibnb0p20140216-24190-1b0b71k20140216-24190-10zjznc20140216-24190-5xq16h'
I, [2014-02-16T11:59:11.929960 #24212]  INFO -- : Command :: file -b --mime '/tmp/03-1903520140216-24212-xck1he20140216-24212-ihew3l20140216-24212-1glbwl820140216-24212-1pzu53r'
I, [2014-02-16T11:59:12.029346 #24224]  INFO -- : Command :: file -b --mime '/tmp/03-2303020140216-24224-bpfhz620140216-24224-1s5cd9520140216-24224-16xj9ho20140216-24224-jnlwrn'
I, [2014-02-16T11:59:12.102720 #20684]  INFO -- : Command :: convert '/tmp/03-2422420140216-20684-94t2tq20140216-20684-12mgerx20140216-20684-1l2z99r[0]' -auto-orient -resize "300x300>" '/tmp/03-2422420140216-20684-94t2tq20140216-20684-12mgerx20140216-20684-1l2z99r20140216-20684-jbip6i'
I, [2014-02-16T11:59:12.105039 #24202]  INFO -- : Command :: file -b --mime '/tmp/03-1705220140216-24202-1sf81ty20140216-24202-ha3cxi20140216-24202-e87t0b20140216-24202-1yh7rro'
I, [2014-02-16T11:59:12.251035 #24190]  INFO -- :   Rendered uploads/create.js.erb (12.8ms)
I, [2014-02-16T11:59:12.251982 #24190]  INFO -- : Completed 200 OK in 9161ms (Views: 64.3ms | ActiveRecord: 110.0ms)
I, [2014-02-16T11:59:12.268383 #24212]  INFO -- :   Rendered uploads/create.js.erb (5.8ms)
I, [2014-02-16T11:59:12.277807 #24212]  INFO -- : Completed 200 OK in 8477ms (Views: 44.2ms | ActiveRecord: 25.9ms)
I, [2014-02-16T11:59:12.333756 #24224]  INFO -- :   Rendered uploads/create.js.erb (1.8ms)
I, [2014-02-16T11:59:12.334708 #24224]  INFO -- : Completed 200 OK in 8285ms (Views: 14.0ms | ActiveRecord: 22.2ms)
I, [2014-02-16T11:59:12.502610 #20684]  INFO -- : Command :: file -b --mime '/tmp/03-2422420140216-20684-94t2tq20140216-20684-12mgerx20140216-20684-1l2z99r20140216-20684-jbip6i'
I, [2014-02-16T11:59:12.662051 #20684]  INFO -- : Command :: identify -format '%wx%h,%[exif:orientation]' '/tmp/03-2422420140216-20684-94t2tq20140216-20684-12mgerx20140216-20684-1l2z99r[0]'
I, [2014-02-16T11:59:12.716158 #24224]  INFO -- : Started POST "/uploads" for 173.20.13.62 at 2014-02-16 11:59:12 +0000
I, [2014-02-16T11:59:12.736114 #24224]  INFO -- : Processing by UploadsController#create as JS
I, [2014-02-16T11:59:12.736344 #24224]  INFO -- :   Parameters: {"utf8"=>"", "authenticity_token"=>"82XP1X4ziHURZVuaUCeMQsHtW1R7txI2KZe14DSpuIs=", "upload"=>{"product_id"=>"", "uploaded_file"=>#<ActionDispatch::Http::UploadedFile:0x00000002ccf360 @tempfile=#<Tempfile:/tmp/RackMultipart20140216-24224-1lbwlvo>, @original_filename="03-24460.JPG", @content_type="image/jpeg", @headers="Content-Disposition: form-data; name=\"upload[uploaded_file]\"; filename=\"03-24460.JPG\"\r\nContent-Type: image/jpeg\r\n">}}
I, [2014-02-16T11:59:12.739782 #24202]  INFO -- :   Rendered uploads/create.js.erb (4.0ms)
I, [2014-02-16T11:59:12.742411 #24202]  INFO -- : Completed 200 OK in 9119ms (Views: 308.1ms | ActiveRecord: 16.8ms)
I, [2014-02-16T11:59:12.823549 #24224]  INFO -- : Command :: identify -format '%wx%h,%[exif:orientation]' '/tmp/03-2446020140216-24224-1sdc0sm.JPG[0]'
I, [2014-02-16T11:59:12.840516 #20684]  INFO -- : Command :: identify -format %m '/tmp/03-2422420140216-20684-94t2tq20140216-20684-12mgerx20140216-20684-1l2z99r[0]'
I, [2014-02-16T11:59:12.956991 #24224]  INFO -- : Command :: identify -format %m '/tmp/03-2446020140216-24224-1sdc0sm.JPG[0]'
I, [2014-02-16T11:59:12.969220 #20684]  INFO -- : Command :: identify -format %m '/tmp/03-2422420140216-20684-94t2tq20140216-20684-12mgerx20140216-20684-1l2z99r[0]'
I, [2014-02-16T11:59:13.085716 #20684]  INFO -- : Command :: identify -format %m '/tmp/03-2422420140216-20684-94t2tq20140216-20684-12mgerx20140216-20684-1l2z99r[0]'
I, [2014-02-16T11:59:13.142671 #24224]  INFO -- : Command :: identify -format %m '/tmp/03-2446020140216-24224-1sdc0sm.JPG[0]'
I, [2014-02-16T11:59:13.204277 #24224]  INFO -- : Command :: identify -format %m '/tmp/03-2446020140216-24224-1sdc0sm.JPG[0]'
I, [2014-02-16T11:59:13.277113 #20684]  INFO -- : Command :: convert '/tmp/03-2422420140216-20684-94t2tq20140216-20684-12mgerx20140216-20684-1l2z99r[0]' -auto-orient -resize "200x200>" '/tmp/03-2422420140216-20684-94t2tq20140216-20684-12mgerx20140216-20684-1l2z99r20140216-20684-1xeavc8'
I, [2014-02-16T11:59:13.460790 #24224]  INFO -- : Command :: convert '/tmp/03-2446020140216-24224-1sdc0sm.JPG[0]' -auto-orient -resize "4000x4000>" '/tmp/03-2446020140216-24224-1sdc0sm20140216-24224-rb2x2h'
I, [2014-02-16T11:59:13.521618 #20684]  INFO -- : Command :: file -b --mime '/tmp/03-2422420140216-20684-94t2tq20140216-20684-12mgerx20140216-20684-1l2z99r20140216-20684-1xeavc8'
I, [2014-02-16T11:59:13.665822 #20684]  INFO -- : Command :: identify -format '%wx%h,%[exif:orientation]' '/tmp/03-2422420140216-20684-94t2tq20140216-20684-12mgerx20140216-20684-1l2z99r[0]'
I, [2014-02-16T11:59:13.683099 #24224]  INFO -- : Command :: file -b --mime '/tmp/03-2446020140216-24224-1sdc0sm20140216-24224-rb2x2h'
I, [2014-02-16T11:59:13.756650 #24224]  INFO -- : Command :: identify -format '%wx%h,%[exif:orientation]' '/tmp/03-2446020140216-24224-1sdc0sm20140216-24224-rb2x2h20140216-24224-lgtm4x[0]'
I, [2014-02-16T11:59:13.842703 #20684]  INFO -- : Command :: identify -format %m '/tmp/03-2422420140216-20684-94t2tq20140216-20684-12mgerx20140216-20684-1l2z99r[0]'
I, [2014-02-16T11:59:13.961595 #20684]  INFO -- : Command :: identify -format %m '/tmp/03-2422420140216-20684-94t2tq20140216-20684-12mgerx20140216-20684-1l2z99r[0]'
I, [2014-02-16T11:59:13.994095 #24224]  INFO -- : Command :: identify -format %m '/tmp/03-2446020140216-24224-1sdc0sm20140216-24224-rb2x2h20140216-24224-lgtm4x[0]'
I, [2014-02-16T11:59:14.114226 #24224]  INFO -- : Command :: identify -format %m '/tmp/03-2446020140216-24224-1sdc0sm20140216-24224-rb2x2h20140216-24224-lgtm4x[0]'
I, [2014-02-16T11:59:14.144071 #20684]  INFO -- : Command :: identify -format %m '/tmp/03-2422420140216-20684-94t2tq20140216-20684-12mgerx20140216-20684-1l2z99r[0]'
I, [2014-02-16T11:59:14.292210 #24224]  INFO -- : Command :: identify -format %m '/tmp/03-2446020140216-24224-1sdc0sm20140216-24224-rb2x2h20140216-24224-lgtm4x[0]'
I, [2014-02-16T11:59:14.380140 #20684]  INFO -- : Command :: convert '/tmp/03-2422420140216-20684-94t2tq20140216-20684-12mgerx20140216-20684-1l2z99r[0]' -auto-orient -resize "100x100>" '/tmp/03-2422420140216-20684-94t2tq20140216-20684-12mgerx20140216-20684-1l2z99r20140216-20684-9565bj'
I, [2014-02-16T11:59:14.386439 #24224]  INFO -- : Command :: convert '/tmp/03-2446020140216-24224-1sdc0sm20140216-24224-rb2x2h20140216-24224-lgtm4x[0]' -auto-orient -resize "1500x1500>" '/tmp/03-2446020140216-24224-1sdc0sm20140216-24224-rb2x2h20140216-24224-lgtm4x20140216-24224-1m3x44m'
I, [2014-02-16T11:59:14.608371 #24224]  INFO -- : Command :: file -b --mime '/tmp/03-2446020140216-24224-1sdc0sm20140216-24224-rb2x2h20140216-24224-lgtm4x20140216-24224-1m3x44m'
I, [2014-02-16T11:59:14.651621 #20684]  INFO -- : Command :: file -b --mime '/tmp/03-2422420140216-20684-94t2tq20140216-20684-12mgerx20140216-20684-1l2z99r20140216-20684-9565bj'
I, [2014-02-16T11:59:14.753076 #24224]  INFO -- : Command :: identify -format '%wx%h,%[exif:orientation]' '/tmp/03-2446020140216-24224-1sdc0sm20140216-24224-rb2x2h20140216-24224-lgtm4x[0]'
I, [2014-02-16T11:59:14.758346 #20684]  INFO -- :   Rendered uploads/create.js.erb (0.2ms)
I, [2014-02-16T11:59:14.759046 #20684]  INFO -- : Completed 200 OK in 7846ms (Views: 4.1ms | ActiveRecord: 12.5ms)
I, [2014-02-16T11:59:14.924952 #24224]  INFO -- : Command :: identify -format %m '/tmp/03-2446020140216-24224-1sdc0sm20140216-24224-rb2x2h20140216-24224-lgtm4x[0]'
I, [2014-02-16T11:59:14.996325 #24224]  INFO -- : Command :: identify -format %m '/tmp/03-2446020140216-24224-1sdc0sm20140216-24224-rb2x2h20140216-24224-lgtm4x[0]'
I, [2014-02-16T11:59:15.057213 #24224]  INFO -- : Command :: identify -format %m '/tmp/03-2446020140216-24224-1sdc0sm20140216-24224-rb2x2h20140216-24224-lgtm4x[0]'
I, [2014-02-16T11:59:15.120964 #24224]  INFO -- : Command :: convert '/tmp/03-2446020140216-24224-1sdc0sm20140216-24224-rb2x2h20140216-24224-lgtm4x[0]' -auto-orient -resize "300x300>" '/tmp/03-2446020140216-24224-1sdc0sm20140216-24224-rb2x2h20140216-24224-lgtm4x20140216-24224-1r4ibuq'
I, [2014-02-16T11:59:15.506457 #24224]  INFO -- : Command :: file -b --mime '/tmp/03-2446020140216-24224-1sdc0sm20140216-24224-rb2x2h20140216-24224-lgtm4x20140216-24224-1r4ibuq'
I, [2014-02-16T11:59:15.575780 #24224]  INFO -- : Command :: identify -format '%wx%h,%[exif:orientation]' '/tmp/03-2446020140216-24224-1sdc0sm20140216-24224-rb2x2h20140216-24224-lgtm4x[0]'
I, [2014-02-16T11:59:15.757967 #24224]  INFO -- : Command :: identify -format %m '/tmp/03-2446020140216-24224-1sdc0sm20140216-24224-rb2x2h20140216-24224-lgtm4x[0]'
I, [2014-02-16T11:59:15.826361 #24224]  INFO -- : Command :: identify -format %m '/tmp/03-2446020140216-24224-1sdc0sm20140216-24224-rb2x2h20140216-24224-lgtm4x[0]'
I, [2014-02-16T11:59:15.952178 #24224]  INFO -- : Command :: identify -format %m '/tmp/03-2446020140216-24224-1sdc0sm20140216-24224-rb2x2h20140216-24224-lgtm4x[0]'
I, [2014-02-16T11:59:16.159487 #24224]  INFO -- : Command :: convert '/tmp/03-2446020140216-24224-1sdc0sm20140216-24224-rb2x2h20140216-24224-lgtm4x[0]' -auto-orient -resize "200x200>" '/tmp/03-2446020140216-24224-1sdc0sm20140216-24224-rb2x2h20140216-24224-lgtm4x20140216-24224-5myh5g'
I, [2014-02-16T11:59:16.441575 #24224]  INFO -- : Command :: file -b --mime '/tmp/03-2446020140216-24224-1sdc0sm20140216-24224-rb2x2h20140216-24224-lgtm4x20140216-24224-5myh5g'
I, [2014-02-16T11:59:16.608899 #24224]  INFO -- : Command :: identify -format '%wx%h,%[exif:orientation]' '/tmp/03-2446020140216-24224-1sdc0sm20140216-24224-rb2x2h20140216-24224-lgtm4x[0]'
I, [2014-02-16T11:59:16.704564 #24224]  INFO -- : Command :: identify -format %m '/tmp/03-2446020140216-24224-1sdc0sm20140216-24224-rb2x2h20140216-24224-lgtm4x[0]'
I, [2014-02-16T11:59:16.884461 #24224]  INFO -- : Command :: identify -format %m '/tmp/03-2446020140216-24224-1sdc0sm20140216-24224-rb2x2h20140216-24224-lgtm4x[0]'
I, [2014-02-16T11:59:16.968766 #24224]  INFO -- : Command :: identify -format %m '/tmp/03-2446020140216-24224-1sdc0sm20140216-24224-rb2x2h20140216-24224-lgtm4x[0]'
I, [2014-02-16T11:59:17.122276 #24224]  INFO -- : Command :: convert '/tmp/03-2446020140216-24224-1sdc0sm20140216-24224-rb2x2h20140216-24224-lgtm4x[0]' -auto-orient -resize "100x100>" '/tmp/03-2446020140216-24224-1sdc0sm20140216-24224-rb2x2h20140216-24224-lgtm4x20140216-24224-17414sq'
I, [2014-02-16T11:59:17.328133 #24224]  INFO -- : Command :: file -b --mime '/tmp/03-2446020140216-24224-1sdc0sm20140216-24224-rb2x2h20140216-24224-lgtm4x20140216-24224-17414sq'
I, [2014-02-16T11:59:17.450731 #24224]  INFO -- :   Rendered uploads/create.js.erb (0.2ms)
I, [2014-02-16T11:59:17.451484 #24224]  INFO -- : Completed 200 OK in 4715ms (Views: 2.2ms | ActiveRecord: 3.9ms)
I, [2014-02-16T11:59:19.354329 #24224]  INFO -- : Started POST "/uploads" for 173.20.13.62 at 2014-02-16 11:59:19 +0000
I, [2014-02-16T11:59:19.357646 #24224]  INFO -- : Processing by UploadsController#create as JS
I, [2014-02-16T11:59:19.357890 #24224]  INFO -- :   Parameters: {"utf8"=>"", "authenticity_token"=>"82XP1X4ziHURZVuaUCeMQsHtW1R7txI2KZe14DSpuIs=", "upload"=>{"product_id"=>"", "uploaded_file"=>#<ActionDispatch::Http::UploadedFile:0x00000005021ed0 @tempfile=#<Tempfile:/tmp/RackMultipart20140216-24224-15z6oym>, @original_filename="03-25183.JPG", @content_type="image/jpeg", @headers="Content-Disposition: form-data; name=\"upload[uploaded_file]\"; filename=\"03-25183.JPG\"\r\nContent-Type: image/jpeg\r\n">}}
I, [2014-02-16T11:59:19.369174 #24224]  INFO -- : Command :: identify -format '%wx%h,%[exif:orientation]' '/tmp/03-2518320140216-24224-vcwved.JPG[0]'
I, [2014-02-16T11:59:19.540990 #24224]  INFO -- : Command :: identify -format %m '/tmp/03-2518320140216-24224-vcwved.JPG[0]'
I, [2014-02-16T11:59:19.662039 #24224]  INFO -- : Command :: identify -format %m '/tmp/03-2518320140216-24224-vcwved.JPG[0]'
I, [2014-02-16T11:59:19.826708 #24224]  INFO -- : Command :: identify -format %m '/tmp/03-2518320140216-24224-vcwved.JPG[0]'
I, [2014-02-16T11:59:19.839994 #24212]  INFO -- : Started POST "/uploads" for 173.20.13.62 at 2014-02-16 11:59:19 +0000
I, [2014-02-16T11:59:19.873958 #24212]  INFO -- : Processing by UploadsController#create as JS
I, [2014-02-16T11:59:19.874236 #24212]  INFO -- :   Parameters: {"utf8"=>"", "authenticity_token"=>"82XP1X4ziHURZVuaUCeMQsHtW1R7txI2KZe14DSpuIs=", "upload"=>{"product_id"=>"", "uploaded_file"=>#<ActionDispatch::Http::UploadedFile:0x00000002cee418 @tempfile=#<Tempfile:/tmp/RackMultipart20140216-24212-hdifvp>, @original_filename="03-32430.JPG", @content_type="image/jpeg", @headers="Content-Disposition: form-data; name=\"upload[uploaded_file]\"; filename=\"03-32430.JPG\"\r\nContent-Type: image/jpeg\r\n">}}
I, [2014-02-16T11:59:19.900839 #24224]  INFO -- : Command :: convert '/tmp/03-2518320140216-24224-vcwved.JPG[0]' -auto-orient -resize "4000x4000>" '/tmp/03-2518320140216-24224-vcwved20140216-24224-oj5f8p'
I, [2014-02-16T11:59:19.931727 #24212]  INFO -- : Command :: identify -format '%wx%h,%[exif:orientation]' '/tmp/03-3243020140216-24212-1epwcz5.JPG[0]'
I, [2014-02-16T11:59:20.137886 #24212]  INFO -- : Command :: identify -format %m '/tmp/03-3243020140216-24212-1epwcz5.JPG[0]'
I, [2014-02-16T11:59:20.201360 #24224]  INFO -- : Command :: file -b --mime '/tmp/03-2518320140216-24224-vcwved20140216-24224-oj5f8p'
I, [2014-02-16T11:59:20.238462 #24212]  INFO -- : Command :: identify -format %m '/tmp/03-3243020140216-24212-1epwcz5.JPG[0]'
I, [2014-02-16T11:59:20.260003 #24224]  INFO -- : Command :: identify -format '%wx%h,%[exif:orientation]' '/tmp/03-2518320140216-24224-vcwved20140216-24224-oj5f8p20140216-24224-2ebodc[0]'
I, [2014-02-16T11:59:20.354863 #24212]  INFO -- : Command :: identify -format %m '/tmp/03-3243020140216-24212-1epwcz5.JPG[0]'
I, [2014-02-16T11:59:20.407856 #24224]  INFO -- : Command :: identify -format %m '/tmp/03-2518320140216-24224-vcwved20140216-24224-oj5f8p20140216-24224-2ebodc[0]'
I, [2014-02-16T11:59:20.488681 #24212]  INFO -- : Command :: convert '/tmp/03-3243020140216-24212-1epwcz5.JPG[0]' -auto-orient -resize "4000x4000>" '/tmp/03-3243020140216-24212-1epwcz520140216-24212-189ggoi'
I, [2014-02-16T11:59:20.644374 #24212]  INFO -- : Command :: file -b --mime '/tmp/03-3243020140216-24212-1epwcz520140216-24212-189ggoi'
I, [2014-02-16T11:59:20.692456 #24224]  INFO -- : Command :: identify -format %m '/tmp/03-2518320140216-24224-vcwved20140216-24224-oj5f8p20140216-24224-2ebodc[0]'
I, [2014-02-16T11:59:20.705796 #24212]  INFO -- : Command :: identify -format '%wx%h,%[exif:orientation]' '/tmp/03-3243020140216-24212-1epwcz520140216-24212-189ggoi20140216-24212-169bzan[0]'
I, [2014-02-16T11:59:20.807069 #24190]  INFO -- : Started POST "/uploads" for 173.20.13.62 at 2014-02-16 11:59:20 +0000
I, [2014-02-16T11:59:20.812132 #24224]  INFO -- : Command :: identify -format %m '/tmp/03-2518320140216-24224-vcwved20140216-24224-oj5f8p20140216-24224-2ebodc[0]'
I, [2014-02-16T11:59:20.812499 #24190]  INFO -- : Processing by UploadsController#create as JS
I, [2014-02-16T11:59:20.812684 #24190]  INFO -- :   Parameters: {"utf8"=>"", "authenticity_token"=>"82XP1X4ziHURZVuaUCeMQsHtW1R7txI2KZe14DSpuIs=", "upload"=>{"product_id"=>"", "uploaded_file"=>#<ActionDispatch::Http::UploadedFile:0x00000002e08dd0 @tempfile=#<Tempfile:/tmp/RackMultipart20140216-24190-1m2u92e>, @original_filename="03-28372.JPG", @content_type="image/jpeg", @headers="Content-Disposition: form-data; name=\"upload[uploaded_file]\"; filename=\"03-28372.JPG\"\r\nContent-Type: image/jpeg\r\n">}}
I, [2014-02-16T11:59:20.826153 #24212]  INFO -- : Command :: identify -format %m '/tmp/03-3243020140216-24212-1epwcz520140216-24212-189ggoi20140216-24212-169bzan[0]'
I, [2014-02-16T11:59:20.832077 #24190]  INFO -- : Command :: identify -format '%wx%h,%[exif:orientation]' '/tmp/03-2837220140216-24190-dipgpu.JPG[0]'
I, [2014-02-16T11:59:20.917633 #24212]  INFO -- : Command :: identify -format %m '/tmp/03-3243020140216-24212-1epwcz520140216-24212-189ggoi20140216-24212-169bzan[0]'
I, [2014-02-16T11:59:20.964947 #24190]  INFO -- : Command :: identify -format %m '/tmp/03-2837220140216-24190-dipgpu.JPG[0]'
I, [2014-02-16T11:59:20.983475 #24224]  INFO -- : Command :: convert '/tmp/03-2518320140216-24224-vcwved20140216-24224-oj5f8p20140216-24224-2ebodc[0]' -auto-orient -resize "1500x1500>" '/tmp/03-2518320140216-24224-vcwved20140216-24224-oj5f8p20140216-24224-2ebodc20140216-24224-1epbu46'
I, [2014-02-16T11:59:21.037575 #24190]  INFO -- : Command :: identify -format %m '/tmp/03-2837220140216-24190-dipgpu.JPG[0]'
I, [2014-02-16T11:59:21.054983 #24212]  INFO -- : Command :: identify -format %m '/tmp/03-3243020140216-24212-1epwcz520140216-24212-189ggoi20140216-24212-169bzan[0]'
I, [2014-02-16T11:59:21.148179 #24190]  INFO -- : Command :: identify -format %m '/tmp/03-2837220140216-24190-dipgpu.JPG[0]'
I, [2014-02-16T11:59:21.163333 #24212]  INFO -- : Command :: convert '/tmp/03-3243020140216-24212-1epwcz520140216-24212-189ggoi20140216-24212-169bzan[0]' -auto-orient -resize "1500x1500>" '/tmp/03-3243020140216-24212-1epwcz520140216-24212-189ggoi20140216-24212-169bzan20140216-24212-1dy1ux7'
I, [2014-02-16T11:59:21.235510 #24224]  INFO -- : Command :: file -b --mime '/tmp/03-2518320140216-24224-vcwved20140216-24224-oj5f8p20140216-24224-2ebodc20140216-24224-1epbu46'
I, [2014-02-16T11:59:21.238328 #24190]  INFO -- : Command :: convert '/tmp/03-2837220140216-24190-dipgpu.JPG[0]' -auto-orient -resize "4000x4000>" '/tmp/03-2837220140216-24190-dipgpu20140216-24190-1ukqsqt'
I, [2014-02-16T11:59:21.360225 #24224]  INFO -- : Command :: identify -format '%wx%h,%[exif:orientation]' '/tmp/03-2518320140216-24224-vcwved20140216-24224-oj5f8p20140216-24224-2ebodc[0]'
I, [2014-02-16T11:59:21.381989 #24212]  INFO -- : Command :: file -b --mime '/tmp/03-3243020140216-24212-1epwcz520140216-24212-189ggoi20140216-24212-169bzan20140216-24212-1dy1ux7'
I, [2014-02-16T11:59:21.447359 #24212]  INFO -- : Command :: identify -format '%wx%h,%[exif:orientation]' '/tmp/03-3243020140216-24212-1epwcz520140216-24212-189ggoi20140216-24212-169bzan[0]'
I, [2014-02-16T11:59:21.489725 #24190]  INFO -- : Command :: file -b --mime '/tmp/03-2837220140216-24190-dipgpu20140216-24190-1ukqsqt'
I, [2014-02-16T11:59:21.536335 #24224]  INFO -- : Command :: identify -format %m '/tmp/03-2518320140216-24224-vcwved20140216-24224-oj5f8p20140216-24224-2ebodc[0]'
I, [2014-02-16T11:59:21.650195 #24190]  INFO -- : Command :: identify -format '%wx%h,%[exif:orientation]' '/tmp/03-2837220140216-24190-dipgpu20140216-24190-1ukqsqt20140216-24190-1421epd[0]'
I, [2014-02-16T11:59:21.653311 #24224]  INFO -- : Command :: identify -format %m '/tmp/03-2518320140216-24224-vcwved20140216-24224-oj5f8p20140216-24224-2ebodc[0]'
I, [2014-02-16T11:59:21.810038 #24212]  INFO -- : Command :: identify -format %m '/tmp/03-3243020140216-24212-1epwcz520140216-24212-189ggoi20140216-24212-169bzan[0]'
I, [2014-02-16T11:59:21.832650 #24190]  INFO -- : Command :: identify -format %m '/tmp/03-2837220140216-24190-dipgpu20140216-24190-1ukqsqt20140216-24190-1421epd[0]'
I, [2014-02-16T11:59:21.867719 #24224]  INFO -- : Command :: identify -format %m '/tmp/03-2518320140216-24224-vcwved20140216-24224-oj5f8p20140216-24224-2ebodc[0]'
I, [2014-02-16T11:59:21.904683 #24190]  INFO -- : Command :: identify -format %m '/tmp/03-2837220140216-24190-dipgpu20140216-24190-1ukqsqt20140216-24190-1421epd[0]'
I, [2014-02-16T11:59:21.944301 #24212]  INFO -- : Command :: identify -format %m '/tmp/03-3243020140216-24212-1epwcz520140216-24212-189ggoi20140216-24212-169bzan[0]'
I, [2014-02-16T11:59:22.048692 #24212]  INFO -- : Command :: identify -format %m '/tmp/03-3243020140216-24212-1epwcz520140216-24212-189ggoi20140216-24212-169bzan[0]'
I, [2014-02-16T11:59:22.094781 #24224]  INFO -- : Command :: convert '/tmp/03-2518320140216-24224-vcwved20140216-24224-oj5f8p20140216-24224-2ebodc[0]' -auto-orient -resize "300x300>" '/tmp/03-2518320140216-24224-vcwved20140216-24224-oj5f8p20140216-24224-2ebodc20140216-24224-kld12z'
I, [2014-02-16T11:59:22.097898 #24190]  INFO -- : Command :: identify -format %m '/tmp/03-2837220140216-24190-dipgpu20140216-24190-1ukqsqt20140216-24190-1421epd[0]'
I, [2014-02-16T11:59:22.111319 #20684]  INFO -- : Started POST "/uploads" for 173.20.13.62 at 2014-02-16 11:59:22 +0000
I, [2014-02-16T11:59:22.126826 #20684]  INFO -- : Processing by UploadsController#create as JS
