I, [2014-02-16T12:00:45.155023 #24190]  INFO -- : Command :: file -b --mime '/tmp/b00420140216-24190-1vryb4s20140216-24190-1ej90q920140216-24190-qegxz220140216-24190-129y2cl'
I, [2014-02-16T12:00:45.198176 #24224]  INFO -- : Command :: identify -format %m '/tmp/b00120140216-24224-1vazpso20140216-24224-1ym5wjo20140216-24224-1qyjycp[0]'
I, [2014-02-16T12:00:45.324877 #24224]  INFO -- : Command :: convert '/tmp/b00120140216-24224-1vazpso20140216-24224-1ym5wjo20140216-24224-1qyjycp[0]' -auto-orient -resize "200x200>" '/tmp/b00120140216-24224-1vazpso20140216-24224-1ym5wjo20140216-24224-1qyjycp20140216-24224-1si86x5'
I, [2014-02-16T12:00:45.335204 #24190]  INFO -- : Command :: identify -format '%wx%h,%[exif:orientation]' '/tmp/b00420140216-24190-1vryb4s20140216-24190-1ej90q920140216-24190-qegxz2[0]'
I, [2014-02-16T12:00:45.507983 #20684]  INFO -- : Command :: file -b --mime '/tmp/b00320140216-20684-1iqalax20140216-20684-utkaez20140216-20684-dfy9e920140216-20684-inxvdl'
I, [2014-02-16T12:00:45.513758 #24190]  INFO -- : Command :: identify -format %m '/tmp/b00420140216-24190-1vryb4s20140216-24190-1ej90q920140216-24190-qegxz2[0]'
I, [2014-02-16T12:00:45.578269 #20684]  INFO -- : Command :: identify -format '%wx%h,%[exif:orientation]' '/tmp/b00320140216-20684-1iqalax20140216-20684-utkaez20140216-20684-dfy9e9[0]'
I, [2014-02-16T12:00:45.690395 #24190]  INFO -- : Command :: identify -format %m '/tmp/b00420140216-24190-1vryb4s20140216-24190-1ej90q920140216-24190-qegxz2[0]'
I, [2014-02-16T12:00:45.745135 #24224]  INFO -- : Command :: file -b --mime '/tmp/b00120140216-24224-1vazpso20140216-24224-1ym5wjo20140216-24224-1qyjycp20140216-24224-1si86x5'
I, [2014-02-16T12:00:45.828103 #24224]  INFO -- : Command :: identify -format '%wx%h,%[exif:orientation]' '/tmp/b00120140216-24224-1vazpso20140216-24224-1ym5wjo20140216-24224-1qyjycp[0]'
I, [2014-02-16T12:00:45.866496 #20684]  INFO -- : Command :: identify -format %m '/tmp/b00320140216-20684-1iqalax20140216-20684-utkaez20140216-20684-dfy9e9[0]'
I, [2014-02-16T12:00:45.867166 #24190]  INFO -- : Command :: identify -format %m '/tmp/b00420140216-24190-1vryb4s20140216-24190-1ej90q920140216-24190-qegxz2[0]'
I, [2014-02-16T12:00:45.931941 #20684]  INFO -- : Command :: identify -format %m '/tmp/b00320140216-20684-1iqalax20140216-20684-utkaez20140216-20684-dfy9e9[0]'
I, [2014-02-16T12:00:46.015555 #20684]  INFO -- : Command :: identify -format %m '/tmp/b00320140216-20684-1iqalax20140216-20684-utkaez20140216-20684-dfy9e9[0]'
I, [2014-02-16T12:00:46.019111 #24190]  INFO -- : Command :: convert '/tmp/b00420140216-24190-1vryb4s20140216-24190-1ej90q920140216-24190-qegxz2[0]' -auto-orient -resize "300x300>" '/tmp/b00420140216-24190-1vryb4s20140216-24190-1ej90q920140216-24190-qegxz220140216-24190-ze6720'
I, [2014-02-16T12:00:46.055744 #24224]  INFO -- : Command :: identify -format %m '/tmp/b00120140216-24224-1vazpso20140216-24224-1ym5wjo20140216-24224-1qyjycp[0]'
I, [2014-02-16T12:00:46.123044 #20684]  INFO -- : Command :: convert '/tmp/b00320140216-20684-1iqalax20140216-20684-utkaez20140216-20684-dfy9e9[0]' -auto-orient -resize "300x300>" '/tmp/b00320140216-20684-1iqalax20140216-20684-utkaez20140216-20684-dfy9e920140216-20684-1zuerm'
I, [2014-02-16T12:00:46.165850 #24224]  INFO -- : Command :: identify -format %m '/tmp/b00120140216-24224-1vazpso20140216-24224-1ym5wjo20140216-24224-1qyjycp[0]'
I, [2014-02-16T12:00:46.253235 #24224]  INFO -- : Command :: identify -format %m '/tmp/b00120140216-24224-1vazpso20140216-24224-1ym5wjo20140216-24224-1qyjycp[0]'
I, [2014-02-16T12:00:46.307918 #24190]  INFO -- : Command :: file -b --mime '/tmp/b00420140216-24190-1vryb4s20140216-24190-1ej90q920140216-24190-qegxz220140216-24190-ze6720'
I, [2014-02-16T12:00:46.444347 #24190]  INFO -- : Command :: identify -format '%wx%h,%[exif:orientation]' '/tmp/b00420140216-24190-1vryb4s20140216-24190-1ej90q920140216-24190-qegxz2[0]'
I, [2014-02-16T12:00:46.472768 #24224]  INFO -- : Command :: convert '/tmp/b00120140216-24224-1vazpso20140216-24224-1ym5wjo20140216-24224-1qyjycp[0]' -auto-orient -resize "100x100>" '/tmp/b00120140216-24224-1vazpso20140216-24224-1ym5wjo20140216-24224-1qyjycp20140216-24224-1wx41cd'
I, [2014-02-16T12:00:46.526216 #20684]  INFO -- : Command :: file -b --mime '/tmp/b00320140216-20684-1iqalax20140216-20684-utkaez20140216-20684-dfy9e920140216-20684-1zuerm'
I, [2014-02-16T12:00:46.633813 #24190]  INFO -- : Command :: identify -format %m '/tmp/b00420140216-24190-1vryb4s20140216-24190-1ej90q920140216-24190-qegxz2[0]'
I, [2014-02-16T12:00:46.657559 #20684]  INFO -- : Command :: identify -format '%wx%h,%[exif:orientation]' '/tmp/b00320140216-20684-1iqalax20140216-20684-utkaez20140216-20684-dfy9e9[0]'
I, [2014-02-16T12:00:46.755550 #24190]  INFO -- : Command :: identify -format %m '/tmp/b00420140216-24190-1vryb4s20140216-24190-1ej90q920140216-24190-qegxz2[0]'
I, [2014-02-16T12:00:46.833892 #24224]  INFO -- : Command :: file -b --mime '/tmp/b00120140216-24224-1vazpso20140216-24224-1ym5wjo20140216-24224-1qyjycp20140216-24224-1wx41cd'
I, [2014-02-16T12:00:46.971664 #24190]  INFO -- : Command :: identify -format %m '/tmp/b00420140216-24190-1vryb4s20140216-24190-1ej90q920140216-24190-qegxz2[0]'
I, [2014-02-16T12:00:46.972895 #24212]  INFO -- : Started POST "/uploads" for 173.20.13.62 at 2014-02-16 12:00:46 +0000
I, [2014-02-16T12:00:46.976660 #24212]  INFO -- : Processing by UploadsController#create as JS
I, [2014-02-16T12:00:46.976937 #24212]  INFO -- :   Parameters: {"utf8"=>"", "authenticity_token"=>"82XP1X4ziHURZVuaUCeMQsHtW1R7txI2KZe14DSpuIs=", "upload"=>{"product_id"=>"", "uploaded_file"=>#<ActionDispatch::Http::UploadedFile:0x00000004a116d0 @tempfile=#<Tempfile:/tmp/RackMultipart20140216-24212-1u9eit0>, @original_filename="DSC_0087.JPG", @content_type="image/jpeg", @headers="Content-Disposition: form-data; name=\"upload[uploaded_file]\"; filename=\"DSC_0087.JPG\"\r\nContent-Type: image/jpeg\r\n">}}
I, [2014-02-16T12:00:46.983028 #20684]  INFO -- : Command :: identify -format %m '/tmp/b00320140216-20684-1iqalax20140216-20684-utkaez20140216-20684-dfy9e9[0]'
I, [2014-02-16T12:00:46.988713 #24212]  INFO -- : Command :: identify -format '%wx%h,%[exif:orientation]' '/tmp/DSC_008720140216-24212-12juphx.JPG[0]'
I, [2014-02-16T12:00:47.027726 #24190]  INFO -- : Command :: convert '/tmp/b00420140216-24190-1vryb4s20140216-24190-1ej90q920140216-24190-qegxz2[0]' -auto-orient -resize "200x200>" '/tmp/b00420140216-24190-1vryb4s20140216-24190-1ej90q920140216-24190-qegxz220140216-24190-1pm5jqe'
I, [2014-02-16T12:00:47.049833 #20684]  INFO -- : Command :: identify -format %m '/tmp/b00320140216-20684-1iqalax20140216-20684-utkaez20140216-20684-dfy9e9[0]'
I, [2014-02-16T12:00:47.098567 #24224]  INFO -- :   Rendered uploads/create.js.erb (0.2ms)
I, [2014-02-16T12:00:47.099246 #24224]  INFO -- : Completed 200 OK in 6769ms (Views: 1.9ms | ActiveRecord: 28.7ms)
I, [2014-02-16T12:00:47.118016 #24212]  INFO -- : Command :: identify -format %m '/tmp/DSC_008720140216-24212-12juphx.JPG[0]'
I, [2014-02-16T12:00:47.215050 #20684]  INFO -- : Command :: identify -format %m '/tmp/b00320140216-20684-1iqalax20140216-20684-utkaez20140216-20684-dfy9e9[0]'
I, [2014-02-16T12:00:47.248705 #24212]  INFO -- : Command :: identify -format %m '/tmp/DSC_008720140216-24212-12juphx.JPG[0]'
I, [2014-02-16T12:00:47.303499 #20684]  INFO -- : Command :: convert '/tmp/b00320140216-20684-1iqalax20140216-20684-utkaez20140216-20684-dfy9e9[0]' -auto-orient -resize "200x200>" '/tmp/b00320140216-20684-1iqalax20140216-20684-utkaez20140216-20684-dfy9e920140216-20684-1dnovyr'
I, [2014-02-16T12:00:47.420111 #24212]  INFO -- : Command :: identify -format %m '/tmp/DSC_008720140216-24212-12juphx.JPG[0]'
I, [2014-02-16T12:00:47.512692 #24190]  INFO -- : Command :: file -b --mime '/tmp/b00420140216-24190-1vryb4s20140216-24190-1ej90q920140216-24190-qegxz220140216-24190-1pm5jqe'
I, [2014-02-16T12:00:47.564568 #24212]  INFO -- : Command :: convert '/tmp/DSC_008720140216-24212-12juphx.JPG[0]' -auto-orient -resize "4000x4000>" '/tmp/DSC_008720140216-24212-12juphx20140216-24212-1riy1xu'
I, [2014-02-16T12:00:47.607554 #24190]  INFO -- : Command :: identify -format '%wx%h,%[exif:orientation]' '/tmp/b00420140216-24190-1vryb4s20140216-24190-1ej90q920140216-24190-qegxz2[0]'
I, [2014-02-16T12:00:47.753407 #24190]  INFO -- : Command :: identify -format %m '/tmp/b00420140216-24190-1vryb4s20140216-24190-1ej90q920140216-24190-qegxz2[0]'
I, [2014-02-16T12:00:47.897575 #24212]  INFO -- : Command :: file -b --mime '/tmp/DSC_008720140216-24212-12juphx20140216-24212-1riy1xu'
I, [2014-02-16T12:00:47.961787 #20684]  INFO -- : Command :: file -b --mime '/tmp/b00320140216-20684-1iqalax20140216-20684-utkaez20140216-20684-dfy9e920140216-20684-1dnovyr'
I, [2014-02-16T12:00:48.009567 #24212]  INFO -- : Command :: identify -format '%wx%h,%[exif:orientation]' '/tmp/DSC_008720140216-24212-12juphx20140216-24212-1riy1xu20140216-24212-ylaoh2[0]'
I, [2014-02-16T12:00:48.195181 #24212]  INFO -- : Command :: identify -format %m '/tmp/DSC_008720140216-24212-12juphx20140216-24212-1riy1xu20140216-24212-ylaoh2[0]'
I, [2014-02-16T12:00:48.225943 #24190]  INFO -- : Command :: identify -format %m '/tmp/b00420140216-24190-1vryb4s20140216-24190-1ej90q920140216-24190-qegxz2[0]'
I, [2014-02-16T12:00:48.278298 #20684]  INFO -- : Command :: identify -format '%wx%h,%[exif:orientation]' '/tmp/b00320140216-20684-1iqalax20140216-20684-utkaez20140216-20684-dfy9e9[0]'
I, [2014-02-16T12:00:48.315130 #24190]  INFO -- : Command :: identify -format %m '/tmp/b00420140216-24190-1vryb4s20140216-24190-1ej90q920140216-24190-qegxz2[0]'
I, [2014-02-16T12:00:48.347288 #24212]  INFO -- : Command :: identify -format %m '/tmp/DSC_008720140216-24212-12juphx20140216-24212-1riy1xu20140216-24212-ylaoh2[0]'
I, [2014-02-16T12:00:48.404554 #24212]  INFO -- : Command :: identify -format %m '/tmp/DSC_008720140216-24212-12juphx20140216-24212-1riy1xu20140216-24212-ylaoh2[0]'
I, [2014-02-16T12:00:48.461225 #24212]  INFO -- : Command :: convert '/tmp/DSC_008720140216-24212-12juphx20140216-24212-1riy1xu20140216-24212-ylaoh2[0]' -auto-orient -resize "1500x1500>" '/tmp/DSC_008720140216-24212-12juphx20140216-24212-1riy1xu20140216-24212-ylaoh220140216-24212-1iprlio'
I, [2014-02-16T12:00:48.492596 #24190]  INFO -- : Command :: convert '/tmp/b00420140216-24190-1vryb4s20140216-24190-1ej90q920140216-24190-qegxz2[0]' -auto-orient -resize "100x100>" '/tmp/b00420140216-24190-1vryb4s20140216-24190-1ej90q920140216-24190-qegxz220140216-24190-1rra963'
I, [2014-02-16T12:00:48.494141 #20684]  INFO -- : Command :: identify -format %m '/tmp/b00320140216-20684-1iqalax20140216-20684-utkaez20140216-20684-dfy9e9[0]'
I, [2014-02-16T12:00:48.640088 #20684]  INFO -- : Command :: identify -format %m '/tmp/b00320140216-20684-1iqalax20140216-20684-utkaez20140216-20684-dfy9e9[0]'
I, [2014-02-16T12:00:48.788352 #24190]  INFO -- : Command :: file -b --mime '/tmp/b00420140216-24190-1vryb4s20140216-24190-1ej90q920140216-24190-qegxz220140216-24190-1rra963'
I, [2014-02-16T12:00:48.808770 #24212]  INFO -- : Command :: file -b --mime '/tmp/DSC_008720140216-24212-12juphx20140216-24212-1riy1xu20140216-24212-ylaoh220140216-24212-1iprlio'
I, [2014-02-16T12:00:48.854136 #20684]  INFO -- : Command :: identify -format %m '/tmp/b00320140216-20684-1iqalax20140216-20684-utkaez20140216-20684-dfy9e9[0]'
I, [2014-02-16T12:00:48.947743 #24212]  INFO -- : Command :: identify -format '%wx%h,%[exif:orientation]' '/tmp/DSC_008720140216-24212-12juphx20140216-24212-1riy1xu20140216-24212-ylaoh2[0]'
I, [2014-02-16T12:00:48.987553 #24190]  INFO -- :   Rendered uploads/create.js.erb (0.2ms)
I, [2014-02-16T12:00:48.988353 #24190]  INFO -- : Completed 200 OK in 6660ms (Views: 2.2ms | ActiveRecord: 2.5ms)
I, [2014-02-16T12:00:49.105132 #24212]  INFO -- : Command :: identify -format %m '/tmp/DSC_008720140216-24212-12juphx20140216-24212-1riy1xu20140216-24212-ylaoh2[0]'
I, [2014-02-16T12:00:49.116168 #20684]  INFO -- : Command :: convert '/tmp/b00320140216-20684-1iqalax20140216-20684-utkaez20140216-20684-dfy9e9[0]' -auto-orient -resize "100x100>" '/tmp/b00320140216-20684-1iqalax20140216-20684-utkaez20140216-20684-dfy9e920140216-20684-1wpaxfi'
I, [2014-02-16T12:00:49.232058 #24212]  INFO -- : Command :: identify -format %m '/tmp/DSC_008720140216-24212-12juphx20140216-24212-1riy1xu20140216-24212-ylaoh2[0]'
I, [2014-02-16T12:00:49.351909 #24212]  INFO -- : Command :: identify -format %m '/tmp/DSC_008720140216-24212-12juphx20140216-24212-1riy1xu20140216-24212-ylaoh2[0]'
I, [2014-02-16T12:00:49.501675 #20684]  INFO -- : Command :: file -b --mime '/tmp/b00320140216-20684-1iqalax20140216-20684-utkaez20140216-20684-dfy9e920140216-20684-1wpaxfi'
I, [2014-02-16T12:00:49.604298 #24212]  INFO -- : Command :: convert '/tmp/DSC_008720140216-24212-12juphx20140216-24212-1riy1xu20140216-24212-ylaoh2[0]' -auto-orient -resize "300x300>" '/tmp/DSC_008720140216-24212-12juphx20140216-24212-1riy1xu20140216-24212-ylaoh220140216-24212-wntk1c'
I, [2014-02-16T12:00:49.611810 #20684]  INFO -- :   Rendered uploads/create.js.erb (0.2ms)
I, [2014-02-16T12:00:49.661121 #20684]  INFO -- : Completed 200 OK in 7286ms (Views: 50.9ms | ActiveRecord: 9.8ms)
I, [2014-02-16T12:00:49.888050 #24212]  INFO -- : Command :: file -b --mime '/tmp/DSC_008720140216-24212-12juphx20140216-24212-1riy1xu20140216-24212-ylaoh220140216-24212-wntk1c'
I, [2014-02-16T12:00:50.037588 #24212]  INFO -- : Command :: identify -format '%wx%h,%[exif:orientation]' '/tmp/DSC_008720140216-24212-12juphx20140216-24212-1riy1xu20140216-24212-ylaoh2[0]'
I, [2014-02-16T12:00:50.122231 #24212]  INFO -- : Command :: identify -format %m '/tmp/DSC_008720140216-24212-12juphx20140216-24212-1riy1xu20140216-24212-ylaoh2[0]'
I, [2014-02-16T12:00:50.178607 #24212]  INFO -- : Command :: identify -format %m '/tmp/DSC_008720140216-24212-12juphx20140216-24212-1riy1xu20140216-24212-ylaoh2[0]'
I, [2014-02-16T12:00:50.356613 #24212]  INFO -- : Command :: identify -format %m '/tmp/DSC_008720140216-24212-12juphx20140216-24212-1riy1xu20140216-24212-ylaoh2[0]'
I, [2014-02-16T12:00:50.430582 #24212]  INFO -- : Command :: convert '/tmp/DSC_008720140216-24212-12juphx20140216-24212-1riy1xu20140216-24212-ylaoh2[0]' -auto-orient -resize "200x200>" '/tmp/DSC_008720140216-24212-12juphx20140216-24212-1riy1xu20140216-24212-ylaoh220140216-24212-1ppstm2'
I, [2014-02-16T12:00:50.702163 #24212]  INFO -- : Command :: file -b --mime '/tmp/DSC_008720140216-24212-12juphx20140216-24212-1riy1xu20140216-24212-ylaoh220140216-24212-1ppstm2'
I, [2014-02-16T12:00:50.866680 #24212]  INFO -- : Command :: identify -format '%wx%h,%[exif:orientation]' '/tmp/DSC_008720140216-24212-12juphx20140216-24212-1riy1xu20140216-24212-ylaoh2[0]'
I, [2014-02-16T12:00:51.017654 #24212]  INFO -- : Command :: identify -format %m '/tmp/DSC_008720140216-24212-12juphx20140216-24212-1riy1xu20140216-24212-ylaoh2[0]'
I, [2014-02-16T12:00:51.157781 #24212]  INFO -- : Command :: identify -format %m '/tmp/DSC_008720140216-24212-12juphx20140216-24212-1riy1xu20140216-24212-ylaoh2[0]'
I, [2014-02-16T12:00:51.335467 #24212]  INFO -- : Command :: identify -format %m '/tmp/DSC_008720140216-24212-12juphx20140216-24212-1riy1xu20140216-24212-ylaoh2[0]'
I, [2014-02-16T12:00:51.558237 #24212]  INFO -- : Command :: convert '/tmp/DSC_008720140216-24212-12juphx20140216-24212-1riy1xu20140216-24212-ylaoh2[0]' -auto-orient -resize "100x100>" '/tmp/DSC_008720140216-24212-12juphx20140216-24212-1riy1xu20140216-24212-ylaoh220140216-24212-1hokan5'
I, [2014-02-16T12:00:51.976823 #24212]  INFO -- : Command :: file -b --mime '/tmp/DSC_008720140216-24212-12juphx20140216-24212-1riy1xu20140216-24212-ylaoh220140216-24212-1hokan5'
I, [2014-02-16T12:00:52.075175 #24212]  INFO -- :   Rendered uploads/create.js.erb (0.2ms)
I, [2014-02-16T12:00:52.088565 #24212]  INFO -- : Completed 200 OK in 5099ms (Views: 32.4ms | ActiveRecord: 4.7ms)
I, [2014-02-16T12:00:52.558973 #24212]  INFO -- : Started POST "/uploads" for 173.20.13.62 at 2014-02-16 12:00:52 +0000
I, [2014-02-16T12:00:52.587385 #24212]  INFO -- : Processing by UploadsController#create as JS
I, [2014-02-16T12:00:52.587612 #24212]  INFO -- :   Parameters: {"utf8"=>"", "authenticity_token"=>"82XP1X4ziHURZVuaUCeMQsHtW1R7txI2KZe14DSpuIs=", "upload"=>{"product_id"=>"", "uploaded_file"=>#<ActionDispatch::Http::UploadedFile:0x00000002aacfb0 @tempfile=#<Tempfile:/tmp/RackMultipart20140216-24212-1yjr3uj>, @original_filename="DSC_0089.JPG", @content_type="image/jpeg", @headers="Content-Disposition: form-data; name=\"upload[uploaded_file]\"; filename=\"DSC_0089.JPG\"\r\nContent-Type: image/jpeg\r\n">}}
I, [2014-02-16T12:00:52.598345 #24212]  INFO -- : Command :: identify -format '%wx%h,%[exif:orientation]' '/tmp/DSC_008920140216-24212-rs0aus.JPG[0]'
I, [2014-02-16T12:00:52.872268 #24212]  INFO -- : Command :: identify -format %m '/tmp/DSC_008920140216-24212-rs0aus.JPG[0]'
I, [2014-02-16T12:00:53.009996 #24212]  INFO -- : Command :: identify -format %m '/tmp/DSC_008920140216-24212-rs0aus.JPG[0]'
I, [2014-02-16T12:00:53.230865 #24212]  INFO -- : Command :: identify -format %m '/tmp/DSC_008920140216-24212-rs0aus.JPG[0]'
I, [2014-02-16T12:00:53.461554 #24212]  INFO -- : Command :: convert '/tmp/DSC_008920140216-24212-rs0aus.JPG[0]' -auto-orient -resize "4000x4000>" '/tmp/DSC_008920140216-24212-rs0aus20140216-24212-1oe1utd'
I, [2014-02-16T12:00:53.771795 #24212]  INFO -- : Command :: file -b --mime '/tmp/DSC_008920140216-24212-rs0aus20140216-24212-1oe1utd'
I, [2014-02-16T12:00:53.864518 #24212]  INFO -- : Command :: identify -format '%wx%h,%[exif:orientation]' '/tmp/DSC_008920140216-24212-rs0aus20140216-24212-1oe1utd20140216-24212-1iw73ez[0]'
I, [2014-02-16T12:00:54.047383 #24212]  INFO -- : Command :: identify -format %m '/tmp/DSC_008920140216-24212-rs0aus20140216-24212-1oe1utd20140216-24212-1iw73ez[0]'
I, [2014-02-16T12:00:54.053022 #20684]  INFO -- : Started POST "/uploads" for 173.20.13.62 at 2014-02-16 12:00:54 +0000
I, [2014-02-16T12:00:54.056619 #20684]  INFO -- : Processing by UploadsController#create as JS
I, [2014-02-16T12:00:54.056868 #20684]  INFO -- :   Parameters: {"utf8"=>"", "authenticity_token"=>"82XP1X4ziHURZVuaUCeMQsHtW1R7txI2KZe14DSpuIs=", "upload"=>{"product_id"=>"", "uploaded_file"=>#<ActionDispatch::Http::UploadedFile:0x00000004f803a0 @tempfile=#<Tempfile:/tmp/RackMultipart20140216-20684-12u51i4>, @original_filename="DSC_0090.JPG", @content_type="image/jpeg", @headers="Content-Disposition: form-data; name=\"upload[uploaded_file]\"; filename=\"DSC_0090.JPG\"\r\nContent-Type: image/jpeg\r\n">}}
I, [2014-02-16T12:00:54.085357 #20684]  INFO -- : Command :: identify -format '%wx%h,%[exif:orientation]' '/tmp/DSC_009020140216-20684-1f5vz1o.JPG[0]'
I, [2014-02-16T12:00:54.115099 #24212]  INFO -- : Command :: identify -format %m '/tmp/DSC_008920140216-24212-rs0aus20140216-24212-1oe1utd20140216-24212-1iw73ez[0]'
I, [2014-02-16T12:00:54.133056 #24202]  INFO -- : Started POST "/uploads" for 173.20.13.62 at 2014-02-16 12:00:54 +0000
I, [2014-02-16T12:00:54.136595 #24202]  INFO -- : Processing by UploadsController#create as JS
I, [2014-02-16T12:00:54.136864 #24202]  INFO -- :   Parameters: {"utf8"=>"", "authenticity_token"=>"82XP1X4ziHURZVuaUCeMQsHtW1R7txI2KZe14DSpuIs=", "upload"=>{"product_id"=>"", "uploaded_file"=>#<ActionDispatch::Http::UploadedFile:0x00000004faaf60 @tempfile=#<Tempfile:/tmp/RackMultipart20140216-24202-1s6et7d>, @original_filename="DSC_0088.JPG", @content_type="image/jpeg", @headers="Content-Disposition: form-data; name=\"upload[uploaded_file]\"; filename=\"DSC_0088.JPG\"\r\nContent-Type: image/jpeg\r\n">}}
I, [2014-02-16T12:00:54.148253 #24202]  INFO -- : Command :: identify -format '%wx%h,%[exif:orientation]' '/tmp/DSC_008820140216-24202-1rt1erd.JPG[0]'
I, [2014-02-16T12:00:54.281035 #20684]  INFO -- : Command :: identify -format %m '/tmp/DSC_009020140216-20684-1f5vz1o.JPG[0]'
I, [2014-02-16T12:00:54.315048 #24202]  INFO -- : Command :: identify -format %m '/tmp/DSC_008820140216-24202-1rt1erd.JPG[0]'
I, [2014-02-16T12:00:54.331380 #24212]  INFO -- : Command :: identify -format %m '/tmp/DSC_008920140216-24212-rs0aus20140216-24212-1oe1utd20140216-24212-1iw73ez[0]'
I, [2014-02-16T12:00:54.423376 #24212]  INFO -- : Command :: convert '/tmp/DSC_008920140216-24212-rs0aus20140216-24212-1oe1utd20140216-24212-1iw73ez[0]' -auto-orient -resize "1500x1500>" '/tmp/DSC_008920140216-24212-rs0aus20140216-24212-1oe1utd20140216-24212-1iw73ez20140216-24212-19wqn4m'
I, [2014-02-16T12:00:54.497787 #20684]  INFO -- : Command :: identify -format %m '/tmp/DSC_009020140216-20684-1f5vz1o.JPG[0]'
I, [2014-02-16T12:00:54.536689 #24202]  INFO -- : Command :: identify -format %m '/tmp/DSC_008820140216-24202-1rt1erd.JPG[0]'
I, [2014-02-16T12:00:54.670755 #24202]  INFO -- : Command :: identify -format %m '/tmp/DSC_008820140216-24202-1rt1erd.JPG[0]'
I, [2014-02-16T12:00:54.671375 #20684]  INFO -- : Command :: identify -format %m '/tmp/DSC_009020140216-20684-1f5vz1o.JPG[0]'
I, [2014-02-16T12:00:54.783397 #24202]  INFO -- : Command :: convert '/tmp/DSC_008820140216-24202-1rt1erd.JPG[0]' -auto-orient -resize "4000x4000>" '/tmp/DSC_008820140216-24202-1rt1erd20140216-24202-g4n65r'
I, [2014-02-16T12:00:54.819581 #24212]  INFO -- : Command :: file -b --mime '/tmp/DSC_008920140216-24212-rs0aus20140216-24212-1oe1utd20140216-24212-1iw73ez20140216-24212-19wqn4m'
I, [2014-02-16T12:00:54.899500 #20684]  INFO -- : Command :: convert '/tmp/DSC_009020140216-20684-1f5vz1o.JPG[0]' -auto-orient -resize "4000x4000>" '/tmp/DSC_009020140216-20684-1f5vz1o20140216-20684-1d758g9'
I, [2014-02-16T12:00:54.911165 #24212]  INFO -- : Command :: identify -format '%wx%h,%[exif:orientation]' '/tmp/DSC_008920140216-24212-rs0aus20140216-24212-1oe1utd20140216-24212-1iw73ez[0]'
I, [2014-02-16T12:00:55.097588 #24212]  INFO -- : Command :: identify -format %m '/tmp/DSC_008920140216-24212-rs0aus20140216-24212-1oe1utd20140216-24212-1iw73ez[0]'
I, [2014-02-16T12:00:55.239120 #24202]  INFO -- : Command :: file -b --mime '/tmp/DSC_008820140216-24202-1rt1erd20140216-24202-g4n65r'
I, [2014-02-16T12:00:55.346902 #20684]  INFO -- : Command :: file -b --mime '/tmp/DSC_009020140216-20684-1f5vz1o20140216-20684-1d758g9'
I, [2014-02-16T12:00:55.351958 #24212]  INFO -- : Command :: identify -format %m '/tmp/DSC_008920140216-24212-rs0aus20140216-24212-1oe1utd20140216-24212-1iw73ez[0]'
I, [2014-02-16T12:00:55.415083 #24202]  INFO -- : Command :: identify -format '%wx%h,%[exif:orientation]' '/tmp/DSC_008820140216-24202-1rt1erd20140216-24202-g4n65r20140216-24202-he8bcg[0]'
I, [2014-02-16T12:00:55.465828 #24212]  INFO -- : Command :: identify -format %m '/tmp/DSC_008920140216-24212-rs0aus20140216-24212-1oe1utd20140216-24212-1iw73ez[0]'
I, [2014-02-16T12:00:55.482901 #20684]  INFO -- : Command :: identify -format '%wx%h,%[exif:orientation]' '/tmp/DSC_009020140216-20684-1f5vz1o20140216-20684-1d758g920140216-20684-c3idod[0]'
I, [2014-02-16T12:00:55.555985 #24202]  INFO -- : Command :: identify -format %m '/tmp/DSC_008820140216-24202-1rt1erd20140216-24202-g4n65r20140216-24202-he8bcg[0]'
I, [2014-02-16T12:00:55.624349 #20684]  INFO -- : Command :: identify -format %m '/tmp/DSC_009020140216-20684-1f5vz1o20140216-20684-1d758g920140216-20684-c3idod[0]'
I, [2014-02-16T12:00:55.713433 #20684]  INFO -- : Command :: identify -format %m '/tmp/DSC_009020140216-20684-1f5vz1o20140216-20684-1d758g920140216-20684-c3idod[0]'
I, [2014-02-16T12:00:55.771953 #24212]  INFO -- : Command :: convert '/tmp/DSC_008920140216-24212-rs0aus20140216-24212-1oe1utd20140216-24212-1iw73ez[0]' -auto-orient -resize "300x300>" '/tmp/DSC_008920140216-24212-rs0aus20140216-24212-1oe1utd20140216-24212-1iw73ez20140216-24212-1ozyb71'
I, [2014-02-16T12:00:55.779485 #24202]  INFO -- : Command :: identify -format %m '/tmp/DSC_008820140216-24202-1rt1erd20140216-24202-g4n65r20140216-24202-he8bcg[0]'
I, [2014-02-16T12:00:55.853233 #20684]  INFO -- : Command :: identify -format %m '/tmp/DSC_009020140216-20684-1f5vz1o20140216-20684-1d758g920140216-20684-c3idod[0]'
I, [2014-02-16T12:00:55.889370 #24202]  INFO -- : Command :: identify -format %m '/tmp/DSC_008820140216-24202-1rt1erd20140216-24202-g4n65r20140216-24202-he8bcg[0]'
I, [2014-02-16T12:00:55.993242 #24202]  INFO -- : Command :: convert '/tmp/DSC_008820140216-24202-1rt1erd20140216-24202-g4n65r20140216-24202-he8bcg[0]' -auto-orient -resize "1500x1500>" '/tmp/DSC_008820140216-24202-1rt1erd20140216-24202-g4n65r20140216-24202-he8bcg20140216-24202-8ya24a'
I, [2014-02-16T12:00:56.062311 #20684]  INFO -- : Command :: convert '/tmp/DSC_009020140216-20684-1f5vz1o20140216-20684-1d758g920140216-20684-c3idod[0]' -auto-orient -resize "1500x1500>" '/tmp/DSC_009020140216-20684-1f5vz1o20140216-20684-1d758g920140216-20684-c3idod20140216-20684-1gui5ls'
I, [2014-02-16T12:00:56.171086 #24212]  INFO -- : Command :: file -b --mime '/tmp/DSC_008920140216-24212-rs0aus20140216-24212-1oe1utd20140216-24212-1iw73ez20140216-24212-1ozyb71'
I, [2014-02-16T12:00:56.378565 #24212]  INFO -- : Command :: identify -format '%wx%h,%[exif:orientation]' '/tmp/DSC_008920140216-24212-rs0aus20140216-24212-1oe1utd20140216-24212-1iw73ez[0]'
I, [2014-02-16T12:00:56.496457 #24212]  INFO -- : Command :: identify -format %m '/tmp/DSC_008920140216-24212-rs0aus20140216-24212-1oe1utd20140216-24212-1iw73ez[0]'
I, [2014-02-16T12:00:56.532566 #20684]  INFO -- : Command :: file -b --mime '/tmp/DSC_009020140216-20684-1f5vz1o20140216-20684-1d758g920140216-20684-c3idod20140216-20684-1gui5ls'
I, [2014-02-16T12:00:56.568488 #24202]  INFO -- : Command :: file -b --mime '/tmp/DSC_008820140216-24202-1rt1erd20140216-24202-g4n65r20140216-24202-he8bcg20140216-24202-8ya24a'
I, [2014-02-16T12:00:56.586317 #24212]  INFO -- : Command :: identify -format %m '/tmp/DSC_008920140216-24212-rs0aus20140216-24212-1oe1utd20140216-24212-1iw73ez[0]'
I, [2014-02-16T12:00:56.649242 #24202]  INFO -- : Command :: identify -format '%wx%h,%[exif:orientation]' '/tmp/DSC_008820140216-24202-1rt1erd20140216-24202-g4n65r20140216-24202-he8bcg[0]'
I, [2014-02-16T12:00:56.708262 #24212]  INFO -- : Command :: identify -format %m '/tmp/DSC_008920140216-24212-rs0aus20140216-24212-1oe1utd20140216-24212-1iw73ez[0]'
I, [2014-02-16T12:00:56.765987 #20684]  INFO -- : Command :: identify -format '%wx%h,%[exif:orientation]' '/tmp/DSC_009020140216-20684-1f5vz1o20140216-20684-1d758g920140216-20684-c3idod[0]'
I, [2014-02-16T12:00:56.920191 #24202]  INFO -- : Command :: identify -format %m '/tmp/DSC_008820140216-24202-1rt1erd20140216-24202-g4n65r20140216-24202-he8bcg[0]'
I, [2014-02-16T12:00:56.921117 #24212]  INFO -- : Command :: convert '/tmp/DSC_008920140216-24212-rs0aus20140216-24212-1oe1utd20140216-24212-1iw73ez[0]' -auto-orient -resize "200x200>" '/tmp/DSC_008920140216-24212-rs0aus20140216-24212-1oe1utd20140216-24212-1iw73ez20140216-24212-1wyqis6'
I, [2014-02-16T12:00:56.975457 #20684]  INFO -- : Command :: identify -format %m '/tmp/DSC_009020140216-20684-1f5vz1o20140216-20684-1d758g920140216-20684-c3idod[0]'
I, [2014-02-16T12:00:57.040256 #24202]  INFO -- : Command :: identify -format %m '/tmp/DSC_008820140216-24202-1rt1erd20140216-24202-g4n65r20140216-24202-he8bcg[0]'
I, [2014-02-16T12:00:57.151763 #20684]  INFO -- : Command :: identify -format %m '/tmp/DSC_009020140216-20684-1f5vz1o20140216-20684-1d758g920140216-20684-c3idod[0]'
I, [2014-02-16T12:00:57.195056 #24202]  INFO -- : Command :: identify -format %m '/tmp/DSC_008820140216-24202-1rt1erd20140216-24202-g4n65r20140216-24202-he8bcg[0]'
I, [2014-02-16T12:00:57.196287 #24190]  INFO -- : Started POST "/uploads" for 173.20.13.62 at 2014-02-16 12:00:57 +0000
I, [2014-02-16T12:00:57.199695 #24190]  INFO -- : Processing by UploadsController#create as JS
I, [2014-02-16T12:00:57.199952 #24190]  INFO -- :   Parameters: {"utf8"=>"", "authenticity_token"=>"82XP1X4ziHURZVuaUCeMQsHtW1R7txI2KZe14DSpuIs=", "upload"=>{"product_id"=>"", "uploaded_file"=>#<ActionDispatch::Http::UploadedFile:0x0000000458cc18 @tempfile=#<Tempfile:/tmp/RackMultipart20140216-24190-7gfqff>, @original_filename="DSC_0091.JPG", @content_type="image/jpeg", @headers="Content-Disposition: form-data; name=\"upload[uploaded_file]\"; filename=\"DSC_0091.JPG\"\r\nContent-Type: image/jpeg\r\n">}}
I, [2014-02-16T12:00:57.212152 #24190]  INFO -- : Command :: identify -format '%wx%h,%[exif:orientation]' '/tmp/DSC_009120140216-24190-19avj5z.JPG[0]'
I, [2014-02-16T12:00:57.268066 #24212]  INFO -- : Command :: file -b --mime '/tmp/DSC_008920140216-24212-rs0aus20140216-24212-1oe1utd20140216-24212-1iw73ez20140216-24212-1wyqis6'
I, [2014-02-16T12:00:57.325859 #24202]  INFO -- : Command :: convert '/tmp/DSC_008820140216-24202-1rt1erd20140216-24202-g4n65r20140216-24202-he8bcg[0]' -auto-orient -resize "300x300>" '/tmp/DSC_008820140216-24202-1rt1erd20140216-24202-g4n65r20140216-24202-he8bcg20140216-24202-m9d30k'
I, [2014-02-16T12:00:57.328009 #20684]  INFO -- : Command :: identify -format %m '/tmp/DSC_009020140216-20684-1f5vz1o20140216-20684-1d758g920140216-20684-c3idod[0]'
I, [2014-02-16T12:00:57.407605 #20684]  INFO -- : Command :: convert '/tmp/DSC_009020140216-20684-1f5vz1o20140216-20684-1d758g920140216-20684-c3idod[0]' -auto-orient -resize "300x300>" '/tmp/DSC_009020140216-20684-1f5vz1o20140216-20684-1d758g920140216-20684-c3idod20140216-20684-1i2rffk'
I, [2014-02-16T12:00:57.423722 #24212]  INFO -- : Command :: identify -format '%wx%h,%[exif:orientation]' '/tmp/DSC_008920140216-24212-rs0aus20140216-24212-1oe1utd20140216-24212-1iw73ez[0]'
I, [2014-02-16T12:00:57.485211 #24190]  INFO -- : Command :: identify -format %m '/tmp/DSC_009120140216-24190-19avj5z.JPG[0]'
I, [2014-02-16T12:00:57.636089 #24190]  INFO -- : Command :: identify -format %m '/tmp/DSC_009120140216-24190-19avj5z.JPG[0]'
I, [2014-02-16T12:00:57.667707 #24173]  INFO -- : Started POST "/uploads" for 173.20.13.62 at 2014-02-16 12:00:57 +0000
I, [2014-02-16T12:00:57.682244 #24173]  INFO -- : Processing by UploadsController#create as JS
I, [2014-02-16T12:00:57.682466 #24173]  INFO -- :   Parameters: {"utf8"=>"", "authenticity_token"=>"82XP1X4ziHURZVuaUCeMQsHtW1R7txI2KZe14DSpuIs=", "upload"=>{"product_id"=>"", "uploaded_file"=>#<ActionDispatch::Http::UploadedFile:0x00000005043e68 @tempfile=#<Tempfile:/tmp/RackMultipart20140216-24173-1lix12s>, @original_filename="DSC_0092.JPG", @content_type="image/jpeg", @headers="Content-Disposition: form-data; name=\"upload[uploaded_file]\"; filename=\"DSC_0092.JPG\"\r\nContent-Type: image/jpeg\r\n">}}
I, [2014-02-16T12:00:57.742899 #24173]  INFO -- : Command :: identify -format '%wx%h,%[exif:orientation]' '/tmp/DSC_009220140216-24173-1n23fh2.JPG[0]'
I, [2014-02-16T12:00:57.745985 #24212]  INFO -- : Command :: identify -format %m '/tmp/DSC_008920140216-24212-rs0aus20140216-24212-1oe1utd20140216-24212-1iw73ez[0]'
I, [2014-02-16T12:00:57.796605 #24190]  INFO -- : Command :: identify -format %m '/tmp/DSC_009120140216-24190-19avj5z.JPG[0]'
I, [2014-02-16T12:00:57.833765 #20684]  INFO -- : Command :: file -b --mime '/tmp/DSC_009020140216-20684-1f5vz1o20140216-20684-1d758g920140216-20684-c3idod20140216-20684-1i2rffk'
I, [2014-02-16T12:00:57.921833 #24212]  INFO -- : Command :: identify -format %m '/tmp/DSC_008920140216-24212-rs0aus20140216-24212-1oe1utd20140216-24212-1iw73ez[0]'
I, [2014-02-16T12:00:57.995037 #24190]  INFO -- : Command :: convert '/tmp/DSC_009120140216-24190-19avj5z.JPG[0]' -auto-orient -resize "4000x4000>" '/tmp/DSC_009120140216-24190-19avj5z20140216-24190-1ajga01'
I, [2014-02-16T12:00:58.063898 #24202]  INFO -- : Command :: file -b --mime '/tmp/DSC_008820140216-24202-1rt1erd20140216-24202-g4n65r20140216-24202-he8bcg20140216-24202-m9d30k'
I, [2014-02-16T12:00:58.069607 #24173]  INFO -- : Command :: identify -format %m '/tmp/DSC_009220140216-24173-1n23fh2.JPG[0]'
I, [2014-02-16T12:00:58.072320 #20684]  INFO -- : Command :: identify -format '%wx%h,%[exif:orientation]' '/tmp/DSC_009020140216-20684-1f5vz1o20140216-20684-1d758g920140216-20684-c3idod[0]'
I, [2014-02-16T12:00:58.120403 #24212]  INFO -- : Command :: identify -format %m '/tmp/DSC_008920140216-24212-rs0aus20140216-24212-1oe1utd20140216-24212-1iw73ez[0]'
I, [2014-02-16T12:00:58.170828 #24173]  INFO -- : Command :: identify -format %m '/tmp/DSC_009220140216-24173-1n23fh2.JPG[0]'
I, [2014-02-16T12:00:58.215708 #24202]  INFO -- : Command :: identify -format '%wx%h,%[exif:orientation]' '/tmp/DSC_008820140216-24202-1rt1erd20140216-24202-g4n65r20140216-24202-he8bcg[0]'
I, [2014-02-16T12:00:58.325220 #24202]  INFO -- : Command :: identify -format %m '/tmp/DSC_008820140216-24202-1rt1erd20140216-24202-g4n65r20140216-24202-he8bcg[0]'
I, [2014-02-16T12:00:58.452946 #20684]  INFO -- : Command :: identify -format %m '/tmp/DSC_009020140216-20684-1f5vz1o20140216-20684-1d758g920140216-20684-c3idod[0]'
I, [2014-02-16T12:00:58.455203 #24212]  INFO -- : Command :: convert '/tmp/DSC_008920140216-24212-rs0aus20140216-24212-1oe1utd20140216-24212-1iw73ez[0]' -auto-orient -resize "100x100>" '/tmp/DSC_008920140216-24212-rs0aus20140216-24212-1oe1utd20140216-24212-1iw73ez20140216-24212-11w8hh3'
I, [2014-02-16T12:00:58.462666 #24173]  INFO -- : Command :: identify -format %m '/tmp/DSC_009220140216-24173-1n23fh2.JPG[0]'
I, [2014-02-16T12:00:58.470788 #24190]  INFO -- : Command :: file -b --mime '/tmp/DSC_009120140216-24190-19avj5z20140216-24190-1ajga01'
I, [2014-02-16T12:00:58.498811 #24202]  INFO -- : Command :: identify -format %m '/tmp/DSC_008820140216-24202-1rt1erd20140216-24202-g4n65r20140216-24202-he8bcg[0]'
I, [2014-02-16T12:00:58.588673 #20684]  INFO -- : Command :: identify -format %m '/tmp/DSC_009020140216-20684-1f5vz1o20140216-20684-1d758g920140216-20684-c3idod[0]'
I, [2014-02-16T12:00:58.607220 #24190]  INFO -- : Command :: identify -format '%wx%h,%[exif:orientation]' '/tmp/DSC_009120140216-24190-19avj5z20140216-24190-1ajga0120140216-24190-1whikuw[0]'
I, [2014-02-16T12:00:58.650337 #24202]  INFO -- : Command :: identify -format %m '/tmp/DSC_008820140216-24202-1rt1erd20140216-24202-g4n65r20140216-24202-he8bcg[0]'
I, [2014-02-16T12:00:59.043119 #20684]  INFO -- : Command :: identify -format %m '/tmp/DSC_009020140216-20684-1f5vz1o20140216-20684-1d758g920140216-20684-c3idod[0]'
I, [2014-02-16T12:00:59.050931 #24212]  INFO -- : Command :: file -b --mime '/tmp/DSC_008920140216-24212-rs0aus20140216-24212-1oe1utd20140216-24212-1iw73ez20140216-24212-11w8hh3'
I, [2014-02-16T12:00:59.120411 #24202]  INFO -- : Command :: convert '/tmp/DSC_008820140216-24202-1rt1erd20140216-24202-g4n65r20140216-24202-he8bcg[0]' -auto-orient -resize "200x200>" '/tmp/DSC_008820140216-24202-1rt1erd20140216-24202-g4n65r20140216-24202-he8bcg20140216-24202-12d6997'
I, [2014-02-16T12:00:59.138289 #20684]  INFO -- : Command :: convert '/tmp/DSC_009020140216-20684-1f5vz1o20140216-20684-1d758g920140216-20684-c3idod[0]' -auto-orient -resize "200x200>" '/tmp/DSC_009020140216-20684-1f5vz1o20140216-20684-1d758g920140216-20684-c3idod20140216-20684-l27tw7'
I, [2014-02-16T12:00:59.202831 #24190]  INFO -- : Command :: identify -format %m '/tmp/DSC_009120140216-24190-19avj5z20140216-24190-1ajga0120140216-24190-1whikuw[0]'
I, [2014-02-16T12:00:59.258202 #24190]  INFO -- : Command :: identify -format %m '/tmp/DSC_009120140216-24190-19avj5z20140216-24190-1ajga0120140216-24190-1whikuw[0]'
I, [2014-02-16T12:00:59.306842 #24224]  INFO -- : Started POST "/uploads" for 173.20.13.62 at 2014-02-16 12:00:59 +0000
I, [2014-02-16T12:00:59.307775 #24212]  INFO -- :   Rendered uploads/create.js.erb (0.2ms)
I, [2014-02-16T12:00:59.310358 #24224]  INFO -- : Processing by UploadsController#create as JS
I, [2014-02-16T12:00:59.310546 #24224]  INFO -- :   Parameters: {"utf8"=>"", "authenticity_token"=>"82XP1X4ziHURZVuaUCeMQsHtW1R7txI2KZe14DSpuIs=", "upload"=>{"product_id"=>"", "uploaded_file"=>#<ActionDispatch::Http::UploadedFile:0x00000002c517a8 @tempfile=#<Tempfile:/tmp/RackMultipart20140216-24224-fy4i7i>, @original_filename="DSC_0093.JPG", @content_type="image/jpeg", @headers="Content-Disposition: form-data; name=\"upload[uploaded_file]\"; filename=\"DSC_0093.JPG\"\r\nContent-Type: image/jpeg\r\n">}}
I, [2014-02-16T12:00:59.310657 #24212]  INFO -- : Completed 200 OK in 6723ms (Views: 7.9ms | ActiveRecord: 16.3ms)
I, [2014-02-16T12:00:59.331229 #24173]  INFO -- : Command :: convert '/tmp/DSC_009220140216-24173-1n23fh2.JPG[0]' -auto-orient -resize "4000x4000>" '/tmp/DSC_009220140216-24173-1n23fh220140216-24173-1gs5kg3'
I, [2014-02-16T12:00:59.380366 #24224]  INFO -- : Command :: identify -format '%wx%h,%[exif:orientation]' '/tmp/DSC_009320140216-24224-5aiggk.JPG[0]'
I, [2014-02-16T12:00:59.451542 #24190]  INFO -- : Command :: identify -format %m '/tmp/DSC_009120140216-24190-19avj5z20140216-24190-1ajga0120140216-24190-1whikuw[0]'
I, [2014-02-16T12:00:59.633712 #24190]  INFO -- : Command :: convert '/tmp/DSC_009120140216-24190-19avj5z20140216-24190-1ajga0120140216-24190-1whikuw[0]' -auto-orient -resize "1500x1500>" '/tmp/DSC_009120140216-24190-19avj5z20140216-24190-1ajga0120140216-24190-1whikuw20140216-24190-1axhjoz'
I, [2014-02-16T12:00:59.650118 #24173]  INFO -- : Command :: file -b --mime '/tmp/DSC_009220140216-24173-1n23fh220140216-24173-1gs5kg3'
I, [2014-02-16T12:00:59.892733 #24202]  INFO -- : Command :: file -b --mime '/tmp/DSC_008820140216-24202-1rt1erd20140216-24202-g4n65r20140216-24202-he8bcg20140216-24202-12d6997'
I, [2014-02-16T12:00:59.901892 #24173]  INFO -- : Command :: identify -format '%wx%h,%[exif:orientation]' '/tmp/DSC_009220140216-24173-1n23fh220140216-24173-1gs5kg320140216-24173-fli0jp[0]'
I, [2014-02-16T12:00:59.977934 #20684]  INFO -- : Command :: file -b --mime '/tmp/DSC_009020140216-20684-1f5vz1o20140216-20684-1d758g920140216-20684-c3idod20140216-20684-l27tw7'
I, [2014-02-16T12:01:00.024221 #24202]  INFO -- : Command :: identify -format '%wx%h,%[exif:orientation]' '/tmp/DSC_008820140216-24202-1rt1erd20140216-24202-g4n65r20140216-24202-he8bcg[0]'
I, [2014-02-16T12:01:00.045874 #24224]  INFO -- : Command :: identify -format %m '/tmp/DSC_009320140216-24224-5aiggk.JPG[0]'
I, [2014-02-16T12:01:00.240571 #24224]  INFO -- : Command :: identify -format %m '/tmp/DSC_009320140216-24224-5aiggk.JPG[0]'
I, [2014-02-16T12:01:00.292028 #20684]  INFO -- : Command :: identify -format '%wx%h,%[exif:orientation]' '/tmp/DSC_009020140216-20684-1f5vz1o20140216-20684-1d758g920140216-20684-c3idod[0]'
I, [2014-02-16T12:01:00.328106 #24173]  INFO -- : Command :: identify -format %m '/tmp/DSC_009220140216-24173-1n23fh220140216-24173-1gs5kg320140216-24173-fli0jp[0]'
I, [2014-02-16T12:01:00.328607 #24190]  INFO -- : Command :: file -b --mime '/tmp/DSC_009120140216-24190-19avj5z20140216-24190-1ajga0120140216-24190-1whikuw20140216-24190-1axhjoz'
I, [2014-02-16T12:01:00.378164 #24224]  INFO -- : Command :: identify -format %m '/tmp/DSC_009320140216-24224-5aiggk.JPG[0]'
I, [2014-02-16T12:01:00.406883 #24202]  INFO -- : Command :: identify -format %m '/tmp/DSC_008820140216-24202-1rt1erd20140216-24202-g4n65r20140216-24202-he8bcg[0]'
I, [2014-02-16T12:01:00.483818 #24173]  INFO -- : Command :: identify -format %m '/tmp/DSC_009220140216-24173-1n23fh220140216-24173-1gs5kg320140216-24173-fli0jp[0]'
I, [2014-02-16T12:01:00.590402 #24224]  INFO -- : Command :: convert '/tmp/DSC_009320140216-24224-5aiggk.JPG[0]' -auto-orient -resize "4000x4000>" '/tmp/DSC_009320140216-24224-5aiggk20140216-24224-tslr6r'
I, [2014-02-16T12:01:00.591637 #24190]  INFO -- : Command :: identify -format '%wx%h,%[exif:orientation]' '/tmp/DSC_009120140216-24190-19avj5z20140216-24190-1ajga0120140216-24190-1whikuw[0]'
I, [2014-02-16T12:01:00.711067 #20684]  INFO -- : Command :: identify -format %m '/tmp/DSC_009020140216-20684-1f5vz1o20140216-20684-1d758g920140216-20684-c3idod[0]'
I, [2014-02-16T12:01:00.715774 #24202]  INFO -- : Command :: identify -format %m '/tmp/DSC_008820140216-24202-1rt1erd20140216-24202-g4n65r20140216-24202-he8bcg[0]'
I, [2014-02-16T12:01:00.735027 #24173]  INFO -- : Command :: identify -format %m '/tmp/DSC_009220140216-24173-1n23fh220140216-24173-1gs5kg320140216-24173-fli0jp[0]'
I, [2014-02-16T12:01:00.776736 #24190]  INFO -- : Command :: identify -format %m '/tmp/DSC_009120140216-24190-19avj5z20140216-24190-1ajga0120140216-24190-1whikuw[0]'
I, [2014-02-16T12:01:00.797618 #20684]  INFO -- : Command :: identify -format %m '/tmp/DSC_009020140216-20684-1f5vz1o20140216-20684-1d758g920140216-20684-c3idod[0]'
I, [2014-02-16T12:01:00.831661 #24173]  INFO -- : Command :: convert '/tmp/DSC_009220140216-24173-1n23fh220140216-24173-1gs5kg320140216-24173-fli0jp[0]' -auto-orient -resize "1500x1500>" '/tmp/DSC_009220140216-24173-1n23fh220140216-24173-1gs5kg320140216-24173-fli0jp20140216-24173-46bk77'
I, [2014-02-16T12:01:00.917073 #24202]  INFO -- : Command :: identify -format %m '/tmp/DSC_008820140216-24202-1rt1erd20140216-24202-g4n65r20140216-24202-he8bcg[0]'
I, [2014-02-16T12:01:00.991869 #24190]  INFO -- : Command :: identify -format %m '/tmp/DSC_009120140216-24190-19avj5z20140216-24190-1ajga0120140216-24190-1whikuw[0]'
I, [2014-02-16T12:01:01.113854 #24202]  INFO -- : Command :: convert '/tmp/DSC_008820140216-24202-1rt1erd20140216-24202-g4n65r20140216-24202-he8bcg[0]' -auto-orient -resize "100x100>" '/tmp/DSC_008820140216-24202-1rt1erd20140216-24202-g4n65r20140216-24202-he8bcg20140216-24202-v6twei'
I, [2014-02-16T12:01:01.164127 #24190]  INFO -- : Command :: identify -format %m '/tmp/DSC_009120140216-24190-19avj5z20140216-24190-1ajga0120140216-24190-1whikuw[0]'
I, [2014-02-16T12:01:01.178191 #20684]  INFO -- : Command :: identify -format %m '/tmp/DSC_009020140216-20684-1f5vz1o20140216-20684-1d758g920140216-20684-c3idod[0]'
I, [2014-02-16T12:01:01.222988 #24224]  INFO -- : Command :: file -b --mime '/tmp/DSC_009320140216-24224-5aiggk20140216-24224-tslr6r'
I, [2014-02-16T12:01:01.269397 #24173]  INFO -- : Command :: file -b --mime '/tmp/DSC_009220140216-24173-1n23fh220140216-24173-1gs5kg320140216-24173-fli0jp20140216-24173-46bk77'
I, [2014-02-16T12:01:01.682405 #24173]  INFO -- : Command :: identify -format '%wx%h,%[exif:orientation]' '/tmp/DSC_009220140216-24173-1n23fh220140216-24173-1gs5kg320140216-24173-fli0jp[0]'
I, [2014-02-16T12:01:01.682514 #24224]  INFO -- : Command :: identify -format '%wx%h,%[exif:orientation]' '/tmp/DSC_009320140216-24224-5aiggk20140216-24224-tslr6r20140216-24224-bczzkk[0]'
I, [2014-02-16T12:01:01.684543 #24190]  INFO -- : Command :: convert '/tmp/DSC_009120140216-24190-19avj5z20140216-24190-1ajga0120140216-24190-1whikuw[0]' -auto-orient -resize "300x300>" '/tmp/DSC_009120140216-24190-19avj5z20140216-24190-1ajga0120140216-24190-1whikuw20140216-24190-r6s4ym'
I, [2014-02-16T12:01:01.689072 #20684]  INFO -- : Command :: convert '/tmp/DSC_009020140216-20684-1f5vz1o20140216-20684-1d758g920140216-20684-c3idod[0]' -auto-orient -resize "100x100>" '/tmp/DSC_009020140216-20684-1f5vz1o20140216-20684-1d758g920140216-20684-c3idod20140216-20684-vf8ljl'
I, [2014-02-16T12:01:02.018359 #24202]  INFO -- : Command :: file -b --mime '/tmp/DSC_008820140216-24202-1rt1erd20140216-24202-g4n65r20140216-24202-he8bcg20140216-24202-v6twei'
I, [2014-02-16T12:01:02.024927 #24224]  INFO -- : Command :: identify -format %m '/tmp/DSC_009320140216-24224-5aiggk20140216-24224-tslr6r20140216-24224-bczzkk[0]'
I, [2014-02-16T12:01:02.051177 #24212]  INFO -- : Started POST "/uploads" for 173.20.13.62 at 2014-02-16 12:01:02 +0000
I, [2014-02-16T12:01:02.063164 #24212]  INFO -- : Processing by UploadsController#create as JS
I, [2014-02-16T12:01:02.089153 #24212]  INFO -- :   Parameters: {"utf8"=>"", "authenticity_token"=>"82XP1X4ziHURZVuaUCeMQsHtW1R7txI2KZe14DSpuIs=", "upload"=>{"product_id"=>"", "uploaded_file"=>#<ActionDispatch::Http::UploadedFile:0x00000005032898 @tempfile=#<Tempfile:/tmp/RackMultipart20140216-24212-78gh9u>, @original_filename="DSC_0094.JPG", @content_type="image/jpeg", @headers="Content-Disposition: form-data; name=\"upload[uploaded_file]\"; filename=\"DSC_0094.JPG\"\r\nContent-Type: image/jpeg\r\n">}}
I, [2014-02-16T12:01:02.195421 #24212]  INFO -- : Command :: identify -format '%wx%h,%[exif:orientation]' '/tmp/DSC_009420140216-24212-1pcax30.JPG[0]'
I, [2014-02-16T12:01:02.385460 #24202]  INFO -- :   Rendered uploads/create.js.erb (0.2ms)
I, [2014-02-16T12:01:02.386252 #24202]  INFO -- : Completed 200 OK in 8249ms (Views: 4.4ms | ActiveRecord: 2.7ms)
I, [2014-02-16T12:01:02.470789 #24173]  INFO -- : Command :: identify -format %m '/tmp/DSC_009220140216-24173-1n23fh220140216-24173-1gs5kg320140216-24173-fli0jp[0]'
I, [2014-02-16T12:01:02.488713 #24224]  INFO -- : Command :: identify -format %m '/tmp/DSC_009320140216-24224-5aiggk20140216-24224-tslr6r20140216-24224-bczzkk[0]'
I, [2014-02-16T12:01:02.698724 #24190]  INFO -- : Command :: file -b --mime '/tmp/DSC_009120140216-24190-19avj5z20140216-24190-1ajga0120140216-24190-1whikuw20140216-24190-r6s4ym'
I, [2014-02-16T12:01:02.702001 #20684]  INFO -- : Command :: file -b --mime '/tmp/DSC_009020140216-20684-1f5vz1o20140216-20684-1d758g920140216-20684-c3idod20140216-20684-vf8ljl'
I, [2014-02-16T12:01:02.824524 #24224]  INFO -- : Command :: identify -format %m '/tmp/DSC_009320140216-24224-5aiggk20140216-24224-tslr6r20140216-24224-bczzkk[0]'
I, [2014-02-16T12:01:02.849648 #24173]  INFO -- : Command :: identify -format %m '/tmp/DSC_009220140216-24173-1n23fh220140216-24173-1gs5kg320140216-24173-fli0jp[0]'
I, [2014-02-16T12:01:02.951579 #24212]  INFO -- : Command :: identify -format %m '/tmp/DSC_009420140216-24212-1pcax30.JPG[0]'
I, [2014-02-16T12:01:02.958053 #24190]  INFO -- : Command :: identify -format '%wx%h,%[exif:orientation]' '/tmp/DSC_009120140216-24190-19avj5z20140216-24190-1ajga0120140216-24190-1whikuw[0]'
I, [2014-02-16T12:01:02.997669 #24224]  INFO -- : Command :: convert '/tmp/DSC_009320140216-24224-5aiggk20140216-24224-tslr6r20140216-24224-bczzkk[0]' -auto-orient -resize "1500x1500>" '/tmp/DSC_009320140216-24224-5aiggk20140216-24224-tslr6r20140216-24224-bczzkk20140216-24224-18yxse8'
I, [2014-02-16T12:01:03.170499 #24173]  INFO -- : Command :: identify -format %m '/tmp/DSC_009220140216-24173-1n23fh220140216-24173-1gs5kg320140216-24173-fli0jp[0]'
I, [2014-02-16T12:01:03.436654 #24212]  INFO -- : Command :: identify -format %m '/tmp/DSC_009420140216-24212-1pcax30.JPG[0]'
I, [2014-02-16T12:01:03.458280 #24173]  INFO -- : Command :: convert '/tmp/DSC_009220140216-24173-1n23fh220140216-24173-1gs5kg320140216-24173-fli0jp[0]' -auto-orient -resize "300x300>" '/tmp/DSC_009220140216-24173-1n23fh220140216-24173-1gs5kg320140216-24173-fli0jp20140216-24173-1g76a8'
I, [2014-02-16T12:01:03.478656 #24190]  INFO -- : Command :: identify -format %m '/tmp/DSC_009120140216-24190-19avj5z20140216-24190-1ajga0120140216-24190-1whikuw[0]'
I, [2014-02-16T12:01:03.523080 #20684]  INFO -- :   Rendered uploads/create.js.erb (0.3ms)
I, [2014-02-16T12:01:03.523798 #20684]  INFO -- : Completed 200 OK in 9467ms (Views: 22.5ms | ActiveRecord: 30.9ms)
I, [2014-02-16T12:01:03.698979 #24190]  INFO -- : Command :: identify -format %m '/tmp/DSC_009120140216-24190-19avj5z20140216-24190-1ajga0120140216-24190-1whikuw[0]'
I, [2014-02-16T12:01:03.768827 #24212]  INFO -- : Command :: identify -format %m '/tmp/DSC_009420140216-24212-1pcax30.JPG[0]'
I, [2014-02-16T12:01:03.804672 #24224]  INFO -- : Command :: file -b --mime '/tmp/DSC_009320140216-24224-5aiggk20140216-24224-tslr6r20140216-24224-bczzkk20140216-24224-18yxse8'
I, [2014-02-16T12:01:03.869283 #24190]  INFO -- : Command :: identify -format %m '/tmp/DSC_009120140216-24190-19avj5z20140216-24190-1ajga0120140216-24190-1whikuw[0]'
I, [2014-02-16T12:01:03.879978 #24224]  INFO -- : Command :: identify -format '%wx%h,%[exif:orientation]' '/tmp/DSC_009320140216-24224-5aiggk20140216-24224-tslr6r20140216-24224-bczzkk[0]'
I, [2014-02-16T12:01:04.007208 #24212]  INFO -- : Command :: convert '/tmp/DSC_009420140216-24212-1pcax30.JPG[0]' -auto-orient -resize "4000x4000>" '/tmp/DSC_009420140216-24212-1pcax3020140216-24212-11xdqlb'
I, [2014-02-16T12:01:04.011337 #24173]  INFO -- : Command :: file -b --mime '/tmp/DSC_009220140216-24173-1n23fh220140216-24173-1gs5kg320140216-24173-fli0jp20140216-24173-1g76a8'
I, [2014-02-16T12:01:04.091395 #24190]  INFO -- : Command :: convert '/tmp/DSC_009120140216-24190-19avj5z20140216-24190-1ajga0120140216-24190-1whikuw[0]' -auto-orient -resize "200x200>" '/tmp/DSC_009120140216-24190-19avj5z20140216-24190-1ajga0120140216-24190-1whikuw20140216-24190-15uubaq'
I, [2014-02-16T12:01:04.109497 #24173]  INFO -- : Command :: identify -format '%wx%h,%[exif:orientation]' '/tmp/DSC_009220140216-24173-1n23fh220140216-24173-1gs5kg320140216-24173-fli0jp[0]'
I, [2014-02-16T12:01:04.185554 #24224]  INFO -- : Command :: identify -format %m '/tmp/DSC_009320140216-24224-5aiggk20140216-24224-tslr6r20140216-24224-bczzkk[0]'
I, [2014-02-16T12:01:04.243504 #24173]  INFO -- : Command :: identify -format %m '/tmp/DSC_009220140216-24173-1n23fh220140216-24173-1gs5kg320140216-24173-fli0jp[0]'
I, [2014-02-16T12:01:04.271797 #24224]  INFO -- : Command :: identify -format %m '/tmp/DSC_009320140216-24224-5aiggk20140216-24224-tslr6r20140216-24224-bczzkk[0]'
I, [2014-02-16T12:01:04.612256 #24173]  INFO -- : Command :: identify -format %m '/tmp/DSC_009220140216-24173-1n23fh220140216-24173-1gs5kg320140216-24173-fli0jp[0]'
I, [2014-02-16T12:01:04.671179 #24190]  INFO -- : Command :: file -b --mime '/tmp/DSC_009120140216-24190-19avj5z20140216-24190-1ajga0120140216-24190-1whikuw20140216-24190-15uubaq'
I, [2014-02-16T12:01:04.678473 #24212]  INFO -- : Command :: file -b --mime '/tmp/DSC_009420140216-24212-1pcax3020140216-24212-11xdqlb'
I, [2014-02-16T12:01:04.711175 #24224]  INFO -- : Command :: identify -format %m '/tmp/DSC_009320140216-24224-5aiggk20140216-24224-tslr6r20140216-24224-bczzkk[0]'
I, [2014-02-16T12:01:04.744090 #24173]  INFO -- : Command :: identify -format %m '/tmp/DSC_009220140216-24173-1n23fh220140216-24173-1gs5kg320140216-24173-fli0jp[0]'
I, [2014-02-16T12:01:04.844174 #24212]  INFO -- : Command :: identify -format '%wx%h,%[exif:orientation]' '/tmp/DSC_009420140216-24212-1pcax3020140216-24212-11xdqlb20140216-24212-ppsxvj[0]'
