I, [2014-02-16T11:59:52.322001 #24224]  INFO -- : Command :: identify -format '%wx%h,%[exif:orientation]' '/tmp/03-5720320140216-24224-dpq4lp.JPG[0]'
I, [2014-02-16T11:59:52.509106 #24224]  INFO -- : Command :: identify -format %m '/tmp/03-5720320140216-24224-dpq4lp.JPG[0]'
I, [2014-02-16T11:59:52.576342 #24224]  INFO -- : Command :: identify -format %m '/tmp/03-5720320140216-24224-dpq4lp.JPG[0]'
I, [2014-02-16T11:59:52.690664 #24224]  INFO -- : Command :: identify -format %m '/tmp/03-5720320140216-24224-dpq4lp.JPG[0]'
I, [2014-02-16T11:59:52.745609 #24224]  INFO -- : Command :: convert '/tmp/03-5720320140216-24224-dpq4lp.JPG[0]' -auto-orient -resize "4000x4000>" '/tmp/03-5720320140216-24224-dpq4lp20140216-24224-adaay6'
I, [2014-02-16T11:59:52.985613 #24224]  INFO -- : Command :: file -b --mime '/tmp/03-5720320140216-24224-dpq4lp20140216-24224-adaay6'
I, [2014-02-16T11:59:53.039050 #24224]  INFO -- : Command :: identify -format '%wx%h,%[exif:orientation]' '/tmp/03-5720320140216-24224-dpq4lp20140216-24224-adaay620140216-24224-1cmow3r[0]'
I, [2014-02-16T11:59:53.185500 #24224]  INFO -- : Command :: identify -format %m '/tmp/03-5720320140216-24224-dpq4lp20140216-24224-adaay620140216-24224-1cmow3r[0]'
I, [2014-02-16T11:59:53.251072 #24224]  INFO -- : Command :: identify -format %m '/tmp/03-5720320140216-24224-dpq4lp20140216-24224-adaay620140216-24224-1cmow3r[0]'
I, [2014-02-16T11:59:53.321620 #24224]  INFO -- : Command :: identify -format %m '/tmp/03-5720320140216-24224-dpq4lp20140216-24224-adaay620140216-24224-1cmow3r[0]'
I, [2014-02-16T11:59:53.440327 #24224]  INFO -- : Command :: convert '/tmp/03-5720320140216-24224-dpq4lp20140216-24224-adaay620140216-24224-1cmow3r[0]' -auto-orient -resize "1500x1500>" '/tmp/03-5720320140216-24224-dpq4lp20140216-24224-adaay620140216-24224-1cmow3r20140216-24224-1pur247'
I, [2014-02-16T11:59:53.586484 #24224]  INFO -- : Command :: file -b --mime '/tmp/03-5720320140216-24224-dpq4lp20140216-24224-adaay620140216-24224-1cmow3r20140216-24224-1pur247'
I, [2014-02-16T11:59:53.652451 #24224]  INFO -- : Command :: identify -format '%wx%h,%[exif:orientation]' '/tmp/03-5720320140216-24224-dpq4lp20140216-24224-adaay620140216-24224-1cmow3r[0]'
I, [2014-02-16T11:59:53.750624 #24224]  INFO -- : Command :: identify -format %m '/tmp/03-5720320140216-24224-dpq4lp20140216-24224-adaay620140216-24224-1cmow3r[0]'
I, [2014-02-16T11:59:53.819504 #24224]  INFO -- : Command :: identify -format %m '/tmp/03-5720320140216-24224-dpq4lp20140216-24224-adaay620140216-24224-1cmow3r[0]'
I, [2014-02-16T11:59:53.885507 #24224]  INFO -- : Command :: identify -format %m '/tmp/03-5720320140216-24224-dpq4lp20140216-24224-adaay620140216-24224-1cmow3r[0]'
I, [2014-02-16T11:59:54.012410 #24224]  INFO -- : Command :: convert '/tmp/03-5720320140216-24224-dpq4lp20140216-24224-adaay620140216-24224-1cmow3r[0]' -auto-orient -resize "300x300>" '/tmp/03-5720320140216-24224-dpq4lp20140216-24224-adaay620140216-24224-1cmow3r20140216-24224-1m4ztdr'
I, [2014-02-16T11:59:54.210150 #24224]  INFO -- : Command :: file -b --mime '/tmp/03-5720320140216-24224-dpq4lp20140216-24224-adaay620140216-24224-1cmow3r20140216-24224-1m4ztdr'
I, [2014-02-16T11:59:54.266862 #24224]  INFO -- : Command :: identify -format '%wx%h,%[exif:orientation]' '/tmp/03-5720320140216-24224-dpq4lp20140216-24224-adaay620140216-24224-1cmow3r[0]'
I, [2014-02-16T11:59:54.401681 #24224]  INFO -- : Command :: identify -format %m '/tmp/03-5720320140216-24224-dpq4lp20140216-24224-adaay620140216-24224-1cmow3r[0]'
I, [2014-02-16T11:59:54.465698 #24224]  INFO -- : Command :: identify -format %m '/tmp/03-5720320140216-24224-dpq4lp20140216-24224-adaay620140216-24224-1cmow3r[0]'
I, [2014-02-16T11:59:54.551005 #24224]  INFO -- : Command :: identify -format %m '/tmp/03-5720320140216-24224-dpq4lp20140216-24224-adaay620140216-24224-1cmow3r[0]'
I, [2014-02-16T11:59:54.638900 #24224]  INFO -- : Command :: convert '/tmp/03-5720320140216-24224-dpq4lp20140216-24224-adaay620140216-24224-1cmow3r[0]' -auto-orient -resize "200x200>" '/tmp/03-5720320140216-24224-dpq4lp20140216-24224-adaay620140216-24224-1cmow3r20140216-24224-5o9dvz'
I, [2014-02-16T11:59:54.670239 #24212]  INFO -- : Started POST "/uploads" for 173.20.13.62 at 2014-02-16 11:59:54 +0000
I, [2014-02-16T11:59:54.673426 #24212]  INFO -- : Processing by UploadsController#create as JS
I, [2014-02-16T11:59:54.673641 #24212]  INFO -- :   Parameters: {"utf8"=>"", "authenticity_token"=>"82XP1X4ziHURZVuaUCeMQsHtW1R7txI2KZe14DSpuIs=", "upload"=>{"product_id"=>"", "uploaded_file"=>#<ActionDispatch::Http::UploadedFile:0x00000004954850 @tempfile=#<Tempfile:/tmp/RackMultipart20140216-24212-1o4jaql>, @original_filename="03-62715.JPG", @content_type="image/jpeg", @headers="Content-Disposition: form-data; name=\"upload[uploaded_file]\"; filename=\"03-62715.JPG\"\r\nContent-Type: image/jpeg\r\n">}}
I, [2014-02-16T11:59:54.685064 #24212]  INFO -- : Command :: identify -format '%wx%h,%[exif:orientation]' '/tmp/03-6271520140216-24212-11xcm1v.JPG[0]'
I, [2014-02-16T11:59:54.823381 #24212]  INFO -- : Command :: identify -format %m '/tmp/03-6271520140216-24212-11xcm1v.JPG[0]'
I, [2014-02-16T11:59:54.843694 #24224]  INFO -- : Command :: file -b --mime '/tmp/03-5720320140216-24224-dpq4lp20140216-24224-adaay620140216-24224-1cmow3r20140216-24224-5o9dvz'
I, [2014-02-16T11:59:54.888102 #24212]  INFO -- : Command :: identify -format %m '/tmp/03-6271520140216-24212-11xcm1v.JPG[0]'
I, [2014-02-16T11:59:54.926998 #24224]  INFO -- : Command :: identify -format '%wx%h,%[exif:orientation]' '/tmp/03-5720320140216-24224-dpq4lp20140216-24224-adaay620140216-24224-1cmow3r[0]'
I, [2014-02-16T11:59:54.969414 #24212]  INFO -- : Command :: identify -format %m '/tmp/03-6271520140216-24212-11xcm1v.JPG[0]'
I, [2014-02-16T11:59:55.022808 #24224]  INFO -- : Command :: identify -format %m '/tmp/03-5720320140216-24224-dpq4lp20140216-24224-adaay620140216-24224-1cmow3r[0]'
I, [2014-02-16T11:59:55.061513 #24212]  INFO -- : Command :: convert '/tmp/03-6271520140216-24212-11xcm1v.JPG[0]' -auto-orient -resize "4000x4000>" '/tmp/03-6271520140216-24212-11xcm1v20140216-24212-17cn2fw'
I, [2014-02-16T11:59:55.095792 #24224]  INFO -- : Command :: identify -format %m '/tmp/03-5720320140216-24224-dpq4lp20140216-24224-adaay620140216-24224-1cmow3r[0]'
I, [2014-02-16T11:59:55.170492 #24224]  INFO -- : Command :: identify -format %m '/tmp/03-5720320140216-24224-dpq4lp20140216-24224-adaay620140216-24224-1cmow3r[0]'
I, [2014-02-16T11:59:55.218382 #24212]  INFO -- : Command :: file -b --mime '/tmp/03-6271520140216-24212-11xcm1v20140216-24212-17cn2fw'
I, [2014-02-16T11:59:55.270320 #24212]  INFO -- : Command :: identify -format '%wx%h,%[exif:orientation]' '/tmp/03-6271520140216-24212-11xcm1v20140216-24212-17cn2fw20140216-24212-1qvyjxc[0]'
I, [2014-02-16T11:59:55.335776 #24224]  INFO -- : Command :: convert '/tmp/03-5720320140216-24224-dpq4lp20140216-24224-adaay620140216-24224-1cmow3r[0]' -auto-orient -resize "100x100>" '/tmp/03-5720320140216-24224-dpq4lp20140216-24224-adaay620140216-24224-1cmow3r20140216-24224-1i7d1wy'
I, [2014-02-16T11:59:55.455371 #24212]  INFO -- : Command :: identify -format %m '/tmp/03-6271520140216-24212-11xcm1v20140216-24212-17cn2fw20140216-24212-1qvyjxc[0]'
I, [2014-02-16T11:59:55.537886 #24212]  INFO -- : Command :: identify -format %m '/tmp/03-6271520140216-24212-11xcm1v20140216-24212-17cn2fw20140216-24212-1qvyjxc[0]'
I, [2014-02-16T11:59:55.626359 #24212]  INFO -- : Command :: identify -format %m '/tmp/03-6271520140216-24212-11xcm1v20140216-24212-17cn2fw20140216-24212-1qvyjxc[0]'
I, [2014-02-16T11:59:55.696283 #24224]  INFO -- : Command :: file -b --mime '/tmp/03-5720320140216-24224-dpq4lp20140216-24224-adaay620140216-24224-1cmow3r20140216-24224-1i7d1wy'
I, [2014-02-16T11:59:55.697676 #24212]  INFO -- : Command :: convert '/tmp/03-6271520140216-24212-11xcm1v20140216-24212-17cn2fw20140216-24212-1qvyjxc[0]' -auto-orient -resize "1500x1500>" '/tmp/03-6271520140216-24212-11xcm1v20140216-24212-17cn2fw20140216-24212-1qvyjxc20140216-24212-7o72o'
I, [2014-02-16T11:59:55.930755 #24212]  INFO -- : Command :: file -b --mime '/tmp/03-6271520140216-24212-11xcm1v20140216-24212-17cn2fw20140216-24212-1qvyjxc20140216-24212-7o72o'
I, [2014-02-16T11:59:55.991751 #24224]  INFO -- :   Rendered uploads/create.js.erb (0.3ms)
I, [2014-02-16T11:59:55.993411 #24212]  INFO -- : Command :: identify -format '%wx%h,%[exif:orientation]' '/tmp/03-6271520140216-24212-11xcm1v20140216-24212-17cn2fw20140216-24212-1qvyjxc[0]'
I, [2014-02-16T11:59:56.025292 #24224]  INFO -- : Completed 200 OK in 3716ms (Views: 6.6ms | ActiveRecord: 31.9ms)
I, [2014-02-16T11:59:56.084996 #24212]  INFO -- : Command :: identify -format %m '/tmp/03-6271520140216-24212-11xcm1v20140216-24212-17cn2fw20140216-24212-1qvyjxc[0]'
I, [2014-02-16T11:59:56.150461 #24212]  INFO -- : Command :: identify -format %m '/tmp/03-6271520140216-24212-11xcm1v20140216-24212-17cn2fw20140216-24212-1qvyjxc[0]'
I, [2014-02-16T11:59:56.271067 #24212]  INFO -- : Command :: identify -format %m '/tmp/03-6271520140216-24212-11xcm1v20140216-24212-17cn2fw20140216-24212-1qvyjxc[0]'
I, [2014-02-16T11:59:56.353669 #24212]  INFO -- : Command :: convert '/tmp/03-6271520140216-24212-11xcm1v20140216-24212-17cn2fw20140216-24212-1qvyjxc[0]' -auto-orient -resize "300x300>" '/tmp/03-6271520140216-24212-11xcm1v20140216-24212-17cn2fw20140216-24212-1qvyjxc20140216-24212-1y94wlu'
I, [2014-02-16T11:59:56.601356 #24212]  INFO -- : Command :: file -b --mime '/tmp/03-6271520140216-24212-11xcm1v20140216-24212-17cn2fw20140216-24212-1qvyjxc20140216-24212-1y94wlu'
I, [2014-02-16T11:59:56.650945 #24212]  INFO -- : Command :: identify -format '%wx%h,%[exif:orientation]' '/tmp/03-6271520140216-24212-11xcm1v20140216-24212-17cn2fw20140216-24212-1qvyjxc[0]'
I, [2014-02-16T11:59:56.798720 #24212]  INFO -- : Command :: identify -format %m '/tmp/03-6271520140216-24212-11xcm1v20140216-24212-17cn2fw20140216-24212-1qvyjxc[0]'
I, [2014-02-16T11:59:56.855841 #24212]  INFO -- : Command :: identify -format %m '/tmp/03-6271520140216-24212-11xcm1v20140216-24212-17cn2fw20140216-24212-1qvyjxc[0]'
I, [2014-02-16T11:59:56.918164 #24212]  INFO -- : Command :: identify -format %m '/tmp/03-6271520140216-24212-11xcm1v20140216-24212-17cn2fw20140216-24212-1qvyjxc[0]'
I, [2014-02-16T11:59:57.095411 #24212]  INFO -- : Command :: convert '/tmp/03-6271520140216-24212-11xcm1v20140216-24212-17cn2fw20140216-24212-1qvyjxc[0]' -auto-orient -resize "200x200>" '/tmp/03-6271520140216-24212-11xcm1v20140216-24212-17cn2fw20140216-24212-1qvyjxc20140216-24212-vakp96'
I, [2014-02-16T11:59:57.278786 #24212]  INFO -- : Command :: file -b --mime '/tmp/03-6271520140216-24212-11xcm1v20140216-24212-17cn2fw20140216-24212-1qvyjxc20140216-24212-vakp96'
I, [2014-02-16T11:59:57.371843 #24212]  INFO -- : Command :: identify -format '%wx%h,%[exif:orientation]' '/tmp/03-6271520140216-24212-11xcm1v20140216-24212-17cn2fw20140216-24212-1qvyjxc[0]'
I, [2014-02-16T11:59:57.470688 #24212]  INFO -- : Command :: identify -format %m '/tmp/03-6271520140216-24212-11xcm1v20140216-24212-17cn2fw20140216-24212-1qvyjxc[0]'
I, [2014-02-16T11:59:57.531878 #24212]  INFO -- : Command :: identify -format %m '/tmp/03-6271520140216-24212-11xcm1v20140216-24212-17cn2fw20140216-24212-1qvyjxc[0]'
I, [2014-02-16T11:59:57.649322 #24212]  INFO -- : Command :: identify -format %m '/tmp/03-6271520140216-24212-11xcm1v20140216-24212-17cn2fw20140216-24212-1qvyjxc[0]'
I, [2014-02-16T11:59:57.737649 #24212]  INFO -- : Command :: convert '/tmp/03-6271520140216-24212-11xcm1v20140216-24212-17cn2fw20140216-24212-1qvyjxc[0]' -auto-orient -resize "100x100>" '/tmp/03-6271520140216-24212-11xcm1v20140216-24212-17cn2fw20140216-24212-1qvyjxc20140216-24212-lmcagn'
I, [2014-02-16T11:59:57.893375 #24212]  INFO -- : Command :: file -b --mime '/tmp/03-6271520140216-24212-11xcm1v20140216-24212-17cn2fw20140216-24212-1qvyjxc20140216-24212-lmcagn'
I, [2014-02-16T11:59:57.948629 #24212]  INFO -- :   Rendered uploads/create.js.erb (0.2ms)
I, [2014-02-16T11:59:57.949333 #24212]  INFO -- : Completed 200 OK in 3275ms (Views: 1.9ms | ActiveRecord: 1.7ms)
I, [2014-02-16T11:59:58.846942 #24212]  INFO -- : Started POST "/uploads" for 173.20.13.62 at 2014-02-16 11:59:58 +0000
I, [2014-02-16T11:59:58.857770 #24212]  INFO -- : Processing by UploadsController#create as JS
I, [2014-02-16T11:59:58.858016 #24212]  INFO -- :   Parameters: {"utf8"=>"", "authenticity_token"=>"82XP1X4ziHURZVuaUCeMQsHtW1R7txI2KZe14DSpuIs=", "upload"=>{"product_id"=>"", "uploaded_file"=>#<ActionDispatch::Http::UploadedFile:0x000000020c1488 @tempfile=#<Tempfile:/tmp/RackMultipart20140216-24212-1enythi>, @original_filename="03-67799.JPG", @content_type="image/jpeg", @headers="Content-Disposition: form-data; name=\"upload[uploaded_file]\"; filename=\"03-67799.JPG\"\r\nContent-Type: image/jpeg\r\n">}}
I, [2014-02-16T11:59:58.883746 #24212]  INFO -- : Command :: identify -format '%wx%h,%[exif:orientation]' '/tmp/03-6779920140216-24212-8q75yf.JPG[0]'
I, [2014-02-16T11:59:59.008868 #24212]  INFO -- : Command :: identify -format %m '/tmp/03-6779920140216-24212-8q75yf.JPG[0]'
I, [2014-02-16T11:59:59.065144 #24212]  INFO -- : Command :: identify -format %m '/tmp/03-6779920140216-24212-8q75yf.JPG[0]'
I, [2014-02-16T11:59:59.143430 #24212]  INFO -- : Command :: identify -format %m '/tmp/03-6779920140216-24212-8q75yf.JPG[0]'
I, [2014-02-16T11:59:59.205795 #24212]  INFO -- : Command :: convert '/tmp/03-6779920140216-24212-8q75yf.JPG[0]' -auto-orient -resize "4000x4000>" '/tmp/03-6779920140216-24212-8q75yf20140216-24212-1i8x5oc'
I, [2014-02-16T11:59:59.320677 #24224]  INFO -- : Started POST "/uploads" for 173.20.13.62 at 2014-02-16 11:59:59 +0000
I, [2014-02-16T11:59:59.323656 #24224]  INFO -- : Processing by UploadsController#create as JS
I, [2014-02-16T11:59:59.323867 #24224]  INFO -- :   Parameters: {"utf8"=>"", "authenticity_token"=>"82XP1X4ziHURZVuaUCeMQsHtW1R7txI2KZe14DSpuIs=", "upload"=>{"product_id"=>"", "uploaded_file"=>#<ActionDispatch::Http::UploadedFile:0x00000002fe4708 @tempfile=#<Tempfile:/tmp/RackMultipart20140216-24224-6lfme5>, @original_filename="03-64359.JPG", @content_type="image/jpeg", @headers="Content-Disposition: form-data; name=\"upload[uploaded_file]\"; filename=\"03-64359.JPG\"\r\nContent-Type: image/jpeg\r\n">}}
I, [2014-02-16T11:59:59.334087 #24224]  INFO -- : Command :: identify -format '%wx%h,%[exif:orientation]' '/tmp/03-6435920140216-24224-1iv4zws.JPG[0]'
I, [2014-02-16T11:59:59.392015 #24212]  INFO -- : Command :: file -b --mime '/tmp/03-6779920140216-24212-8q75yf20140216-24212-1i8x5oc'
I, [2014-02-16T11:59:59.458494 #24224]  INFO -- : Command :: identify -format %m '/tmp/03-6435920140216-24224-1iv4zws.JPG[0]'
I, [2014-02-16T11:59:59.473142 #24212]  INFO -- : Command :: identify -format '%wx%h,%[exif:orientation]' '/tmp/03-6779920140216-24212-8q75yf20140216-24212-1i8x5oc20140216-24212-peodko[0]'
I, [2014-02-16T11:59:59.516133 #24224]  INFO -- : Command :: identify -format %m '/tmp/03-6435920140216-24224-1iv4zws.JPG[0]'
I, [2014-02-16T11:59:59.570208 #24212]  INFO -- : Command :: identify -format %m '/tmp/03-6779920140216-24212-8q75yf20140216-24212-1i8x5oc20140216-24212-peodko[0]'
I, [2014-02-16T11:59:59.581446 #24224]  INFO -- : Command :: identify -format %m '/tmp/03-6435920140216-24224-1iv4zws.JPG[0]'
I, [2014-02-16T11:59:59.655487 #24212]  INFO -- : Command :: identify -format %m '/tmp/03-6779920140216-24212-8q75yf20140216-24212-1i8x5oc20140216-24212-peodko[0]'
I, [2014-02-16T11:59:59.718594 #24224]  INFO -- : Command :: convert '/tmp/03-6435920140216-24224-1iv4zws.JPG[0]' -auto-orient -resize "4000x4000>" '/tmp/03-6435920140216-24224-1iv4zws20140216-24224-1rd1fmd'
I, [2014-02-16T11:59:59.759155 #24212]  INFO -- : Command :: identify -format %m '/tmp/03-6779920140216-24212-8q75yf20140216-24212-1i8x5oc20140216-24212-peodko[0]'
I, [2014-02-16T11:59:59.845547 #24212]  INFO -- : Command :: convert '/tmp/03-6779920140216-24212-8q75yf20140216-24212-1i8x5oc20140216-24212-peodko[0]' -auto-orient -resize "1500x1500>" '/tmp/03-6779920140216-24212-8q75yf20140216-24212-1i8x5oc20140216-24212-peodko20140216-24212-1wk634x'
I, [2014-02-16T11:59:59.879656 #24224]  INFO -- : Command :: file -b --mime '/tmp/03-6435920140216-24224-1iv4zws20140216-24224-1rd1fmd'
I, [2014-02-16T11:59:59.931270 #24224]  INFO -- : Command :: identify -format '%wx%h,%[exif:orientation]' '/tmp/03-6435920140216-24224-1iv4zws20140216-24224-1rd1fmd20140216-24224-19kn9sn[0]'
I, [2014-02-16T11:59:59.995691 #24212]  INFO -- : Command :: file -b --mime '/tmp/03-6779920140216-24212-8q75yf20140216-24212-1i8x5oc20140216-24212-peodko20140216-24212-1wk634x'
I, [2014-02-16T12:00:00.024380 #24224]  INFO -- : Command :: identify -format %m '/tmp/03-6435920140216-24224-1iv4zws20140216-24224-1rd1fmd20140216-24224-19kn9sn[0]'
I, [2014-02-16T12:00:00.062128 #24212]  INFO -- : Command :: identify -format '%wx%h,%[exif:orientation]' '/tmp/03-6779920140216-24212-8q75yf20140216-24212-1i8x5oc20140216-24212-peodko[0]'
I, [2014-02-16T12:00:00.084187 #24224]  INFO -- : Command :: identify -format %m '/tmp/03-6435920140216-24224-1iv4zws20140216-24224-1rd1fmd20140216-24224-19kn9sn[0]'
I, [2014-02-16T12:00:00.146465 #24212]  INFO -- : Command :: identify -format %m '/tmp/03-6779920140216-24212-8q75yf20140216-24212-1i8x5oc20140216-24212-peodko[0]'
I, [2014-02-16T12:00:00.162936 #24224]  INFO -- : Command :: identify -format %m '/tmp/03-6435920140216-24224-1iv4zws20140216-24224-1rd1fmd20140216-24224-19kn9sn[0]'
I, [2014-02-16T12:00:00.202813 #24212]  INFO -- : Command :: identify -format %m '/tmp/03-6779920140216-24212-8q75yf20140216-24212-1i8x5oc20140216-24212-peodko[0]'
I, [2014-02-16T12:00:00.226304 #24224]  INFO -- : Command :: convert '/tmp/03-6435920140216-24224-1iv4zws20140216-24224-1rd1fmd20140216-24224-19kn9sn[0]' -auto-orient -resize "1500x1500>" '/tmp/03-6435920140216-24224-1iv4zws20140216-24224-1rd1fmd20140216-24224-19kn9sn20140216-24224-1plllkw'
I, [2014-02-16T12:00:00.260095 #24212]  INFO -- : Command :: identify -format %m '/tmp/03-6779920140216-24212-8q75yf20140216-24212-1i8x5oc20140216-24212-peodko[0]'
I, [2014-02-16T12:00:00.332566 #24212]  INFO -- : Command :: convert '/tmp/03-6779920140216-24212-8q75yf20140216-24212-1i8x5oc20140216-24212-peodko[0]' -auto-orient -resize "300x300>" '/tmp/03-6779920140216-24212-8q75yf20140216-24212-1i8x5oc20140216-24212-peodko20140216-24212-lc1rp1'
I, [2014-02-16T12:00:00.387628 #24224]  INFO -- : Command :: file -b --mime '/tmp/03-6435920140216-24224-1iv4zws20140216-24224-1rd1fmd20140216-24224-19kn9sn20140216-24224-1plllkw'
I, [2014-02-16T12:00:00.437609 #24224]  INFO -- : Command :: identify -format '%wx%h,%[exif:orientation]' '/tmp/03-6435920140216-24224-1iv4zws20140216-24224-1rd1fmd20140216-24224-19kn9sn[0]'
I, [2014-02-16T12:00:00.521313 #24224]  INFO -- : Command :: identify -format %m '/tmp/03-6435920140216-24224-1iv4zws20140216-24224-1rd1fmd20140216-24224-19kn9sn[0]'
I, [2014-02-16T12:00:00.526331 #24212]  INFO -- : Command :: file -b --mime '/tmp/03-6779920140216-24212-8q75yf20140216-24212-1i8x5oc20140216-24212-peodko20140216-24212-lc1rp1'
I, [2014-02-16T12:00:00.577029 #24212]  INFO -- : Command :: identify -format '%wx%h,%[exif:orientation]' '/tmp/03-6779920140216-24212-8q75yf20140216-24212-1i8x5oc20140216-24212-peodko[0]'
I, [2014-02-16T12:00:00.601453 #24224]  INFO -- : Command :: identify -format %m '/tmp/03-6435920140216-24224-1iv4zws20140216-24224-1rd1fmd20140216-24224-19kn9sn[0]'
I, [2014-02-16T12:00:00.662013 #24212]  INFO -- : Command :: identify -format %m '/tmp/03-6779920140216-24212-8q75yf20140216-24212-1i8x5oc20140216-24212-peodko[0]'
I, [2014-02-16T12:00:00.676753 #24224]  INFO -- : Command :: identify -format %m '/tmp/03-6435920140216-24224-1iv4zws20140216-24224-1rd1fmd20140216-24224-19kn9sn[0]'
I, [2014-02-16T12:00:00.731318 #24224]  INFO -- : Command :: convert '/tmp/03-6435920140216-24224-1iv4zws20140216-24224-1rd1fmd20140216-24224-19kn9sn[0]' -auto-orient -resize "300x300>" '/tmp/03-6435920140216-24224-1iv4zws20140216-24224-1rd1fmd20140216-24224-19kn9sn20140216-24224-130e81h'
I, [2014-02-16T12:00:00.767095 #24212]  INFO -- : Command :: identify -format %m '/tmp/03-6779920140216-24212-8q75yf20140216-24212-1i8x5oc20140216-24212-peodko[0]'
I, [2014-02-16T12:00:00.845718 #24212]  INFO -- : Command :: identify -format %m '/tmp/03-6779920140216-24212-8q75yf20140216-24212-1i8x5oc20140216-24212-peodko[0]'
I, [2014-02-16T12:00:00.915498 #24212]  INFO -- : Command :: convert '/tmp/03-6779920140216-24212-8q75yf20140216-24212-1i8x5oc20140216-24212-peodko[0]' -auto-orient -resize "200x200>" '/tmp/03-6779920140216-24212-8q75yf20140216-24212-1i8x5oc20140216-24212-peodko20140216-24212-kcsnmv'
I, [2014-02-16T12:00:00.950179 #24224]  INFO -- : Command :: file -b --mime '/tmp/03-6435920140216-24224-1iv4zws20140216-24224-1rd1fmd20140216-24224-19kn9sn20140216-24224-130e81h'
I, [2014-02-16T12:00:01.051801 #24224]  INFO -- : Command :: identify -format '%wx%h,%[exif:orientation]' '/tmp/03-6435920140216-24224-1iv4zws20140216-24224-1rd1fmd20140216-24224-19kn9sn[0]'
I, [2014-02-16T12:00:01.127225 #24212]  INFO -- : Command :: file -b --mime '/tmp/03-6779920140216-24212-8q75yf20140216-24212-1i8x5oc20140216-24212-peodko20140216-24212-kcsnmv'
I, [2014-02-16T12:00:01.199576 #24224]  INFO -- : Command :: identify -format %m '/tmp/03-6435920140216-24224-1iv4zws20140216-24224-1rd1fmd20140216-24224-19kn9sn[0]'
I, [2014-02-16T12:00:01.205081 #24212]  INFO -- : Command :: identify -format '%wx%h,%[exif:orientation]' '/tmp/03-6779920140216-24212-8q75yf20140216-24212-1i8x5oc20140216-24212-peodko[0]'
I, [2014-02-16T12:00:01.288367 #24224]  INFO -- : Command :: identify -format %m '/tmp/03-6435920140216-24224-1iv4zws20140216-24224-1rd1fmd20140216-24224-19kn9sn[0]'
I, [2014-02-16T12:00:01.371273 #24212]  INFO -- : Command :: identify -format %m '/tmp/03-6779920140216-24212-8q75yf20140216-24212-1i8x5oc20140216-24212-peodko[0]'
I, [2014-02-16T12:00:01.378756 #24224]  INFO -- : Command :: identify -format %m '/tmp/03-6435920140216-24224-1iv4zws20140216-24224-1rd1fmd20140216-24224-19kn9sn[0]'
I, [2014-02-16T12:00:01.597022 #24212]  INFO -- : Command :: identify -format %m '/tmp/03-6779920140216-24212-8q75yf20140216-24212-1i8x5oc20140216-24212-peodko[0]'
I, [2014-02-16T12:00:01.741509 #24224]  INFO -- : Command :: convert '/tmp/03-6435920140216-24224-1iv4zws20140216-24224-1rd1fmd20140216-24224-19kn9sn[0]' -auto-orient -resize "200x200>" '/tmp/03-6435920140216-24224-1iv4zws20140216-24224-1rd1fmd20140216-24224-19kn9sn20140216-24224-4zbnmg'
I, [2014-02-16T12:00:01.833507 #24212]  INFO -- : Command :: identify -format %m '/tmp/03-6779920140216-24212-8q75yf20140216-24212-1i8x5oc20140216-24212-peodko[0]'
I, [2014-02-16T12:00:02.024212 #24212]  INFO -- : Command :: convert '/tmp/03-6779920140216-24212-8q75yf20140216-24212-1i8x5oc20140216-24212-peodko[0]' -auto-orient -resize "100x100>" '/tmp/03-6779920140216-24212-8q75yf20140216-24212-1i8x5oc20140216-24212-peodko20140216-24212-he1ocb'
I, [2014-02-16T12:00:02.164634 #24190]  INFO -- : Started POST "/uploads" for 173.20.13.62 at 2014-02-16 12:00:02 +0000
I, [2014-02-16T12:00:02.168394 #24190]  INFO -- : Processing by UploadsController#create as JS
I, [2014-02-16T12:00:02.168612 #24190]  INFO -- :   Parameters: {"utf8"=>"", "authenticity_token"=>"82XP1X4ziHURZVuaUCeMQsHtW1R7txI2KZe14DSpuIs=", "upload"=>{"product_id"=>"", "uploaded_file"=>#<ActionDispatch::Http::UploadedFile:0x00000004f6de30 @tempfile=#<Tempfile:/tmp/RackMultipart20140216-24190-mh6ks2>, @original_filename="03-67219.JPG", @content_type="image/jpeg", @headers="Content-Disposition: form-data; name=\"upload[uploaded_file]\"; filename=\"03-67219.JPG\"\r\nContent-Type: image/jpeg\r\n">}}
I, [2014-02-16T12:00:02.181002 #24190]  INFO -- : Command :: identify -format '%wx%h,%[exif:orientation]' '/tmp/03-6721920140216-24190-78i478.JPG[0]'
I, [2014-02-16T12:00:02.223344 #24224]  INFO -- : Command :: file -b --mime '/tmp/03-6435920140216-24224-1iv4zws20140216-24224-1rd1fmd20140216-24224-19kn9sn20140216-24224-4zbnmg'
I, [2014-02-16T12:00:02.353486 #24212]  INFO -- : Command :: file -b --mime '/tmp/03-6779920140216-24212-8q75yf20140216-24212-1i8x5oc20140216-24212-peodko20140216-24212-he1ocb'
I, [2014-02-16T12:00:02.354868 #24224]  INFO -- : Command :: identify -format '%wx%h,%[exif:orientation]' '/tmp/03-6435920140216-24224-1iv4zws20140216-24224-1rd1fmd20140216-24224-19kn9sn[0]'
I, [2014-02-16T12:00:02.403468 #24190]  INFO -- : Command :: identify -format %m '/tmp/03-6721920140216-24190-78i478.JPG[0]'
I, [2014-02-16T12:00:02.474285 #24212]  INFO -- :   Rendered uploads/create.js.erb (0.3ms)
I, [2014-02-16T12:00:02.475093 #24212]  INFO -- : Completed 200 OK in 3607ms (Views: 2.5ms | ActiveRecord: 5.7ms)
I, [2014-02-16T12:00:02.497357 #24190]  INFO -- : Command :: identify -format %m '/tmp/03-6721920140216-24190-78i478.JPG[0]'
I, [2014-02-16T12:00:02.500992 #24212]  INFO -- : Started POST "/uploads" for 173.20.13.62 at 2014-02-16 12:00:02 +0000
I, [2014-02-16T12:00:02.504299 #24212]  INFO -- : Processing by UploadsController#create as JS
I, [2014-02-16T12:00:02.504523 #24212]  INFO -- :   Parameters: {"utf8"=>"", "authenticity_token"=>"82XP1X4ziHURZVuaUCeMQsHtW1R7txI2KZe14DSpuIs=", "upload"=>{"product_id"=>"", "uploaded_file"=>#<ActionDispatch::Http::UploadedFile:0x00000005018740 @tempfile=#<Tempfile:/tmp/RackMultipart20140216-24212-nkhmmi>, @original_filename="03-73771.JPG", @content_type="image/jpeg", @headers="Content-Disposition: form-data; name=\"upload[uploaded_file]\"; filename=\"03-73771.JPG\"\r\nContent-Type: image/jpeg\r\n">}}
I, [2014-02-16T12:00:02.527224 #24212]  INFO -- : Command :: identify -format '%wx%h,%[exif:orientation]' '/tmp/03-7377120140216-24212-1kwjpji.JPG[0]'
I, [2014-02-16T12:00:02.579548 #24190]  INFO -- : Command :: identify -format %m '/tmp/03-6721920140216-24190-78i478.JPG[0]'
I, [2014-02-16T12:00:02.656691 #24190]  INFO -- : Command :: convert '/tmp/03-6721920140216-24190-78i478.JPG[0]' -auto-orient -resize "4000x4000>" '/tmp/03-6721920140216-24190-78i47820140216-24190-1agjrmc'
I, [2014-02-16T12:00:02.696704 #24212]  INFO -- : Command :: identify -format %m '/tmp/03-7377120140216-24212-1kwjpji.JPG[0]'
I, [2014-02-16T12:00:02.755188 #24212]  INFO -- : Command :: identify -format %m '/tmp/03-7377120140216-24212-1kwjpji.JPG[0]'
I, [2014-02-16T12:00:02.762969 #24224]  INFO -- : Command :: identify -format %m '/tmp/03-6435920140216-24224-1iv4zws20140216-24224-1rd1fmd20140216-24224-19kn9sn[0]'
I, [2014-02-16T12:00:02.852540 #24224]  INFO -- : Command :: identify -format %m '/tmp/03-6435920140216-24224-1iv4zws20140216-24224-1rd1fmd20140216-24224-19kn9sn[0]'
I, [2014-02-16T12:00:02.881926 #24212]  INFO -- : Command :: identify -format %m '/tmp/03-7377120140216-24212-1kwjpji.JPG[0]'
I, [2014-02-16T12:00:02.931883 #24224]  INFO -- : Command :: identify -format %m '/tmp/03-6435920140216-24224-1iv4zws20140216-24224-1rd1fmd20140216-24224-19kn9sn[0]'
I, [2014-02-16T12:00:03.001587 #24212]  INFO -- : Command :: convert '/tmp/03-7377120140216-24212-1kwjpji.JPG[0]' -auto-orient -resize "4000x4000>" '/tmp/03-7377120140216-24212-1kwjpji20140216-24212-398syq'
I, [2014-02-16T12:00:03.043009 #24190]  INFO -- : Command :: file -b --mime '/tmp/03-6721920140216-24190-78i47820140216-24190-1agjrmc'
I, [2014-02-16T12:00:03.109977 #24190]  INFO -- : Command :: identify -format '%wx%h,%[exif:orientation]' '/tmp/03-6721920140216-24190-78i47820140216-24190-1agjrmc20140216-24190-mc7kul[0]'
I, [2014-02-16T12:00:03.144382 #24224]  INFO -- : Command :: convert '/tmp/03-6435920140216-24224-1iv4zws20140216-24224-1rd1fmd20140216-24224-19kn9sn[0]' -auto-orient -resize "100x100>" '/tmp/03-6435920140216-24224-1iv4zws20140216-24224-1rd1fmd20140216-24224-19kn9sn20140216-24224-3lx09u'
I, [2014-02-16T12:00:03.263624 #24212]  INFO -- : Command :: file -b --mime '/tmp/03-7377120140216-24212-1kwjpji20140216-24212-398syq'
I, [2014-02-16T12:00:03.282006 #24190]  INFO -- : Command :: identify -format %m '/tmp/03-6721920140216-24190-78i47820140216-24190-1agjrmc20140216-24190-mc7kul[0]'
I, [2014-02-16T12:00:03.364896 #24212]  INFO -- : Command :: identify -format '%wx%h,%[exif:orientation]' '/tmp/03-7377120140216-24212-1kwjpji20140216-24212-398syq20140216-24212-901ix5[0]'
I, [2014-02-16T12:00:03.367251 #24190]  INFO -- : Command :: identify -format %m '/tmp/03-6721920140216-24190-78i47820140216-24190-1agjrmc20140216-24190-mc7kul[0]'
I, [2014-02-16T12:00:03.501326 #24190]  INFO -- : Command :: identify -format %m '/tmp/03-6721920140216-24190-78i47820140216-24190-1agjrmc20140216-24190-mc7kul[0]'
I, [2014-02-16T12:00:03.522256 #24224]  INFO -- : Command :: file -b --mime '/tmp/03-6435920140216-24224-1iv4zws20140216-24224-1rd1fmd20140216-24224-19kn9sn20140216-24224-3lx09u'
I, [2014-02-16T12:00:03.617266 #24224]  INFO -- :   Rendered uploads/create.js.erb (0.2ms)
I, [2014-02-16T12:00:03.617965 #24224]  INFO -- : Completed 200 OK in 4294ms (Views: 4.2ms | ActiveRecord: 11.7ms)
I, [2014-02-16T12:00:03.624083 #24212]  INFO -- : Command :: identify -format %m '/tmp/03-7377120140216-24212-1kwjpji20140216-24212-398syq20140216-24212-901ix5[0]'
I, [2014-02-16T12:00:03.624579 #24190]  INFO -- : Command :: convert '/tmp/03-6721920140216-24190-78i47820140216-24190-1agjrmc20140216-24190-mc7kul[0]' -auto-orient -resize "1500x1500>" '/tmp/03-6721920140216-24190-78i47820140216-24190-1agjrmc20140216-24190-mc7kul20140216-24190-fi7sxq'
I, [2014-02-16T12:00:03.680141 #24212]  INFO -- : Command :: identify -format %m '/tmp/03-7377120140216-24212-1kwjpji20140216-24212-398syq20140216-24212-901ix5[0]'
I, [2014-02-16T12:00:03.784012 #24212]  INFO -- : Command :: identify -format %m '/tmp/03-7377120140216-24212-1kwjpji20140216-24212-398syq20140216-24212-901ix5[0]'
I, [2014-02-16T12:00:03.843165 #24224]  INFO -- : Started POST "/uploads" for 173.20.13.62 at 2014-02-16 12:00:03 +0000
I, [2014-02-16T12:00:03.846841 #24224]  INFO -- : Processing by UploadsController#create as JS
I, [2014-02-16T12:00:03.847080 #24224]  INFO -- :   Parameters: {"utf8"=>"", "authenticity_token"=>"82XP1X4ziHURZVuaUCeMQsHtW1R7txI2KZe14DSpuIs=", "upload"=>{"product_id"=>"", "uploaded_file"=>#<ActionDispatch::Http::UploadedFile:0x0000000506cbd8 @tempfile=#<Tempfile:/tmp/RackMultipart20140216-24224-u7bqbv>, @original_filename="03-74395.JPG", @content_type="image/jpeg", @headers="Content-Disposition: form-data; name=\"upload[uploaded_file]\"; filename=\"03-74395.JPG\"\r\nContent-Type: image/jpeg\r\n">}}
I, [2014-02-16T12:00:03.859519 #24224]  INFO -- : Command :: identify -format '%wx%h,%[exif:orientation]' '/tmp/03-7439520140216-24224-rw277r.JPG[0]'
I, [2014-02-16T12:00:03.906190 #24212]  INFO -- : Command :: convert '/tmp/03-7377120140216-24212-1kwjpji20140216-24212-398syq20140216-24212-901ix5[0]' -auto-orient -resize "1500x1500>" '/tmp/03-7377120140216-24212-1kwjpji20140216-24212-398syq20140216-24212-901ix520140216-24212-1nrp9uw'
I, [2014-02-16T12:00:03.924341 #24190]  INFO -- : Command :: file -b --mime '/tmp/03-6721920140216-24190-78i47820140216-24190-1agjrmc20140216-24190-mc7kul20140216-24190-fi7sxq'
I, [2014-02-16T12:00:03.960577 #24224]  INFO -- : Command :: identify -format %m '/tmp/03-7439520140216-24224-rw277r.JPG[0]'
I, [2014-02-16T12:00:04.030596 #24190]  INFO -- : Command :: identify -format '%wx%h,%[exif:orientation]' '/tmp/03-6721920140216-24190-78i47820140216-24190-1agjrmc20140216-24190-mc7kul[0]'
I, [2014-02-16T12:00:04.178289 #24190]  INFO -- : Command :: identify -format %m '/tmp/03-6721920140216-24190-78i47820140216-24190-1agjrmc20140216-24190-mc7kul[0]'
I, [2014-02-16T12:00:04.322165 #24224]  INFO -- : Command :: identify -format %m '/tmp/03-7439520140216-24224-rw277r.JPG[0]'
I, [2014-02-16T12:00:04.372483 #24212]  INFO -- : Command :: file -b --mime '/tmp/03-7377120140216-24212-1kwjpji20140216-24212-398syq20140216-24212-901ix520140216-24212-1nrp9uw'
I, [2014-02-16T12:00:04.536173 #24190]  INFO -- : Command :: identify -format %m '/tmp/03-6721920140216-24190-78i47820140216-24190-1agjrmc20140216-24190-mc7kul[0]'
I, [2014-02-16T12:00:04.543104 #24224]  INFO -- : Command :: identify -format %m '/tmp/03-7439520140216-24224-rw277r.JPG[0]'
I, [2014-02-16T12:00:04.570388 #24212]  INFO -- : Command :: identify -format '%wx%h,%[exif:orientation]' '/tmp/03-7377120140216-24212-1kwjpji20140216-24212-398syq20140216-24212-901ix5[0]'
I, [2014-02-16T12:00:04.695221 #24212]  INFO -- : Command :: identify -format %m '/tmp/03-7377120140216-24212-1kwjpji20140216-24212-398syq20140216-24212-901ix5[0]'
I, [2014-02-16T12:00:04.716490 #24224]  INFO -- : Command :: convert '/tmp/03-7439520140216-24224-rw277r.JPG[0]' -auto-orient -resize "4000x4000>" '/tmp/03-7439520140216-24224-rw277r20140216-24224-18yb0yr'
I, [2014-02-16T12:00:04.746252 #24190]  INFO -- : Command :: identify -format %m '/tmp/03-6721920140216-24190-78i47820140216-24190-1agjrmc20140216-24190-mc7kul[0]'
I, [2014-02-16T12:00:04.900848 #24212]  INFO -- : Command :: identify -format %m '/tmp/03-7377120140216-24212-1kwjpji20140216-24212-398syq20140216-24212-901ix5[0]'
I, [2014-02-16T12:00:04.935616 #24190]  INFO -- : Command :: convert '/tmp/03-6721920140216-24190-78i47820140216-24190-1agjrmc20140216-24190-mc7kul[0]' -auto-orient -resize "300x300>" '/tmp/03-6721920140216-24190-78i47820140216-24190-1agjrmc20140216-24190-mc7kul20140216-24190-1226eq6'
I, [2014-02-16T12:00:05.007754 #24224]  INFO -- : Command :: file -b --mime '/tmp/03-7439520140216-24224-rw277r20140216-24224-18yb0yr'
I, [2014-02-16T12:00:05.062187 #24212]  INFO -- : Command :: identify -format %m '/tmp/03-7377120140216-24212-1kwjpji20140216-24212-398syq20140216-24212-901ix5[0]'
I, [2014-02-16T12:00:05.134540 #24224]  INFO -- : Command :: identify -format '%wx%h,%[exif:orientation]' '/tmp/03-7439520140216-24224-rw277r20140216-24224-18yb0yr20140216-24224-85omy2[0]'
I, [2014-02-16T12:00:05.255602 #24190]  INFO -- : Command :: file -b --mime '/tmp/03-6721920140216-24190-78i47820140216-24190-1agjrmc20140216-24190-mc7kul20140216-24190-1226eq6'
I, [2014-02-16T12:00:05.307721 #24212]  INFO -- : Command :: convert '/tmp/03-7377120140216-24212-1kwjpji20140216-24212-398syq20140216-24212-901ix5[0]' -auto-orient -resize "300x300>" '/tmp/03-7377120140216-24212-1kwjpji20140216-24212-398syq20140216-24212-901ix520140216-24212-1898nk0'
I, [2014-02-16T12:00:05.413397 #24224]  INFO -- : Command :: identify -format %m '/tmp/03-7439520140216-24224-rw277r20140216-24224-18yb0yr20140216-24224-85omy2[0]'
I, [2014-02-16T12:00:05.419006 #24190]  INFO -- : Command :: identify -format '%wx%h,%[exif:orientation]' '/tmp/03-6721920140216-24190-78i47820140216-24190-1agjrmc20140216-24190-mc7kul[0]'
I, [2014-02-16T12:00:05.473999 #24224]  INFO -- : Command :: identify -format %m '/tmp/03-7439520140216-24224-rw277r20140216-24224-18yb0yr20140216-24224-85omy2[0]'
I, [2014-02-16T12:00:05.559709 #24190]  INFO -- : Command :: identify -format %m '/tmp/03-6721920140216-24190-78i47820140216-24190-1agjrmc20140216-24190-mc7kul[0]'
I, [2014-02-16T12:00:05.592409 #24224]  INFO -- : Command :: identify -format %m '/tmp/03-7439520140216-24224-rw277r20140216-24224-18yb0yr20140216-24224-85omy2[0]'
I, [2014-02-16T12:00:05.655405 #24212]  INFO -- : Command :: file -b --mime '/tmp/03-7377120140216-24212-1kwjpji20140216-24212-398syq20140216-24212-901ix520140216-24212-1898nk0'
I, [2014-02-16T12:00:05.710219 #24190]  INFO -- : Command :: identify -format %m '/tmp/03-6721920140216-24190-78i47820140216-24190-1agjrmc20140216-24190-mc7kul[0]'
I, [2014-02-16T12:00:05.800600 #24224]  INFO -- : Command :: convert '/tmp/03-7439520140216-24224-rw277r20140216-24224-18yb0yr20140216-24224-85omy2[0]' -auto-orient -resize "1500x1500>" '/tmp/03-7439520140216-24224-rw277r20140216-24224-18yb0yr20140216-24224-85omy220140216-24224-j75d1v'
I, [2014-02-16T12:00:05.805849 #24212]  INFO -- : Command :: identify -format '%wx%h,%[exif:orientation]' '/tmp/03-7377120140216-24212-1kwjpji20140216-24212-398syq20140216-24212-901ix5[0]'
I, [2014-02-16T12:00:05.917489 #20684]  INFO -- : Started POST "/uploads" for 173.20.13.62 at 2014-02-16 12:00:05 +0000
I, [2014-02-16T12:00:05.921582 #20684]  INFO -- : Processing by UploadsController#create as JS
I, [2014-02-16T12:00:05.921837 #20684]  INFO -- :   Parameters: {"utf8"=>"", "authenticity_token"=>"82XP1X4ziHURZVuaUCeMQsHtW1R7txI2KZe14DSpuIs=", "upload"=>{"product_id"=>"", "uploaded_file"=>#<ActionDispatch::Http::UploadedFile:0x00000005042270 @tempfile=#<Tempfile:/tmp/RackMultipart20140216-20684-1e2myq2>, @original_filename="03-74661.JPG", @content_type="image/jpeg", @headers="Content-Disposition: form-data; name=\"upload[uploaded_file]\"; filename=\"03-74661.JPG\"\r\nContent-Type: image/jpeg\r\n">}}
I, [2014-02-16T12:00:05.930576 #24190]  INFO -- : Command :: identify -format %m '/tmp/03-6721920140216-24190-78i47820140216-24190-1agjrmc20140216-24190-mc7kul[0]'
I, [2014-02-16T12:00:05.936148 #20684]  INFO -- : Command :: identify -format '%wx%h,%[exif:orientation]' '/tmp/03-7466120140216-20684-1jonwvh.JPG[0]'
I, [2014-02-16T12:00:06.036134 #24190]  INFO -- : Command :: convert '/tmp/03-6721920140216-24190-78i47820140216-24190-1agjrmc20140216-24190-mc7kul[0]' -auto-orient -resize "200x200>" '/tmp/03-6721920140216-24190-78i47820140216-24190-1agjrmc20140216-24190-mc7kul20140216-24190-14u2bm7'
I, [2014-02-16T12:00:06.065045 #20684]  INFO -- : Command :: identify -format %m '/tmp/03-7466120140216-20684-1jonwvh.JPG[0]'
I, [2014-02-16T12:00:06.164731 #24224]  INFO -- : Command :: file -b --mime '/tmp/03-7439520140216-24224-rw277r20140216-24224-18yb0yr20140216-24224-85omy220140216-24224-j75d1v'
I, [2014-02-16T12:00:06.212154 #24212]  INFO -- : Command :: identify -format %m '/tmp/03-7377120140216-24212-1kwjpji20140216-24212-398syq20140216-24212-901ix5[0]'
I, [2014-02-16T12:00:06.252931 #20684]  INFO -- : Command :: identify -format %m '/tmp/03-7466120140216-20684-1jonwvh.JPG[0]'
I, [2014-02-16T12:00:06.369585 #24190]  INFO -- : Command :: file -b --mime '/tmp/03-6721920140216-24190-78i47820140216-24190-1agjrmc20140216-24190-mc7kul20140216-24190-14u2bm7'
I, [2014-02-16T12:00:06.380448 #24212]  INFO -- : Command :: identify -format %m '/tmp/03-7377120140216-24212-1kwjpji20140216-24212-398syq20140216-24212-901ix5[0]'
I, [2014-02-16T12:00:06.402261 #24224]  INFO -- : Command :: identify -format '%wx%h,%[exif:orientation]' '/tmp/03-7439520140216-24224-rw277r20140216-24224-18yb0yr20140216-24224-85omy2[0]'
I, [2014-02-16T12:00:06.447860 #24190]  INFO -- : Command :: identify -format '%wx%h,%[exif:orientation]' '/tmp/03-6721920140216-24190-78i47820140216-24190-1agjrmc20140216-24190-mc7kul[0]'
I, [2014-02-16T12:00:06.493059 #24212]  INFO -- : Command :: identify -format %m '/tmp/03-7377120140216-24212-1kwjpji20140216-24212-398syq20140216-24212-901ix5[0]'
I, [2014-02-16T12:00:06.493299 #24224]  INFO -- : Command :: identify -format %m '/tmp/03-7439520140216-24224-rw277r20140216-24224-18yb0yr20140216-24224-85omy2[0]'
I, [2014-02-16T12:00:06.521896 #20684]  INFO -- : Command :: identify -format %m '/tmp/03-7466120140216-20684-1jonwvh.JPG[0]'
I, [2014-02-16T12:00:06.551516 #24173]  INFO -- : Started POST "/uploads" for 173.20.13.62 at 2014-02-16 12:00:06 +0000
I, [2014-02-16T12:00:06.554613 #24173]  INFO -- : Processing by UploadsController#create as JS
I, [2014-02-16T12:00:06.554816 #24173]  INFO -- :   Parameters: {"utf8"=>"", "authenticity_token"=>"82XP1X4ziHURZVuaUCeMQsHtW1R7txI2KZe14DSpuIs=", "upload"=>{"product_id"=>"", "uploaded_file"=>#<ActionDispatch::Http::UploadedFile:0x00000004fb81d8 @tempfile=#<Tempfile:/tmp/RackMultipart20140216-24173-1oca7jp>, @original_filename="03-70242.JPG", @content_type="image/jpeg", @headers="Content-Disposition: form-data; name=\"upload[uploaded_file]\"; filename=\"03-70242.JPG\"\r\nContent-Type: image/jpeg\r\n">}}
I, [2014-02-16T12:00:06.571302 #24173]  INFO -- : Command :: identify -format '%wx%h,%[exif:orientation]' '/tmp/03-7024220140216-24173-14ak88j.JPG[0]'
I, [2014-02-16T12:00:06.634239 #20684]  INFO -- : Command :: convert '/tmp/03-7466120140216-20684-1jonwvh.JPG[0]' -auto-orient -resize "4000x4000>" '/tmp/03-7466120140216-20684-1jonwvh20140216-20684-1t38qbs'
I, [2014-02-16T12:00:06.640299 #24224]  INFO -- : Command :: identify -format %m '/tmp/03-7439520140216-24224-rw277r20140216-24224-18yb0yr20140216-24224-85omy2[0]'
I, [2014-02-16T12:00:06.723108 #24212]  INFO -- : Command :: convert '/tmp/03-7377120140216-24212-1kwjpji20140216-24212-398syq20140216-24212-901ix5[0]' -auto-orient -resize "200x200>" '/tmp/03-7377120140216-24212-1kwjpji20140216-24212-398syq20140216-24212-901ix520140216-24212-fcz99e'
I, [2014-02-16T12:00:06.731035 #24224]  INFO -- : Command :: identify -format %m '/tmp/03-7439520140216-24224-rw277r20140216-24224-18yb0yr20140216-24224-85omy2[0]'
I, [2014-02-16T12:00:06.762754 #24173]  INFO -- : Command :: identify -format %m '/tmp/03-7024220140216-24173-14ak88j.JPG[0]'
I, [2014-02-16T12:00:06.780890 #24190]  INFO -- : Command :: identify -format %m '/tmp/03-6721920140216-24190-78i47820140216-24190-1agjrmc20140216-24190-mc7kul[0]'
I, [2014-02-16T12:00:06.809959 #24224]  INFO -- : Command :: convert '/tmp/03-7439520140216-24224-rw277r20140216-24224-18yb0yr20140216-24224-85omy2[0]' -auto-orient -resize "300x300>" '/tmp/03-7439520140216-24224-rw277r20140216-24224-18yb0yr20140216-24224-85omy220140216-24224-1pbiuut'
I, [2014-02-16T12:00:06.855434 #24190]  INFO -- : Command :: identify -format %m '/tmp/03-6721920140216-24190-78i47820140216-24190-1agjrmc20140216-24190-mc7kul[0]'
I, [2014-02-16T12:00:06.895953 #24173]  INFO -- : Command :: identify -format %m '/tmp/03-7024220140216-24173-14ak88j.JPG[0]'
I, [2014-02-16T12:00:07.047841 #24173]  INFO -- : Command :: identify -format %m '/tmp/03-7024220140216-24173-14ak88j.JPG[0]'
I, [2014-02-16T12:00:07.127795 #20684]  INFO -- : Command :: file -b --mime '/tmp/03-7466120140216-20684-1jonwvh20140216-20684-1t38qbs'
I, [2014-02-16T12:00:07.148285 #24190]  INFO -- : Command :: identify -format %m '/tmp/03-6721920140216-24190-78i47820140216-24190-1agjrmc20140216-24190-mc7kul[0]'
I, [2014-02-16T12:00:07.157638 #24212]  INFO -- : Command :: file -b --mime '/tmp/03-7377120140216-24212-1kwjpji20140216-24212-398syq20140216-24212-901ix520140216-24212-fcz99e'
I, [2014-02-16T12:00:07.210371 #24202]  INFO -- : Started POST "/uploads" for 173.20.13.62 at 2014-02-16 12:00:07 +0000
I, [2014-02-16T12:00:07.213620 #24202]  INFO -- : Processing by UploadsController#create as JS
I, [2014-02-16T12:00:07.213872 #24202]  INFO -- :   Parameters: {"utf8"=>"", "authenticity_token"=>"82XP1X4ziHURZVuaUCeMQsHtW1R7txI2KZe14DSpuIs=", "upload"=>{"product_id"=>"", "uploaded_file"=>#<ActionDispatch::Http::UploadedFile:0x00000004cc5c28 @tempfile=#<Tempfile:/tmp/RackMultipart20140216-24202-1c76054>, @original_filename="03-76557.JPG", @content_type="image/jpeg", @headers="Content-Disposition: form-data; name=\"upload[uploaded_file]\"; filename=\"03-76557.JPG\"\r\nContent-Type: image/jpeg\r\n">}}
I, [2014-02-16T12:00:07.224560 #24202]  INFO -- : Command :: identify -format '%wx%h,%[exif:orientation]' '/tmp/03-7655720140216-24202-mdpf76.JPG[0]'
I, [2014-02-16T12:00:07.294223 #24224]  INFO -- : Command :: file -b --mime '/tmp/03-7439520140216-24224-rw277r20140216-24224-18yb0yr20140216-24224-85omy220140216-24224-1pbiuut'
I, [2014-02-16T12:00:07.299166 #20684]  INFO -- : Command :: identify -format '%wx%h,%[exif:orientation]' '/tmp/03-7466120140216-20684-1jonwvh20140216-20684-1t38qbs20140216-20684-tt0bpt[0]'
I, [2014-02-16T12:00:07.311990 #24190]  INFO -- : Command :: convert '/tmp/03-6721920140216-24190-78i47820140216-24190-1agjrmc20140216-24190-mc7kul[0]' -auto-orient -resize "100x100>" '/tmp/03-6721920140216-24190-78i47820140216-24190-1agjrmc20140216-24190-mc7kul20140216-24190-12i7jds'
I, [2014-02-16T12:00:07.325911 #24173]  INFO -- : Command :: convert '/tmp/03-7024220140216-24173-14ak88j.JPG[0]' -auto-orient -resize "4000x4000>" '/tmp/03-7024220140216-24173-14ak88j20140216-24173-1en1ggk'
I, [2014-02-16T12:00:07.375495 #24212]  INFO -- : Command :: identify -format '%wx%h,%[exif:orientation]' '/tmp/03-7377120140216-24212-1kwjpji20140216-24212-398syq20140216-24212-901ix5[0]'
I, [2014-02-16T12:00:07.509458 #24224]  INFO -- : Command :: identify -format '%wx%h,%[exif:orientation]' '/tmp/03-7439520140216-24224-rw277r20140216-24224-18yb0yr20140216-24224-85omy2[0]'
I, [2014-02-16T12:00:07.532971 #24202]  INFO -- : Command :: identify -format %m '/tmp/03-7655720140216-24202-mdpf76.JPG[0]'
I, [2014-02-16T12:00:07.597810 #20684]  INFO -- : Command :: identify -format %m '/tmp/03-7466120140216-20684-1jonwvh20140216-20684-1t38qbs20140216-20684-tt0bpt[0]'
I, [2014-02-16T12:00:07.722255 #24202]  INFO -- : Command :: identify -format %m '/tmp/03-7655720140216-24202-mdpf76.JPG[0]'
I, [2014-02-16T12:00:07.757582 #24173]  INFO -- : Command :: file -b --mime '/tmp/03-7024220140216-24173-14ak88j20140216-24173-1en1ggk'
I, [2014-02-16T12:00:07.779792 #24224]  INFO -- : Command :: identify -format %m '/tmp/03-7439520140216-24224-rw277r20140216-24224-18yb0yr20140216-24224-85omy2[0]'
I, [2014-02-16T12:00:07.784888 #24212]  INFO -- : Command :: identify -format %m '/tmp/03-7377120140216-24212-1kwjpji20140216-24212-398syq20140216-24212-901ix5[0]'
I, [2014-02-16T12:00:07.816612 #20684]  INFO -- : Command :: identify -format %m '/tmp/03-7466120140216-20684-1jonwvh20140216-20684-1t38qbs20140216-20684-tt0bpt[0]'
I, [2014-02-16T12:00:07.870697 #24190]  INFO -- : Command :: file -b --mime '/tmp/03-6721920140216-24190-78i47820140216-24190-1agjrmc20140216-24190-mc7kul20140216-24190-12i7jds'
I, [2014-02-16T12:00:07.877623 #24224]  INFO -- : Command :: identify -format %m '/tmp/03-7439520140216-24224-rw277r20140216-24224-18yb0yr20140216-24224-85omy2[0]'
I, [2014-02-16T12:00:07.881579 #24202]  INFO -- : Command :: identify -format %m '/tmp/03-7655720140216-24202-mdpf76.JPG[0]'
I, [2014-02-16T12:00:07.925860 #24212]  INFO -- : Command :: identify -format %m '/tmp/03-7377120140216-24212-1kwjpji20140216-24212-398syq20140216-24212-901ix5[0]'
I, [2014-02-16T12:00:07.934219 #24173]  INFO -- : Command :: identify -format '%wx%h,%[exif:orientation]' '/tmp/03-7024220140216-24173-14ak88j20140216-24173-1en1ggk20140216-24173-15pe76d[0]'
I, [2014-02-16T12:00:07.977040 #20684]  INFO -- : Command :: identify -format %m '/tmp/03-7466120140216-20684-1jonwvh20140216-20684-1t38qbs20140216-20684-tt0bpt[0]'
I, [2014-02-16T12:00:08.125208 #24202]  INFO -- : Command :: convert '/tmp/03-7655720140216-24202-mdpf76.JPG[0]' -auto-orient -resize "4000x4000>" '/tmp/03-7655720140216-24202-mdpf7620140216-24202-1dmp99v'
I, [2014-02-16T12:00:08.130446 #24224]  INFO -- : Command :: identify -format %m '/tmp/03-7439520140216-24224-rw277r20140216-24224-18yb0yr20140216-24224-85omy2[0]'
I, [2014-02-16T12:00:08.132247 #24212]  INFO -- : Command :: identify -format %m '/tmp/03-7377120140216-24212-1kwjpji20140216-24212-398syq20140216-24212-901ix5[0]'
I, [2014-02-16T12:00:08.133795 #24190]  INFO -- :   Rendered uploads/create.js.erb (0.2ms)
I, [2014-02-16T12:00:08.134484 #24190]  INFO -- : Completed 200 OK in 5966ms (Views: 2.0ms | ActiveRecord: 1.6ms)
I, [2014-02-16T12:00:08.187541 #24173]  INFO -- : Command :: identify -format %m '/tmp/03-7024220140216-24173-14ak88j20140216-24173-1en1ggk20140216-24173-15pe76d[0]'
I, [2014-02-16T12:00:08.305396 #24173]  INFO -- : Command :: identify -format %m '/tmp/03-7024220140216-24173-14ak88j20140216-24173-1en1ggk20140216-24173-15pe76d[0]'
I, [2014-02-16T12:00:08.316669 #20684]  INFO -- : Command :: convert '/tmp/03-7466120140216-20684-1jonwvh20140216-20684-1t38qbs20140216-20684-tt0bpt[0]' -auto-orient -resize "1500x1500>" '/tmp/03-7466120140216-20684-1jonwvh20140216-20684-1t38qbs20140216-20684-tt0bpt20140216-20684-1j9ft94'
I, [2014-02-16T12:00:08.315266 #24212]  INFO -- : Command :: convert '/tmp/03-7377120140216-24212-1kwjpji20140216-24212-398syq20140216-24212-901ix5[0]' -auto-orient -resize "100x100>" '/tmp/03-7377120140216-24212-1kwjpji20140216-24212-398syq20140216-24212-901ix520140216-24212-1bgqi5u'
I, [2014-02-16T12:00:08.420303 #24224]  INFO -- : Command :: convert '/tmp/03-7439520140216-24224-rw277r20140216-24224-18yb0yr20140216-24224-85omy2[0]' -auto-orient -resize "200x200>" '/tmp/03-7439520140216-24224-rw277r20140216-24224-18yb0yr20140216-24224-85omy220140216-24224-1pjpue3'
I, [2014-02-16T12:00:08.437544 #24173]  INFO -- : Command :: identify -format %m '/tmp/03-7024220140216-24173-14ak88j20140216-24173-1en1ggk20140216-24173-15pe76d[0]'
I, [2014-02-16T12:00:08.774748 #24202]  INFO -- : Command :: file -b --mime '/tmp/03-7655720140216-24202-mdpf7620140216-24202-1dmp99v'
I, [2014-02-16T12:00:08.776925 #24173]  INFO -- : Command :: convert '/tmp/03-7024220140216-24173-14ak88j20140216-24173-1en1ggk20140216-24173-15pe76d[0]' -auto-orient -resize "1500x1500>" '/tmp/03-7024220140216-24173-14ak88j20140216-24173-1en1ggk20140216-24173-15pe76d20140216-24173-q85fzb'
I, [2014-02-16T12:00:08.898002 #20684]  INFO -- : Command :: file -b --mime '/tmp/03-7466120140216-20684-1jonwvh20140216-20684-1t38qbs20140216-20684-tt0bpt20140216-20684-1j9ft94'
I, [2014-02-16T12:00:08.917066 #24202]  INFO -- : Command :: identify -format '%wx%h,%[exif:orientation]' '/tmp/03-7655720140216-24202-mdpf7620140216-24202-1dmp99v20140216-24202-gq7a9k[0]'
I, [2014-02-16T12:00:09.016790 #24224]  INFO -- : Command :: file -b --mime '/tmp/03-7439520140216-24224-rw277r20140216-24224-18yb0yr20140216-24224-85omy220140216-24224-1pjpue3'
I, [2014-02-16T12:00:09.065975 #24212]  INFO -- : Command :: file -b --mime '/tmp/03-7377120140216-24212-1kwjpji20140216-24212-398syq20140216-24212-901ix520140216-24212-1bgqi5u'
I, [2014-02-16T12:00:09.150421 #24224]  INFO -- : Command :: identify -format '%wx%h,%[exif:orientation]' '/tmp/03-7439520140216-24224-rw277r20140216-24224-18yb0yr20140216-24224-85omy2[0]'
I, [2014-02-16T12:00:09.178548 #20684]  INFO -- : Command :: identify -format '%wx%h,%[exif:orientation]' '/tmp/03-7466120140216-20684-1jonwvh20140216-20684-1t38qbs20140216-20684-tt0bpt[0]'
