I, [2014-02-16T11:59:36.779525 #24212]  INFO -- : Command :: convert '/tmp/03-5076920140216-24212-miq79b20140216-24212-jbje3820140216-24212-8bhpwy[0]' -auto-orient -resize "1500x1500>" '/tmp/03-5076920140216-24212-miq79b20140216-24212-jbje3820140216-24212-8bhpwy20140216-24212-5l10dw'
I, [2014-02-16T11:59:36.798997 #24202]  INFO -- : Command :: file -b --mime '/tmp/03-4627120140216-24202-1a42k2t20140216-24202-106qhcf20140216-24202-1acfp0620140216-24202-1b15jfi'
I, [2014-02-16T11:59:36.915769 #24202]  INFO -- :   Rendered uploads/create.js.erb (0.2ms)
I, [2014-02-16T11:59:36.916443 #24202]  INFO -- : Completed 200 OK in 4232ms (Views: 1.9ms | ActiveRecord: 1.8ms)
I, [2014-02-16T11:59:37.002263 #24212]  INFO -- : Command :: file -b --mime '/tmp/03-5076920140216-24212-miq79b20140216-24212-jbje3820140216-24212-8bhpwy20140216-24212-5l10dw'
I, [2014-02-16T11:59:37.052409 #24212]  INFO -- : Command :: identify -format '%wx%h,%[exif:orientation]' '/tmp/03-5076920140216-24212-miq79b20140216-24212-jbje3820140216-24212-8bhpwy[0]'
I, [2014-02-16T11:59:37.187765 #24212]  INFO -- : Command :: identify -format %m '/tmp/03-5076920140216-24212-miq79b20140216-24212-jbje3820140216-24212-8bhpwy[0]'
I, [2014-02-16T11:59:37.266768 #24212]  INFO -- : Command :: identify -format %m '/tmp/03-5076920140216-24212-miq79b20140216-24212-jbje3820140216-24212-8bhpwy[0]'
I, [2014-02-16T11:59:37.377168 #24212]  INFO -- : Command :: identify -format %m '/tmp/03-5076920140216-24212-miq79b20140216-24212-jbje3820140216-24212-8bhpwy[0]'
I, [2014-02-16T11:59:37.507535 #24212]  INFO -- : Command :: convert '/tmp/03-5076920140216-24212-miq79b20140216-24212-jbje3820140216-24212-8bhpwy[0]' -auto-orient -resize "300x300>" '/tmp/03-5076920140216-24212-miq79b20140216-24212-jbje3820140216-24212-8bhpwy20140216-24212-1v59p6d'
I, [2014-02-16T11:59:37.765326 #24212]  INFO -- : Command :: file -b --mime '/tmp/03-5076920140216-24212-miq79b20140216-24212-jbje3820140216-24212-8bhpwy20140216-24212-1v59p6d'
I, [2014-02-16T11:59:38.128147 #24212]  INFO -- : Command :: identify -format '%wx%h,%[exif:orientation]' '/tmp/03-5076920140216-24212-miq79b20140216-24212-jbje3820140216-24212-8bhpwy[0]'
I, [2014-02-16T11:59:38.310506 #24212]  INFO -- : Command :: identify -format %m '/tmp/03-5076920140216-24212-miq79b20140216-24212-jbje3820140216-24212-8bhpwy[0]'
I, [2014-02-16T11:59:38.311389 #24202]  INFO -- : Started POST "/uploads" for 173.20.13.62 at 2014-02-16 11:59:38 +0000
I, [2014-02-16T11:59:38.314732 #24202]  INFO -- : Processing by UploadsController#create as JS
I, [2014-02-16T11:59:38.314931 #24202]  INFO -- :   Parameters: {"utf8"=>"", "authenticity_token"=>"82XP1X4ziHURZVuaUCeMQsHtW1R7txI2KZe14DSpuIs=", "upload"=>{"product_id"=>"", "uploaded_file"=>#<ActionDispatch::Http::UploadedFile:0x00000005023870 @tempfile=#<Tempfile:/tmp/RackMultipart20140216-24202-obazu9>, @original_filename="03-49751.JPG", @content_type="image/jpeg", @headers="Content-Disposition: form-data; name=\"upload[uploaded_file]\"; filename=\"03-49751.JPG\"\r\nContent-Type: image/jpeg\r\n">}}
I, [2014-02-16T11:59:38.337590 #24202]  INFO -- : Command :: identify -format '%wx%h,%[exif:orientation]' '/tmp/03-4975120140216-24202-p2qjbh.JPG[0]'
I, [2014-02-16T11:59:38.525521 #24212]  INFO -- : Command :: identify -format %m '/tmp/03-5076920140216-24212-miq79b20140216-24212-jbje3820140216-24212-8bhpwy[0]'
I, [2014-02-16T11:59:38.530383 #24202]  INFO -- : Command :: identify -format %m '/tmp/03-4975120140216-24202-p2qjbh.JPG[0]'
I, [2014-02-16T11:59:38.696717 #24212]  INFO -- : Command :: identify -format %m '/tmp/03-5076920140216-24212-miq79b20140216-24212-jbje3820140216-24212-8bhpwy[0]'
I, [2014-02-16T11:59:38.708374 #24202]  INFO -- : Command :: identify -format %m '/tmp/03-4975120140216-24202-p2qjbh.JPG[0]'
I, [2014-02-16T11:59:38.834804 #24202]  INFO -- : Command :: identify -format %m '/tmp/03-4975120140216-24202-p2qjbh.JPG[0]'
I, [2014-02-16T11:59:38.890436 #24212]  INFO -- : Command :: convert '/tmp/03-5076920140216-24212-miq79b20140216-24212-jbje3820140216-24212-8bhpwy[0]' -auto-orient -resize "200x200>" '/tmp/03-5076920140216-24212-miq79b20140216-24212-jbje3820140216-24212-8bhpwy20140216-24212-16jvgsr'
I, [2014-02-16T11:59:39.068847 #24202]  INFO -- : Command :: convert '/tmp/03-4975120140216-24202-p2qjbh.JPG[0]' -auto-orient -resize "4000x4000>" '/tmp/03-4975120140216-24202-p2qjbh20140216-24202-14dst5z'
I, [2014-02-16T11:59:39.257663 #24202]  INFO -- : Command :: file -b --mime '/tmp/03-4975120140216-24202-p2qjbh20140216-24202-14dst5z'
I, [2014-02-16T11:59:39.267769 #24212]  INFO -- : Command :: file -b --mime '/tmp/03-5076920140216-24212-miq79b20140216-24212-jbje3820140216-24212-8bhpwy20140216-24212-16jvgsr'
I, [2014-02-16T11:59:39.349348 #24212]  INFO -- : Command :: identify -format '%wx%h,%[exif:orientation]' '/tmp/03-5076920140216-24212-miq79b20140216-24212-jbje3820140216-24212-8bhpwy[0]'
I, [2014-02-16T11:59:39.456731 #24202]  INFO -- : Command :: identify -format '%wx%h,%[exif:orientation]' '/tmp/03-4975120140216-24202-p2qjbh20140216-24202-14dst5z20140216-24202-cyar2r[0]'
I, [2014-02-16T11:59:39.564797 #24202]  INFO -- : Command :: identify -format %m '/tmp/03-4975120140216-24202-p2qjbh20140216-24202-14dst5z20140216-24202-cyar2r[0]'
I, [2014-02-16T11:59:39.578946 #24212]  INFO -- : Command :: identify -format %m '/tmp/03-5076920140216-24212-miq79b20140216-24212-jbje3820140216-24212-8bhpwy[0]'
I, [2014-02-16T11:59:39.652776 #24212]  INFO -- : Command :: identify -format %m '/tmp/03-5076920140216-24212-miq79b20140216-24212-jbje3820140216-24212-8bhpwy[0]'
I, [2014-02-16T11:59:39.807620 #24212]  INFO -- : Command :: identify -format %m '/tmp/03-5076920140216-24212-miq79b20140216-24212-jbje3820140216-24212-8bhpwy[0]'
I, [2014-02-16T11:59:39.832033 #24202]  INFO -- : Command :: identify -format %m '/tmp/03-4975120140216-24202-p2qjbh20140216-24202-14dst5z20140216-24202-cyar2r[0]'
I, [2014-02-16T11:59:39.891839 #24212]  INFO -- : Command :: convert '/tmp/03-5076920140216-24212-miq79b20140216-24212-jbje3820140216-24212-8bhpwy[0]' -auto-orient -resize "100x100>" '/tmp/03-5076920140216-24212-miq79b20140216-24212-jbje3820140216-24212-8bhpwy20140216-24212-ybmj1j'
I, [2014-02-16T11:59:39.971655 #24202]  INFO -- : Command :: identify -format %m '/tmp/03-4975120140216-24202-p2qjbh20140216-24202-14dst5z20140216-24202-cyar2r[0]'
I, [2014-02-16T11:59:40.126677 #24202]  INFO -- : Command :: convert '/tmp/03-4975120140216-24202-p2qjbh20140216-24202-14dst5z20140216-24202-cyar2r[0]' -auto-orient -resize "1500x1500>" '/tmp/03-4975120140216-24202-p2qjbh20140216-24202-14dst5z20140216-24202-cyar2r20140216-24202-9rl3tz'
I, [2014-02-16T11:59:40.183932 #24212]  INFO -- : Command :: file -b --mime '/tmp/03-5076920140216-24212-miq79b20140216-24212-jbje3820140216-24212-8bhpwy20140216-24212-ybmj1j'
I, [2014-02-16T11:59:40.250578 #24212]  INFO -- :   Rendered uploads/create.js.erb (0.2ms)
I, [2014-02-16T11:59:40.251289 #24212]  INFO -- : Completed 200 OK in 4607ms (Views: 2.1ms | ActiveRecord: 1.7ms)
I, [2014-02-16T11:59:40.459214 #24202]  INFO -- : Command :: file -b --mime '/tmp/03-4975120140216-24202-p2qjbh20140216-24202-14dst5z20140216-24202-cyar2r20140216-24202-9rl3tz'
I, [2014-02-16T11:59:40.518108 #24202]  INFO -- : Command :: identify -format '%wx%h,%[exif:orientation]' '/tmp/03-4975120140216-24202-p2qjbh20140216-24202-14dst5z20140216-24202-cyar2r[0]'
I, [2014-02-16T11:59:40.702978 #24202]  INFO -- : Command :: identify -format %m '/tmp/03-4975120140216-24202-p2qjbh20140216-24202-14dst5z20140216-24202-cyar2r[0]'
I, [2014-02-16T11:59:40.786013 #24202]  INFO -- : Command :: identify -format %m '/tmp/03-4975120140216-24202-p2qjbh20140216-24202-14dst5z20140216-24202-cyar2r[0]'
I, [2014-02-16T11:59:40.878705 #24202]  INFO -- : Command :: identify -format %m '/tmp/03-4975120140216-24202-p2qjbh20140216-24202-14dst5z20140216-24202-cyar2r[0]'
I, [2014-02-16T11:59:41.114243 #24202]  INFO -- : Command :: convert '/tmp/03-4975120140216-24202-p2qjbh20140216-24202-14dst5z20140216-24202-cyar2r[0]' -auto-orient -resize "300x300>" '/tmp/03-4975120140216-24202-p2qjbh20140216-24202-14dst5z20140216-24202-cyar2r20140216-24202-x8zrk'
I, [2014-02-16T11:59:41.372942 #24202]  INFO -- : Command :: file -b --mime '/tmp/03-4975120140216-24202-p2qjbh20140216-24202-14dst5z20140216-24202-cyar2r20140216-24202-x8zrk'
I, [2014-02-16T11:59:41.478636 #24202]  INFO -- : Command :: identify -format '%wx%h,%[exif:orientation]' '/tmp/03-4975120140216-24202-p2qjbh20140216-24202-14dst5z20140216-24202-cyar2r[0]'
I, [2014-02-16T11:59:41.633981 #24202]  INFO -- : Command :: identify -format %m '/tmp/03-4975120140216-24202-p2qjbh20140216-24202-14dst5z20140216-24202-cyar2r[0]'
I, [2014-02-16T11:59:41.724730 #24202]  INFO -- : Command :: identify -format %m '/tmp/03-4975120140216-24202-p2qjbh20140216-24202-14dst5z20140216-24202-cyar2r[0]'
I, [2014-02-16T11:59:41.824657 #24202]  INFO -- : Command :: identify -format %m '/tmp/03-4975120140216-24202-p2qjbh20140216-24202-14dst5z20140216-24202-cyar2r[0]'
I, [2014-02-16T11:59:41.893654 #24202]  INFO -- : Command :: convert '/tmp/03-4975120140216-24202-p2qjbh20140216-24202-14dst5z20140216-24202-cyar2r[0]' -auto-orient -resize "200x200>" '/tmp/03-4975120140216-24202-p2qjbh20140216-24202-14dst5z20140216-24202-cyar2r20140216-24202-1jl55u3'
I, [2014-02-16T11:59:42.080214 #24202]  INFO -- : Command :: file -b --mime '/tmp/03-4975120140216-24202-p2qjbh20140216-24202-14dst5z20140216-24202-cyar2r20140216-24202-1jl55u3'
I, [2014-02-16T11:59:42.189144 #24202]  INFO -- : Command :: identify -format '%wx%h,%[exif:orientation]' '/tmp/03-4975120140216-24202-p2qjbh20140216-24202-14dst5z20140216-24202-cyar2r[0]'
I, [2014-02-16T11:59:42.320102 #24202]  INFO -- : Command :: identify -format %m '/tmp/03-4975120140216-24202-p2qjbh20140216-24202-14dst5z20140216-24202-cyar2r[0]'
I, [2014-02-16T11:59:42.381159 #24212]  INFO -- : Started POST "/uploads" for 173.20.13.62 at 2014-02-16 11:59:42 +0000
I, [2014-02-16T11:59:42.384887 #24212]  INFO -- : Processing by UploadsController#create as JS
I, [2014-02-16T11:59:42.385140 #24212]  INFO -- :   Parameters: {"utf8"=>"", "authenticity_token"=>"82XP1X4ziHURZVuaUCeMQsHtW1R7txI2KZe14DSpuIs=", "upload"=>{"product_id"=>"", "uploaded_file"=>#<ActionDispatch::Http::UploadedFile:0x00000004d80a50 @tempfile=#<Tempfile:/tmp/RackMultipart20140216-24212-z78s9n>, @original_filename="03-52578.JPG", @content_type="image/jpeg", @headers="Content-Disposition: form-data; name=\"upload[uploaded_file]\"; filename=\"03-52578.JPG\"\r\nContent-Type: image/jpeg\r\n">}}
I, [2014-02-16T11:59:42.397983 #24212]  INFO -- : Command :: identify -format '%wx%h,%[exif:orientation]' '/tmp/03-5257820140216-24212-jvls7w.JPG[0]'
I, [2014-02-16T11:59:42.433872 #24202]  INFO -- : Command :: identify -format %m '/tmp/03-4975120140216-24202-p2qjbh20140216-24202-14dst5z20140216-24202-cyar2r[0]'
I, [2014-02-16T11:59:42.505200 #24212]  INFO -- : Command :: identify -format %m '/tmp/03-5257820140216-24212-jvls7w.JPG[0]'
I, [2014-02-16T11:59:42.542613 #24202]  INFO -- : Command :: identify -format %m '/tmp/03-4975120140216-24202-p2qjbh20140216-24202-14dst5z20140216-24202-cyar2r[0]'
I, [2014-02-16T11:59:42.644762 #24212]  INFO -- : Command :: identify -format %m '/tmp/03-5257820140216-24212-jvls7w.JPG[0]'
I, [2014-02-16T11:59:42.702754 #24202]  INFO -- : Command :: convert '/tmp/03-4975120140216-24202-p2qjbh20140216-24202-14dst5z20140216-24202-cyar2r[0]' -auto-orient -resize "100x100>" '/tmp/03-4975120140216-24202-p2qjbh20140216-24202-14dst5z20140216-24202-cyar2r20140216-24202-1kmduk3'
I, [2014-02-16T11:59:42.718510 #20684]  INFO -- : Started POST "/uploads" for 173.20.13.62 at 2014-02-16 11:59:42 +0000
I, [2014-02-16T11:59:42.722101 #20684]  INFO -- : Processing by UploadsController#create as JS
I, [2014-02-16T11:59:42.722344 #20684]  INFO -- :   Parameters: {"utf8"=>"", "authenticity_token"=>"82XP1X4ziHURZVuaUCeMQsHtW1R7txI2KZe14DSpuIs=", "upload"=>{"product_id"=>"", "uploaded_file"=>#<ActionDispatch::Http::UploadedFile:0x00000005252e98 @tempfile=#<Tempfile:/tmp/RackMultipart20140216-20684-12brrkp>, @original_filename="03-54430.JPG", @content_type="image/jpeg", @headers="Content-Disposition: form-data; name=\"upload[uploaded_file]\"; filename=\"03-54430.JPG\"\r\nContent-Type: image/jpeg\r\n">}}
I, [2014-02-16T11:59:42.733704 #20684]  INFO -- : Command :: identify -format '%wx%h,%[exif:orientation]' '/tmp/03-5443020140216-20684-shp0kw.JPG[0]'
I, [2014-02-16T11:59:42.856598 #24212]  INFO -- : Command :: identify -format %m '/tmp/03-5257820140216-24212-jvls7w.JPG[0]'
I, [2014-02-16T11:59:42.963673 #24212]  INFO -- : Command :: convert '/tmp/03-5257820140216-24212-jvls7w.JPG[0]' -auto-orient -resize "4000x4000>" '/tmp/03-5257820140216-24212-jvls7w20140216-24212-qcvayk'
I, [2014-02-16T11:59:42.973746 #24202]  INFO -- : Command :: file -b --mime '/tmp/03-4975120140216-24202-p2qjbh20140216-24202-14dst5z20140216-24202-cyar2r20140216-24202-1kmduk3'
I, [2014-02-16T11:59:43.027218 #20684]  INFO -- : Command :: identify -format %m '/tmp/03-5443020140216-20684-shp0kw.JPG[0]'
I, [2014-02-16T11:59:43.048066 #24202]  INFO -- :   Rendered uploads/create.js.erb (0.2ms)
I, [2014-02-16T11:59:43.048785 #24202]  INFO -- : Completed 200 OK in 4734ms (Views: 7.7ms | ActiveRecord: 10.9ms)
I, [2014-02-16T11:59:43.155785 #20684]  INFO -- : Command :: identify -format %m '/tmp/03-5443020140216-20684-shp0kw.JPG[0]'
I, [2014-02-16T11:59:43.234439 #24202]  INFO -- : Started POST "/uploads" for 173.20.13.62 at 2014-02-16 11:59:43 +0000
I, [2014-02-16T11:59:43.237690 #24202]  INFO -- : Processing by UploadsController#create as JS
I, [2014-02-16T11:59:43.237896 #24202]  INFO -- :   Parameters: {"utf8"=>"", "authenticity_token"=>"82XP1X4ziHURZVuaUCeMQsHtW1R7txI2KZe14DSpuIs=", "upload"=>{"product_id"=>"", "uploaded_file"=>#<ActionDispatch::Http::UploadedFile:0x00000004f0a998 @tempfile=#<Tempfile:/tmp/RackMultipart20140216-24202-1nocsfa>, @original_filename="03-50883.JPG", @content_type="image/jpeg", @headers="Content-Disposition: form-data; name=\"upload[uploaded_file]\"; filename=\"03-50883.JPG\"\r\nContent-Type: image/jpeg\r\n">}}
I, [2014-02-16T11:59:43.248274 #24202]  INFO -- : Command :: identify -format '%wx%h,%[exif:orientation]' '/tmp/03-5088320140216-24202-15xhlgo.JPG[0]'
I, [2014-02-16T11:59:43.284228 #24212]  INFO -- : Command :: file -b --mime '/tmp/03-5257820140216-24212-jvls7w20140216-24212-qcvayk'
I, [2014-02-16T11:59:43.393095 #20684]  INFO -- : Command :: identify -format %m '/tmp/03-5443020140216-20684-shp0kw.JPG[0]'
I, [2014-02-16T11:59:43.396918 #24202]  INFO -- : Command :: identify -format %m '/tmp/03-5088320140216-24202-15xhlgo.JPG[0]'
I, [2014-02-16T11:59:43.400280 #24212]  INFO -- : Command :: identify -format '%wx%h,%[exif:orientation]' '/tmp/03-5257820140216-24212-jvls7w20140216-24212-qcvayk20140216-24212-11847ue[0]'
I, [2014-02-16T11:59:43.505717 #24202]  INFO -- : Command :: identify -format %m '/tmp/03-5088320140216-24202-15xhlgo.JPG[0]'
I, [2014-02-16T11:59:43.562430 #24202]  INFO -- : Command :: identify -format %m '/tmp/03-5088320140216-24202-15xhlgo.JPG[0]'
I, [2014-02-16T11:59:43.628518 #20684]  INFO -- : Command :: convert '/tmp/03-5443020140216-20684-shp0kw.JPG[0]' -auto-orient -resize "4000x4000>" '/tmp/03-5443020140216-20684-shp0kw20140216-20684-19l2as'
I, [2014-02-16T11:59:43.700807 #24202]  INFO -- : Command :: convert '/tmp/03-5088320140216-24202-15xhlgo.JPG[0]' -auto-orient -resize "4000x4000>" '/tmp/03-5088320140216-24202-15xhlgo20140216-24202-9rfieb'
I, [2014-02-16T11:59:43.721953 #24212]  INFO -- : Command :: identify -format %m '/tmp/03-5257820140216-24212-jvls7w20140216-24212-qcvayk20140216-24212-11847ue[0]'
I, [2014-02-16T11:59:43.809488 #24212]  INFO -- : Command :: identify -format %m '/tmp/03-5257820140216-24212-jvls7w20140216-24212-qcvayk20140216-24212-11847ue[0]'
I, [2014-02-16T11:59:43.912383 #20684]  INFO -- : Command :: file -b --mime '/tmp/03-5443020140216-20684-shp0kw20140216-20684-19l2as'
I, [2014-02-16T11:59:43.951750 #24212]  INFO -- : Command :: identify -format %m '/tmp/03-5257820140216-24212-jvls7w20140216-24212-qcvayk20140216-24212-11847ue[0]'
I, [2014-02-16T11:59:44.030619 #24202]  INFO -- : Command :: file -b --mime '/tmp/03-5088320140216-24202-15xhlgo20140216-24202-9rfieb'
I, [2014-02-16T11:59:44.077742 #24212]  INFO -- : Command :: convert '/tmp/03-5257820140216-24212-jvls7w20140216-24212-qcvayk20140216-24212-11847ue[0]' -auto-orient -resize "1500x1500>" '/tmp/03-5257820140216-24212-jvls7w20140216-24212-qcvayk20140216-24212-11847ue20140216-24212-tl4mvr'
I, [2014-02-16T11:59:44.149858 #24202]  INFO -- : Command :: identify -format '%wx%h,%[exif:orientation]' '/tmp/03-5088320140216-24202-15xhlgo20140216-24202-9rfieb20140216-24202-18ytz7[0]'
I, [2014-02-16T11:59:44.154434 #20684]  INFO -- : Command :: identify -format '%wx%h,%[exif:orientation]' '/tmp/03-5443020140216-20684-shp0kw20140216-20684-19l2as20140216-20684-16o5t2o[0]'
I, [2014-02-16T11:59:44.260094 #20684]  INFO -- : Command :: identify -format %m '/tmp/03-5443020140216-20684-shp0kw20140216-20684-19l2as20140216-20684-16o5t2o[0]'
I, [2014-02-16T11:59:44.301597 #24202]  INFO -- : Command :: identify -format %m '/tmp/03-5088320140216-24202-15xhlgo20140216-24202-9rfieb20140216-24202-18ytz7[0]'
I, [2014-02-16T11:59:44.385975 #20684]  INFO -- : Command :: identify -format %m '/tmp/03-5443020140216-20684-shp0kw20140216-20684-19l2as20140216-20684-16o5t2o[0]'
I, [2014-02-16T11:59:44.394121 #24202]  INFO -- : Command :: identify -format %m '/tmp/03-5088320140216-24202-15xhlgo20140216-24202-9rfieb20140216-24202-18ytz7[0]'
I, [2014-02-16T11:59:44.464314 #24212]  INFO -- : Command :: file -b --mime '/tmp/03-5257820140216-24212-jvls7w20140216-24212-qcvayk20140216-24212-11847ue20140216-24212-tl4mvr'
I, [2014-02-16T11:59:44.521610 #24212]  INFO -- : Command :: identify -format '%wx%h,%[exif:orientation]' '/tmp/03-5257820140216-24212-jvls7w20140216-24212-qcvayk20140216-24212-11847ue[0]'
I, [2014-02-16T11:59:44.540721 #24202]  INFO -- : Command :: identify -format %m '/tmp/03-5088320140216-24202-15xhlgo20140216-24202-9rfieb20140216-24202-18ytz7[0]'
I, [2014-02-16T11:59:44.648737 #20684]  INFO -- : Command :: identify -format %m '/tmp/03-5443020140216-20684-shp0kw20140216-20684-19l2as20140216-20684-16o5t2o[0]'
I, [2014-02-16T11:59:44.666973 #24202]  INFO -- : Command :: convert '/tmp/03-5088320140216-24202-15xhlgo20140216-24202-9rfieb20140216-24202-18ytz7[0]' -auto-orient -resize "1500x1500>" '/tmp/03-5088320140216-24202-15xhlgo20140216-24202-9rfieb20140216-24202-18ytz720140216-24202-1tqltkq'
I, [2014-02-16T11:59:44.747034 #24212]  INFO -- : Command :: identify -format %m '/tmp/03-5257820140216-24212-jvls7w20140216-24212-qcvayk20140216-24212-11847ue[0]'
I, [2014-02-16T11:59:44.754032 #20684]  INFO -- : Command :: convert '/tmp/03-5443020140216-20684-shp0kw20140216-20684-19l2as20140216-20684-16o5t2o[0]' -auto-orient -resize "1500x1500>" '/tmp/03-5443020140216-20684-shp0kw20140216-20684-19l2as20140216-20684-16o5t2o20140216-20684-lmy5g1'
I, [2014-02-16T11:59:44.905863 #24212]  INFO -- : Command :: identify -format %m '/tmp/03-5257820140216-24212-jvls7w20140216-24212-qcvayk20140216-24212-11847ue[0]'
I, [2014-02-16T11:59:44.964978 #24202]  INFO -- : Command :: file -b --mime '/tmp/03-5088320140216-24202-15xhlgo20140216-24202-9rfieb20140216-24202-18ytz720140216-24202-1tqltkq'
I, [2014-02-16T11:59:45.011943 #24212]  INFO -- : Command :: identify -format %m '/tmp/03-5257820140216-24212-jvls7w20140216-24212-qcvayk20140216-24212-11847ue[0]'
I, [2014-02-16T11:59:45.068006 #24202]  INFO -- : Command :: identify -format '%wx%h,%[exif:orientation]' '/tmp/03-5088320140216-24202-15xhlgo20140216-24202-9rfieb20140216-24202-18ytz7[0]'
I, [2014-02-16T11:59:45.082438 #24212]  INFO -- : Command :: convert '/tmp/03-5257820140216-24212-jvls7w20140216-24212-qcvayk20140216-24212-11847ue[0]' -auto-orient -resize "300x300>" '/tmp/03-5257820140216-24212-jvls7w20140216-24212-qcvayk20140216-24212-11847ue20140216-24212-6cx04u'
I, [2014-02-16T11:59:45.085848 #20684]  INFO -- : Command :: file -b --mime '/tmp/03-5443020140216-20684-shp0kw20140216-20684-19l2as20140216-20684-16o5t2o20140216-20684-lmy5g1'
I, [2014-02-16T11:59:45.180364 #20684]  INFO -- : Command :: identify -format '%wx%h,%[exif:orientation]' '/tmp/03-5443020140216-20684-shp0kw20140216-20684-19l2as20140216-20684-16o5t2o[0]'
I, [2014-02-16T11:59:45.223933 #24202]  INFO -- : Command :: identify -format %m '/tmp/03-5088320140216-24202-15xhlgo20140216-24202-9rfieb20140216-24202-18ytz7[0]'
I, [2014-02-16T11:59:45.319795 #24202]  INFO -- : Command :: identify -format %m '/tmp/03-5088320140216-24202-15xhlgo20140216-24202-9rfieb20140216-24202-18ytz7[0]'
I, [2014-02-16T11:59:45.355508 #20684]  INFO -- : Command :: identify -format %m '/tmp/03-5443020140216-20684-shp0kw20140216-20684-19l2as20140216-20684-16o5t2o[0]'
I, [2014-02-16T11:59:45.418786 #24190]  INFO -- : Started POST "/uploads" for 173.20.13.62 at 2014-02-16 11:59:45 +0000
I, [2014-02-16T11:59:45.419056 #24202]  INFO -- : Command :: identify -format %m '/tmp/03-5088320140216-24202-15xhlgo20140216-24202-9rfieb20140216-24202-18ytz7[0]'
I, [2014-02-16T11:59:45.422152 #24190]  INFO -- : Processing by UploadsController#create as JS
I, [2014-02-16T11:59:45.422466 #24190]  INFO -- :   Parameters: {"utf8"=>"", "authenticity_token"=>"82XP1X4ziHURZVuaUCeMQsHtW1R7txI2KZe14DSpuIs=", "upload"=>{"product_id"=>"", "uploaded_file"=>#<ActionDispatch::Http::UploadedFile:0x00000005029838 @tempfile=#<Tempfile:/tmp/RackMultipart20140216-24190-ofphlp>, @original_filename="03-54387.JPG", @content_type="image/jpeg", @headers="Content-Disposition: form-data; name=\"upload[uploaded_file]\"; filename=\"03-54387.JPG\"\r\nContent-Type: image/jpeg\r\n">}}
I, [2014-02-16T11:59:45.433002 #24190]  INFO -- : Command :: identify -format '%wx%h,%[exif:orientation]' '/tmp/03-5438720140216-24190-1m4y8ly.JPG[0]'
I, [2014-02-16T11:59:45.448510 #24212]  INFO -- : Command :: file -b --mime '/tmp/03-5257820140216-24212-jvls7w20140216-24212-qcvayk20140216-24212-11847ue20140216-24212-6cx04u'
I, [2014-02-16T11:59:45.473677 #20684]  INFO -- : Command :: identify -format %m '/tmp/03-5443020140216-20684-shp0kw20140216-20684-19l2as20140216-20684-16o5t2o[0]'
I, [2014-02-16T11:59:45.544790 #20684]  INFO -- : Command :: identify -format %m '/tmp/03-5443020140216-20684-shp0kw20140216-20684-19l2as20140216-20684-16o5t2o[0]'
I, [2014-02-16T11:59:45.569453 #24202]  INFO -- : Command :: convert '/tmp/03-5088320140216-24202-15xhlgo20140216-24202-9rfieb20140216-24202-18ytz7[0]' -auto-orient -resize "300x300>" '/tmp/03-5088320140216-24202-15xhlgo20140216-24202-9rfieb20140216-24202-18ytz720140216-24202-1krdr1h'
I, [2014-02-16T11:59:45.577542 #24212]  INFO -- : Command :: identify -format '%wx%h,%[exif:orientation]' '/tmp/03-5257820140216-24212-jvls7w20140216-24212-qcvayk20140216-24212-11847ue[0]'
I, [2014-02-16T11:59:45.605542 #24190]  INFO -- : Command :: identify -format %m '/tmp/03-5438720140216-24190-1m4y8ly.JPG[0]'
I, [2014-02-16T11:59:45.669379 #20684]  INFO -- : Command :: convert '/tmp/03-5443020140216-20684-shp0kw20140216-20684-19l2as20140216-20684-16o5t2o[0]' -auto-orient -resize "300x300>" '/tmp/03-5443020140216-20684-shp0kw20140216-20684-19l2as20140216-20684-16o5t2o20140216-20684-yamtry'
I, [2014-02-16T11:59:45.720712 #24212]  INFO -- : Command :: identify -format %m '/tmp/03-5257820140216-24212-jvls7w20140216-24212-qcvayk20140216-24212-11847ue[0]'
I, [2014-02-16T11:59:45.748088 #24190]  INFO -- : Command :: identify -format %m '/tmp/03-5438720140216-24190-1m4y8ly.JPG[0]'
I, [2014-02-16T11:59:45.837106 #24190]  INFO -- : Command :: identify -format %m '/tmp/03-5438720140216-24190-1m4y8ly.JPG[0]'
I, [2014-02-16T11:59:45.845174 #24212]  INFO -- : Command :: identify -format %m '/tmp/03-5257820140216-24212-jvls7w20140216-24212-qcvayk20140216-24212-11847ue[0]'
I, [2014-02-16T11:59:45.929873 #24202]  INFO -- : Command :: file -b --mime '/tmp/03-5088320140216-24202-15xhlgo20140216-24202-9rfieb20140216-24202-18ytz720140216-24202-1krdr1h'
I, [2014-02-16T11:59:46.023632 #24202]  INFO -- : Command :: identify -format '%wx%h,%[exif:orientation]' '/tmp/03-5088320140216-24202-15xhlgo20140216-24202-9rfieb20140216-24202-18ytz7[0]'
I, [2014-02-16T11:59:46.057277 #24212]  INFO -- : Command :: identify -format %m '/tmp/03-5257820140216-24212-jvls7w20140216-24212-qcvayk20140216-24212-11847ue[0]'
I, [2014-02-16T11:59:46.061869 #20684]  INFO -- : Command :: file -b --mime '/tmp/03-5443020140216-20684-shp0kw20140216-20684-19l2as20140216-20684-16o5t2o20140216-20684-yamtry'
I, [2014-02-16T11:59:46.121259 #24212]  INFO -- : Command :: convert '/tmp/03-5257820140216-24212-jvls7w20140216-24212-qcvayk20140216-24212-11847ue[0]' -auto-orient -resize "200x200>" '/tmp/03-5257820140216-24212-jvls7w20140216-24212-qcvayk20140216-24212-11847ue20140216-24212-3zezja'
I, [2014-02-16T11:59:46.187908 #24190]  INFO -- : Command :: convert '/tmp/03-5438720140216-24190-1m4y8ly.JPG[0]' -auto-orient -resize "4000x4000>" '/tmp/03-5438720140216-24190-1m4y8ly20140216-24190-jqtx1w'
I, [2014-02-16T11:59:46.285391 #20684]  INFO -- : Command :: identify -format '%wx%h,%[exif:orientation]' '/tmp/03-5443020140216-20684-shp0kw20140216-20684-19l2as20140216-20684-16o5t2o[0]'
I, [2014-02-16T11:59:46.356868 #24212]  INFO -- : Command :: file -b --mime '/tmp/03-5257820140216-24212-jvls7w20140216-24212-qcvayk20140216-24212-11847ue20140216-24212-3zezja'
I, [2014-02-16T11:59:46.373831 #24202]  INFO -- : Command :: identify -format %m '/tmp/03-5088320140216-24202-15xhlgo20140216-24202-9rfieb20140216-24202-18ytz7[0]'
I, [2014-02-16T11:59:46.458985 #24202]  INFO -- : Command :: identify -format %m '/tmp/03-5088320140216-24202-15xhlgo20140216-24202-9rfieb20140216-24202-18ytz7[0]'
I, [2014-02-16T11:59:46.626835 #20684]  INFO -- : Command :: identify -format %m '/tmp/03-5443020140216-20684-shp0kw20140216-20684-19l2as20140216-20684-16o5t2o[0]'
I, [2014-02-16T11:59:46.642943 #24190]  INFO -- : Command :: file -b --mime '/tmp/03-5438720140216-24190-1m4y8ly20140216-24190-jqtx1w'
I, [2014-02-16T11:59:46.661645 #24202]  INFO -- : Command :: identify -format %m '/tmp/03-5088320140216-24202-15xhlgo20140216-24202-9rfieb20140216-24202-18ytz7[0]'
I, [2014-02-16T11:59:46.711868 #20684]  INFO -- : Command :: identify -format %m '/tmp/03-5443020140216-20684-shp0kw20140216-20684-19l2as20140216-20684-16o5t2o[0]'
I, [2014-02-16T11:59:46.750397 #24190]  INFO -- : Command :: identify -format '%wx%h,%[exif:orientation]' '/tmp/03-5438720140216-24190-1m4y8ly20140216-24190-jqtx1w20140216-24190-1v0w6h4[0]'
I, [2014-02-16T11:59:46.766995 #24202]  INFO -- : Command :: convert '/tmp/03-5088320140216-24202-15xhlgo20140216-24202-9rfieb20140216-24202-18ytz7[0]' -auto-orient -resize "200x200>" '/tmp/03-5088320140216-24202-15xhlgo20140216-24202-9rfieb20140216-24202-18ytz720140216-24202-e01xfy'
I, [2014-02-16T11:59:46.786823 #24212]  INFO -- : Command :: identify -format '%wx%h,%[exif:orientation]' '/tmp/03-5257820140216-24212-jvls7w20140216-24212-qcvayk20140216-24212-11847ue[0]'
I, [2014-02-16T11:59:46.983380 #24190]  INFO -- : Command :: identify -format %m '/tmp/03-5438720140216-24190-1m4y8ly20140216-24190-jqtx1w20140216-24190-1v0w6h4[0]'
I, [2014-02-16T11:59:46.991270 #20684]  INFO -- : Command :: identify -format %m '/tmp/03-5443020140216-20684-shp0kw20140216-20684-19l2as20140216-20684-16o5t2o[0]'
I, [2014-02-16T11:59:47.067805 #24190]  INFO -- : Command :: identify -format %m '/tmp/03-5438720140216-24190-1m4y8ly20140216-24190-jqtx1w20140216-24190-1v0w6h4[0]'
I, [2014-02-16T11:59:47.077844 #24212]  INFO -- : Command :: identify -format %m '/tmp/03-5257820140216-24212-jvls7w20140216-24212-qcvayk20140216-24212-11847ue[0]'
I, [2014-02-16T11:59:47.083614 #24202]  INFO -- : Command :: file -b --mime '/tmp/03-5088320140216-24202-15xhlgo20140216-24202-9rfieb20140216-24202-18ytz720140216-24202-e01xfy'
I, [2014-02-16T11:59:47.142505 #24190]  INFO -- : Command :: identify -format %m '/tmp/03-5438720140216-24190-1m4y8ly20140216-24190-jqtx1w20140216-24190-1v0w6h4[0]'
I, [2014-02-16T11:59:47.148154 #24173]  INFO -- : Started POST "/uploads" for 173.20.13.62 at 2014-02-16 11:59:47 +0000
I, [2014-02-16T11:59:47.151276 #24173]  INFO -- : Processing by UploadsController#create as JS
I, [2014-02-16T11:59:47.151474 #24173]  INFO -- :   Parameters: {"utf8"=>"", "authenticity_token"=>"82XP1X4ziHURZVuaUCeMQsHtW1R7txI2KZe14DSpuIs=", "upload"=>{"product_id"=>"", "uploaded_file"=>#<ActionDispatch::Http::UploadedFile:0x000000050df5e8 @tempfile=#<Tempfile:/tmp/RackMultipart20140216-24173-13ofhzz>, @original_filename="03-55716.JPG", @content_type="image/jpeg", @headers="Content-Disposition: form-data; name=\"upload[uploaded_file]\"; filename=\"03-55716.JPG\"\r\nContent-Type: image/jpeg\r\n">}}
I, [2014-02-16T11:59:47.156568 #20684]  INFO -- : Command :: convert '/tmp/03-5443020140216-20684-shp0kw20140216-20684-19l2as20140216-20684-16o5t2o[0]' -auto-orient -resize "200x200>" '/tmp/03-5443020140216-20684-shp0kw20140216-20684-19l2as20140216-20684-16o5t2o20140216-20684-mvd0my'
I, [2014-02-16T11:59:47.177026 #24173]  INFO -- : Command :: identify -format '%wx%h,%[exif:orientation]' '/tmp/03-5571620140216-24173-18nvake.JPG[0]'
I, [2014-02-16T11:59:47.195422 #24224]  INFO -- : Started POST "/uploads" for 173.20.13.62 at 2014-02-16 11:59:47 +0000
I, [2014-02-16T11:59:47.198687 #24224]  INFO -- : Processing by UploadsController#create as JS
I, [2014-02-16T11:59:47.198991 #24224]  INFO -- :   Parameters: {"utf8"=>"", "authenticity_token"=>"82XP1X4ziHURZVuaUCeMQsHtW1R7txI2KZe14DSpuIs=", "upload"=>{"product_id"=>"", "uploaded_file"=>#<ActionDispatch::Http::UploadedFile:0x00000004ef5318 @tempfile=#<Tempfile:/tmp/RackMultipart20140216-24224-14xtfq6>, @original_filename="03-55225.JPG", @content_type="image/jpeg", @headers="Content-Disposition: form-data; name=\"upload[uploaded_file]\"; filename=\"03-55225.JPG\"\r\nContent-Type: image/jpeg\r\n">}}
I, [2014-02-16T11:59:47.210368 #24224]  INFO -- : Command :: identify -format '%wx%h,%[exif:orientation]' '/tmp/03-5522520140216-24224-145tsc8.JPG[0]'
I, [2014-02-16T11:59:47.221982 #24212]  INFO -- : Command :: identify -format %m '/tmp/03-5257820140216-24212-jvls7w20140216-24212-qcvayk20140216-24212-11847ue[0]'
I, [2014-02-16T11:59:47.259837 #24202]  INFO -- : Command :: identify -format '%wx%h,%[exif:orientation]' '/tmp/03-5088320140216-24202-15xhlgo20140216-24202-9rfieb20140216-24202-18ytz7[0]'
I, [2014-02-16T11:59:47.329834 #24190]  INFO -- : Command :: convert '/tmp/03-5438720140216-24190-1m4y8ly20140216-24190-jqtx1w20140216-24190-1v0w6h4[0]' -auto-orient -resize "1500x1500>" '/tmp/03-5438720140216-24190-1m4y8ly20140216-24190-jqtx1w20140216-24190-1v0w6h420140216-24190-1pw58o8'
I, [2014-02-16T11:59:47.382931 #24173]  INFO -- : Command :: identify -format %m '/tmp/03-5571620140216-24173-18nvake.JPG[0]'
I, [2014-02-16T11:59:47.419729 #24212]  INFO -- : Command :: identify -format %m '/tmp/03-5257820140216-24212-jvls7w20140216-24212-qcvayk20140216-24212-11847ue[0]'
I, [2014-02-16T11:59:47.447891 #24224]  INFO -- : Command :: identify -format %m '/tmp/03-5522520140216-24224-145tsc8.JPG[0]'
I, [2014-02-16T11:59:47.497770 #20684]  INFO -- : Command :: file -b --mime '/tmp/03-5443020140216-20684-shp0kw20140216-20684-19l2as20140216-20684-16o5t2o20140216-20684-mvd0my'
I, [2014-02-16T11:59:47.578507 #24202]  INFO -- : Command :: identify -format %m '/tmp/03-5088320140216-24202-15xhlgo20140216-24202-9rfieb20140216-24202-18ytz7[0]'
I, [2014-02-16T11:59:47.595724 #24212]  INFO -- : Command :: convert '/tmp/03-5257820140216-24212-jvls7w20140216-24212-qcvayk20140216-24212-11847ue[0]' -auto-orient -resize "100x100>" '/tmp/03-5257820140216-24212-jvls7w20140216-24212-qcvayk20140216-24212-11847ue20140216-24212-1wsz5ku'
I, [2014-02-16T11:59:47.640272 #24224]  INFO -- : Command :: identify -format %m '/tmp/03-5522520140216-24224-145tsc8.JPG[0]'
I, [2014-02-16T11:59:47.659240 #24202]  INFO -- : Command :: identify -format %m '/tmp/03-5088320140216-24202-15xhlgo20140216-24202-9rfieb20140216-24202-18ytz7[0]'
I, [2014-02-16T11:59:47.681181 #24190]  INFO -- : Command :: file -b --mime '/tmp/03-5438720140216-24190-1m4y8ly20140216-24190-jqtx1w20140216-24190-1v0w6h420140216-24190-1pw58o8'
I, [2014-02-16T11:59:47.701203 #20684]  INFO -- : Command :: identify -format '%wx%h,%[exif:orientation]' '/tmp/03-5443020140216-20684-shp0kw20140216-20684-19l2as20140216-20684-16o5t2o[0]'
I, [2014-02-16T11:59:47.769233 #24224]  INFO -- : Command :: identify -format %m '/tmp/03-5522520140216-24224-145tsc8.JPG[0]'
I, [2014-02-16T11:59:47.830430 #24202]  INFO -- : Command :: identify -format %m '/tmp/03-5088320140216-24202-15xhlgo20140216-24202-9rfieb20140216-24202-18ytz7[0]'
I, [2014-02-16T11:59:47.831918 #24173]  INFO -- : Command :: identify -format %m '/tmp/03-5571620140216-24173-18nvake.JPG[0]'
I, [2014-02-16T11:59:47.902806 #24190]  INFO -- : Command :: identify -format '%wx%h,%[exif:orientation]' '/tmp/03-5438720140216-24190-1m4y8ly20140216-24190-jqtx1w20140216-24190-1v0w6h4[0]'
I, [2014-02-16T11:59:47.922435 #24224]  INFO -- : Command :: convert '/tmp/03-5522520140216-24224-145tsc8.JPG[0]' -auto-orient -resize "4000x4000>" '/tmp/03-5522520140216-24224-145tsc820140216-24224-1225cni'
I, [2014-02-16T11:59:47.926751 #24202]  INFO -- : Command :: convert '/tmp/03-5088320140216-24202-15xhlgo20140216-24202-9rfieb20140216-24202-18ytz7[0]' -auto-orient -resize "100x100>" '/tmp/03-5088320140216-24202-15xhlgo20140216-24202-9rfieb20140216-24202-18ytz720140216-24202-1o3ytgd'
I, [2014-02-16T11:59:47.947293 #24212]  INFO -- : Command :: file -b --mime '/tmp/03-5257820140216-24212-jvls7w20140216-24212-qcvayk20140216-24212-11847ue20140216-24212-1wsz5ku'
I, [2014-02-16T11:59:47.951677 #20684]  INFO -- : Command :: identify -format %m '/tmp/03-5443020140216-20684-shp0kw20140216-20684-19l2as20140216-20684-16o5t2o[0]'
I, [2014-02-16T11:59:48.048655 #24173]  INFO -- : Command :: identify -format %m '/tmp/03-5571620140216-24173-18nvake.JPG[0]'
I, [2014-02-16T11:59:48.099418 #24212]  INFO -- :   Rendered uploads/create.js.erb (0.2ms)
I, [2014-02-16T11:59:48.100289 #24212]  INFO -- : Completed 200 OK in 5715ms (Views: 2.1ms | ActiveRecord: 40.6ms)
I, [2014-02-16T11:59:48.121288 #20684]  INFO -- : Command :: identify -format %m '/tmp/03-5443020140216-20684-shp0kw20140216-20684-19l2as20140216-20684-16o5t2o[0]'
I, [2014-02-16T11:59:48.188067 #24190]  INFO -- : Command :: identify -format %m '/tmp/03-5438720140216-24190-1m4y8ly20140216-24190-jqtx1w20140216-24190-1v0w6h4[0]'
I, [2014-02-16T11:59:48.188488 #24173]  INFO -- : Command :: convert '/tmp/03-5571620140216-24173-18nvake.JPG[0]' -auto-orient -resize "4000x4000>" '/tmp/03-5571620140216-24173-18nvake20140216-24173-1hrhh4v'
I, [2014-02-16T11:59:48.273042 #20684]  INFO -- : Command :: identify -format %m '/tmp/03-5443020140216-20684-shp0kw20140216-20684-19l2as20140216-20684-16o5t2o[0]'
I, [2014-02-16T11:59:48.337070 #24202]  INFO -- : Command :: file -b --mime '/tmp/03-5088320140216-24202-15xhlgo20140216-24202-9rfieb20140216-24202-18ytz720140216-24202-1o3ytgd'
I, [2014-02-16T11:59:48.343053 #24224]  INFO -- : Command :: file -b --mime '/tmp/03-5522520140216-24224-145tsc820140216-24224-1225cni'
I, [2014-02-16T11:59:48.375936 #24190]  INFO -- : Command :: identify -format %m '/tmp/03-5438720140216-24190-1m4y8ly20140216-24190-jqtx1w20140216-24190-1v0w6h4[0]'
I, [2014-02-16T11:59:48.422726 #20684]  INFO -- : Command :: convert '/tmp/03-5443020140216-20684-shp0kw20140216-20684-19l2as20140216-20684-16o5t2o[0]' -auto-orient -resize "100x100>" '/tmp/03-5443020140216-20684-shp0kw20140216-20684-19l2as20140216-20684-16o5t2o20140216-20684-1ym6gmy'
I, [2014-02-16T11:59:48.425831 #24202]  INFO -- :   Rendered uploads/create.js.erb (0.2ms)
I, [2014-02-16T11:59:48.426484 #24202]  INFO -- : Completed 200 OK in 5188ms (Views: 1.9ms | ActiveRecord: 1.8ms)
I, [2014-02-16T11:59:48.481585 #24224]  INFO -- : Command :: identify -format '%wx%h,%[exif:orientation]' '/tmp/03-5522520140216-24224-145tsc820140216-24224-1225cni20140216-24224-1t8r0zl[0]'
I, [2014-02-16T11:59:48.498578 #24173]  INFO -- : Command :: file -b --mime '/tmp/03-5571620140216-24173-18nvake20140216-24173-1hrhh4v'
I, [2014-02-16T11:59:48.507997 #24190]  INFO -- : Command :: identify -format %m '/tmp/03-5438720140216-24190-1m4y8ly20140216-24190-jqtx1w20140216-24190-1v0w6h4[0]'
I, [2014-02-16T11:59:48.574356 #24173]  INFO -- : Command :: identify -format '%wx%h,%[exif:orientation]' '/tmp/03-5571620140216-24173-18nvake20140216-24173-1hrhh4v20140216-24173-15z459z[0]'
I, [2014-02-16T11:59:48.607564 #24190]  INFO -- : Command :: convert '/tmp/03-5438720140216-24190-1m4y8ly20140216-24190-jqtx1w20140216-24190-1v0w6h4[0]' -auto-orient -resize "300x300>" '/tmp/03-5438720140216-24190-1m4y8ly20140216-24190-jqtx1w20140216-24190-1v0w6h420140216-24190-11g5w2l'
I, [2014-02-16T11:59:48.685448 #24224]  INFO -- : Command :: identify -format %m '/tmp/03-5522520140216-24224-145tsc820140216-24224-1225cni20140216-24224-1t8r0zl[0]'
I, [2014-02-16T11:59:48.704111 #20684]  INFO -- : Command :: file -b --mime '/tmp/03-5443020140216-20684-shp0kw20140216-20684-19l2as20140216-20684-16o5t2o20140216-20684-1ym6gmy'
I, [2014-02-16T11:59:48.736422 #24173]  INFO -- : Command :: identify -format %m '/tmp/03-5571620140216-24173-18nvake20140216-24173-1hrhh4v20140216-24173-15z459z[0]'
I, [2014-02-16T11:59:48.816828 #24173]  INFO -- : Command :: identify -format %m '/tmp/03-5571620140216-24173-18nvake20140216-24173-1hrhh4v20140216-24173-15z459z[0]'
I, [2014-02-16T11:59:48.850995 #20684]  INFO -- :   Rendered uploads/create.js.erb (0.2ms)
I, [2014-02-16T11:59:48.851651 #20684]  INFO -- : Completed 200 OK in 6129ms (Views: 1.9ms | ActiveRecord: 1.8ms)
I, [2014-02-16T11:59:48.880176 #24224]  INFO -- : Command :: identify -format %m '/tmp/03-5522520140216-24224-145tsc820140216-24224-1225cni20140216-24224-1t8r0zl[0]'
I, [2014-02-16T11:59:48.881347 #24173]  INFO -- : Command :: identify -format %m '/tmp/03-5571620140216-24173-18nvake20140216-24173-1hrhh4v20140216-24173-15z459z[0]'
I, [2014-02-16T11:59:48.909722 #24190]  INFO -- : Command :: file -b --mime '/tmp/03-5438720140216-24190-1m4y8ly20140216-24190-jqtx1w20140216-24190-1v0w6h420140216-24190-11g5w2l'
I, [2014-02-16T11:59:48.963801 #24190]  INFO -- : Command :: identify -format '%wx%h,%[exif:orientation]' '/tmp/03-5438720140216-24190-1m4y8ly20140216-24190-jqtx1w20140216-24190-1v0w6h4[0]'
I, [2014-02-16T11:59:48.964220 #24224]  INFO -- : Command :: identify -format %m '/tmp/03-5522520140216-24224-145tsc820140216-24224-1225cni20140216-24224-1t8r0zl[0]'
I, [2014-02-16T11:59:48.999501 #24173]  INFO -- : Command :: convert '/tmp/03-5571620140216-24173-18nvake20140216-24173-1hrhh4v20140216-24173-15z459z[0]' -auto-orient -resize "1500x1500>" '/tmp/03-5571620140216-24173-18nvake20140216-24173-1hrhh4v20140216-24173-15z459z20140216-24173-8ny5gj'
I, [2014-02-16T11:59:49.113348 #24190]  INFO -- : Command :: identify -format %m '/tmp/03-5438720140216-24190-1m4y8ly20140216-24190-jqtx1w20140216-24190-1v0w6h4[0]'
I, [2014-02-16T11:59:49.130676 #24224]  INFO -- : Command :: convert '/tmp/03-5522520140216-24224-145tsc820140216-24224-1225cni20140216-24224-1t8r0zl[0]' -auto-orient -resize "1500x1500>" '/tmp/03-5522520140216-24224-145tsc820140216-24224-1225cni20140216-24224-1t8r0zl20140216-24224-13xxmna'
I, [2014-02-16T11:59:49.193140 #24190]  INFO -- : Command :: identify -format %m '/tmp/03-5438720140216-24190-1m4y8ly20140216-24190-jqtx1w20140216-24190-1v0w6h4[0]'
I, [2014-02-16T11:59:49.247303 #24173]  INFO -- : Command :: file -b --mime '/tmp/03-5571620140216-24173-18nvake20140216-24173-1hrhh4v20140216-24173-15z459z20140216-24173-8ny5gj'
I, [2014-02-16T11:59:49.251659 #24190]  INFO -- : Command :: identify -format %m '/tmp/03-5438720140216-24190-1m4y8ly20140216-24190-jqtx1w20140216-24190-1v0w6h4[0]'
I, [2014-02-16T11:59:49.278850 #24224]  INFO -- : Command :: file -b --mime '/tmp/03-5522520140216-24224-145tsc820140216-24224-1225cni20140216-24224-1t8r0zl20140216-24224-13xxmna'
I, [2014-02-16T11:59:49.328690 #24224]  INFO -- : Command :: identify -format '%wx%h,%[exif:orientation]' '/tmp/03-5522520140216-24224-145tsc820140216-24224-1225cni20140216-24224-1t8r0zl[0]'
I, [2014-02-16T11:59:49.358789 #24173]  INFO -- : Command :: identify -format '%wx%h,%[exif:orientation]' '/tmp/03-5571620140216-24173-18nvake20140216-24173-1hrhh4v20140216-24173-15z459z[0]'
I, [2014-02-16T11:59:49.388677 #24190]  INFO -- : Command :: convert '/tmp/03-5438720140216-24190-1m4y8ly20140216-24190-jqtx1w20140216-24190-1v0w6h4[0]' -auto-orient -resize "200x200>" '/tmp/03-5438720140216-24190-1m4y8ly20140216-24190-jqtx1w20140216-24190-1v0w6h420140216-24190-1v0p1c5'
I, [2014-02-16T11:59:49.442577 #24224]  INFO -- : Command :: identify -format %m '/tmp/03-5522520140216-24224-145tsc820140216-24224-1225cni20140216-24224-1t8r0zl[0]'
I, [2014-02-16T11:59:49.485691 #24173]  INFO -- : Command :: identify -format %m '/tmp/03-5571620140216-24173-18nvake20140216-24173-1hrhh4v20140216-24173-15z459z[0]'
I, [2014-02-16T11:59:49.508245 #24224]  INFO -- : Command :: identify -format %m '/tmp/03-5522520140216-24224-145tsc820140216-24224-1225cni20140216-24224-1t8r0zl[0]'
I, [2014-02-16T11:59:49.579376 #24224]  INFO -- : Command :: identify -format %m '/tmp/03-5522520140216-24224-145tsc820140216-24224-1225cni20140216-24224-1t8r0zl[0]'
I, [2014-02-16T11:59:49.601322 #24173]  INFO -- : Command :: identify -format %m '/tmp/03-5571620140216-24173-18nvake20140216-24173-1hrhh4v20140216-24173-15z459z[0]'
I, [2014-02-16T11:59:49.641711 #24190]  INFO -- : Command :: file -b --mime '/tmp/03-5438720140216-24190-1m4y8ly20140216-24190-jqtx1w20140216-24190-1v0w6h420140216-24190-1v0p1c5'
I, [2014-02-16T11:59:49.644814 #24224]  INFO -- : Command :: convert '/tmp/03-5522520140216-24224-145tsc820140216-24224-1225cni20140216-24224-1t8r0zl[0]' -auto-orient -resize "300x300>" '/tmp/03-5522520140216-24224-145tsc820140216-24224-1225cni20140216-24224-1t8r0zl20140216-24224-c9exko'
I, [2014-02-16T11:59:49.656743 #24173]  INFO -- : Command :: identify -format %m '/tmp/03-5571620140216-24173-18nvake20140216-24173-1hrhh4v20140216-24173-15z459z[0]'
I, [2014-02-16T11:59:49.703723 #24190]  INFO -- : Command :: identify -format '%wx%h,%[exif:orientation]' '/tmp/03-5438720140216-24190-1m4y8ly20140216-24190-jqtx1w20140216-24190-1v0w6h4[0]'
I, [2014-02-16T11:59:49.723963 #24173]  INFO -- : Command :: convert '/tmp/03-5571620140216-24173-18nvake20140216-24173-1hrhh4v20140216-24173-15z459z[0]' -auto-orient -resize "300x300>" '/tmp/03-5571620140216-24173-18nvake20140216-24173-1hrhh4v20140216-24173-15z459z20140216-24173-1aqc4ou'
I, [2014-02-16T11:59:49.798377 #24190]  INFO -- : Command :: identify -format %m '/tmp/03-5438720140216-24190-1m4y8ly20140216-24190-jqtx1w20140216-24190-1v0w6h4[0]'
I, [2014-02-16T11:59:49.835979 #24224]  INFO -- : Command :: file -b --mime '/tmp/03-5522520140216-24224-145tsc820140216-24224-1225cni20140216-24224-1t8r0zl20140216-24224-c9exko'
I, [2014-02-16T11:59:49.924602 #24190]  INFO -- : Command :: identify -format %m '/tmp/03-5438720140216-24190-1m4y8ly20140216-24190-jqtx1w20140216-24190-1v0w6h4[0]'
I, [2014-02-16T11:59:49.926069 #24173]  INFO -- : Command :: file -b --mime '/tmp/03-5571620140216-24173-18nvake20140216-24173-1hrhh4v20140216-24173-15z459z20140216-24173-1aqc4ou'
I, [2014-02-16T11:59:49.944874 #24224]  INFO -- : Command :: identify -format '%wx%h,%[exif:orientation]' '/tmp/03-5522520140216-24224-145tsc820140216-24224-1225cni20140216-24224-1t8r0zl[0]'
I, [2014-02-16T11:59:49.983511 #24190]  INFO -- : Command :: identify -format %m '/tmp/03-5438720140216-24190-1m4y8ly20140216-24190-jqtx1w20140216-24190-1v0w6h4[0]'
I, [2014-02-16T11:59:49.998431 #24173]  INFO -- : Command :: identify -format '%wx%h,%[exif:orientation]' '/tmp/03-5571620140216-24173-18nvake20140216-24173-1hrhh4v20140216-24173-15z459z[0]'
I, [2014-02-16T11:59:50.030513 #24224]  INFO -- : Command :: identify -format %m '/tmp/03-5522520140216-24224-145tsc820140216-24224-1225cni20140216-24224-1t8r0zl[0]'
I, [2014-02-16T11:59:50.090030 #24224]  INFO -- : Command :: identify -format %m '/tmp/03-5522520140216-24224-145tsc820140216-24224-1225cni20140216-24224-1t8r0zl[0]'
I, [2014-02-16T11:59:50.095847 #24190]  INFO -- : Command :: convert '/tmp/03-5438720140216-24190-1m4y8ly20140216-24190-jqtx1w20140216-24190-1v0w6h4[0]' -auto-orient -resize "100x100>" '/tmp/03-5438720140216-24190-1m4y8ly20140216-24190-jqtx1w20140216-24190-1v0w6h420140216-24190-1isa64r'
I, [2014-02-16T11:59:50.096039 #24173]  INFO -- : Command :: identify -format %m '/tmp/03-5571620140216-24173-18nvake20140216-24173-1hrhh4v20140216-24173-15z459z[0]'
I, [2014-02-16T11:59:50.197328 #24173]  INFO -- : Command :: identify -format %m '/tmp/03-5571620140216-24173-18nvake20140216-24173-1hrhh4v20140216-24173-15z459z[0]'
I, [2014-02-16T11:59:50.255575 #24173]  INFO -- : Command :: identify -format %m '/tmp/03-5571620140216-24173-18nvake20140216-24173-1hrhh4v20140216-24173-15z459z[0]'
I, [2014-02-16T11:59:50.270232 #24190]  INFO -- : Command :: file -b --mime '/tmp/03-5438720140216-24190-1m4y8ly20140216-24190-jqtx1w20140216-24190-1v0w6h420140216-24190-1isa64r'
I, [2014-02-16T11:59:50.325898 #24190]  INFO -- :   Rendered uploads/create.js.erb (0.2ms)
I, [2014-02-16T11:59:50.326558 #24190]  INFO -- : Completed 200 OK in 4904ms (Views: 1.9ms | ActiveRecord: 1.6ms)
I, [2014-02-16T11:59:50.334278 #24173]  INFO -- : Command :: convert '/tmp/03-5571620140216-24173-18nvake20140216-24173-1hrhh4v20140216-24173-15z459z[0]' -auto-orient -resize "200x200>" '/tmp/03-5571620140216-24173-18nvake20140216-24173-1hrhh4v20140216-24173-15z459z20140216-24173-14d753x'
I, [2014-02-16T11:59:50.403749 #24224]  INFO -- : Command :: identify -format %m '/tmp/03-5522520140216-24224-145tsc820140216-24224-1225cni20140216-24224-1t8r0zl[0]'
I, [2014-02-16T11:59:50.500170 #24224]  INFO -- : Command :: convert '/tmp/03-5522520140216-24224-145tsc820140216-24224-1225cni20140216-24224-1t8r0zl[0]' -auto-orient -resize "200x200>" '/tmp/03-5522520140216-24224-145tsc820140216-24224-1225cni20140216-24224-1t8r0zl20140216-24224-11f0b0t'
I, [2014-02-16T11:59:50.505301 #24173]  INFO -- : Command :: file -b --mime '/tmp/03-5571620140216-24173-18nvake20140216-24173-1hrhh4v20140216-24173-15z459z20140216-24173-14d753x'
I, [2014-02-16T11:59:50.591080 #24173]  INFO -- : Command :: identify -format '%wx%h,%[exif:orientation]' '/tmp/03-5571620140216-24173-18nvake20140216-24173-1hrhh4v20140216-24173-15z459z[0]'
I, [2014-02-16T11:59:50.775187 #24224]  INFO -- : Command :: file -b --mime '/tmp/03-5522520140216-24224-145tsc820140216-24224-1225cni20140216-24224-1t8r0zl20140216-24224-11f0b0t'
I, [2014-02-16T11:59:50.822916 #24173]  INFO -- : Command :: identify -format %m '/tmp/03-5571620140216-24173-18nvake20140216-24173-1hrhh4v20140216-24173-15z459z[0]'
I, [2014-02-16T11:59:50.830979 #24224]  INFO -- : Command :: identify -format '%wx%h,%[exif:orientation]' '/tmp/03-5522520140216-24224-145tsc820140216-24224-1225cni20140216-24224-1t8r0zl[0]'
I, [2014-02-16T11:59:50.914957 #24173]  INFO -- : Command :: identify -format %m '/tmp/03-5571620140216-24173-18nvake20140216-24173-1hrhh4v20140216-24173-15z459z[0]'
I, [2014-02-16T11:59:51.018246 #24224]  INFO -- : Command :: identify -format %m '/tmp/03-5522520140216-24224-145tsc820140216-24224-1225cni20140216-24224-1t8r0zl[0]'
I, [2014-02-16T11:59:51.077792 #24173]  INFO -- : Command :: identify -format %m '/tmp/03-5571620140216-24173-18nvake20140216-24173-1hrhh4v20140216-24173-15z459z[0]'
I, [2014-02-16T11:59:51.125510 #24224]  INFO -- : Command :: identify -format %m '/tmp/03-5522520140216-24224-145tsc820140216-24224-1225cni20140216-24224-1t8r0zl[0]'
I, [2014-02-16T11:59:51.147877 #24173]  INFO -- : Command :: convert '/tmp/03-5571620140216-24173-18nvake20140216-24173-1hrhh4v20140216-24173-15z459z[0]' -auto-orient -resize "100x100>" '/tmp/03-5571620140216-24173-18nvake20140216-24173-1hrhh4v20140216-24173-15z459z20140216-24173-rvsdza'
I, [2014-02-16T11:59:51.288935 #24224]  INFO -- : Command :: identify -format %m '/tmp/03-5522520140216-24224-145tsc820140216-24224-1225cni20140216-24224-1t8r0zl[0]'
I, [2014-02-16T11:59:51.385457 #24224]  INFO -- : Command :: convert '/tmp/03-5522520140216-24224-145tsc820140216-24224-1225cni20140216-24224-1t8r0zl[0]' -auto-orient -resize "100x100>" '/tmp/03-5522520140216-24224-145tsc820140216-24224-1225cni20140216-24224-1t8r0zl20140216-24224-1c245qg'
I, [2014-02-16T11:59:51.432684 #24173]  INFO -- : Command :: file -b --mime '/tmp/03-5571620140216-24173-18nvake20140216-24173-1hrhh4v20140216-24173-15z459z20140216-24173-rvsdza'
I, [2014-02-16T11:59:51.532690 #24173]  INFO -- :   Rendered uploads/create.js.erb (0.2ms)
I, [2014-02-16T11:59:51.536945 #24173]  INFO -- : Completed 200 OK in 4385ms (Views: 4.3ms | ActiveRecord: 10.8ms)
I, [2014-02-16T11:59:51.609256 #24224]  INFO -- : Command :: file -b --mime '/tmp/03-5522520140216-24224-145tsc820140216-24224-1225cni20140216-24224-1t8r0zl20140216-24224-1c245qg'
I, [2014-02-16T11:59:51.705601 #24224]  INFO -- :   Rendered uploads/create.js.erb (0.2ms)
I, [2014-02-16T11:59:51.706357 #24224]  INFO -- : Completed 200 OK in 4507ms (Views: 2.0ms | ActiveRecord: 1.7ms)
I, [2014-02-16T11:59:52.305583 #24224]  INFO -- : Started POST "/uploads" for 173.20.13.62 at 2014-02-16 11:59:52 +0000
I, [2014-02-16T11:59:52.309201 #24224]  INFO -- : Processing by UploadsController#create as JS
I, [2014-02-16T11:59:52.309464 #24224]  INFO -- :   Parameters: {"utf8"=>"", "authenticity_token"=>"82XP1X4ziHURZVuaUCeMQsHtW1R7txI2KZe14DSpuIs=", "upload"=>{"product_id"=>"", "uploaded_file"=>#<ActionDispatch::Http::UploadedFile:0x00000004a40e30 @tempfile=#<Tempfile:/tmp/RackMultipart20140216-24224-12yi951>, @original_filename="03-57203.JPG", @content_type="image/jpeg", @headers="Content-Disposition: form-data; name=\"upload[uploaded_file]\"; filename=\"03-57203.JPG\"\r\nContent-Type: image/jpeg\r\n">}}
