I, [2014-02-16T11:59:22.127048 #20684]  INFO -- :   Parameters: {"utf8"=>"", "authenticity_token"=>"82XP1X4ziHURZVuaUCeMQsHtW1R7txI2KZe14DSpuIs=", "upload"=>{"product_id"=>"", "uploaded_file"=>#<ActionDispatch::Http::UploadedFile:0x000000030d4f28 @tempfile=#<Tempfile:/tmp/RackMultipart20140216-20684-peo1q7>, @original_filename="03-34049.JPG", @content_type="image/jpeg", @headers="Content-Disposition: form-data; name=\"upload[uploaded_file]\"; filename=\"03-34049.JPG\"\r\nContent-Type: image/jpeg\r\n">}}
I, [2014-02-16T11:59:22.187092 #20684]  INFO -- : Command :: identify -format '%wx%h,%[exif:orientation]' '/tmp/03-3404920140216-20684-1jjgu23.JPG[0]'
I, [2014-02-16T11:59:22.289169 #24212]  INFO -- : Command :: convert '/tmp/03-3243020140216-24212-1epwcz520140216-24212-189ggoi20140216-24212-169bzan[0]' -auto-orient -resize "300x300>" '/tmp/03-3243020140216-24212-1epwcz520140216-24212-189ggoi20140216-24212-169bzan20140216-24212-1ehj81h'
I, [2014-02-16T11:59:22.289611 #24173]  INFO -- : Started POST "/uploads" for 173.20.13.62 at 2014-02-16 11:59:22 +0000
I, [2014-02-16T11:59:22.295317 #24173]  INFO -- : Processing by UploadsController#create as JS
I, [2014-02-16T11:59:22.295518 #24173]  INFO -- :   Parameters: {"utf8"=>"", "authenticity_token"=>"82XP1X4ziHURZVuaUCeMQsHtW1R7txI2KZe14DSpuIs=", "upload"=>{"product_id"=>"", "uploaded_file"=>#<ActionDispatch::Http::UploadedFile:0x0000000458a198 @tempfile=#<Tempfile:/tmp/RackMultipart20140216-24173-1xibxts>, @original_filename="03-33773.JPG", @content_type="image/jpeg", @headers="Content-Disposition: form-data; name=\"upload[uploaded_file]\"; filename=\"03-33773.JPG\"\r\nContent-Type: image/jpeg\r\n">}}
I, [2014-02-16T11:59:22.306756 #24173]  INFO -- : Command :: identify -format '%wx%h,%[exif:orientation]' '/tmp/03-3377320140216-24173-1t9irlc.JPG[0]'
I, [2014-02-16T11:59:22.315718 #24190]  INFO -- : Command :: convert '/tmp/03-2837220140216-24190-dipgpu20140216-24190-1ukqsqt20140216-24190-1421epd[0]' -auto-orient -resize "1500x1500>" '/tmp/03-2837220140216-24190-dipgpu20140216-24190-1ukqsqt20140216-24190-1421epd20140216-24190-tmybkk'
I, [2014-02-16T11:59:22.447893 #24173]  INFO -- : Command :: identify -format %m '/tmp/03-3377320140216-24173-1t9irlc.JPG[0]'
I, [2014-02-16T11:59:22.637683 #20684]  INFO -- : Command :: identify -format %m '/tmp/03-3404920140216-20684-1jjgu23.JPG[0]'
I, [2014-02-16T11:59:22.660124 #24224]  INFO -- : Command :: file -b --mime '/tmp/03-2518320140216-24224-vcwved20140216-24224-oj5f8p20140216-24224-2ebodc20140216-24224-kld12z'
I, [2014-02-16T11:59:22.724584 #24173]  INFO -- : Command :: identify -format %m '/tmp/03-3377320140216-24173-1t9irlc.JPG[0]'
I, [2014-02-16T11:59:22.813868 #24224]  INFO -- : Command :: identify -format '%wx%h,%[exif:orientation]' '/tmp/03-2518320140216-24224-vcwved20140216-24224-oj5f8p20140216-24224-2ebodc[0]'
I, [2014-02-16T11:59:22.964428 #24212]  INFO -- : Command :: file -b --mime '/tmp/03-3243020140216-24212-1epwcz520140216-24212-189ggoi20140216-24212-169bzan20140216-24212-1ehj81h'
I, [2014-02-16T11:59:23.011763 #20684]  INFO -- : Command :: identify -format %m '/tmp/03-3404920140216-20684-1jjgu23.JPG[0]'
I, [2014-02-16T11:59:23.086637 #24190]  INFO -- : Command :: file -b --mime '/tmp/03-2837220140216-24190-dipgpu20140216-24190-1ukqsqt20140216-24190-1421epd20140216-24190-tmybkk'
I, [2014-02-16T11:59:23.209649 #24212]  INFO -- : Command :: identify -format '%wx%h,%[exif:orientation]' '/tmp/03-3243020140216-24212-1epwcz520140216-24212-189ggoi20140216-24212-169bzan[0]'
I, [2014-02-16T11:59:23.323779 #24173]  INFO -- : Command :: identify -format %m '/tmp/03-3377320140216-24173-1t9irlc.JPG[0]'
I, [2014-02-16T11:59:23.349392 #24224]  INFO -- : Command :: identify -format %m '/tmp/03-2518320140216-24224-vcwved20140216-24224-oj5f8p20140216-24224-2ebodc[0]'
I, [2014-02-16T11:59:23.360656 #20684]  INFO -- : Command :: identify -format %m '/tmp/03-3404920140216-20684-1jjgu23.JPG[0]'
I, [2014-02-16T11:59:23.367345 #24190]  INFO -- : Command :: identify -format '%wx%h,%[exif:orientation]' '/tmp/03-2837220140216-24190-dipgpu20140216-24190-1ukqsqt20140216-24190-1421epd[0]'
I, [2014-02-16T11:59:23.464165 #20684]  INFO -- : Command :: convert '/tmp/03-3404920140216-20684-1jjgu23.JPG[0]' -auto-orient -resize "4000x4000>" '/tmp/03-3404920140216-20684-1jjgu2320140216-20684-1gjazx4'
I, [2014-02-16T11:59:23.519694 #24212]  INFO -- : Command :: identify -format %m '/tmp/03-3243020140216-24212-1epwcz520140216-24212-189ggoi20140216-24212-169bzan[0]'
I, [2014-02-16T11:59:23.525308 #24173]  INFO -- : Command :: convert '/tmp/03-3377320140216-24173-1t9irlc.JPG[0]' -auto-orient -resize "4000x4000>" '/tmp/03-3377320140216-24173-1t9irlc20140216-24173-1irf2ul'
I, [2014-02-16T11:59:23.588131 #24224]  INFO -- : Command :: identify -format %m '/tmp/03-2518320140216-24224-vcwved20140216-24224-oj5f8p20140216-24224-2ebodc[0]'
I, [2014-02-16T11:59:23.774028 #24212]  INFO -- : Command :: identify -format %m '/tmp/03-3243020140216-24212-1epwcz520140216-24212-189ggoi20140216-24212-169bzan[0]'
I, [2014-02-16T11:59:23.779324 #24190]  INFO -- : Command :: identify -format %m '/tmp/03-2837220140216-24190-dipgpu20140216-24190-1ukqsqt20140216-24190-1421epd[0]'
I, [2014-02-16T11:59:23.783403 #24224]  INFO -- : Command :: identify -format %m '/tmp/03-2518320140216-24224-vcwved20140216-24224-oj5f8p20140216-24224-2ebodc[0]'
I, [2014-02-16T11:59:23.837096 #20684]  INFO -- : Command :: file -b --mime '/tmp/03-3404920140216-20684-1jjgu2320140216-20684-1gjazx4'
I, [2014-02-16T11:59:23.885954 #24190]  INFO -- : Command :: identify -format %m '/tmp/03-2837220140216-24190-dipgpu20140216-24190-1ukqsqt20140216-24190-1421epd[0]'
I, [2014-02-16T11:59:23.900568 #24173]  INFO -- : Command :: file -b --mime '/tmp/03-3377320140216-24173-1t9irlc20140216-24173-1irf2ul'
I, [2014-02-16T11:59:23.906983 #24224]  INFO -- : Command :: convert '/tmp/03-2518320140216-24224-vcwved20140216-24224-oj5f8p20140216-24224-2ebodc[0]' -auto-orient -resize "200x200>" '/tmp/03-2518320140216-24224-vcwved20140216-24224-oj5f8p20140216-24224-2ebodc20140216-24224-1wacne2'
I, [2014-02-16T11:59:23.910668 #24212]  INFO -- : Command :: identify -format %m '/tmp/03-3243020140216-24212-1epwcz520140216-24212-189ggoi20140216-24212-169bzan[0]'
I, [2014-02-16T11:59:23.916425 #20684]  INFO -- : Command :: identify -format '%wx%h,%[exif:orientation]' '/tmp/03-3404920140216-20684-1jjgu2320140216-20684-1gjazx420140216-20684-6vvw7y[0]'
I, [2014-02-16T11:59:24.109725 #24190]  INFO -- : Command :: identify -format %m '/tmp/03-2837220140216-24190-dipgpu20140216-24190-1ukqsqt20140216-24190-1421epd[0]'
I, [2014-02-16T11:59:24.152471 #20684]  INFO -- : Command :: identify -format %m '/tmp/03-3404920140216-20684-1jjgu2320140216-20684-1gjazx420140216-20684-6vvw7y[0]'
I, [2014-02-16T11:59:24.246415 #24173]  INFO -- : Command :: identify -format '%wx%h,%[exif:orientation]' '/tmp/03-3377320140216-24173-1t9irlc20140216-24173-1irf2ul20140216-24173-1aec9rj[0]'
I, [2014-02-16T11:59:24.248842 #24212]  INFO -- : Command :: convert '/tmp/03-3243020140216-24212-1epwcz520140216-24212-189ggoi20140216-24212-169bzan[0]' -auto-orient -resize "200x200>" '/tmp/03-3243020140216-24212-1epwcz520140216-24212-189ggoi20140216-24212-169bzan20140216-24212-1ec4yot'
I, [2014-02-16T11:59:24.356736 #24202]  INFO -- : Started POST "/uploads" for 173.20.13.62 at 2014-02-16 11:59:24 +0000
I, [2014-02-16T11:59:24.361957 #24202]  INFO -- : Processing by UploadsController#create as JS
I, [2014-02-16T11:59:24.362170 #24202]  INFO -- :   Parameters: {"utf8"=>"", "authenticity_token"=>"82XP1X4ziHURZVuaUCeMQsHtW1R7txI2KZe14DSpuIs=", "upload"=>{"product_id"=>"", "uploaded_file"=>#<ActionDispatch::Http::UploadedFile:0x00000003b29410 @tempfile=#<Tempfile:/tmp/RackMultipart20140216-24202-j4t92n>, @original_filename="03-34447.JPG", @content_type="image/jpeg", @headers="Content-Disposition: form-data; name=\"upload[uploaded_file]\"; filename=\"03-34447.JPG\"\r\nContent-Type: image/jpeg\r\n">}}
I, [2014-02-16T11:59:24.368268 #24224]  INFO -- : Command :: file -b --mime '/tmp/03-2518320140216-24224-vcwved20140216-24224-oj5f8p20140216-24224-2ebodc20140216-24224-1wacne2'
I, [2014-02-16T11:59:24.497292 #24202]  INFO -- : Command :: identify -format '%wx%h,%[exif:orientation]' '/tmp/03-3444720140216-24202-5083sh.JPG[0]'
I, [2014-02-16T11:59:24.505896 #24224]  INFO -- : Command :: identify -format '%wx%h,%[exif:orientation]' '/tmp/03-2518320140216-24224-vcwved20140216-24224-oj5f8p20140216-24224-2ebodc[0]'
I, [2014-02-16T11:59:24.507772 #24190]  INFO -- : Command :: convert '/tmp/03-2837220140216-24190-dipgpu20140216-24190-1ukqsqt20140216-24190-1421epd[0]' -auto-orient -resize "300x300>" '/tmp/03-2837220140216-24190-dipgpu20140216-24190-1ukqsqt20140216-24190-1421epd20140216-24190-gqcngu'
I, [2014-02-16T11:59:24.509225 #20684]  INFO -- : Command :: identify -format %m '/tmp/03-3404920140216-20684-1jjgu2320140216-20684-1gjazx420140216-20684-6vvw7y[0]'
I, [2014-02-16T11:59:24.530082 #24173]  INFO -- : Command :: identify -format %m '/tmp/03-3377320140216-24173-1t9irlc20140216-24173-1irf2ul20140216-24173-1aec9rj[0]'
I, [2014-02-16T11:59:24.773395 #24173]  INFO -- : Command :: identify -format %m '/tmp/03-3377320140216-24173-1t9irlc20140216-24173-1irf2ul20140216-24173-1aec9rj[0]'
I, [2014-02-16T11:59:24.840608 #20684]  INFO -- : Command :: identify -format %m '/tmp/03-3404920140216-20684-1jjgu2320140216-20684-1gjazx420140216-20684-6vvw7y[0]'
I, [2014-02-16T11:59:24.885387 #24212]  INFO -- : Command :: file -b --mime '/tmp/03-3243020140216-24212-1epwcz520140216-24212-189ggoi20140216-24212-169bzan20140216-24212-1ec4yot'
I, [2014-02-16T11:59:24.904531 #24224]  INFO -- : Command :: identify -format %m '/tmp/03-2518320140216-24224-vcwved20140216-24224-oj5f8p20140216-24224-2ebodc[0]'
I, [2014-02-16T11:59:24.961122 #20684]  INFO -- : Command :: convert '/tmp/03-3404920140216-20684-1jjgu2320140216-20684-1gjazx420140216-20684-6vvw7y[0]' -auto-orient -resize "1500x1500>" '/tmp/03-3404920140216-20684-1jjgu2320140216-20684-1gjazx420140216-20684-6vvw7y20140216-20684-179ev29'
I, [2014-02-16T11:59:24.999889 #24202]  INFO -- : Command :: identify -format %m '/tmp/03-3444720140216-24202-5083sh.JPG[0]'
I, [2014-02-16T11:59:25.027829 #24212]  INFO -- : Command :: identify -format '%wx%h,%[exif:orientation]' '/tmp/03-3243020140216-24212-1epwcz520140216-24212-189ggoi20140216-24212-169bzan[0]'
I, [2014-02-16T11:59:25.105789 #24224]  INFO -- : Command :: identify -format %m '/tmp/03-2518320140216-24224-vcwved20140216-24224-oj5f8p20140216-24224-2ebodc[0]'
I, [2014-02-16T11:59:25.122875 #24173]  INFO -- : Command :: identify -format %m '/tmp/03-3377320140216-24173-1t9irlc20140216-24173-1irf2ul20140216-24173-1aec9rj[0]'
I, [2014-02-16T11:59:25.194583 #24202]  INFO -- : Command :: identify -format %m '/tmp/03-3444720140216-24202-5083sh.JPG[0]'
I, [2014-02-16T11:59:25.328222 #24173]  INFO -- : Command :: convert '/tmp/03-3377320140216-24173-1t9irlc20140216-24173-1irf2ul20140216-24173-1aec9rj[0]' -auto-orient -resize "1500x1500>" '/tmp/03-3377320140216-24173-1t9irlc20140216-24173-1irf2ul20140216-24173-1aec9rj20140216-24173-1r01sak'
I, [2014-02-16T11:59:25.330845 #24224]  INFO -- : Command :: identify -format %m '/tmp/03-2518320140216-24224-vcwved20140216-24224-oj5f8p20140216-24224-2ebodc[0]'
I, [2014-02-16T11:59:25.334055 #24190]  INFO -- : Command :: file -b --mime '/tmp/03-2837220140216-24190-dipgpu20140216-24190-1ukqsqt20140216-24190-1421epd20140216-24190-gqcngu'
I, [2014-02-16T11:59:25.395811 #24202]  INFO -- : Command :: identify -format %m '/tmp/03-3444720140216-24202-5083sh.JPG[0]'
I, [2014-02-16T11:59:25.478587 #24212]  INFO -- : Command :: identify -format %m '/tmp/03-3243020140216-24212-1epwcz520140216-24212-189ggoi20140216-24212-169bzan[0]'
I, [2014-02-16T11:59:25.540246 #24190]  INFO -- : Command :: identify -format '%wx%h,%[exif:orientation]' '/tmp/03-2837220140216-24190-dipgpu20140216-24190-1ukqsqt20140216-24190-1421epd[0]'
I, [2014-02-16T11:59:25.547891 #20684]  INFO -- : Command :: file -b --mime '/tmp/03-3404920140216-20684-1jjgu2320140216-20684-1gjazx420140216-20684-6vvw7y20140216-20684-179ev29'
I, [2014-02-16T11:59:25.693856 #24224]  INFO -- : Command :: convert '/tmp/03-2518320140216-24224-vcwved20140216-24224-oj5f8p20140216-24224-2ebodc[0]' -auto-orient -resize "100x100>" '/tmp/03-2518320140216-24224-vcwved20140216-24224-oj5f8p20140216-24224-2ebodc20140216-24224-1xao2br'
I, [2014-02-16T11:59:25.704653 #24202]  INFO -- : Command :: convert '/tmp/03-3444720140216-24202-5083sh.JPG[0]' -auto-orient -resize "4000x4000>" '/tmp/03-3444720140216-24202-5083sh20140216-24202-19h1kul'
I, [2014-02-16T11:59:25.716445 #24212]  INFO -- : Command :: identify -format %m '/tmp/03-3243020140216-24212-1epwcz520140216-24212-189ggoi20140216-24212-169bzan[0]'
I, [2014-02-16T11:59:25.725651 #20684]  INFO -- : Command :: identify -format '%wx%h,%[exif:orientation]' '/tmp/03-3404920140216-20684-1jjgu2320140216-20684-1gjazx420140216-20684-6vvw7y[0]'
I, [2014-02-16T11:59:25.765444 #24173]  INFO -- : Command :: file -b --mime '/tmp/03-3377320140216-24173-1t9irlc20140216-24173-1irf2ul20140216-24173-1aec9rj20140216-24173-1r01sak'
I, [2014-02-16T11:59:25.815228 #24173]  INFO -- : Command :: identify -format '%wx%h,%[exif:orientation]' '/tmp/03-3377320140216-24173-1t9irlc20140216-24173-1irf2ul20140216-24173-1aec9rj[0]'
I, [2014-02-16T11:59:25.858543 #24190]  INFO -- : Command :: identify -format %m '/tmp/03-2837220140216-24190-dipgpu20140216-24190-1ukqsqt20140216-24190-1421epd[0]'
I, [2014-02-16T11:59:25.965776 #24212]  INFO -- : Command :: identify -format %m '/tmp/03-3243020140216-24212-1epwcz520140216-24212-189ggoi20140216-24212-169bzan[0]'
I, [2014-02-16T11:59:26.006465 #24190]  INFO -- : Command :: identify -format %m '/tmp/03-2837220140216-24190-dipgpu20140216-24190-1ukqsqt20140216-24190-1421epd[0]'
I, [2014-02-16T11:59:26.016759 #24224]  INFO -- : Command :: file -b --mime '/tmp/03-2518320140216-24224-vcwved20140216-24224-oj5f8p20140216-24224-2ebodc20140216-24224-1xao2br'
I, [2014-02-16T11:59:26.110591 #24202]  INFO -- : Command :: file -b --mime '/tmp/03-3444720140216-24202-5083sh20140216-24202-19h1kul'
I, [2014-02-16T11:59:26.112226 #20684]  INFO -- : Command :: identify -format %m '/tmp/03-3404920140216-20684-1jjgu2320140216-20684-1gjazx420140216-20684-6vvw7y[0]'
I, [2014-02-16T11:59:26.160334 #24202]  INFO -- : Command :: identify -format '%wx%h,%[exif:orientation]' '/tmp/03-3444720140216-24202-5083sh20140216-24202-19h1kul20140216-24202-15fxybt[0]'
I, [2014-02-16T11:59:26.180121 #24224]  INFO -- :   Rendered uploads/create.js.erb (0.2ms)
I, [2014-02-16T11:59:26.180866 #24224]  INFO -- : Completed 200 OK in 6823ms (Views: 2.5ms | ActiveRecord: 21.1ms)
I, [2014-02-16T11:59:26.199691 #24190]  INFO -- : Command :: identify -format %m '/tmp/03-2837220140216-24190-dipgpu20140216-24190-1ukqsqt20140216-24190-1421epd[0]'
I, [2014-02-16T11:59:26.230622 #24212]  INFO -- : Command :: convert '/tmp/03-3243020140216-24212-1epwcz520140216-24212-189ggoi20140216-24212-169bzan[0]' -auto-orient -resize "100x100>" '/tmp/03-3243020140216-24212-1epwcz520140216-24212-189ggoi20140216-24212-169bzan20140216-24212-2tgzw2'
I, [2014-02-16T11:59:26.296189 #24173]  INFO -- : Command :: identify -format %m '/tmp/03-3377320140216-24173-1t9irlc20140216-24173-1irf2ul20140216-24173-1aec9rj[0]'
I, [2014-02-16T11:59:26.314231 #20684]  INFO -- : Command :: identify -format %m '/tmp/03-3404920140216-20684-1jjgu2320140216-20684-1gjazx420140216-20684-6vvw7y[0]'
I, [2014-02-16T11:59:26.435310 #24190]  INFO -- : Command :: convert '/tmp/03-2837220140216-24190-dipgpu20140216-24190-1ukqsqt20140216-24190-1421epd[0]' -auto-orient -resize "200x200>" '/tmp/03-2837220140216-24190-dipgpu20140216-24190-1ukqsqt20140216-24190-1421epd20140216-24190-1hdv4xb'
I, [2014-02-16T11:59:26.488845 #24173]  INFO -- : Command :: identify -format %m '/tmp/03-3377320140216-24173-1t9irlc20140216-24173-1irf2ul20140216-24173-1aec9rj[0]'
I, [2014-02-16T11:59:26.518855 #20684]  INFO -- : Command :: identify -format %m '/tmp/03-3404920140216-20684-1jjgu2320140216-20684-1gjazx420140216-20684-6vvw7y[0]'
I, [2014-02-16T11:59:26.523487 #24202]  INFO -- : Command :: identify -format %m '/tmp/03-3444720140216-24202-5083sh20140216-24202-19h1kul20140216-24202-15fxybt[0]'
I, [2014-02-16T11:59:26.577900 #24212]  INFO -- : Command :: file -b --mime '/tmp/03-3243020140216-24212-1epwcz520140216-24212-189ggoi20140216-24212-169bzan20140216-24212-2tgzw2'
I, [2014-02-16T11:59:26.638330 #24173]  INFO -- : Command :: identify -format %m '/tmp/03-3377320140216-24173-1t9irlc20140216-24173-1irf2ul20140216-24173-1aec9rj[0]'
I, [2014-02-16T11:59:26.706599 #24173]  INFO -- : Command :: convert '/tmp/03-3377320140216-24173-1t9irlc20140216-24173-1irf2ul20140216-24173-1aec9rj[0]' -auto-orient -resize "300x300>" '/tmp/03-3377320140216-24173-1t9irlc20140216-24173-1irf2ul20140216-24173-1aec9rj20140216-24173-rz9v3e'
I, [2014-02-16T11:59:26.755367 #20684]  INFO -- : Command :: convert '/tmp/03-3404920140216-20684-1jjgu2320140216-20684-1gjazx420140216-20684-6vvw7y[0]' -auto-orient -resize "300x300>" '/tmp/03-3404920140216-20684-1jjgu2320140216-20684-1gjazx420140216-20684-6vvw7y20140216-20684-18ajf6y'
I, [2014-02-16T11:59:26.782059 #24212]  INFO -- :   Rendered uploads/create.js.erb (0.2ms)
I, [2014-02-16T11:59:26.782825 #24212]  INFO -- : Completed 200 OK in 6908ms (Views: 3.4ms | ActiveRecord: 62.2ms)
I, [2014-02-16T11:59:26.866529 #24202]  INFO -- : Command :: identify -format %m '/tmp/03-3444720140216-24202-5083sh20140216-24202-19h1kul20140216-24202-15fxybt[0]'
I, [2014-02-16T11:59:27.058467 #24202]  INFO -- : Command :: identify -format %m '/tmp/03-3444720140216-24202-5083sh20140216-24202-19h1kul20140216-24202-15fxybt[0]'
I, [2014-02-16T11:59:27.073574 #24190]  INFO -- : Command :: file -b --mime '/tmp/03-2837220140216-24190-dipgpu20140216-24190-1ukqsqt20140216-24190-1421epd20140216-24190-1hdv4xb'
I, [2014-02-16T11:59:27.238896 #24190]  INFO -- : Command :: identify -format '%wx%h,%[exif:orientation]' '/tmp/03-2837220140216-24190-dipgpu20140216-24190-1ukqsqt20140216-24190-1421epd[0]'
I, [2014-02-16T11:59:27.299272 #24202]  INFO -- : Command :: convert '/tmp/03-3444720140216-24202-5083sh20140216-24202-19h1kul20140216-24202-15fxybt[0]' -auto-orient -resize "1500x1500>" '/tmp/03-3444720140216-24202-5083sh20140216-24202-19h1kul20140216-24202-15fxybt20140216-24202-1ri3uvn'
I, [2014-02-16T11:59:27.530071 #20684]  INFO -- : Command :: file -b --mime '/tmp/03-3404920140216-20684-1jjgu2320140216-20684-1gjazx420140216-20684-6vvw7y20140216-20684-18ajf6y'
I, [2014-02-16T11:59:27.595800 #24173]  INFO -- : Command :: file -b --mime '/tmp/03-3377320140216-24173-1t9irlc20140216-24173-1irf2ul20140216-24173-1aec9rj20140216-24173-rz9v3e'
I, [2014-02-16T11:59:27.659076 #24190]  INFO -- : Command :: identify -format %m '/tmp/03-2837220140216-24190-dipgpu20140216-24190-1ukqsqt20140216-24190-1421epd[0]'
I, [2014-02-16T11:59:27.734645 #20684]  INFO -- : Command :: identify -format '%wx%h,%[exif:orientation]' '/tmp/03-3404920140216-20684-1jjgu2320140216-20684-1gjazx420140216-20684-6vvw7y[0]'
I, [2014-02-16T11:59:27.739763 #24190]  INFO -- : Command :: identify -format %m '/tmp/03-2837220140216-24190-dipgpu20140216-24190-1ukqsqt20140216-24190-1421epd[0]'
I, [2014-02-16T11:59:27.755452 #24173]  INFO -- : Command :: identify -format '%wx%h,%[exif:orientation]' '/tmp/03-3377320140216-24173-1t9irlc20140216-24173-1irf2ul20140216-24173-1aec9rj[0]'
I, [2014-02-16T11:59:27.774580 #24202]  INFO -- : Command :: file -b --mime '/tmp/03-3444720140216-24202-5083sh20140216-24202-19h1kul20140216-24202-15fxybt20140216-24202-1ri3uvn'
I, [2014-02-16T11:59:27.877221 #24202]  INFO -- : Command :: identify -format '%wx%h,%[exif:orientation]' '/tmp/03-3444720140216-24202-5083sh20140216-24202-19h1kul20140216-24202-15fxybt[0]'
I, [2014-02-16T11:59:27.921541 #24190]  INFO -- : Command :: identify -format %m '/tmp/03-2837220140216-24190-dipgpu20140216-24190-1ukqsqt20140216-24190-1421epd[0]'
I, [2014-02-16T11:59:27.941536 #20684]  INFO -- : Command :: identify -format %m '/tmp/03-3404920140216-20684-1jjgu2320140216-20684-1gjazx420140216-20684-6vvw7y[0]'
I, [2014-02-16T11:59:28.038960 #24173]  INFO -- : Command :: identify -format %m '/tmp/03-3377320140216-24173-1t9irlc20140216-24173-1irf2ul20140216-24173-1aec9rj[0]'
I, [2014-02-16T11:59:28.039165 #24190]  INFO -- : Command :: convert '/tmp/03-2837220140216-24190-dipgpu20140216-24190-1ukqsqt20140216-24190-1421epd[0]' -auto-orient -resize "100x100>" '/tmp/03-2837220140216-24190-dipgpu20140216-24190-1ukqsqt20140216-24190-1421epd20140216-24190-1ozqf56'
I, [2014-02-16T11:59:28.067406 #20684]  INFO -- : Command :: identify -format %m '/tmp/03-3404920140216-20684-1jjgu2320140216-20684-1gjazx420140216-20684-6vvw7y[0]'
I, [2014-02-16T11:59:28.128581 #24202]  INFO -- : Command :: identify -format %m '/tmp/03-3444720140216-24202-5083sh20140216-24202-19h1kul20140216-24202-15fxybt[0]'
I, [2014-02-16T11:59:28.129062 #24173]  INFO -- : Command :: identify -format %m '/tmp/03-3377320140216-24173-1t9irlc20140216-24173-1irf2ul20140216-24173-1aec9rj[0]'
I, [2014-02-16T11:59:28.229770 #24173]  INFO -- : Command :: identify -format %m '/tmp/03-3377320140216-24173-1t9irlc20140216-24173-1irf2ul20140216-24173-1aec9rj[0]'
I, [2014-02-16T11:59:28.233493 #20684]  INFO -- : Command :: identify -format %m '/tmp/03-3404920140216-20684-1jjgu2320140216-20684-1gjazx420140216-20684-6vvw7y[0]'
I, [2014-02-16T11:59:28.242954 #24202]  INFO -- : Command :: identify -format %m '/tmp/03-3444720140216-24202-5083sh20140216-24202-19h1kul20140216-24202-15fxybt[0]'
I, [2014-02-16T11:59:28.337482 #24173]  INFO -- : Command :: convert '/tmp/03-3377320140216-24173-1t9irlc20140216-24173-1irf2ul20140216-24173-1aec9rj[0]' -auto-orient -resize "200x200>" '/tmp/03-3377320140216-24173-1t9irlc20140216-24173-1irf2ul20140216-24173-1aec9rj20140216-24173-5399jr'
I, [2014-02-16T11:59:28.421481 #24212]  INFO -- : Started POST "/uploads" for 173.20.13.62 at 2014-02-16 11:59:28 +0000
I, [2014-02-16T11:59:28.424624 #24212]  INFO -- : Processing by UploadsController#create as JS
I, [2014-02-16T11:59:28.439730 #20684]  INFO -- : Command :: convert '/tmp/03-3404920140216-20684-1jjgu2320140216-20684-1gjazx420140216-20684-6vvw7y[0]' -auto-orient -resize "200x200>" '/tmp/03-3404920140216-20684-1jjgu2320140216-20684-1gjazx420140216-20684-6vvw7y20140216-20684-qiv0ci'
I, [2014-02-16T11:59:28.424829 #24212]  INFO -- :   Parameters: {"utf8"=>"", "authenticity_token"=>"82XP1X4ziHURZVuaUCeMQsHtW1R7txI2KZe14DSpuIs=", "upload"=>{"product_id"=>"", "uploaded_file"=>#<ActionDispatch::Http::UploadedFile:0x0000000502b930 @tempfile=#<Tempfile:/tmp/RackMultipart20140216-24212-18hsl38>, @original_filename="03-35152.JPG", @content_type="image/jpeg", @headers="Content-Disposition: form-data; name=\"upload[uploaded_file]\"; filename=\"03-35152.JPG\"\r\nContent-Type: image/jpeg\r\n">}}
I, [2014-02-16T11:59:28.538761 #24202]  INFO -- : Command :: identify -format %m '/tmp/03-3444720140216-24202-5083sh20140216-24202-19h1kul20140216-24202-15fxybt[0]'
I, [2014-02-16T11:59:28.556394 #24212]  INFO -- : Command :: identify -format '%wx%h,%[exif:orientation]' '/tmp/03-3515220140216-24212-5vnd37.JPG[0]'
I, [2014-02-16T11:59:28.646391 #24190]  INFO -- : Command :: file -b --mime '/tmp/03-2837220140216-24190-dipgpu20140216-24190-1ukqsqt20140216-24190-1421epd20140216-24190-1ozqf56'
I, [2014-02-16T11:59:28.790796 #24173]  INFO -- : Command :: file -b --mime '/tmp/03-3377320140216-24173-1t9irlc20140216-24173-1irf2ul20140216-24173-1aec9rj20140216-24173-5399jr'
I, [2014-02-16T11:59:28.792519 #24202]  INFO -- : Command :: convert '/tmp/03-3444720140216-24202-5083sh20140216-24202-19h1kul20140216-24202-15fxybt[0]' -auto-orient -resize "300x300>" '/tmp/03-3444720140216-24202-5083sh20140216-24202-19h1kul20140216-24202-15fxybt20140216-24202-s93utl'
I, [2014-02-16T11:59:28.858842 #24212]  INFO -- : Command :: identify -format %m '/tmp/03-3515220140216-24212-5vnd37.JPG[0]'
I, [2014-02-16T11:59:28.879766 #24190]  INFO -- :   Rendered uploads/create.js.erb (0.2ms)
I, [2014-02-16T11:59:28.880737 #24190]  INFO -- : Completed 200 OK in 8068ms (Views: 3.5ms | ActiveRecord: 62.7ms)
I, [2014-02-16T11:59:28.985673 #24173]  INFO -- : Command :: identify -format '%wx%h,%[exif:orientation]' '/tmp/03-3377320140216-24173-1t9irlc20140216-24173-1irf2ul20140216-24173-1aec9rj[0]'
I, [2014-02-16T11:59:29.030159 #20684]  INFO -- : Command :: file -b --mime '/tmp/03-3404920140216-20684-1jjgu2320140216-20684-1gjazx420140216-20684-6vvw7y20140216-20684-qiv0ci'
I, [2014-02-16T11:59:29.054528 #24212]  INFO -- : Command :: identify -format %m '/tmp/03-3515220140216-24212-5vnd37.JPG[0]'
I, [2014-02-16T11:59:29.104694 #20684]  INFO -- : Command :: identify -format '%wx%h,%[exif:orientation]' '/tmp/03-3404920140216-20684-1jjgu2320140216-20684-1gjazx420140216-20684-6vvw7y[0]'
I, [2014-02-16T11:59:29.140680 #24173]  INFO -- : Command :: identify -format %m '/tmp/03-3377320140216-24173-1t9irlc20140216-24173-1irf2ul20140216-24173-1aec9rj[0]'
I, [2014-02-16T11:59:29.162527 #24212]  INFO -- : Command :: identify -format %m '/tmp/03-3515220140216-24212-5vnd37.JPG[0]'
I, [2014-02-16T11:59:29.377384 #24212]  INFO -- : Command :: convert '/tmp/03-3515220140216-24212-5vnd37.JPG[0]' -auto-orient -resize "4000x4000>" '/tmp/03-3515220140216-24212-5vnd3720140216-24212-xvjbfj'
I, [2014-02-16T11:59:29.400564 #24173]  INFO -- : Command :: identify -format %m '/tmp/03-3377320140216-24173-1t9irlc20140216-24173-1irf2ul20140216-24173-1aec9rj[0]'
I, [2014-02-16T11:59:29.428195 #24202]  INFO -- : Command :: file -b --mime '/tmp/03-3444720140216-24202-5083sh20140216-24202-19h1kul20140216-24202-15fxybt20140216-24202-s93utl'
I, [2014-02-16T11:59:29.450500 #20684]  INFO -- : Command :: identify -format %m '/tmp/03-3404920140216-20684-1jjgu2320140216-20684-1gjazx420140216-20684-6vvw7y[0]'
I, [2014-02-16T11:59:29.489058 #24173]  INFO -- : Command :: identify -format %m '/tmp/03-3377320140216-24173-1t9irlc20140216-24173-1irf2ul20140216-24173-1aec9rj[0]'
I, [2014-02-16T11:59:29.567839 #24173]  INFO -- : Command :: convert '/tmp/03-3377320140216-24173-1t9irlc20140216-24173-1irf2ul20140216-24173-1aec9rj[0]' -auto-orient -resize "100x100>" '/tmp/03-3377320140216-24173-1t9irlc20140216-24173-1irf2ul20140216-24173-1aec9rj20140216-24173-19zkxh0'
I, [2014-02-16T11:59:29.598147 #20684]  INFO -- : Command :: identify -format %m '/tmp/03-3404920140216-20684-1jjgu2320140216-20684-1gjazx420140216-20684-6vvw7y[0]'
I, [2014-02-16T11:59:29.604366 #24202]  INFO -- : Command :: identify -format '%wx%h,%[exif:orientation]' '/tmp/03-3444720140216-24202-5083sh20140216-24202-19h1kul20140216-24202-15fxybt[0]'
I, [2014-02-16T11:59:29.672943 #24212]  INFO -- : Command :: file -b --mime '/tmp/03-3515220140216-24212-5vnd3720140216-24212-xvjbfj'
I, [2014-02-16T11:59:29.725106 #24202]  INFO -- : Command :: identify -format %m '/tmp/03-3444720140216-24202-5083sh20140216-24202-19h1kul20140216-24202-15fxybt[0]'
I, [2014-02-16T11:59:29.755877 #20684]  INFO -- : Command :: identify -format %m '/tmp/03-3404920140216-20684-1jjgu2320140216-20684-1gjazx420140216-20684-6vvw7y[0]'
I, [2014-02-16T11:59:29.781657 #24212]  INFO -- : Command :: identify -format '%wx%h,%[exif:orientation]' '/tmp/03-3515220140216-24212-5vnd3720140216-24212-xvjbfj20140216-24212-10x9xgr[0]'
I, [2014-02-16T11:59:29.824412 #24202]  INFO -- : Command :: identify -format %m '/tmp/03-3444720140216-24202-5083sh20140216-24202-19h1kul20140216-24202-15fxybt[0]'
I, [2014-02-16T11:59:29.889964 #24173]  INFO -- : Command :: file -b --mime '/tmp/03-3377320140216-24173-1t9irlc20140216-24173-1irf2ul20140216-24173-1aec9rj20140216-24173-19zkxh0'
I, [2014-02-16T11:59:29.923986 #24202]  INFO -- : Command :: identify -format %m '/tmp/03-3444720140216-24202-5083sh20140216-24202-19h1kul20140216-24202-15fxybt[0]'
I, [2014-02-16T11:59:29.972251 #20684]  INFO -- : Command :: convert '/tmp/03-3404920140216-20684-1jjgu2320140216-20684-1gjazx420140216-20684-6vvw7y[0]' -auto-orient -resize "100x100>" '/tmp/03-3404920140216-20684-1jjgu2320140216-20684-1gjazx420140216-20684-6vvw7y20140216-20684-vjcp5m'
I, [2014-02-16T11:59:30.055975 #24173]  INFO -- :   Rendered uploads/create.js.erb (0.2ms)
I, [2014-02-16T11:59:30.056707 #24173]  INFO -- : Completed 200 OK in 7761ms (Views: 2.0ms | ActiveRecord: 3.2ms)
I, [2014-02-16T11:59:30.064360 #24202]  INFO -- : Command :: convert '/tmp/03-3444720140216-24202-5083sh20140216-24202-19h1kul20140216-24202-15fxybt[0]' -auto-orient -resize "200x200>" '/tmp/03-3444720140216-24202-5083sh20140216-24202-19h1kul20140216-24202-15fxybt20140216-24202-q4atbl'
I, [2014-02-16T11:59:30.320142 #20684]  INFO -- : Command :: file -b --mime '/tmp/03-3404920140216-20684-1jjgu2320140216-20684-1gjazx420140216-20684-6vvw7y20140216-20684-vjcp5m'
I, [2014-02-16T11:59:30.357680 #24212]  INFO -- : Command :: identify -format %m '/tmp/03-3515220140216-24212-5vnd3720140216-24212-xvjbfj20140216-24212-10x9xgr[0]'
I, [2014-02-16T11:59:30.476025 #24202]  INFO -- : Command :: file -b --mime '/tmp/03-3444720140216-24202-5083sh20140216-24202-19h1kul20140216-24202-15fxybt20140216-24202-q4atbl'
I, [2014-02-16T11:59:30.509809 #24212]  INFO -- : Command :: identify -format %m '/tmp/03-3515220140216-24212-5vnd3720140216-24212-xvjbfj20140216-24212-10x9xgr[0]'
I, [2014-02-16T11:59:30.542439 #20684]  INFO -- :   Rendered uploads/create.js.erb (0.2ms)
I, [2014-02-16T11:59:30.543241 #20684]  INFO -- : Completed 200 OK in 8416ms (Views: 2.0ms | ActiveRecord: 20.1ms)
I, [2014-02-16T11:59:30.614915 #24212]  INFO -- : Command :: identify -format %m '/tmp/03-3515220140216-24212-5vnd3720140216-24212-xvjbfj20140216-24212-10x9xgr[0]'
I, [2014-02-16T11:59:30.630440 #24202]  INFO -- : Command :: identify -format '%wx%h,%[exif:orientation]' '/tmp/03-3444720140216-24202-5083sh20140216-24202-19h1kul20140216-24202-15fxybt[0]'
I, [2014-02-16T11:59:30.779066 #24212]  INFO -- : Command :: convert '/tmp/03-3515220140216-24212-5vnd3720140216-24212-xvjbfj20140216-24212-10x9xgr[0]' -auto-orient -resize "1500x1500>" '/tmp/03-3515220140216-24212-5vnd3720140216-24212-xvjbfj20140216-24212-10x9xgr20140216-24212-1egq8va'
I, [2014-02-16T11:59:30.830601 #24202]  INFO -- : Command :: identify -format %m '/tmp/03-3444720140216-24202-5083sh20140216-24202-19h1kul20140216-24202-15fxybt[0]'
I, [2014-02-16T11:59:30.970694 #20684]  INFO -- : Started POST "/uploads" for 173.20.13.62 at 2014-02-16 11:59:30 +0000
I, [2014-02-16T11:59:30.973981 #20684]  INFO -- : Processing by UploadsController#create as JS
I, [2014-02-16T11:59:30.974244 #20684]  INFO -- :   Parameters: {"utf8"=>"", "authenticity_token"=>"82XP1X4ziHURZVuaUCeMQsHtW1R7txI2KZe14DSpuIs=", "upload"=>{"product_id"=>"", "uploaded_file"=>#<ActionDispatch::Http::UploadedFile:0x000000052d5e10 @tempfile=#<Tempfile:/tmp/RackMultipart20140216-20684-1cp327o>, @original_filename="03-41508.JPG", @content_type="image/jpeg", @headers="Content-Disposition: form-data; name=\"upload[uploaded_file]\"; filename=\"03-41508.JPG\"\r\nContent-Type: image/jpeg\r\n">}}
I, [2014-02-16T11:59:30.986282 #20684]  INFO -- : Command :: identify -format '%wx%h,%[exif:orientation]' '/tmp/03-4150820140216-20684-xn1ejr.JPG[0]'
I, [2014-02-16T11:59:31.012133 #24202]  INFO -- : Command :: identify -format %m '/tmp/03-3444720140216-24202-5083sh20140216-24202-19h1kul20140216-24202-15fxybt[0]'
I, [2014-02-16T11:59:31.107028 #24202]  INFO -- : Command :: identify -format %m '/tmp/03-3444720140216-24202-5083sh20140216-24202-19h1kul20140216-24202-15fxybt[0]'
I, [2014-02-16T11:59:31.108620 #24212]  INFO -- : Command :: file -b --mime '/tmp/03-3515220140216-24212-5vnd3720140216-24212-xvjbfj20140216-24212-10x9xgr20140216-24212-1egq8va'
I, [2014-02-16T11:59:31.193339 #20684]  INFO -- : Command :: identify -format %m '/tmp/03-4150820140216-20684-xn1ejr.JPG[0]'
I, [2014-02-16T11:59:31.195192 #24202]  INFO -- : Command :: convert '/tmp/03-3444720140216-24202-5083sh20140216-24202-19h1kul20140216-24202-15fxybt[0]' -auto-orient -resize "100x100>" '/tmp/03-3444720140216-24202-5083sh20140216-24202-19h1kul20140216-24202-15fxybt20140216-24202-jfv1du'
I, [2014-02-16T11:59:31.202376 #24212]  INFO -- : Command :: identify -format '%wx%h,%[exif:orientation]' '/tmp/03-3515220140216-24212-5vnd3720140216-24212-xvjbfj20140216-24212-10x9xgr[0]'
I, [2014-02-16T11:59:31.286074 #20684]  INFO -- : Command :: identify -format %m '/tmp/03-4150820140216-20684-xn1ejr.JPG[0]'
I, [2014-02-16T11:59:31.438172 #24212]  INFO -- : Command :: identify -format %m '/tmp/03-3515220140216-24212-5vnd3720140216-24212-xvjbfj20140216-24212-10x9xgr[0]'
I, [2014-02-16T11:59:31.440972 #20684]  INFO -- : Command :: identify -format %m '/tmp/03-4150820140216-20684-xn1ejr.JPG[0]'
I, [2014-02-16T11:59:31.612775 #24212]  INFO -- : Command :: identify -format %m '/tmp/03-3515220140216-24212-5vnd3720140216-24212-xvjbfj20140216-24212-10x9xgr[0]'
I, [2014-02-16T11:59:31.660495 #20684]  INFO -- : Command :: convert '/tmp/03-4150820140216-20684-xn1ejr.JPG[0]' -auto-orient -resize "4000x4000>" '/tmp/03-4150820140216-20684-xn1ejr20140216-20684-13bxqau'
I, [2014-02-16T11:59:31.710403 #24202]  INFO -- : Command :: file -b --mime '/tmp/03-3444720140216-24202-5083sh20140216-24202-19h1kul20140216-24202-15fxybt20140216-24202-jfv1du'
I, [2014-02-16T11:59:31.824994 #24212]  INFO -- : Command :: identify -format %m '/tmp/03-3515220140216-24212-5vnd3720140216-24212-xvjbfj20140216-24212-10x9xgr[0]'
I, [2014-02-16T11:59:31.845752 #24202]  INFO -- :   Rendered uploads/create.js.erb (0.2ms)
I, [2014-02-16T11:59:31.846488 #24202]  INFO -- : Completed 200 OK in 7484ms (Views: 2.0ms | ActiveRecord: 8.4ms)
I, [2014-02-16T11:59:31.879929 #24212]  INFO -- : Command :: convert '/tmp/03-3515220140216-24212-5vnd3720140216-24212-xvjbfj20140216-24212-10x9xgr[0]' -auto-orient -resize "300x300>" '/tmp/03-3515220140216-24212-5vnd3720140216-24212-xvjbfj20140216-24212-10x9xgr20140216-24212-vu350l'
I, [2014-02-16T11:59:32.109357 #20684]  INFO -- : Command :: file -b --mime '/tmp/03-4150820140216-20684-xn1ejr20140216-20684-13bxqau'
I, [2014-02-16T11:59:32.193348 #24212]  INFO -- : Command :: file -b --mime '/tmp/03-3515220140216-24212-5vnd3720140216-24212-xvjbfj20140216-24212-10x9xgr20140216-24212-vu350l'
I, [2014-02-16T11:59:32.292130 #24212]  INFO -- : Command :: identify -format '%wx%h,%[exif:orientation]' '/tmp/03-3515220140216-24212-5vnd3720140216-24212-xvjbfj20140216-24212-10x9xgr[0]'
I, [2014-02-16T11:59:32.333372 #20684]  INFO -- : Command :: identify -format '%wx%h,%[exif:orientation]' '/tmp/03-4150820140216-20684-xn1ejr20140216-20684-13bxqau20140216-20684-1n10sms[0]'
I, [2014-02-16T11:59:32.498029 #24212]  INFO -- : Command :: identify -format %m '/tmp/03-3515220140216-24212-5vnd3720140216-24212-xvjbfj20140216-24212-10x9xgr[0]'
I, [2014-02-16T11:59:32.538092 #20684]  INFO -- : Command :: identify -format %m '/tmp/03-4150820140216-20684-xn1ejr20140216-20684-13bxqau20140216-20684-1n10sms[0]'
I, [2014-02-16T11:59:32.572964 #24212]  INFO -- : Command :: identify -format %m '/tmp/03-3515220140216-24212-5vnd3720140216-24212-xvjbfj20140216-24212-10x9xgr[0]'
I, [2014-02-16T11:59:32.621592 #20684]  INFO -- : Command :: identify -format %m '/tmp/03-4150820140216-20684-xn1ejr20140216-20684-13bxqau20140216-20684-1n10sms[0]'
I, [2014-02-16T11:59:32.680448 #24202]  INFO -- : Started POST "/uploads" for 173.20.13.62 at 2014-02-16 11:59:32 +0000
I, [2014-02-16T11:59:32.683754 #24202]  INFO -- : Processing by UploadsController#create as JS
I, [2014-02-16T11:59:32.683950 #24202]  INFO -- :   Parameters: {"utf8"=>"", "authenticity_token"=>"82XP1X4ziHURZVuaUCeMQsHtW1R7txI2KZe14DSpuIs=", "upload"=>{"product_id"=>"", "uploaded_file"=>#<ActionDispatch::Http::UploadedFile:0x00000001e82230 @tempfile=#<Tempfile:/tmp/RackMultipart20140216-24202-cn57tu>, @original_filename="03-46271.JPG", @content_type="image/jpeg", @headers="Content-Disposition: form-data; name=\"upload[uploaded_file]\"; filename=\"03-46271.JPG\"\r\nContent-Type: image/jpeg\r\n">}}
I, [2014-02-16T11:59:32.694362 #24202]  INFO -- : Command :: identify -format '%wx%h,%[exif:orientation]' '/tmp/03-4627120140216-24202-1a42k2t.JPG[0]'
I, [2014-02-16T11:59:32.743249 #24212]  INFO -- : Command :: identify -format %m '/tmp/03-3515220140216-24212-5vnd3720140216-24212-xvjbfj20140216-24212-10x9xgr[0]'
I, [2014-02-16T11:59:32.844370 #20684]  INFO -- : Command :: identify -format %m '/tmp/03-4150820140216-20684-xn1ejr20140216-20684-13bxqau20140216-20684-1n10sms[0]'
I, [2014-02-16T11:59:32.878571 #24212]  INFO -- : Command :: convert '/tmp/03-3515220140216-24212-5vnd3720140216-24212-xvjbfj20140216-24212-10x9xgr[0]' -auto-orient -resize "200x200>" '/tmp/03-3515220140216-24212-5vnd3720140216-24212-xvjbfj20140216-24212-10x9xgr20140216-24212-1ndhp7p'
I, [2014-02-16T11:59:32.879295 #24202]  INFO -- : Command :: identify -format %m '/tmp/03-4627120140216-24202-1a42k2t.JPG[0]'
I, [2014-02-16T11:59:32.982791 #20684]  INFO -- : Command :: convert '/tmp/03-4150820140216-20684-xn1ejr20140216-20684-13bxqau20140216-20684-1n10sms[0]' -auto-orient -resize "1500x1500>" '/tmp/03-4150820140216-20684-xn1ejr20140216-20684-13bxqau20140216-20684-1n10sms20140216-20684-1y29npc'
I, [2014-02-16T11:59:33.027216 #24202]  INFO -- : Command :: identify -format %m '/tmp/03-4627120140216-24202-1a42k2t.JPG[0]'
I, [2014-02-16T11:59:33.202892 #24212]  INFO -- : Command :: file -b --mime '/tmp/03-3515220140216-24212-5vnd3720140216-24212-xvjbfj20140216-24212-10x9xgr20140216-24212-1ndhp7p'
I, [2014-02-16T11:59:33.236127 #24202]  INFO -- : Command :: identify -format %m '/tmp/03-4627120140216-24202-1a42k2t.JPG[0]'
I, [2014-02-16T11:59:33.333883 #24202]  INFO -- : Command :: convert '/tmp/03-4627120140216-24202-1a42k2t.JPG[0]' -auto-orient -resize "4000x4000>" '/tmp/03-4627120140216-24202-1a42k2t20140216-24202-106qhcf'
I, [2014-02-16T11:59:33.343951 #24212]  INFO -- : Command :: identify -format '%wx%h,%[exif:orientation]' '/tmp/03-3515220140216-24212-5vnd3720140216-24212-xvjbfj20140216-24212-10x9xgr[0]'
I, [2014-02-16T11:59:33.347755 #20684]  INFO -- : Command :: file -b --mime '/tmp/03-4150820140216-20684-xn1ejr20140216-20684-13bxqau20140216-20684-1n10sms20140216-20684-1y29npc'
I, [2014-02-16T11:59:33.455276 #20684]  INFO -- : Command :: identify -format '%wx%h,%[exif:orientation]' '/tmp/03-4150820140216-20684-xn1ejr20140216-20684-13bxqau20140216-20684-1n10sms[0]'
I, [2014-02-16T11:59:33.510446 #24212]  INFO -- : Command :: identify -format %m '/tmp/03-3515220140216-24212-5vnd3720140216-24212-xvjbfj20140216-24212-10x9xgr[0]'
I, [2014-02-16T11:59:33.630993 #20684]  INFO -- : Command :: identify -format %m '/tmp/03-4150820140216-20684-xn1ejr20140216-20684-13bxqau20140216-20684-1n10sms[0]'
I, [2014-02-16T11:59:33.655075 #24202]  INFO -- : Command :: file -b --mime '/tmp/03-4627120140216-24202-1a42k2t20140216-24202-106qhcf'
I, [2014-02-16T11:59:33.729567 #24212]  INFO -- : Command :: identify -format %m '/tmp/03-3515220140216-24212-5vnd3720140216-24212-xvjbfj20140216-24212-10x9xgr[0]'
I, [2014-02-16T11:59:33.747361 #20684]  INFO -- : Command :: identify -format %m '/tmp/03-4150820140216-20684-xn1ejr20140216-20684-13bxqau20140216-20684-1n10sms[0]'
I, [2014-02-16T11:59:33.791784 #24212]  INFO -- : Command :: identify -format %m '/tmp/03-3515220140216-24212-5vnd3720140216-24212-xvjbfj20140216-24212-10x9xgr[0]'
I, [2014-02-16T11:59:33.800218 #24202]  INFO -- : Command :: identify -format '%wx%h,%[exif:orientation]' '/tmp/03-4627120140216-24202-1a42k2t20140216-24202-106qhcf20140216-24202-1acfp06[0]'
I, [2014-02-16T11:59:33.845637 #20684]  INFO -- : Command :: identify -format %m '/tmp/03-4150820140216-20684-xn1ejr20140216-20684-13bxqau20140216-20684-1n10sms[0]'
I, [2014-02-16T11:59:33.896639 #24212]  INFO -- : Command :: convert '/tmp/03-3515220140216-24212-5vnd3720140216-24212-xvjbfj20140216-24212-10x9xgr[0]' -auto-orient -resize "100x100>" '/tmp/03-3515220140216-24212-5vnd3720140216-24212-xvjbfj20140216-24212-10x9xgr20140216-24212-13reojn'
I, [2014-02-16T11:59:33.931537 #24202]  INFO -- : Command :: identify -format %m '/tmp/03-4627120140216-24202-1a42k2t20140216-24202-106qhcf20140216-24202-1acfp06[0]'
I, [2014-02-16T11:59:33.941981 #20684]  INFO -- : Command :: convert '/tmp/03-4150820140216-20684-xn1ejr20140216-20684-13bxqau20140216-20684-1n10sms[0]' -auto-orient -resize "300x300>" '/tmp/03-4150820140216-20684-xn1ejr20140216-20684-13bxqau20140216-20684-1n10sms20140216-20684-nxungl'
I, [2014-02-16T11:59:34.035387 #24202]  INFO -- : Command :: identify -format %m '/tmp/03-4627120140216-24202-1a42k2t20140216-24202-106qhcf20140216-24202-1acfp06[0]'
I, [2014-02-16T11:59:34.096814 #24202]  INFO -- : Command :: identify -format %m '/tmp/03-4627120140216-24202-1a42k2t20140216-24202-106qhcf20140216-24202-1acfp06[0]'
I, [2014-02-16T11:59:34.228134 #24202]  INFO -- : Command :: convert '/tmp/03-4627120140216-24202-1a42k2t20140216-24202-106qhcf20140216-24202-1acfp06[0]' -auto-orient -resize "1500x1500>" '/tmp/03-4627120140216-24202-1a42k2t20140216-24202-106qhcf20140216-24202-1acfp0620140216-24202-1dn639g'
I, [2014-02-16T11:59:34.257254 #24212]  INFO -- : Command :: file -b --mime '/tmp/03-3515220140216-24212-5vnd3720140216-24212-xvjbfj20140216-24212-10x9xgr20140216-24212-13reojn'
I, [2014-02-16T11:59:34.334684 #20684]  INFO -- : Command :: file -b --mime '/tmp/03-4150820140216-20684-xn1ejr20140216-20684-13bxqau20140216-20684-1n10sms20140216-20684-nxungl'
I, [2014-02-16T11:59:34.441170 #20684]  INFO -- : Command :: identify -format '%wx%h,%[exif:orientation]' '/tmp/03-4150820140216-20684-xn1ejr20140216-20684-13bxqau20140216-20684-1n10sms[0]'
I, [2014-02-16T11:59:34.449865 #24212]  INFO -- :   Rendered uploads/create.js.erb (0.2ms)
I, [2014-02-16T11:59:34.450507 #24212]  INFO -- : Completed 200 OK in 5964ms (Views: 2.1ms | ActiveRecord: 1.9ms)
I, [2014-02-16T11:59:34.530753 #24202]  INFO -- : Command :: file -b --mime '/tmp/03-4627120140216-24202-1a42k2t20140216-24202-106qhcf20140216-24202-1acfp0620140216-24202-1dn639g'
I, [2014-02-16T11:59:34.675336 #24202]  INFO -- : Command :: identify -format '%wx%h,%[exif:orientation]' '/tmp/03-4627120140216-24202-1a42k2t20140216-24202-106qhcf20140216-24202-1acfp06[0]'
I, [2014-02-16T11:59:34.768620 #20684]  INFO -- : Command :: identify -format %m '/tmp/03-4150820140216-20684-xn1ejr20140216-20684-13bxqau20140216-20684-1n10sms[0]'
I, [2014-02-16T11:59:34.840700 #24202]  INFO -- : Command :: identify -format %m '/tmp/03-4627120140216-24202-1a42k2t20140216-24202-106qhcf20140216-24202-1acfp06[0]'
I, [2014-02-16T11:59:34.945622 #20684]  INFO -- : Command :: identify -format %m '/tmp/03-4150820140216-20684-xn1ejr20140216-20684-13bxqau20140216-20684-1n10sms[0]'
I, [2014-02-16T11:59:34.977318 #24202]  INFO -- : Command :: identify -format %m '/tmp/03-4627120140216-24202-1a42k2t20140216-24202-106qhcf20140216-24202-1acfp06[0]'
I, [2014-02-16T11:59:35.044585 #20684]  INFO -- : Command :: identify -format %m '/tmp/03-4150820140216-20684-xn1ejr20140216-20684-13bxqau20140216-20684-1n10sms[0]'
I, [2014-02-16T11:59:35.126356 #24202]  INFO -- : Command :: identify -format %m '/tmp/03-4627120140216-24202-1a42k2t20140216-24202-106qhcf20140216-24202-1acfp06[0]'
I, [2014-02-16T11:59:35.154554 #20684]  INFO -- : Command :: convert '/tmp/03-4150820140216-20684-xn1ejr20140216-20684-13bxqau20140216-20684-1n10sms[0]' -auto-orient -resize "200x200>" '/tmp/03-4150820140216-20684-xn1ejr20140216-20684-13bxqau20140216-20684-1n10sms20140216-20684-1015vll'
I, [2014-02-16T11:59:35.201462 #24202]  INFO -- : Command :: convert '/tmp/03-4627120140216-24202-1a42k2t20140216-24202-106qhcf20140216-24202-1acfp06[0]' -auto-orient -resize "300x300>" '/tmp/03-4627120140216-24202-1a42k2t20140216-24202-106qhcf20140216-24202-1acfp0620140216-24202-1nmp6b'
I, [2014-02-16T11:59:35.370937 #20684]  INFO -- : Command :: file -b --mime '/tmp/03-4150820140216-20684-xn1ejr20140216-20684-13bxqau20140216-20684-1n10sms20140216-20684-1015vll'
I, [2014-02-16T11:59:35.435693 #24202]  INFO -- : Command :: file -b --mime '/tmp/03-4627120140216-24202-1a42k2t20140216-24202-106qhcf20140216-24202-1acfp0620140216-24202-1nmp6b'
I, [2014-02-16T11:59:35.476246 #20684]  INFO -- : Command :: identify -format '%wx%h,%[exif:orientation]' '/tmp/03-4150820140216-20684-xn1ejr20140216-20684-13bxqau20140216-20684-1n10sms[0]'
I, [2014-02-16T11:59:35.516931 #24202]  INFO -- : Command :: identify -format '%wx%h,%[exif:orientation]' '/tmp/03-4627120140216-24202-1a42k2t20140216-24202-106qhcf20140216-24202-1acfp06[0]'
I, [2014-02-16T11:59:35.604678 #20684]  INFO -- : Command :: identify -format %m '/tmp/03-4150820140216-20684-xn1ejr20140216-20684-13bxqau20140216-20684-1n10sms[0]'
I, [2014-02-16T11:59:35.640509 #24212]  INFO -- : Started POST "/uploads" for 173.20.13.62 at 2014-02-16 11:59:35 +0000
I, [2014-02-16T11:59:35.643687 #24212]  INFO -- : Processing by UploadsController#create as JS
I, [2014-02-16T11:59:35.643893 #24212]  INFO -- :   Parameters: {"utf8"=>"", "authenticity_token"=>"82XP1X4ziHURZVuaUCeMQsHtW1R7txI2KZe14DSpuIs=", "upload"=>{"product_id"=>"", "uploaded_file"=>#<ActionDispatch::Http::UploadedFile:0x00000004f23ba0 @tempfile=#<Tempfile:/tmp/RackMultipart20140216-24212-pp5zrz>, @original_filename="03-50769.JPG", @content_type="image/jpeg", @headers="Content-Disposition: form-data; name=\"upload[uploaded_file]\"; filename=\"03-50769.JPG\"\r\nContent-Type: image/jpeg\r\n">}}
I, [2014-02-16T11:59:35.656506 #24212]  INFO -- : Command :: identify -format '%wx%h,%[exif:orientation]' '/tmp/03-5076920140216-24212-miq79b.JPG[0]'
I, [2014-02-16T11:59:35.660481 #24202]  INFO -- : Command :: identify -format %m '/tmp/03-4627120140216-24202-1a42k2t20140216-24202-106qhcf20140216-24202-1acfp06[0]'
I, [2014-02-16T11:59:35.724443 #24202]  INFO -- : Command :: identify -format %m '/tmp/03-4627120140216-24202-1a42k2t20140216-24202-106qhcf20140216-24202-1acfp06[0]'
I, [2014-02-16T11:59:35.733946 #20684]  INFO -- : Command :: identify -format %m '/tmp/03-4150820140216-20684-xn1ejr20140216-20684-13bxqau20140216-20684-1n10sms[0]'
I, [2014-02-16T11:59:35.801280 #24212]  INFO -- : Command :: identify -format %m '/tmp/03-5076920140216-24212-miq79b.JPG[0]'
I, [2014-02-16T11:59:35.816302 #24202]  INFO -- : Command :: identify -format %m '/tmp/03-4627120140216-24202-1a42k2t20140216-24202-106qhcf20140216-24202-1acfp06[0]'
I, [2014-02-16T11:59:35.849797 #20684]  INFO -- : Command :: identify -format %m '/tmp/03-4150820140216-20684-xn1ejr20140216-20684-13bxqau20140216-20684-1n10sms[0]'
I, [2014-02-16T11:59:35.879883 #24212]  INFO -- : Command :: identify -format %m '/tmp/03-5076920140216-24212-miq79b.JPG[0]'
I, [2014-02-16T11:59:35.913716 #24202]  INFO -- : Command :: convert '/tmp/03-4627120140216-24202-1a42k2t20140216-24202-106qhcf20140216-24202-1acfp06[0]' -auto-orient -resize "200x200>" '/tmp/03-4627120140216-24202-1a42k2t20140216-24202-106qhcf20140216-24202-1acfp0620140216-24202-167j9qs'
I, [2014-02-16T11:59:35.921796 #20684]  INFO -- : Command :: convert '/tmp/03-4150820140216-20684-xn1ejr20140216-20684-13bxqau20140216-20684-1n10sms[0]' -auto-orient -resize "100x100>" '/tmp/03-4150820140216-20684-xn1ejr20140216-20684-13bxqau20140216-20684-1n10sms20140216-20684-6454km'
I, [2014-02-16T11:59:35.980366 #24212]  INFO -- : Command :: identify -format %m '/tmp/03-5076920140216-24212-miq79b.JPG[0]'
I, [2014-02-16T11:59:36.064089 #24212]  INFO -- : Command :: convert '/tmp/03-5076920140216-24212-miq79b.JPG[0]' -auto-orient -resize "4000x4000>" '/tmp/03-5076920140216-24212-miq79b20140216-24212-jbje38'
I, [2014-02-16T11:59:36.127899 #24202]  INFO -- : Command :: file -b --mime '/tmp/03-4627120140216-24202-1a42k2t20140216-24202-106qhcf20140216-24202-1acfp0620140216-24202-167j9qs'
I, [2014-02-16T11:59:36.208058 #24202]  INFO -- : Command :: identify -format '%wx%h,%[exif:orientation]' '/tmp/03-4627120140216-24202-1a42k2t20140216-24202-106qhcf20140216-24202-1acfp06[0]'
I, [2014-02-16T11:59:36.246269 #20684]  INFO -- : Command :: file -b --mime '/tmp/03-4150820140216-20684-xn1ejr20140216-20684-13bxqau20140216-20684-1n10sms20140216-20684-6454km'
I, [2014-02-16T11:59:36.272325 #24212]  INFO -- : Command :: file -b --mime '/tmp/03-5076920140216-24212-miq79b20140216-24212-jbje38'
I, [2014-02-16T11:59:36.314680 #20684]  INFO -- :   Rendered uploads/create.js.erb (0.2ms)
I, [2014-02-16T11:59:36.315412 #20684]  INFO -- : Completed 200 OK in 5341ms (Views: 2.2ms | ActiveRecord: 2.0ms)
I, [2014-02-16T11:59:36.328600 #24202]  INFO -- : Command :: identify -format %m '/tmp/03-4627120140216-24202-1a42k2t20140216-24202-106qhcf20140216-24202-1acfp06[0]'
I, [2014-02-16T11:59:36.365086 #24212]  INFO -- : Command :: identify -format '%wx%h,%[exif:orientation]' '/tmp/03-5076920140216-24212-miq79b20140216-24212-jbje3820140216-24212-8bhpwy[0]'
I, [2014-02-16T11:59:36.387754 #24202]  INFO -- : Command :: identify -format %m '/tmp/03-4627120140216-24202-1a42k2t20140216-24202-106qhcf20140216-24202-1acfp06[0]'
I, [2014-02-16T11:59:36.468938 #24212]  INFO -- : Command :: identify -format %m '/tmp/03-5076920140216-24212-miq79b20140216-24212-jbje3820140216-24212-8bhpwy[0]'
I, [2014-02-16T11:59:36.531121 #24202]  INFO -- : Command :: identify -format %m '/tmp/03-4627120140216-24202-1a42k2t20140216-24202-106qhcf20140216-24202-1acfp06[0]'
I, [2014-02-16T11:59:36.536483 #24212]  INFO -- : Command :: identify -format %m '/tmp/03-5076920140216-24212-miq79b20140216-24212-jbje3820140216-24212-8bhpwy[0]'
I, [2014-02-16T11:59:36.602212 #24202]  INFO -- : Command :: convert '/tmp/03-4627120140216-24202-1a42k2t20140216-24202-106qhcf20140216-24202-1acfp06[0]' -auto-orient -resize "100x100>" '/tmp/03-4627120140216-24202-1a42k2t20140216-24202-106qhcf20140216-24202-1acfp0620140216-24202-1b15jfi'
I, [2014-02-16T11:59:36.664914 #24212]  INFO -- : Command :: identify -format %m '/tmp/03-5076920140216-24212-miq79b20140216-24212-jbje3820140216-24212-8bhpwy[0]'
