I, [2014-02-16T12:00:09.214521 #24212]  INFO -- :   Rendered uploads/create.js.erb (0.2ms)
I, [2014-02-16T12:00:09.215188 #24212]  INFO -- : Completed 200 OK in 6710ms (Views: 1.9ms | ActiveRecord: 12.3ms)
I, [2014-02-16T12:00:09.228586 #24202]  INFO -- : Command :: identify -format %m '/tmp/03-7655720140216-24202-mdpf7620140216-24202-1dmp99v20140216-24202-gq7a9k[0]'
I, [2014-02-16T12:00:09.405079 #24202]  INFO -- : Command :: identify -format %m '/tmp/03-7655720140216-24202-mdpf7620140216-24202-1dmp99v20140216-24202-gq7a9k[0]'
I, [2014-02-16T12:00:09.456749 #20684]  INFO -- : Command :: identify -format %m '/tmp/03-7466120140216-20684-1jonwvh20140216-20684-1t38qbs20140216-20684-tt0bpt[0]'
I, [2014-02-16T12:00:09.460473 #24224]  INFO -- : Command :: identify -format %m '/tmp/03-7439520140216-24224-rw277r20140216-24224-18yb0yr20140216-24224-85omy2[0]'
I, [2014-02-16T12:00:09.584191 #24224]  INFO -- : Command :: identify -format %m '/tmp/03-7439520140216-24224-rw277r20140216-24224-18yb0yr20140216-24224-85omy2[0]'
I, [2014-02-16T12:00:09.645214 #20684]  INFO -- : Command :: identify -format %m '/tmp/03-7466120140216-20684-1jonwvh20140216-20684-1t38qbs20140216-20684-tt0bpt[0]'
I, [2014-02-16T12:00:09.709538 #24224]  INFO -- : Command :: identify -format %m '/tmp/03-7439520140216-24224-rw277r20140216-24224-18yb0yr20140216-24224-85omy2[0]'
I, [2014-02-16T12:00:09.743927 #24173]  INFO -- : Command :: file -b --mime '/tmp/03-7024220140216-24173-14ak88j20140216-24173-1en1ggk20140216-24173-15pe76d20140216-24173-q85fzb'
I, [2014-02-16T12:00:09.797403 #24224]  INFO -- : Command :: convert '/tmp/03-7439520140216-24224-rw277r20140216-24224-18yb0yr20140216-24224-85omy2[0]' -auto-orient -resize "100x100>" '/tmp/03-7439520140216-24224-rw277r20140216-24224-18yb0yr20140216-24224-85omy220140216-24224-mm5trq'
I, [2014-02-16T12:00:09.818221 #24202]  INFO -- : Command :: identify -format %m '/tmp/03-7655720140216-24202-mdpf7620140216-24202-1dmp99v20140216-24202-gq7a9k[0]'
I, [2014-02-16T12:00:09.841531 #20684]  INFO -- : Command :: identify -format %m '/tmp/03-7466120140216-20684-1jonwvh20140216-20684-1t38qbs20140216-20684-tt0bpt[0]'
I, [2014-02-16T12:00:09.899911 #24202]  INFO -- : Command :: convert '/tmp/03-7655720140216-24202-mdpf7620140216-24202-1dmp99v20140216-24202-gq7a9k[0]' -auto-orient -resize "1500x1500>" '/tmp/03-7655720140216-24202-mdpf7620140216-24202-1dmp99v20140216-24202-gq7a9k20140216-24202-1lgcav8'
I, [2014-02-16T12:00:09.957874 #20684]  INFO -- : Command :: convert '/tmp/03-7466120140216-20684-1jonwvh20140216-20684-1t38qbs20140216-20684-tt0bpt[0]' -auto-orient -resize "300x300>" '/tmp/03-7466120140216-20684-1jonwvh20140216-20684-1t38qbs20140216-20684-tt0bpt20140216-20684-12clmnj'
I, [2014-02-16T12:00:10.022800 #24173]  INFO -- : Command :: identify -format '%wx%h,%[exif:orientation]' '/tmp/03-7024220140216-24173-14ak88j20140216-24173-1en1ggk20140216-24173-15pe76d[0]'
I, [2014-02-16T12:00:10.223659 #24224]  INFO -- : Command :: file -b --mime '/tmp/03-7439520140216-24224-rw277r20140216-24224-18yb0yr20140216-24224-85omy220140216-24224-mm5trq'
I, [2014-02-16T12:00:10.273853 #24202]  INFO -- : Command :: file -b --mime '/tmp/03-7655720140216-24202-mdpf7620140216-24202-1dmp99v20140216-24202-gq7a9k20140216-24202-1lgcav8'
I, [2014-02-16T12:00:10.353613 #24224]  INFO -- :   Rendered uploads/create.js.erb (0.2ms)
I, [2014-02-16T12:00:10.354339 #24224]  INFO -- : Completed 200 OK in 6507ms (Views: 1.9ms | ActiveRecord: 5.7ms)
I, [2014-02-16T12:00:10.406537 #24173]  INFO -- : Command :: identify -format %m '/tmp/03-7024220140216-24173-14ak88j20140216-24173-1en1ggk20140216-24173-15pe76d[0]'
I, [2014-02-16T12:00:10.516122 #20684]  INFO -- : Command :: file -b --mime '/tmp/03-7466120140216-20684-1jonwvh20140216-20684-1t38qbs20140216-20684-tt0bpt20140216-20684-12clmnj'
I, [2014-02-16T12:00:10.563448 #24202]  INFO -- : Command :: identify -format '%wx%h,%[exif:orientation]' '/tmp/03-7655720140216-24202-mdpf7620140216-24202-1dmp99v20140216-24202-gq7a9k[0]'
I, [2014-02-16T12:00:10.599298 #24173]  INFO -- : Command :: identify -format %m '/tmp/03-7024220140216-24173-14ak88j20140216-24173-1en1ggk20140216-24173-15pe76d[0]'
I, [2014-02-16T12:00:10.694539 #24202]  INFO -- : Command :: identify -format %m '/tmp/03-7655720140216-24202-mdpf7620140216-24202-1dmp99v20140216-24202-gq7a9k[0]'
I, [2014-02-16T12:00:10.739656 #24173]  INFO -- : Command :: identify -format %m '/tmp/03-7024220140216-24173-14ak88j20140216-24173-1en1ggk20140216-24173-15pe76d[0]'
I, [2014-02-16T12:00:10.770255 #24202]  INFO -- : Command :: identify -format %m '/tmp/03-7655720140216-24202-mdpf7620140216-24202-1dmp99v20140216-24202-gq7a9k[0]'
I, [2014-02-16T12:00:10.850269 #20684]  INFO -- : Command :: identify -format '%wx%h,%[exif:orientation]' '/tmp/03-7466120140216-20684-1jonwvh20140216-20684-1t38qbs20140216-20684-tt0bpt[0]'
I, [2014-02-16T12:00:10.865450 #24173]  INFO -- : Command :: convert '/tmp/03-7024220140216-24173-14ak88j20140216-24173-1en1ggk20140216-24173-15pe76d[0]' -auto-orient -resize "300x300>" '/tmp/03-7024220140216-24173-14ak88j20140216-24173-1en1ggk20140216-24173-15pe76d20140216-24173-1bwjdf1'
I, [2014-02-16T12:00:10.979732 #24202]  INFO -- : Command :: identify -format %m '/tmp/03-7655720140216-24202-mdpf7620140216-24202-1dmp99v20140216-24202-gq7a9k[0]'
I, [2014-02-16T12:00:11.110760 #20684]  INFO -- : Command :: identify -format %m '/tmp/03-7466120140216-20684-1jonwvh20140216-20684-1t38qbs20140216-20684-tt0bpt[0]'
I, [2014-02-16T12:00:11.115246 #24202]  INFO -- : Command :: convert '/tmp/03-7655720140216-24202-mdpf7620140216-24202-1dmp99v20140216-24202-gq7a9k[0]' -auto-orient -resize "300x300>" '/tmp/03-7655720140216-24202-mdpf7620140216-24202-1dmp99v20140216-24202-gq7a9k20140216-24202-bfjlbj'
I, [2014-02-16T12:00:11.292024 #24224]  INFO -- : Started POST "/uploads" for 173.20.13.62 at 2014-02-16 12:00:11 +0000
I, [2014-02-16T12:00:11.333693 #24224]  INFO -- : Processing by UploadsController#create as JS
I, [2014-02-16T12:00:11.333947 #24224]  INFO -- :   Parameters: {"utf8"=>"", "authenticity_token"=>"82XP1X4ziHURZVuaUCeMQsHtW1R7txI2KZe14DSpuIs=", "upload"=>{"product_id"=>"", "uploaded_file"=>#<ActionDispatch::Http::UploadedFile:0x00000004fb1978 @tempfile=#<Tempfile:/tmp/RackMultipart20140216-24224-ytjhln>, @original_filename="03-77590.JPG", @content_type="image/jpeg", @headers="Content-Disposition: form-data; name=\"upload[uploaded_file]\"; filename=\"03-77590.JPG\"\r\nContent-Type: image/jpeg\r\n">}}
I, [2014-02-16T12:00:11.397918 #20684]  INFO -- : Command :: identify -format %m '/tmp/03-7466120140216-20684-1jonwvh20140216-20684-1t38qbs20140216-20684-tt0bpt[0]'
I, [2014-02-16T12:00:11.405811 #24224]  INFO -- : Command :: identify -format '%wx%h,%[exif:orientation]' '/tmp/03-7759020140216-24224-1eg1ao.JPG[0]'
I, [2014-02-16T12:00:11.481093 #24173]  INFO -- : Command :: file -b --mime '/tmp/03-7024220140216-24173-14ak88j20140216-24173-1en1ggk20140216-24173-15pe76d20140216-24173-1bwjdf1'
I, [2014-02-16T12:00:11.622454 #24202]  INFO -- : Command :: file -b --mime '/tmp/03-7655720140216-24202-mdpf7620140216-24202-1dmp99v20140216-24202-gq7a9k20140216-24202-bfjlbj'
I, [2014-02-16T12:00:11.704162 #24173]  INFO -- : Command :: identify -format '%wx%h,%[exif:orientation]' '/tmp/03-7024220140216-24173-14ak88j20140216-24173-1en1ggk20140216-24173-15pe76d[0]'
I, [2014-02-16T12:00:11.726861 #24224]  INFO -- : Command :: identify -format %m '/tmp/03-7759020140216-24224-1eg1ao.JPG[0]'
I, [2014-02-16T12:00:11.731051 #20684]  INFO -- : Command :: identify -format %m '/tmp/03-7466120140216-20684-1jonwvh20140216-20684-1t38qbs20140216-20684-tt0bpt[0]'
I, [2014-02-16T12:00:11.847263 #24202]  INFO -- : Command :: identify -format '%wx%h,%[exif:orientation]' '/tmp/03-7655720140216-24202-mdpf7620140216-24202-1dmp99v20140216-24202-gq7a9k[0]'
I, [2014-02-16T12:00:11.934366 #24224]  INFO -- : Command :: identify -format %m '/tmp/03-7759020140216-24224-1eg1ao.JPG[0]'
I, [2014-02-16T12:00:11.971249 #24173]  INFO -- : Command :: identify -format %m '/tmp/03-7024220140216-24173-14ak88j20140216-24173-1en1ggk20140216-24173-15pe76d[0]'
I, [2014-02-16T12:00:12.059271 #24202]  INFO -- : Command :: identify -format %m '/tmp/03-7655720140216-24202-mdpf7620140216-24202-1dmp99v20140216-24202-gq7a9k[0]'
I, [2014-02-16T12:00:12.063225 #20684]  INFO -- : Command :: convert '/tmp/03-7466120140216-20684-1jonwvh20140216-20684-1t38qbs20140216-20684-tt0bpt[0]' -auto-orient -resize "200x200>" '/tmp/03-7466120140216-20684-1jonwvh20140216-20684-1t38qbs20140216-20684-tt0bpt20140216-20684-2o63bg'
I, [2014-02-16T12:00:12.069433 #24224]  INFO -- : Command :: identify -format %m '/tmp/03-7759020140216-24224-1eg1ao.JPG[0]'
I, [2014-02-16T12:00:12.153006 #24173]  INFO -- : Command :: identify -format %m '/tmp/03-7024220140216-24173-14ak88j20140216-24173-1en1ggk20140216-24173-15pe76d[0]'
I, [2014-02-16T12:00:12.199268 #24202]  INFO -- : Command :: identify -format %m '/tmp/03-7655720140216-24202-mdpf7620140216-24202-1dmp99v20140216-24202-gq7a9k[0]'
I, [2014-02-16T12:00:12.285506 #24224]  INFO -- : Command :: convert '/tmp/03-7759020140216-24224-1eg1ao.JPG[0]' -auto-orient -resize "4000x4000>" '/tmp/03-7759020140216-24224-1eg1ao20140216-24224-nq4oj8'
I, [2014-02-16T12:00:12.291441 #24202]  INFO -- : Command :: identify -format %m '/tmp/03-7655720140216-24202-mdpf7620140216-24202-1dmp99v20140216-24202-gq7a9k[0]'
I, [2014-02-16T12:00:12.380535 #24173]  INFO -- : Command :: identify -format %m '/tmp/03-7024220140216-24173-14ak88j20140216-24173-1en1ggk20140216-24173-15pe76d[0]'
I, [2014-02-16T12:00:12.545525 #24224]  INFO -- : Command :: file -b --mime '/tmp/03-7759020140216-24224-1eg1ao20140216-24224-nq4oj8'
I, [2014-02-16T12:00:12.569075 #24202]  INFO -- : Command :: convert '/tmp/03-7655720140216-24202-mdpf7620140216-24202-1dmp99v20140216-24202-gq7a9k[0]' -auto-orient -resize "200x200>" '/tmp/03-7655720140216-24202-mdpf7620140216-24202-1dmp99v20140216-24202-gq7a9k20140216-24202-tifoib'
I, [2014-02-16T12:00:12.605654 #24173]  INFO -- : Command :: convert '/tmp/03-7024220140216-24173-14ak88j20140216-24173-1en1ggk20140216-24173-15pe76d[0]' -auto-orient -resize "200x200>" '/tmp/03-7024220140216-24173-14ak88j20140216-24173-1en1ggk20140216-24173-15pe76d20140216-24173-1nqbzcu'
I, [2014-02-16T12:00:12.665179 #20684]  INFO -- : Command :: file -b --mime '/tmp/03-7466120140216-20684-1jonwvh20140216-20684-1t38qbs20140216-20684-tt0bpt20140216-20684-2o63bg'
I, [2014-02-16T12:00:12.748638 #24224]  INFO -- : Command :: identify -format '%wx%h,%[exif:orientation]' '/tmp/03-7759020140216-24224-1eg1ao20140216-24224-nq4oj820140216-24224-18jj9pn[0]'
I, [2014-02-16T12:00:12.940494 #20684]  INFO -- : Command :: identify -format '%wx%h,%[exif:orientation]' '/tmp/03-7466120140216-20684-1jonwvh20140216-20684-1t38qbs20140216-20684-tt0bpt[0]'
I, [2014-02-16T12:00:13.022390 #24202]  INFO -- : Command :: file -b --mime '/tmp/03-7655720140216-24202-mdpf7620140216-24202-1dmp99v20140216-24202-gq7a9k20140216-24202-tifoib'
I, [2014-02-16T12:00:13.149144 #20684]  INFO -- : Command :: identify -format %m '/tmp/03-7466120140216-20684-1jonwvh20140216-20684-1t38qbs20140216-20684-tt0bpt[0]'
I, [2014-02-16T12:00:13.162727 #24224]  INFO -- : Command :: identify -format %m '/tmp/03-7759020140216-24224-1eg1ao20140216-24224-nq4oj820140216-24224-18jj9pn[0]'
I, [2014-02-16T12:00:13.168600 #24202]  INFO -- : Command :: identify -format '%wx%h,%[exif:orientation]' '/tmp/03-7655720140216-24202-mdpf7620140216-24202-1dmp99v20140216-24202-gq7a9k[0]'
I, [2014-02-16T12:00:13.273680 #24173]  INFO -- : Command :: file -b --mime '/tmp/03-7024220140216-24173-14ak88j20140216-24173-1en1ggk20140216-24173-15pe76d20140216-24173-1nqbzcu'
I, [2014-02-16T12:00:13.393840 #20684]  INFO -- : Command :: identify -format %m '/tmp/03-7466120140216-20684-1jonwvh20140216-20684-1t38qbs20140216-20684-tt0bpt[0]'
I, [2014-02-16T12:00:13.480485 #24224]  INFO -- : Command :: identify -format %m '/tmp/03-7759020140216-24224-1eg1ao20140216-24224-nq4oj820140216-24224-18jj9pn[0]'
I, [2014-02-16T12:00:13.515705 #24173]  INFO -- : Command :: identify -format '%wx%h,%[exif:orientation]' '/tmp/03-7024220140216-24173-14ak88j20140216-24173-1en1ggk20140216-24173-15pe76d[0]'
I, [2014-02-16T12:00:13.624615 #24202]  INFO -- : Command :: identify -format %m '/tmp/03-7655720140216-24202-mdpf7620140216-24202-1dmp99v20140216-24202-gq7a9k[0]'
I, [2014-02-16T12:00:13.627667 #20684]  INFO -- : Command :: identify -format %m '/tmp/03-7466120140216-20684-1jonwvh20140216-20684-1t38qbs20140216-20684-tt0bpt[0]'
I, [2014-02-16T12:00:13.654653 #24224]  INFO -- : Command :: identify -format %m '/tmp/03-7759020140216-24224-1eg1ao20140216-24224-nq4oj820140216-24224-18jj9pn[0]'
I, [2014-02-16T12:00:13.723287 #24224]  INFO -- : Command :: convert '/tmp/03-7759020140216-24224-1eg1ao20140216-24224-nq4oj820140216-24224-18jj9pn[0]' -auto-orient -resize "1500x1500>" '/tmp/03-7759020140216-24224-1eg1ao20140216-24224-nq4oj820140216-24224-18jj9pn20140216-24224-1lq67jf'
I, [2014-02-16T12:00:13.764303 #20684]  INFO -- : Command :: convert '/tmp/03-7466120140216-20684-1jonwvh20140216-20684-1t38qbs20140216-20684-tt0bpt[0]' -auto-orient -resize "100x100>" '/tmp/03-7466120140216-20684-1jonwvh20140216-20684-1t38qbs20140216-20684-tt0bpt20140216-20684-c2wjgj'
I, [2014-02-16T12:00:13.768687 #24173]  INFO -- : Command :: identify -format %m '/tmp/03-7024220140216-24173-14ak88j20140216-24173-1en1ggk20140216-24173-15pe76d[0]'
I, [2014-02-16T12:00:13.829450 #24202]  INFO -- : Command :: identify -format %m '/tmp/03-7655720140216-24202-mdpf7620140216-24202-1dmp99v20140216-24202-gq7a9k[0]'
I, [2014-02-16T12:00:13.904928 #24173]  INFO -- : Command :: identify -format %m '/tmp/03-7024220140216-24173-14ak88j20140216-24173-1en1ggk20140216-24173-15pe76d[0]'
I, [2014-02-16T12:00:13.987234 #24173]  INFO -- : Command :: identify -format %m '/tmp/03-7024220140216-24173-14ak88j20140216-24173-1en1ggk20140216-24173-15pe76d[0]'
I, [2014-02-16T12:00:13.996619 #24202]  INFO -- : Command :: identify -format %m '/tmp/03-7655720140216-24202-mdpf7620140216-24202-1dmp99v20140216-24202-gq7a9k[0]'
I, [2014-02-16T12:00:14.052931 #24202]  INFO -- : Command :: convert '/tmp/03-7655720140216-24202-mdpf7620140216-24202-1dmp99v20140216-24202-gq7a9k[0]' -auto-orient -resize "100x100>" '/tmp/03-7655720140216-24202-mdpf7620140216-24202-1dmp99v20140216-24202-gq7a9k20140216-24202-1p00wv3'
I, [2014-02-16T12:00:14.067373 #24224]  INFO -- : Command :: file -b --mime '/tmp/03-7759020140216-24224-1eg1ao20140216-24224-nq4oj820140216-24224-18jj9pn20140216-24224-1lq67jf'
I, [2014-02-16T12:00:14.211752 #24173]  INFO -- : Command :: convert '/tmp/03-7024220140216-24173-14ak88j20140216-24173-1en1ggk20140216-24173-15pe76d[0]' -auto-orient -resize "100x100>" '/tmp/03-7024220140216-24173-14ak88j20140216-24173-1en1ggk20140216-24173-15pe76d20140216-24173-15acwzr'
I, [2014-02-16T12:00:14.282477 #20684]  INFO -- : Command :: file -b --mime '/tmp/03-7466120140216-20684-1jonwvh20140216-20684-1t38qbs20140216-20684-tt0bpt20140216-20684-c2wjgj'
I, [2014-02-16T12:00:14.390446 #24224]  INFO -- : Command :: identify -format '%wx%h,%[exif:orientation]' '/tmp/03-7759020140216-24224-1eg1ao20140216-24224-nq4oj820140216-24224-18jj9pn[0]'
I, [2014-02-16T12:00:14.609298 #20684]  INFO -- :   Rendered uploads/create.js.erb (0.2ms)
I, [2014-02-16T12:00:14.609962 #20684]  INFO -- : Completed 200 OK in 8688ms (Views: 2.2ms | ActiveRecord: 1.9ms)
I, [2014-02-16T12:00:14.610790 #24202]  INFO -- : Command :: file -b --mime '/tmp/03-7655720140216-24202-mdpf7620140216-24202-1dmp99v20140216-24202-gq7a9k20140216-24202-1p00wv3'
I, [2014-02-16T12:00:14.659304 #24224]  INFO -- : Command :: identify -format %m '/tmp/03-7759020140216-24224-1eg1ao20140216-24224-nq4oj820140216-24224-18jj9pn[0]'
I, [2014-02-16T12:00:14.790182 #24202]  INFO -- :   Rendered uploads/create.js.erb (0.3ms)
I, [2014-02-16T12:00:14.793289 #24202]  INFO -- : Completed 200 OK in 7579ms (Views: 13.6ms | ActiveRecord: 45.9ms)
I, [2014-02-16T12:00:14.795256 #24173]  INFO -- : Command :: file -b --mime '/tmp/03-7024220140216-24173-14ak88j20140216-24173-1en1ggk20140216-24173-15pe76d20140216-24173-15acwzr'
I, [2014-02-16T12:00:14.860037 #24224]  INFO -- : Command :: identify -format %m '/tmp/03-7759020140216-24224-1eg1ao20140216-24224-nq4oj820140216-24224-18jj9pn[0]'
I, [2014-02-16T12:00:14.886547 #24173]  INFO -- :   Rendered uploads/create.js.erb (0.2ms)
I, [2014-02-16T12:00:14.887244 #24173]  INFO -- : Completed 200 OK in 8332ms (Views: 2.0ms | ActiveRecord: 6.6ms)
I, [2014-02-16T12:00:14.947625 #20684]  INFO -- : Started POST "/uploads" for 173.20.13.62 at 2014-02-16 12:00:14 +0000
I, [2014-02-16T12:00:14.955443 #24224]  INFO -- : Command :: identify -format %m '/tmp/03-7759020140216-24224-1eg1ao20140216-24224-nq4oj820140216-24224-18jj9pn[0]'
I, [2014-02-16T12:00:14.962671 #20684]  INFO -- : Processing by UploadsController#create as JS
I, [2014-02-16T12:00:14.962896 #20684]  INFO -- :   Parameters: {"utf8"=>"", "authenticity_token"=>"82XP1X4ziHURZVuaUCeMQsHtW1R7txI2KZe14DSpuIs=", "upload"=>{"product_id"=>"", "uploaded_file"=>#<ActionDispatch::Http::UploadedFile:0x00000003829080 @tempfile=#<Tempfile:/tmp/RackMultipart20140216-20684-hogeqr>, @original_filename="03-86142.JPG", @content_type="image/jpeg", @headers="Content-Disposition: form-data; name=\"upload[uploaded_file]\"; filename=\"03-86142.JPG\"\r\nContent-Type: image/jpeg\r\n">}}
I, [2014-02-16T12:00:14.980521 #20684]  INFO -- : Command :: identify -format '%wx%h,%[exif:orientation]' '/tmp/03-8614220140216-20684-u8qdzk.JPG[0]'
I, [2014-02-16T12:00:15.106049 #24224]  INFO -- : Command :: convert '/tmp/03-7759020140216-24224-1eg1ao20140216-24224-nq4oj820140216-24224-18jj9pn[0]' -auto-orient -resize "300x300>" '/tmp/03-7759020140216-24224-1eg1ao20140216-24224-nq4oj820140216-24224-18jj9pn20140216-24224-104zfe7'
I, [2014-02-16T12:00:15.150424 #20684]  INFO -- : Command :: identify -format %m '/tmp/03-8614220140216-20684-u8qdzk.JPG[0]'
I, [2014-02-16T12:00:15.285355 #20684]  INFO -- : Command :: identify -format %m '/tmp/03-8614220140216-20684-u8qdzk.JPG[0]'
I, [2014-02-16T12:00:15.453681 #24224]  INFO -- : Command :: file -b --mime '/tmp/03-7759020140216-24224-1eg1ao20140216-24224-nq4oj820140216-24224-18jj9pn20140216-24224-104zfe7'
I, [2014-02-16T12:00:15.506100 #24224]  INFO -- : Command :: identify -format '%wx%h,%[exif:orientation]' '/tmp/03-7759020140216-24224-1eg1ao20140216-24224-nq4oj820140216-24224-18jj9pn[0]'
I, [2014-02-16T12:00:15.510337 #20684]  INFO -- : Command :: identify -format %m '/tmp/03-8614220140216-20684-u8qdzk.JPG[0]'
I, [2014-02-16T12:00:15.597031 #20684]  INFO -- : Command :: convert '/tmp/03-8614220140216-20684-u8qdzk.JPG[0]' -auto-orient -resize "4000x4000>" '/tmp/03-8614220140216-20684-u8qdzk20140216-20684-1xob3lb'
I, [2014-02-16T12:00:15.663520 #24224]  INFO -- : Command :: identify -format %m '/tmp/03-7759020140216-24224-1eg1ao20140216-24224-nq4oj820140216-24224-18jj9pn[0]'
I, [2014-02-16T12:00:15.760635 #24224]  INFO -- : Command :: identify -format %m '/tmp/03-7759020140216-24224-1eg1ao20140216-24224-nq4oj820140216-24224-18jj9pn[0]'
I, [2014-02-16T12:00:15.847241 #24224]  INFO -- : Command :: identify -format %m '/tmp/03-7759020140216-24224-1eg1ao20140216-24224-nq4oj820140216-24224-18jj9pn[0]'
I, [2014-02-16T12:00:15.941235 #20684]  INFO -- : Command :: file -b --mime '/tmp/03-8614220140216-20684-u8qdzk20140216-20684-1xob3lb'
I, [2014-02-16T12:00:16.011562 #24224]  INFO -- : Command :: convert '/tmp/03-7759020140216-24224-1eg1ao20140216-24224-nq4oj820140216-24224-18jj9pn[0]' -auto-orient -resize "200x200>" '/tmp/03-7759020140216-24224-1eg1ao20140216-24224-nq4oj820140216-24224-18jj9pn20140216-24224-1dd6sp5'
I, [2014-02-16T12:00:16.028221 #20684]  INFO -- : Command :: identify -format '%wx%h,%[exif:orientation]' '/tmp/03-8614220140216-20684-u8qdzk20140216-20684-1xob3lb20140216-20684-1dz7wk4[0]'
I, [2014-02-16T12:00:16.172140 #20684]  INFO -- : Command :: identify -format %m '/tmp/03-8614220140216-20684-u8qdzk20140216-20684-1xob3lb20140216-20684-1dz7wk4[0]'
I, [2014-02-16T12:00:16.372001 #24224]  INFO -- : Command :: file -b --mime '/tmp/03-7759020140216-24224-1eg1ao20140216-24224-nq4oj820140216-24224-18jj9pn20140216-24224-1dd6sp5'
I, [2014-02-16T12:00:16.388812 #20684]  INFO -- : Command :: identify -format %m '/tmp/03-8614220140216-20684-u8qdzk20140216-20684-1xob3lb20140216-20684-1dz7wk4[0]'
I, [2014-02-16T12:00:16.439368 #24224]  INFO -- : Command :: identify -format '%wx%h,%[exif:orientation]' '/tmp/03-7759020140216-24224-1eg1ao20140216-24224-nq4oj820140216-24224-18jj9pn[0]'
I, [2014-02-16T12:00:16.622198 #24224]  INFO -- : Command :: identify -format %m '/tmp/03-7759020140216-24224-1eg1ao20140216-24224-nq4oj820140216-24224-18jj9pn[0]'
I, [2014-02-16T12:00:16.640306 #20684]  INFO -- : Command :: identify -format %m '/tmp/03-8614220140216-20684-u8qdzk20140216-20684-1xob3lb20140216-20684-1dz7wk4[0]'
I, [2014-02-16T12:00:16.804898 #24224]  INFO -- : Command :: identify -format %m '/tmp/03-7759020140216-24224-1eg1ao20140216-24224-nq4oj820140216-24224-18jj9pn[0]'
I, [2014-02-16T12:00:16.888558 #20684]  INFO -- : Command :: convert '/tmp/03-8614220140216-20684-u8qdzk20140216-20684-1xob3lb20140216-20684-1dz7wk4[0]' -auto-orient -resize "1500x1500>" '/tmp/03-8614220140216-20684-u8qdzk20140216-20684-1xob3lb20140216-20684-1dz7wk420140216-20684-1w6svr9'
I, [2014-02-16T12:00:16.894838 #24224]  INFO -- : Command :: identify -format %m '/tmp/03-7759020140216-24224-1eg1ao20140216-24224-nq4oj820140216-24224-18jj9pn[0]'
I, [2014-02-16T12:00:17.078188 #24224]  INFO -- : Command :: convert '/tmp/03-7759020140216-24224-1eg1ao20140216-24224-nq4oj820140216-24224-18jj9pn[0]' -auto-orient -resize "100x100>" '/tmp/03-7759020140216-24224-1eg1ao20140216-24224-nq4oj820140216-24224-18jj9pn20140216-24224-112u36j'
I, [2014-02-16T12:00:17.348758 #20684]  INFO -- : Command :: file -b --mime '/tmp/03-8614220140216-20684-u8qdzk20140216-20684-1xob3lb20140216-20684-1dz7wk420140216-20684-1w6svr9'
I, [2014-02-16T12:00:17.387266 #24224]  INFO -- : Command :: file -b --mime '/tmp/03-7759020140216-24224-1eg1ao20140216-24224-nq4oj820140216-24224-18jj9pn20140216-24224-112u36j'
I, [2014-02-16T12:00:17.449469 #20684]  INFO -- : Command :: identify -format '%wx%h,%[exif:orientation]' '/tmp/03-8614220140216-20684-u8qdzk20140216-20684-1xob3lb20140216-20684-1dz7wk4[0]'
I, [2014-02-16T12:00:17.581984 #24224]  INFO -- :   Rendered uploads/create.js.erb (0.2ms)
I, [2014-02-16T12:00:17.582765 #24224]  INFO -- : Completed 200 OK in 6249ms (Views: 6.2ms | ActiveRecord: 33.5ms)
I, [2014-02-16T12:00:17.723946 #20684]  INFO -- : Command :: identify -format %m '/tmp/03-8614220140216-20684-u8qdzk20140216-20684-1xob3lb20140216-20684-1dz7wk4[0]'
I, [2014-02-16T12:00:17.826204 #20684]  INFO -- : Command :: identify -format %m '/tmp/03-8614220140216-20684-u8qdzk20140216-20684-1xob3lb20140216-20684-1dz7wk4[0]'
I, [2014-02-16T12:00:18.066568 #20684]  INFO -- : Command :: identify -format %m '/tmp/03-8614220140216-20684-u8qdzk20140216-20684-1xob3lb20140216-20684-1dz7wk4[0]'
I, [2014-02-16T12:00:18.160167 #20684]  INFO -- : Command :: convert '/tmp/03-8614220140216-20684-u8qdzk20140216-20684-1xob3lb20140216-20684-1dz7wk4[0]' -auto-orient -resize "300x300>" '/tmp/03-8614220140216-20684-u8qdzk20140216-20684-1xob3lb20140216-20684-1dz7wk420140216-20684-czjlip'
I, [2014-02-16T12:00:18.459229 #20684]  INFO -- : Command :: file -b --mime '/tmp/03-8614220140216-20684-u8qdzk20140216-20684-1xob3lb20140216-20684-1dz7wk420140216-20684-czjlip'
I, [2014-02-16T12:00:18.540856 #20684]  INFO -- : Command :: identify -format '%wx%h,%[exif:orientation]' '/tmp/03-8614220140216-20684-u8qdzk20140216-20684-1xob3lb20140216-20684-1dz7wk4[0]'
I, [2014-02-16T12:00:18.637289 #20684]  INFO -- : Command :: identify -format %m '/tmp/03-8614220140216-20684-u8qdzk20140216-20684-1xob3lb20140216-20684-1dz7wk4[0]'
I, [2014-02-16T12:00:18.737385 #20684]  INFO -- : Command :: identify -format %m '/tmp/03-8614220140216-20684-u8qdzk20140216-20684-1xob3lb20140216-20684-1dz7wk4[0]'
I, [2014-02-16T12:00:18.904271 #20684]  INFO -- : Command :: identify -format %m '/tmp/03-8614220140216-20684-u8qdzk20140216-20684-1xob3lb20140216-20684-1dz7wk4[0]'
I, [2014-02-16T12:00:19.070017 #20684]  INFO -- : Command :: convert '/tmp/03-8614220140216-20684-u8qdzk20140216-20684-1xob3lb20140216-20684-1dz7wk4[0]' -auto-orient -resize "200x200>" '/tmp/03-8614220140216-20684-u8qdzk20140216-20684-1xob3lb20140216-20684-1dz7wk420140216-20684-gw0fij'
I, [2014-02-16T12:00:19.409240 #20684]  INFO -- : Command :: file -b --mime '/tmp/03-8614220140216-20684-u8qdzk20140216-20684-1xob3lb20140216-20684-1dz7wk420140216-20684-gw0fij'
I, [2014-02-16T12:00:19.635802 #20684]  INFO -- : Command :: identify -format '%wx%h,%[exif:orientation]' '/tmp/03-8614220140216-20684-u8qdzk20140216-20684-1xob3lb20140216-20684-1dz7wk4[0]'
I, [2014-02-16T12:00:19.793497 #20684]  INFO -- : Command :: identify -format %m '/tmp/03-8614220140216-20684-u8qdzk20140216-20684-1xob3lb20140216-20684-1dz7wk4[0]'
I, [2014-02-16T12:00:19.958706 #20684]  INFO -- : Command :: identify -format %m '/tmp/03-8614220140216-20684-u8qdzk20140216-20684-1xob3lb20140216-20684-1dz7wk4[0]'
I, [2014-02-16T12:00:20.184517 #20684]  INFO -- : Command :: identify -format %m '/tmp/03-8614220140216-20684-u8qdzk20140216-20684-1xob3lb20140216-20684-1dz7wk4[0]'
I, [2014-02-16T12:00:20.351320 #20684]  INFO -- : Command :: convert '/tmp/03-8614220140216-20684-u8qdzk20140216-20684-1xob3lb20140216-20684-1dz7wk4[0]' -auto-orient -resize "100x100>" '/tmp/03-8614220140216-20684-u8qdzk20140216-20684-1xob3lb20140216-20684-1dz7wk420140216-20684-kn0ouq'
I, [2014-02-16T12:00:20.492176 #24224]  INFO -- : Started POST "/uploads" for 173.20.13.62 at 2014-02-16 12:00:20 +0000
I, [2014-02-16T12:00:20.495457 #24224]  INFO -- : Processing by UploadsController#create as JS
I, [2014-02-16T12:00:20.495654 #24224]  INFO -- :   Parameters: {"utf8"=>"", "authenticity_token"=>"82XP1X4ziHURZVuaUCeMQsHtW1R7txI2KZe14DSpuIs=", "upload"=>{"product_id"=>"", "uploaded_file"=>#<ActionDispatch::Http::UploadedFile:0x00000004e6e570 @tempfile=#<Tempfile:/tmp/RackMultipart20140216-24224-1sd0lp8>, @original_filename="03-78910.JPG", @content_type="image/jpeg", @headers="Content-Disposition: form-data; name=\"upload[uploaded_file]\"; filename=\"03-78910.JPG\"\r\nContent-Type: image/jpeg\r\n">}}
I, [2014-02-16T12:00:20.509056 #24224]  INFO -- : Command :: identify -format '%wx%h,%[exif:orientation]' '/tmp/03-7891020140216-24224-5ur39z.JPG[0]'
I, [2014-02-16T12:00:20.679599 #20684]  INFO -- : Command :: file -b --mime '/tmp/03-8614220140216-20684-u8qdzk20140216-20684-1xob3lb20140216-20684-1dz7wk420140216-20684-kn0ouq'
I, [2014-02-16T12:00:20.710777 #24224]  INFO -- : Command :: identify -format %m '/tmp/03-7891020140216-24224-5ur39z.JPG[0]'
I, [2014-02-16T12:00:20.783851 #24224]  INFO -- : Command :: identify -format %m '/tmp/03-7891020140216-24224-5ur39z.JPG[0]'
I, [2014-02-16T12:00:20.824715 #20684]  INFO -- :   Rendered uploads/create.js.erb (0.2ms)
I, [2014-02-16T12:00:20.828416 #20684]  INFO -- : Completed 200 OK in 5865ms (Views: 9.4ms | ActiveRecord: 42.0ms)
I, [2014-02-16T12:00:20.989019 #24224]  INFO -- : Command :: identify -format %m '/tmp/03-7891020140216-24224-5ur39z.JPG[0]'
I, [2014-02-16T12:00:21.135732 #24224]  INFO -- : Command :: convert '/tmp/03-7891020140216-24224-5ur39z.JPG[0]' -auto-orient -resize "4000x4000>" '/tmp/03-7891020140216-24224-5ur39z20140216-24224-1ij3hb6'
I, [2014-02-16T12:00:21.337221 #20684]  INFO -- : Started POST "/uploads" for 173.20.13.62 at 2014-02-16 12:00:21 +0000
I, [2014-02-16T12:00:21.340825 #20684]  INFO -- : Processing by UploadsController#create as JS
I, [2014-02-16T12:00:21.341097 #20684]  INFO -- :   Parameters: {"utf8"=>"", "authenticity_token"=>"82XP1X4ziHURZVuaUCeMQsHtW1R7txI2KZe14DSpuIs=", "upload"=>{"product_id"=>"", "uploaded_file"=>#<ActionDispatch::Http::UploadedFile:0x000000052da5c8 @tempfile=#<Tempfile:/tmp/RackMultipart20140216-20684-yw6h1l>, @original_filename="03-87095.JPG", @content_type="image/jpeg", @headers="Content-Disposition: form-data; name=\"upload[uploaded_file]\"; filename=\"03-87095.JPG\"\r\nContent-Type: image/jpeg\r\n">}}
I, [2014-02-16T12:00:21.353050 #20684]  INFO -- : Command :: identify -format '%wx%h,%[exif:orientation]' '/tmp/03-8709520140216-20684-115d7tl.JPG[0]'
I, [2014-02-16T12:00:21.489138 #24224]  INFO -- : Command :: file -b --mime '/tmp/03-7891020140216-24224-5ur39z20140216-24224-1ij3hb6'
I, [2014-02-16T12:00:21.688791 #24224]  INFO -- : Command :: identify -format '%wx%h,%[exif:orientation]' '/tmp/03-7891020140216-24224-5ur39z20140216-24224-1ij3hb620140216-24224-1x6gsdc[0]'
I, [2014-02-16T12:00:21.785251 #20684]  INFO -- : Command :: identify -format %m '/tmp/03-8709520140216-20684-115d7tl.JPG[0]'
I, [2014-02-16T12:00:21.890879 #24224]  INFO -- : Command :: identify -format %m '/tmp/03-7891020140216-24224-5ur39z20140216-24224-1ij3hb620140216-24224-1x6gsdc[0]'
I, [2014-02-16T12:00:21.949211 #24224]  INFO -- : Command :: identify -format %m '/tmp/03-7891020140216-24224-5ur39z20140216-24224-1ij3hb620140216-24224-1x6gsdc[0]'
I, [2014-02-16T12:00:21.966817 #20684]  INFO -- : Command :: identify -format %m '/tmp/03-8709520140216-20684-115d7tl.JPG[0]'
I, [2014-02-16T12:00:22.072905 #24224]  INFO -- : Command :: identify -format %m '/tmp/03-7891020140216-24224-5ur39z20140216-24224-1ij3hb620140216-24224-1x6gsdc[0]'
I, [2014-02-16T12:00:22.080937 #20684]  INFO -- : Command :: identify -format %m '/tmp/03-8709520140216-20684-115d7tl.JPG[0]'
I, [2014-02-16T12:00:22.181902 #20684]  INFO -- : Command :: convert '/tmp/03-8709520140216-20684-115d7tl.JPG[0]' -auto-orient -resize "4000x4000>" '/tmp/03-8709520140216-20684-115d7tl20140216-20684-1lz772w'
I, [2014-02-16T12:00:22.183009 #24224]  INFO -- : Command :: convert '/tmp/03-7891020140216-24224-5ur39z20140216-24224-1ij3hb620140216-24224-1x6gsdc[0]' -auto-orient -resize "1500x1500>" '/tmp/03-7891020140216-24224-5ur39z20140216-24224-1ij3hb620140216-24224-1x6gsdc20140216-24224-1510028'
I, [2014-02-16T12:00:22.367030 #24224]  INFO -- : Command :: file -b --mime '/tmp/03-7891020140216-24224-5ur39z20140216-24224-1ij3hb620140216-24224-1x6gsdc20140216-24224-1510028'
I, [2014-02-16T12:00:22.484862 #20684]  INFO -- : Command :: file -b --mime '/tmp/03-8709520140216-20684-115d7tl20140216-20684-1lz772w'
I, [2014-02-16T12:00:22.487170 #24224]  INFO -- : Command :: identify -format '%wx%h,%[exif:orientation]' '/tmp/03-7891020140216-24224-5ur39z20140216-24224-1ij3hb620140216-24224-1x6gsdc[0]'
I, [2014-02-16T12:00:22.603879 #24224]  INFO -- : Command :: identify -format %m '/tmp/03-7891020140216-24224-5ur39z20140216-24224-1ij3hb620140216-24224-1x6gsdc[0]'
I, [2014-02-16T12:00:22.604090 #20684]  INFO -- : Command :: identify -format '%wx%h,%[exif:orientation]' '/tmp/03-8709520140216-20684-115d7tl20140216-20684-1lz772w20140216-20684-4q0adt[0]'
I, [2014-02-16T12:00:22.702203 #24224]  INFO -- : Command :: identify -format %m '/tmp/03-7891020140216-24224-5ur39z20140216-24224-1ij3hb620140216-24224-1x6gsdc[0]'
I, [2014-02-16T12:00:22.734808 #20684]  INFO -- : Command :: identify -format %m '/tmp/03-8709520140216-20684-115d7tl20140216-20684-1lz772w20140216-20684-4q0adt[0]'
I, [2014-02-16T12:00:22.859066 #24224]  INFO -- : Command :: identify -format %m '/tmp/03-7891020140216-24224-5ur39z20140216-24224-1ij3hb620140216-24224-1x6gsdc[0]'
I, [2014-02-16T12:00:22.925464 #20684]  INFO -- : Command :: identify -format %m '/tmp/03-8709520140216-20684-115d7tl20140216-20684-1lz772w20140216-20684-4q0adt[0]'
I, [2014-02-16T12:00:22.999247 #24224]  INFO -- : Command :: convert '/tmp/03-7891020140216-24224-5ur39z20140216-24224-1ij3hb620140216-24224-1x6gsdc[0]' -auto-orient -resize "300x300>" '/tmp/03-7891020140216-24224-5ur39z20140216-24224-1ij3hb620140216-24224-1x6gsdc20140216-24224-161cdgd'
I, [2014-02-16T12:00:23.088346 #20684]  INFO -- : Command :: identify -format %m '/tmp/03-8709520140216-20684-115d7tl20140216-20684-1lz772w20140216-20684-4q0adt[0]'
I, [2014-02-16T12:00:23.161416 #20684]  INFO -- : Command :: convert '/tmp/03-8709520140216-20684-115d7tl20140216-20684-1lz772w20140216-20684-4q0adt[0]' -auto-orient -resize "1500x1500>" '/tmp/03-8709520140216-20684-115d7tl20140216-20684-1lz772w20140216-20684-4q0adt20140216-20684-14chxxs'
I, [2014-02-16T12:00:23.314170 #24224]  INFO -- : Command :: file -b --mime '/tmp/03-7891020140216-24224-5ur39z20140216-24224-1ij3hb620140216-24224-1x6gsdc20140216-24224-161cdgd'
I, [2014-02-16T12:00:23.486734 #20684]  INFO -- : Command :: file -b --mime '/tmp/03-8709520140216-20684-115d7tl20140216-20684-1lz772w20140216-20684-4q0adt20140216-20684-14chxxs'
I, [2014-02-16T12:00:23.547054 #20684]  INFO -- : Command :: identify -format '%wx%h,%[exif:orientation]' '/tmp/03-8709520140216-20684-115d7tl20140216-20684-1lz772w20140216-20684-4q0adt[0]'
I, [2014-02-16T12:00:23.608751 #24224]  INFO -- : Command :: identify -format '%wx%h,%[exif:orientation]' '/tmp/03-7891020140216-24224-5ur39z20140216-24224-1ij3hb620140216-24224-1x6gsdc[0]'
I, [2014-02-16T12:00:23.710470 #20684]  INFO -- : Command :: identify -format %m '/tmp/03-8709520140216-20684-115d7tl20140216-20684-1lz772w20140216-20684-4q0adt[0]'
I, [2014-02-16T12:00:23.755426 #24224]  INFO -- : Command :: identify -format %m '/tmp/03-7891020140216-24224-5ur39z20140216-24224-1ij3hb620140216-24224-1x6gsdc[0]'
I, [2014-02-16T12:00:23.810227 #20684]  INFO -- : Command :: identify -format %m '/tmp/03-8709520140216-20684-115d7tl20140216-20684-1lz772w20140216-20684-4q0adt[0]'
I, [2014-02-16T12:00:23.852241 #24224]  INFO -- : Command :: identify -format %m '/tmp/03-7891020140216-24224-5ur39z20140216-24224-1ij3hb620140216-24224-1x6gsdc[0]'
I, [2014-02-16T12:00:23.914795 #20684]  INFO -- : Command :: identify -format %m '/tmp/03-8709520140216-20684-115d7tl20140216-20684-1lz772w20140216-20684-4q0adt[0]'
I, [2014-02-16T12:00:24.082613 #24224]  INFO -- : Command :: identify -format %m '/tmp/03-7891020140216-24224-5ur39z20140216-24224-1ij3hb620140216-24224-1x6gsdc[0]'
I, [2014-02-16T12:00:24.169482 #20684]  INFO -- : Command :: convert '/tmp/03-8709520140216-20684-115d7tl20140216-20684-1lz772w20140216-20684-4q0adt[0]' -auto-orient -resize "300x300>" '/tmp/03-8709520140216-20684-115d7tl20140216-20684-1lz772w20140216-20684-4q0adt20140216-20684-2u2nti'
I, [2014-02-16T12:00:24.203715 #24173]  INFO -- : Started POST "/uploads" for 173.20.13.62 at 2014-02-16 12:00:24 +0000
I, [2014-02-16T12:00:24.206981 #24173]  INFO -- : Processing by UploadsController#create as JS
I, [2014-02-16T12:00:24.207200 #24173]  INFO -- :   Parameters: {"utf8"=>"", "authenticity_token"=>"82XP1X4ziHURZVuaUCeMQsHtW1R7txI2KZe14DSpuIs=", "upload"=>{"product_id"=>"", "uploaded_file"=>#<ActionDispatch::Http::UploadedFile:0x00000004eb8f58 @tempfile=#<Tempfile:/tmp/RackMultipart20140216-24173-1l2olan>, @original_filename="03-88530.JPG", @content_type="image/jpeg", @headers="Content-Disposition: form-data; name=\"upload[uploaded_file]\"; filename=\"03-88530.JPG\"\r\nContent-Type: image/jpeg\r\n">}}
I, [2014-02-16T12:00:24.218409 #24173]  INFO -- : Command :: identify -format '%wx%h,%[exif:orientation]' '/tmp/03-8853020140216-24173-1s9trzo.JPG[0]'
I, [2014-02-16T12:00:24.227067 #24224]  INFO -- : Command :: convert '/tmp/03-7891020140216-24224-5ur39z20140216-24224-1ij3hb620140216-24224-1x6gsdc[0]' -auto-orient -resize "200x200>" '/tmp/03-7891020140216-24224-5ur39z20140216-24224-1ij3hb620140216-24224-1x6gsdc20140216-24224-1qu7tq0'
I, [2014-02-16T12:00:24.374823 #24173]  INFO -- : Command :: identify -format %m '/tmp/03-8853020140216-24173-1s9trzo.JPG[0]'
I, [2014-02-16T12:00:24.560918 #24173]  INFO -- : Command :: identify -format %m '/tmp/03-8853020140216-24173-1s9trzo.JPG[0]'
I, [2014-02-16T12:00:24.651209 #24224]  INFO -- : Command :: file -b --mime '/tmp/03-7891020140216-24224-5ur39z20140216-24224-1ij3hb620140216-24224-1x6gsdc20140216-24224-1qu7tq0'
I, [2014-02-16T12:00:24.661975 #24173]  INFO -- : Command :: identify -format %m '/tmp/03-8853020140216-24173-1s9trzo.JPG[0]'
I, [2014-02-16T12:00:24.774212 #20684]  INFO -- : Command :: file -b --mime '/tmp/03-8709520140216-20684-115d7tl20140216-20684-1lz772w20140216-20684-4q0adt20140216-20684-2u2nti'
I, [2014-02-16T12:00:24.832121 #24224]  INFO -- : Command :: identify -format '%wx%h,%[exif:orientation]' '/tmp/03-7891020140216-24224-5ur39z20140216-24224-1ij3hb620140216-24224-1x6gsdc[0]'
I, [2014-02-16T12:00:24.859119 #24173]  INFO -- : Command :: convert '/tmp/03-8853020140216-24173-1s9trzo.JPG[0]' -auto-orient -resize "4000x4000>" '/tmp/03-8853020140216-24173-1s9trzo20140216-24173-17dp32q'
I, [2014-02-16T12:00:24.870483 #20684]  INFO -- : Command :: identify -format '%wx%h,%[exif:orientation]' '/tmp/03-8709520140216-20684-115d7tl20140216-20684-1lz772w20140216-20684-4q0adt[0]'
I, [2014-02-16T12:00:25.018942 #24224]  INFO -- : Command :: identify -format %m '/tmp/03-7891020140216-24224-5ur39z20140216-24224-1ij3hb620140216-24224-1x6gsdc[0]'
I, [2014-02-16T12:00:25.127626 #24173]  INFO -- : Command :: file -b --mime '/tmp/03-8853020140216-24173-1s9trzo20140216-24173-17dp32q'
I, [2014-02-16T12:00:25.134310 #20684]  INFO -- : Command :: identify -format %m '/tmp/03-8709520140216-20684-115d7tl20140216-20684-1lz772w20140216-20684-4q0adt[0]'
I, [2014-02-16T12:00:25.134715 #24224]  INFO -- : Command :: identify -format %m '/tmp/03-7891020140216-24224-5ur39z20140216-24224-1ij3hb620140216-24224-1x6gsdc[0]'
I, [2014-02-16T12:00:25.223428 #24173]  INFO -- : Command :: identify -format '%wx%h,%[exif:orientation]' '/tmp/03-8853020140216-24173-1s9trzo20140216-24173-17dp32q20140216-24173-1gh5jc5[0]'
I, [2014-02-16T12:00:25.254405 #20684]  INFO -- : Command :: identify -format %m '/tmp/03-8709520140216-20684-115d7tl20140216-20684-1lz772w20140216-20684-4q0adt[0]'
I, [2014-02-16T12:00:25.257703 #24224]  INFO -- : Command :: identify -format %m '/tmp/03-7891020140216-24224-5ur39z20140216-24224-1ij3hb620140216-24224-1x6gsdc[0]'
I, [2014-02-16T12:00:25.340233 #20684]  INFO -- : Command :: identify -format %m '/tmp/03-8709520140216-20684-115d7tl20140216-20684-1lz772w20140216-20684-4q0adt[0]'
I, [2014-02-16T12:00:25.340242 #24173]  INFO -- : Command :: identify -format %m '/tmp/03-8853020140216-24173-1s9trzo20140216-24173-17dp32q20140216-24173-1gh5jc5[0]'
I, [2014-02-16T12:00:25.433971 #20684]  INFO -- : Command :: convert '/tmp/03-8709520140216-20684-115d7tl20140216-20684-1lz772w20140216-20684-4q0adt[0]' -auto-orient -resize "200x200>" '/tmp/03-8709520140216-20684-115d7tl20140216-20684-1lz772w20140216-20684-4q0adt20140216-20684-18b26s4'
I, [2014-02-16T12:00:25.442853 #24224]  INFO -- : Command :: convert '/tmp/03-7891020140216-24224-5ur39z20140216-24224-1ij3hb620140216-24224-1x6gsdc[0]' -auto-orient -resize "100x100>" '/tmp/03-7891020140216-24224-5ur39z20140216-24224-1ij3hb620140216-24224-1x6gsdc20140216-24224-8f7juf'
I, [2014-02-16T12:00:25.523442 #24173]  INFO -- : Command :: identify -format %m '/tmp/03-8853020140216-24173-1s9trzo20140216-24173-17dp32q20140216-24173-1gh5jc5[0]'
I, [2014-02-16T12:00:25.692268 #24173]  INFO -- : Command :: identify -format %m '/tmp/03-8853020140216-24173-1s9trzo20140216-24173-17dp32q20140216-24173-1gh5jc5[0]'
I, [2014-02-16T12:00:25.832434 #24173]  INFO -- : Command :: convert '/tmp/03-8853020140216-24173-1s9trzo20140216-24173-17dp32q20140216-24173-1gh5jc5[0]' -auto-orient -resize "1500x1500>" '/tmp/03-8853020140216-24173-1s9trzo20140216-24173-17dp32q20140216-24173-1gh5jc520140216-24173-hl17nz'
I, [2014-02-16T12:00:25.841646 #24224]  INFO -- : Command :: file -b --mime '/tmp/03-7891020140216-24224-5ur39z20140216-24224-1ij3hb620140216-24224-1x6gsdc20140216-24224-8f7juf'
I, [2014-02-16T12:00:25.872485 #20684]  INFO -- : Command :: file -b --mime '/tmp/03-8709520140216-20684-115d7tl20140216-20684-1lz772w20140216-20684-4q0adt20140216-20684-18b26s4'
I, [2014-02-16T12:00:25.960839 #24224]  INFO -- :   Rendered uploads/create.js.erb (0.2ms)
I, [2014-02-16T12:00:25.965739 #24224]  INFO -- : Completed 200 OK in 5470ms (Views: 12.5ms | ActiveRecord: 16.7ms)
I, [2014-02-16T12:00:25.986951 #20684]  INFO -- : Command :: identify -format '%wx%h,%[exif:orientation]' '/tmp/03-8709520140216-20684-115d7tl20140216-20684-1lz772w20140216-20684-4q0adt[0]'
I, [2014-02-16T12:00:26.084028 #24173]  INFO -- : Command :: file -b --mime '/tmp/03-8853020140216-24173-1s9trzo20140216-24173-17dp32q20140216-24173-1gh5jc520140216-24173-hl17nz'
I, [2014-02-16T12:00:26.123437 #20684]  INFO -- : Command :: identify -format %m '/tmp/03-8709520140216-20684-115d7tl20140216-20684-1lz772w20140216-20684-4q0adt[0]'
I, [2014-02-16T12:00:26.143631 #24173]  INFO -- : Command :: identify -format '%wx%h,%[exif:orientation]' '/tmp/03-8853020140216-24173-1s9trzo20140216-24173-17dp32q20140216-24173-1gh5jc5[0]'
I, [2014-02-16T12:00:26.223858 #20684]  INFO -- : Command :: identify -format %m '/tmp/03-8709520140216-20684-115d7tl20140216-20684-1lz772w20140216-20684-4q0adt[0]'
I, [2014-02-16T12:00:26.322098 #20684]  INFO -- : Command :: identify -format %m '/tmp/03-8709520140216-20684-115d7tl20140216-20684-1lz772w20140216-20684-4q0adt[0]'
I, [2014-02-16T12:00:26.337004 #24173]  INFO -- : Command :: identify -format %m '/tmp/03-8853020140216-24173-1s9trzo20140216-24173-17dp32q20140216-24173-1gh5jc5[0]'
I, [2014-02-16T12:00:26.397835 #20684]  INFO -- : Command :: convert '/tmp/03-8709520140216-20684-115d7tl20140216-20684-1lz772w20140216-20684-4q0adt[0]' -auto-orient -resize "100x100>" '/tmp/03-8709520140216-20684-115d7tl20140216-20684-1lz772w20140216-20684-4q0adt20140216-20684-104wztl'
I, [2014-02-16T12:00:26.430480 #24173]  INFO -- : Command :: identify -format %m '/tmp/03-8853020140216-24173-1s9trzo20140216-24173-17dp32q20140216-24173-1gh5jc5[0]'
I, [2014-02-16T12:00:26.493567 #24173]  INFO -- : Command :: identify -format %m '/tmp/03-8853020140216-24173-1s9trzo20140216-24173-17dp32q20140216-24173-1gh5jc5[0]'
I, [2014-02-16T12:00:26.565629 #24173]  INFO -- : Command :: convert '/tmp/03-8853020140216-24173-1s9trzo20140216-24173-17dp32q20140216-24173-1gh5jc5[0]' -auto-orient -resize "300x300>" '/tmp/03-8853020140216-24173-1s9trzo20140216-24173-17dp32q20140216-24173-1gh5jc520140216-24173-dibbgc'
I, [2014-02-16T12:00:26.677964 #20684]  INFO -- : Command :: file -b --mime '/tmp/03-8709520140216-20684-115d7tl20140216-20684-1lz772w20140216-20684-4q0adt20140216-20684-104wztl'
I, [2014-02-16T12:00:26.773206 #20684]  INFO -- :   Rendered uploads/create.js.erb (0.2ms)
I, [2014-02-16T12:00:26.773933 #20684]  INFO -- : Completed 200 OK in 5433ms (Views: 1.8ms | ActiveRecord: 1.7ms)
I, [2014-02-16T12:00:26.796753 #24173]  INFO -- : Command :: file -b --mime '/tmp/03-8853020140216-24173-1s9trzo20140216-24173-17dp32q20140216-24173-1gh5jc520140216-24173-dibbgc'
I, [2014-02-16T12:00:26.864362 #24173]  INFO -- : Command :: identify -format '%wx%h,%[exif:orientation]' '/tmp/03-8853020140216-24173-1s9trzo20140216-24173-17dp32q20140216-24173-1gh5jc5[0]'
I, [2014-02-16T12:00:27.023738 #24173]  INFO -- : Command :: identify -format %m '/tmp/03-8853020140216-24173-1s9trzo20140216-24173-17dp32q20140216-24173-1gh5jc5[0]'
I, [2014-02-16T12:00:27.089315 #24173]  INFO -- : Command :: identify -format %m '/tmp/03-8853020140216-24173-1s9trzo20140216-24173-17dp32q20140216-24173-1gh5jc5[0]'
I, [2014-02-16T12:00:27.179962 #20684]  INFO -- : Started POST "/uploads" for 173.20.13.62 at 2014-02-16 12:00:27 +0000
I, [2014-02-16T12:00:27.183247 #20684]  INFO -- : Processing by UploadsController#create as JS
I, [2014-02-16T12:00:27.183462 #20684]  INFO -- :   Parameters: {"utf8"=>"", "authenticity_token"=>"82XP1X4ziHURZVuaUCeMQsHtW1R7txI2KZe14DSpuIs=", "upload"=>{"product_id"=>"", "uploaded_file"=>#<ActionDispatch::Http::UploadedFile:0x0000000527b3c0 @tempfile=#<Tempfile:/tmp/RackMultipart20140216-20684-apr2s1>, @original_filename="03-90357.JPG", @content_type="image/jpeg", @headers="Content-Disposition: form-data; name=\"upload[uploaded_file]\"; filename=\"03-90357.JPG\"\r\nContent-Type: image/jpeg\r\n">}}
I, [2014-02-16T12:00:27.194616 #20684]  INFO -- : Command :: identify -format '%wx%h,%[exif:orientation]' '/tmp/03-9035720140216-20684-lon4dc.JPG[0]'
I, [2014-02-16T12:00:27.194856 #24173]  INFO -- : Command :: identify -format %m '/tmp/03-8853020140216-24173-1s9trzo20140216-24173-17dp32q20140216-24173-1gh5jc5[0]'
I, [2014-02-16T12:00:27.268962 #24173]  INFO -- : Command :: convert '/tmp/03-8853020140216-24173-1s9trzo20140216-24173-17dp32q20140216-24173-1gh5jc5[0]' -auto-orient -resize "200x200>" '/tmp/03-8853020140216-24173-1s9trzo20140216-24173-17dp32q20140216-24173-1gh5jc520140216-24173-1w2gsfy'
I, [2014-02-16T12:00:27.330466 #20684]  INFO -- : Command :: identify -format %m '/tmp/03-9035720140216-20684-lon4dc.JPG[0]'
I, [2014-02-16T12:00:27.414085 #20684]  INFO -- : Command :: identify -format %m '/tmp/03-9035720140216-20684-lon4dc.JPG[0]'
I, [2014-02-16T12:00:27.554585 #20684]  INFO -- : Command :: identify -format %m '/tmp/03-9035720140216-20684-lon4dc.JPG[0]'
I, [2014-02-16T12:00:27.618769 #20684]  INFO -- : Command :: convert '/tmp/03-9035720140216-20684-lon4dc.JPG[0]' -auto-orient -resize "4000x4000>" '/tmp/03-9035720140216-20684-lon4dc20140216-20684-1kiiw12'
I, [2014-02-16T12:00:27.698197 #24224]  INFO -- : Started POST "/uploads" for 173.20.13.62 at 2014-02-16 12:00:27 +0000
I, [2014-02-16T12:00:27.701203 #24224]  INFO -- : Processing by UploadsController#create as JS
I, [2014-02-16T12:00:27.701401 #24224]  INFO -- :   Parameters: {"utf8"=>"", "authenticity_token"=>"82XP1X4ziHURZVuaUCeMQsHtW1R7txI2KZe14DSpuIs=", "upload"=>{"product_id"=>"", "uploaded_file"=>#<ActionDispatch::Http::UploadedFile:0x00000004d82c10 @tempfile=#<Tempfile:/tmp/RackMultipart20140216-24224-gipsob>, @original_filename="03-88737.JPG", @content_type="image/jpeg", @headers="Content-Disposition: form-data; name=\"upload[uploaded_file]\"; filename=\"03-88737.JPG\"\r\nContent-Type: image/jpeg\r\n">}}
I, [2014-02-16T12:00:27.712519 #24224]  INFO -- : Command :: identify -format '%wx%h,%[exif:orientation]' '/tmp/03-8873720140216-24224-1vp1yq8.JPG[0]'
I, [2014-02-16T12:00:27.806655 #20684]  INFO -- : Command :: file -b --mime '/tmp/03-9035720140216-20684-lon4dc20140216-20684-1kiiw12'
I, [2014-02-16T12:00:27.911268 #24173]  INFO -- : Command :: file -b --mime '/tmp/03-8853020140216-24173-1s9trzo20140216-24173-17dp32q20140216-24173-1gh5jc520140216-24173-1w2gsfy'
I, [2014-02-16T12:00:27.918934 #24202]  INFO -- : Started POST "/uploads" for 173.20.13.62 at 2014-02-16 12:00:27 +0000
I, [2014-02-16T12:00:27.922219 #24202]  INFO -- : Processing by UploadsController#create as JS
I, [2014-02-16T12:00:27.922414 #24202]  INFO -- :   Parameters: {"utf8"=>"", "authenticity_token"=>"82XP1X4ziHURZVuaUCeMQsHtW1R7txI2KZe14DSpuIs=", "upload"=>{"product_id"=>"", "uploaded_file"=>#<ActionDispatch::Http::UploadedFile:0x0000000278ef90 @tempfile=#<Tempfile:/tmp/RackMultipart20140216-24202-1g45nze>, @original_filename="03-87716.JPG", @content_type="image/jpeg", @headers="Content-Disposition: form-data; name=\"upload[uploaded_file]\"; filename=\"03-87716.JPG\"\r\nContent-Type: image/jpeg\r\n">}}
I, [2014-02-16T12:00:27.931161 #20684]  INFO -- : Command :: identify -format '%wx%h,%[exif:orientation]' '/tmp/03-9035720140216-20684-lon4dc20140216-20684-1kiiw1220140216-20684-1c3gpo1[0]'
I, [2014-02-16T12:00:27.933654 #24202]  INFO -- : Command :: identify -format '%wx%h,%[exif:orientation]' '/tmp/03-8771620140216-24202-6grf6j.JPG[0]'
I, [2014-02-16T12:00:28.093098 #24202]  INFO -- : Command :: identify -format %m '/tmp/03-8771620140216-24202-6grf6j.JPG[0]'
I, [2014-02-16T12:00:28.100501 #24224]  INFO -- : Command :: identify -format %m '/tmp/03-8873720140216-24224-1vp1yq8.JPG[0]'
I, [2014-02-16T12:00:28.154856 #20684]  INFO -- : Command :: identify -format %m '/tmp/03-9035720140216-20684-lon4dc20140216-20684-1kiiw1220140216-20684-1c3gpo1[0]'
I, [2014-02-16T12:00:28.157146 #24173]  INFO -- : Command :: identify -format '%wx%h,%[exif:orientation]' '/tmp/03-8853020140216-24173-1s9trzo20140216-24173-17dp32q20140216-24173-1gh5jc5[0]'
I, [2014-02-16T12:00:28.205284 #24202]  INFO -- : Command :: identify -format %m '/tmp/03-8771620140216-24202-6grf6j.JPG[0]'
I, [2014-02-16T12:00:28.206199 #24224]  INFO -- : Command :: identify -format %m '/tmp/03-8873720140216-24224-1vp1yq8.JPG[0]'
I, [2014-02-16T12:00:28.280004 #20684]  INFO -- : Command :: identify -format %m '/tmp/03-9035720140216-20684-lon4dc20140216-20684-1kiiw1220140216-20684-1c3gpo1[0]'
I, [2014-02-16T12:00:28.305144 #24202]  INFO -- : Command :: identify -format %m '/tmp/03-8771620140216-24202-6grf6j.JPG[0]'
I, [2014-02-16T12:00:28.356398 #24173]  INFO -- : Command :: identify -format %m '/tmp/03-8853020140216-24173-1s9trzo20140216-24173-17dp32q20140216-24173-1gh5jc5[0]'
I, [2014-02-16T12:00:28.361985 #24224]  INFO -- : Command :: identify -format %m '/tmp/03-8873720140216-24224-1vp1yq8.JPG[0]'
I, [2014-02-16T12:00:28.394496 #20684]  INFO -- : Command :: identify -format %m '/tmp/03-9035720140216-20684-lon4dc20140216-20684-1kiiw1220140216-20684-1c3gpo1[0]'
I, [2014-02-16T12:00:28.412268 #24202]  INFO -- : Command :: convert '/tmp/03-8771620140216-24202-6grf6j.JPG[0]' -auto-orient -resize "4000x4000>" '/tmp/03-8771620140216-24202-6grf6j20140216-24202-1qjl8ov'
I, [2014-02-16T12:00:28.424380 #24224]  INFO -- : Command :: convert '/tmp/03-8873720140216-24224-1vp1yq8.JPG[0]' -auto-orient -resize "4000x4000>" '/tmp/03-8873720140216-24224-1vp1yq820140216-24224-10flg65'
I, [2014-02-16T12:00:28.470021 #24173]  INFO -- : Command :: identify -format %m '/tmp/03-8853020140216-24173-1s9trzo20140216-24173-17dp32q20140216-24173-1gh5jc5[0]'
I, [2014-02-16T12:00:28.579984 #24173]  INFO -- : Command :: identify -format %m '/tmp/03-8853020140216-24173-1s9trzo20140216-24173-17dp32q20140216-24173-1gh5jc5[0]'
